
 RUN  v4.1.11 /home/ricardo/.cache/cvg-harness-audit-actions-20261003/product-first-critic/repo-fresh

stdout | products/shift-assistant/src/__tests__/critic-adversarial.test.ts > CONTROL exact confirmation activates once with real HTTP and reopened atomic receipt
{"probe":"control","label":"before-reopen","dir":"/home/ricardo/.cache/cvg-harness-audit-actions-20261003/product-first-critic/tmp/critic-control-R0UUHq","issues":[[]],"noteStates":[["confirmed",false]],"tasks":[[1,"open"]],"requests":3}

stdout | products/shift-assistant/src/__tests__/critic-adversarial.test.ts > PV04 single eligible provider-accepted preview accepts generic ok
{"probe":"generic-ok","label":"actual","dir":"/home/ricardo/.cache/cvg-harness-audit-actions-20261003/product-first-critic/tmp/critic-generic-ok-yGpXXi","issues":[[]],"noteStates":[["draft",false]],"tasks":[[1,"draft"]],"requests":2}

stdout | products/shift-assistant/src/__tests__/critic-adversarial.test.ts > PV07 bed cannot borrow a different field ID from the same source quote
{"probe":"field-borrow","label":"actual","dir":"/home/ricardo/.cache/cvg-harness-audit-actions-20261003/product-first-critic/tmp/critic-field-borrow-ywcRLo","issues":[[]],"noteStates":[["confirmed",false]],"tasks":[[1,"open"]],"requests":2}

 ✓ products/shift-assistant/src/__tests__/critic-adversarial.test.ts > CONTROL exact confirmation activates once with real HTTP and reopened atomic receipt 120ms
 × products/shift-assistant/src/__tests__/critic-adversarial.test.ts > PV04 single eligible provider-accepted preview accepts generic ok 42ms
   → expected [] to have a length of 1 but got +0
stdout | products/shift-assistant/src/__tests__/critic-adversarial.test.ts > PV07 exact unit cannot be shortened from mg/kg to mg
{"probe":"unit-prefix","label":"actual","dir":"/home/ricardo/.cache/cvg-harness-audit-actions-20261003/product-first-critic/tmp/critic-unit-prefix-E4RO0g","issues":[[]],"noteStates":[["confirmed",false]],"tasks":[[1,"open"]],"requests":2}

stdout | products/shift-assistant/src/__tests__/critic-adversarial.test.ts > PV06 permanent organization failure retains replacement_pending and suspended commitments
{"probe":"permanent-correction","label":"actual","dir":"/home/ricardo/.cache/cvg-harness-audit-actions-20261003/product-first-critic/tmp/critic-permanent-correction-AdQUK1","issues":[[],[]],"noteStates":[["superseded",false],["draft",false]],"tasks":[[1,"cancelled"]],"requests":3}

 × products/shift-assistant/src/__tests__/critic-adversarial.test.ts > PV07 bed cannot borrow a different field ID from the same source quote 44ms
   → expected [ { …(17) } ] to have a length of +0 but got 1
 × products/shift-assistant/src/__tests__/critic-adversarial.test.ts > PV07 exact unit cannot be shortened from mg/kg to mg 39ms
   → expected [ { …(17) } ] to have a length of +0 but got 1
stdout | products/shift-assistant/src/__tests__/critic-adversarial.test.ts > PV11 real accepted receipt fsync failure reopens without another provider POST; help progresses
{"probe":"receipt-io","label":"failed-receipt","dir":"/home/ricardo/.cache/cvg-harness-audit-actions-20261003/product-first-critic/tmp/critic-receipt-io-hNMQLk","issues":[[]],"noteStates":[["draft",false]],"tasks":[[1,"draft"]],"requests":1}

 × products/shift-assistant/src/__tests__/critic-adversarial.test.ts > PV06 permanent organization failure retains replacement_pending and suspended commitments 63ms
   → expected false to be true // Object.is equality
 ✓ products/shift-assistant/src/__tests__/critic-adversarial.test.ts > PV11 real accepted receipt fsync failure reopens without another provider POST; help progresses 37ms

⎯⎯⎯⎯⎯⎯⎯ Failed Tests 4 ⎯⎯⎯⎯⎯⎯⎯

 FAIL  products/shift-assistant/src/__tests__/critic-adversarial.test.ts > PV04 single eligible provider-accepted preview accepts generic ok
AssertionError: expected [] to have a length of 1 but got +0

- Expected
+ Received

- 1
+ 0

 ❯ products/shift-assistant/src/__tests__/critic-adversarial.test.ts:32:319


⎯⎯⎯⎯⎯⎯⎯⎯⎯⎯⎯⎯⎯⎯⎯⎯⎯⎯⎯⎯⎯⎯⎯⎯[1/4]⎯

 FAIL  products/shift-assistant/src/__tests__/critic-adversarial.test.ts > PV07 bed cannot borrow a different field ID from the same source quote
AssertionError: expected [ { …(17) } ] to have a length of +0 but got 1

- Expected
+ Received

- 0
+ 1

 ❯ products/shift-assistant/src/__tests__/critic-adversarial.test.ts:33:711


⎯⎯⎯⎯⎯⎯⎯⎯⎯⎯⎯⎯⎯⎯⎯⎯⎯⎯⎯⎯⎯⎯⎯⎯[2/4]⎯

 FAIL  products/shift-assistant/src/__tests__/critic-adversarial.test.ts > PV07 exact unit cannot be shortened from mg/kg to mg
AssertionError: expected [ { …(17) } ] to have a length of +0 but got 1

- Expected
+ Received

- 0
+ 1

 ❯ products/shift-assistant/src/__tests__/critic-adversarial.test.ts:34:586


⎯⎯⎯⎯⎯⎯⎯⎯⎯⎯⎯⎯⎯⎯⎯⎯⎯⎯⎯⎯⎯⎯⎯⎯[3/4]⎯

 FAIL  products/shift-assistant/src/__tests__/critic-adversarial.test.ts > PV06 permanent organization failure retains replacement_pending and suspended commitments
AssertionError: expected false to be true // Object.is equality

- Expected
+ Received

- true
+ false

 ❯ products/shift-assistant/src/__tests__/critic-adversarial.test.ts:35:522


⎯⎯⎯⎯⎯⎯⎯⎯⎯⎯⎯⎯⎯⎯⎯⎯⎯⎯⎯⎯⎯⎯⎯⎯[4/4]⎯


 Test Files  1 failed (1)
      Tests  4 failed | 2 passed (6)
   Start at  11:04:16
   Duration  868ms (transform 261ms, setup 0ms, import 417ms, tests 347ms, environment 0ms)

JSON report written to /home/ricardo/.cache/cvg-harness-audit-actions-20261003/product-first-critic/adversarial.json
