
 RUN  v4.1.11 /home/ricardo/.cache/cvg-harness-audit-actions-20261003/product-first-critic/repo-fresh

stdout | products/shift-assistant/src/__tests__/critic-adversarial.test.ts > CONTROL exact confirmation activates once with real HTTP and reopened atomic receipt
{"probe":"control","label":"before-reopen","dir":"/home/ricardo/.cache/cvg-harness-audit-actions-20261003/product-first-critic/tmp/critic-control-lW71Ob","issues":[[]],"noteStates":[["confirmed",false]],"tasks":[[1,"open"]],"requests":3}

stdout | products/shift-assistant/src/__tests__/critic-adversarial.test.ts > PV04 single eligible provider-accepted preview accepts generic ok
{"probe":"generic-ok","label":"actual","dir":"/home/ricardo/.cache/cvg-harness-audit-actions-20261003/product-first-critic/tmp/critic-generic-ok-TVW0zZ","issues":[[]],"noteStates":[["draft",false]],"tasks":[[1,"draft"]],"requests":2}

stdout | products/shift-assistant/src/__tests__/critic-adversarial.test.ts > PV07 bed cannot borrow a different field ID from the same source quote
{"probe":"field-borrow","label":"actual","dir":"/home/ricardo/.cache/cvg-harness-audit-actions-20261003/product-first-critic/tmp/critic-field-borrow-OtOrlN","issues":[[]],"noteStates":[["confirmed",false]],"tasks":[[1,"open"]],"requests":2}

 ✓ products/shift-assistant/src/__tests__/critic-adversarial.test.ts > CONTROL exact confirmation activates once with real HTTP and reopened atomic receipt 149ms
 × products/shift-assistant/src/__tests__/critic-adversarial.test.ts > PV04 single eligible provider-accepted preview accepts generic ok 50ms
   → expected [] to have a length of 1 but got +0
stdout | products/shift-assistant/src/__tests__/critic-adversarial.test.ts > PV07 exact unit cannot be shortened from mg/kg to mg
{"probe":"unit-prefix","label":"actual","dir":"/home/ricardo/.cache/cvg-harness-audit-actions-20261003/product-first-critic/tmp/critic-unit-prefix-ad4rdn","issues":[[]],"noteStates":[["confirmed",false]],"tasks":[[1,"open"]],"requests":2}

stdout | products/shift-assistant/src/__tests__/critic-adversarial.test.ts > PV06 permanent organization failure retains replacement_pending and suspended commitments
{"probe":"permanent-correction","label":"actual","dir":"/home/ricardo/.cache/cvg-harness-audit-actions-20261003/product-first-critic/tmp/critic-permanent-correction-OSYXr5","issues":[[],[]],"noteStates":[["superseded",false],["draft",false]],"tasks":[[1,"cancelled"]],"requests":3}

 × products/shift-assistant/src/__tests__/critic-adversarial.test.ts > PV07 bed cannot borrow a different field ID from the same source quote 43ms
   → expected [ { …(17) } ] to have a length of +0 but got 1
 × products/shift-assistant/src/__tests__/critic-adversarial.test.ts > PV07 exact unit cannot be shortened from mg/kg to mg 49ms
   → expected [ { …(17) } ] to have a length of +0 but got 1
stdout | products/shift-assistant/src/__tests__/critic-adversarial.test.ts > PV11 real accepted receipt fsync failure reopens without another provider POST; help progresses
{"probe":"receipt-io","label":"failed-receipt","dir":"/home/ricardo/.cache/cvg-harness-audit-actions-20261003/product-first-critic/tmp/critic-receipt-io-u9Nr3L","issues":[[]],"noteStates":[["draft",false]],"tasks":[[1,"draft"]],"requests":1}

stdout | products/shift-assistant/src/__tests__/critic-adversarial.test.ts > PV11 real accepted receipt fsync failure reopens without another provider POST; help progresses
{"probe":"receipt-recovery","label":"recovered-before-help","dir":"/home/ricardo/.cache/cvg-harness-audit-actions-20261003/product-first-critic/tmp/critic-receipt-io-u9Nr3L","issues":[[]],"noteStates":[["draft",false]],"tasks":[[1,"draft"]],"requests":0}

stdout | products/shift-assistant/src/__tests__/critic-adversarial.test.ts > PV11 real accepted receipt fsync failure reopens without another provider POST; help progresses
{"probe":"receipt-recovery","label":"recovered-help","dir":"/home/ricardo/.cache/cvg-harness-audit-actions-20261003/product-first-critic/tmp/critic-receipt-io-u9Nr3L","issues":[[]],"noteStates":[["draft",false]],"tasks":[[1,"draft"]],"requests":1}

stdout | products/shift-assistant/src/__tests__/critic-adversarial.test.ts > PV01 real HTTP duplicate/collision/foreign-session/unknown/group/self keep durable clinical input bounded
{"probe":"admission","label":"actual","dir":"/home/ricardo/.cache/cvg-harness-audit-actions-20261003/product-first-critic/tmp/critic-admission-4I5CmN","issues":[[]],"noteStates":[["draft",false]],"tasks":[[1,"draft"]],"requests":1}

stdout | products/shift-assistant/src/__tests__/critic-adversarial.test.ts > PV11 real client local prefetch rejection has five persistent total attempts and zero HTTP POST
{"probe":"local-rejection","label":"exhausted","dir":"/home/ricardo/.cache/cvg-harness-audit-actions-20261003/product-first-critic/tmp/critic-local-rejection-FNdaA1","issues":[[]],"noteStates":[["draft",false]],"tasks":[[1,"draft"]],"requests":0}

 × products/shift-assistant/src/__tests__/critic-adversarial.test.ts > PV06 permanent organization failure retains replacement_pending and suspended commitments 61ms
   → expected false to be true // Object.is equality
 ✓ products/shift-assistant/src/__tests__/critic-adversarial.test.ts > PV11 real accepted receipt fsync failure reopens without another provider POST; help progresses 35ms
 ✓ products/shift-assistant/src/__tests__/critic-adversarial.test.ts > PV01 real HTTP duplicate/collision/foreign-session/unknown/group/self keep durable clinical input bounded 34ms
 ✓ products/shift-assistant/src/__tests__/critic-adversarial.test.ts > PV11 real client local prefetch rejection has five persistent total attempts and zero HTTP POST 29ms

⎯⎯⎯⎯⎯⎯⎯ Failed Tests 4 ⎯⎯⎯⎯⎯⎯⎯

 FAIL  products/shift-assistant/src/__tests__/critic-adversarial.test.ts > PV04 single eligible provider-accepted preview accepts generic ok
AssertionError: expected [] to have a length of 1 but got +0

- Expected
+ Received

- 1
+ 0

 ❯ products/shift-assistant/src/__tests__/critic-adversarial.test.ts:32:319


⎯⎯⎯⎯⎯⎯⎯⎯⎯⎯⎯⎯⎯⎯⎯⎯⎯⎯⎯⎯⎯⎯⎯⎯[1/4]⎯

 FAIL  products/shift-assistant/src/__tests__/critic-adversarial.test.ts > PV07 bed cannot borrow a different field ID from the same source quote
AssertionError: expected [ { …(17) } ] to have a length of +0 but got 1

- Expected
+ Received

- 0
+ 1

 ❯ products/shift-assistant/src/__tests__/critic-adversarial.test.ts:33:711


⎯⎯⎯⎯⎯⎯⎯⎯⎯⎯⎯⎯⎯⎯⎯⎯⎯⎯⎯⎯⎯⎯⎯⎯[2/4]⎯

 FAIL  products/shift-assistant/src/__tests__/critic-adversarial.test.ts > PV07 exact unit cannot be shortened from mg/kg to mg
AssertionError: expected [ { …(17) } ] to have a length of +0 but got 1

- Expected
+ Received

- 0
+ 1

 ❯ products/shift-assistant/src/__tests__/critic-adversarial.test.ts:34:586


⎯⎯⎯⎯⎯⎯⎯⎯⎯⎯⎯⎯⎯⎯⎯⎯⎯⎯⎯⎯⎯⎯⎯⎯[3/4]⎯

 FAIL  products/shift-assistant/src/__tests__/critic-adversarial.test.ts > PV06 permanent organization failure retains replacement_pending and suspended commitments
AssertionError: expected false to be true // Object.is equality

- Expected
+ Received

- true
+ false

 ❯ products/shift-assistant/src/__tests__/critic-adversarial.test.ts:35:522


⎯⎯⎯⎯⎯⎯⎯⎯⎯⎯⎯⎯⎯⎯⎯⎯⎯⎯⎯⎯⎯⎯⎯⎯[4/4]⎯


 Test Files  1 failed (1)
      Tests  4 failed | 4 passed (8)
   Start at  11:10:30
   Duration  968ms (transform 259ms, setup 0ms, import 407ms, tests 452ms, environment 0ms)

JSON report written to /home/ricardo/.cache/cvg-harness-audit-actions-20261003/product-first-critic/adversarial-complete.json
