
 RUN  v4.1.11 /home/ricardo/cvg-agent-secretary-v2
      Coverage enabled with v8


 Test Files  5 passed (5)
      Tests  48 passed (48)
   Start at  21:02:29
   Duration  3.94s (transform 130ms, setup 0ms, import 523ms, tests 74ms, environment 2.55s)

 % Coverage report from v8
--------------|---------|----------|---------|---------|------------------------
File          | % Stmts | % Branch | % Funcs | % Lines | Uncovered Line #s      
--------------|---------|----------|---------|---------|------------------------
All files     |   93.44 |    86.68 |   95.31 |   94.25 |                        
 contracts.ts |     100 |    91.66 |     100 |     100 | 194                    
 engine.ts    |   92.81 |    86.03 |   94.44 |   93.72 | ...,860,1019,1108,1119 
--------------|---------|----------|---------|---------|------------------------

=============================== Coverage summary ===============================
Statements   : 93.44% ( 328/351 )
Branches     : 86.68% ( 293/338 )
Functions    : 95.31% ( 61/64 )
Lines        : 94.25% ( 312/331 )
================================================================================
