
> cvg-agent-secretary-v2@1.0.0 test
> vitest run --no-file-parallelism --maxWorkers=2


 RUN  v4.1.11 /home/ricardo/cvg-agent-secretary-v2

 ❯ packages/channel-gateway/src/__tests__/channel-coverage-gateway-journal-paths.test.ts (16 tests | 1 failed) 15078ms
     × keeps the same key independent across channels 15009ms

⎯⎯⎯⎯⎯⎯⎯ Failed Tests 1 ⎯⎯⎯⎯⎯⎯⎯

 FAIL  packages/channel-gateway/src/__tests__/channel-coverage-gateway-journal-paths.test.ts > identity isolation between channels > keeps the same key independent across channels
Error: Test timed out in 15000ms.
If this is a long-running test, pass a timeout value as the last argument or configure it globally with "testTimeout".
 ❯ packages/channel-gateway/src/__tests__/channel-coverage-gateway-journal-paths.test.ts:214:3
    212|
    213| describe('identity isolation between channels', () => {
    214|   it('keeps the same key independent across channels', async () => {
       |   ^
    215|     const directory = await temporaryDirectory()
    216|     const journal = new FileChannelEffectJournal({ directory })

⎯⎯⎯⎯⎯⎯⎯⎯⎯⎯⎯⎯⎯⎯⎯⎯⎯⎯⎯⎯⎯⎯⎯⎯[1/1]⎯


 Test Files  1 failed | 186 passed | 4 skipped (191)
      Tests  1 failed | 1038 passed | 27 skipped (1066)
   Start at  21:09:02
   Duration  251.20s (transform 3.66s, setup 0ms, import 36.93s, tests 40.67s, environment 143.11s)

