{
  "rawText": "Paciente Rex, ID 99999, leito 4. Evolução: alerta. Pendência: conferir ficha às 16:00.",
  "issues": [],
  "bindings": [
    {
      "localRef": "p1",
      "name": "Rex",
      "idLiteral": "20202",
      "normalizedId": "20202",
      "bed": "4",
      "provenance": "confirmed_history_candidate",
      "evidenceRefs": [
        "pacientes.p1.nome",
        "pacientes.p1.leito",
        "pacientes.p1.evolucao",
        "history:a04fd9543b882a1ced2e841b04ecf30c47620f988b170d1364ca2580fd54d208:1:6921b62ee04f643909414492257d1ec4d65833819ff6e5b3aeee8f25b911ddf2"
      ]
    }
  ],
  "activatedTasks": [
    {
      "id": "0c018700bb2e32b7211eae15a2f14162be29cf9488a91fb24f8b1f799c2fddd6",
      "number": 2,
      "noteId": "e2625dc2d55f741dfc846c91233e718d56391346afb2264d0444fd1a4e98864c",
      "noteRevision": 1,
      "localRef": "t1",
      "ownerPhone": "5511900000001",
      "description": "conferir ficha",
      "patientRef": "p1",
      "bindingRevision": 1,
      "sourceRefs": [
        "pendencias.t1.descricao",
        "pendencias.t1.quando"
      ],
      "dueAt": "2026-10-03T19:00:00.000Z",
      "createdAt": "2026-10-03T18:00:00.000Z",
      "status": "open",
      "generation": 1,
      "remindedCount": 0,
      "patient": "Rex",
      "patientId": "20202"
    }
  ],
  "sourceExplicitID": "99999",
  "wrongInheritedID": "20202",
  "violated": true,
  "organizerCalls": 2,
  "modelRequests": 0,
  "reopened": {
    "notes": [
      {
        "id": "a04fd9543b882a1ced2e841b04ecf30c47620f988b170d1364ca2580fd54d208",
        "messageKey": "[\"waha\",\"critic\",\"original\"]",
        "authorPhone": "5511900000001",
        "revision": 1,
        "createdAt": "2026-10-03T18:00:00.000Z",
        "rawText": "Paciente Rex, ID 20202, leito 4. Evolução: alerta. Pendência: conferir ficha às 16:00.",
        "rawTextSha256": "4c73a0d739945e3db2999ce1011b8c71d4840c42b79ddaed735983e31fdf2f76",
        "organizedSha256": "6921b62ee04f643909414492257d1ec4d65833819ff6e5b3aeee8f25b911ddf2",
        "token": "a04fd9543b88-r1-6921b62ee04f",
        "state": "confirmed",
        "replacementPending": false,
        "organized": {
          "schemaVersion": 2,
          "pacientes": [
            {
              "localRef": "p1",
              "nome": "Rex",
              "id": "20202",
              "leito": "4",
              "evolucao": "alerta",
              "exames_pedidos": [],
              "condutas": []
            }
          ],
          "pendencias": [
            {
              "localRef": "t1",
              "descricao": "conferir ficha",
              "pacienteRef": "p1",
              "pacienteId": "20202",
              "quando": "2026-10-03T16:00:00-03:00"
            }
          ],
          "duvidas": [],
          "evidence": [
            {
              "path": "pacientes.p1.nome",
              "patientRef": "p1",
              "quote": "Paciente Rex, ID 20202"
            },
            {
              "path": "pacientes.p1.id",
              "patientRef": "p1",
              "quote": "ID 20202"
            },
            {
              "path": "pacientes.p1.leito",
              "patientRef": "p1",
              "quote": "leito 4"
            },
            {
              "path": "pacientes.p1.evolucao",
              "patientRef": "p1",
              "quote": "Evolução: alerta"
            },
            {
              "path": "pendencias.t1.descricao",
              "patientRef": "p1",
              "quote": "Pendência: conferir ficha às 16:00"
            },
            {
              "path": "pendencias.t1.quando",
              "patientRef": "p1",
              "quote": "Pendência: conferir ficha às 16:00"
            }
          ]
        },
        "issues": [],
        "warnings": [],
        "bindings": [
          {
            "localRef": "p1",
            "name": "Rex",
            "idLiteral": "20202",
            "normalizedId": "20202",
            "bed": "4",
            "provenance": "source_explicit",
            "evidenceRefs": [
              "pacientes.p1.nome",
              "pacientes.p1.id",
              "pacientes.p1.leito",
              "pacientes.p1.evolucao"
            ],
            "confirmedBy": "5511900000001",
            "confirmedAt": "2026-10-03T18:00:00.000Z"
          }
        ],
        "evidence": [
          {
            "path": "pacientes.p1.nome",
            "patientRef": "p1",
            "quote": "Paciente Rex, ID 20202",
            "start": 0,
            "end": 22
          },
          {
            "path": "pacientes.p1.id",
            "patientRef": "p1",
            "quote": "ID 20202",
            "start": 14,
            "end": 22
          },
          {
            "path": "pacientes.p1.leito",
            "patientRef": "p1",
            "quote": "leito 4",
            "start": 24,
            "end": 31
          },
          {
            "path": "pacientes.p1.evolucao",
            "patientRef": "p1",
            "quote": "Evolução: alerta",
            "start": 33,
            "end": 49
          },
          {
            "path": "pendencias.t1.descricao",
            "patientRef": "p1",
            "quote": "Pendência: conferir ficha às 16:00",
            "start": 51,
            "end": 85
          },
          {
            "path": "pendencias.t1.quando",
            "patientRef": "p1",
            "quote": "Pendência: conferir ficha às 16:00",
            "start": 51,
            "end": 85
          }
        ],
        "tasks": [
          {
            "id": "3344f7a4c56e3b39139795347c752e1bb00279506405a691cee26eed160a63ef",
            "number": 1,
            "noteId": "a04fd9543b882a1ced2e841b04ecf30c47620f988b170d1364ca2580fd54d208",
            "noteRevision": 1,
            "localRef": "t1",
            "ownerPhone": "5511900000001",
            "description": "conferir ficha",
            "patientRef": "p1",
            "patientId": "20202",
            "bindingRevision": 1,
            "sourceRefs": [
              "pendencias.t1.descricao",
              "pendencias.t1.quando"
            ],
            "dueAt": "2026-10-03T19:00:00.000Z",
            "createdAt": "2026-10-03T18:00:00.000Z",
            "status": "open",
            "generation": 1,
            "remindedCount": 0
          }
        ],
        "previewIds": [
          "preview:a04fd9543b882a1ced2e841b04ecf30c47620f988b170d1364ca2580fd54d208"
        ]
      },
      {
        "id": "e2625dc2d55f741dfc846c91233e718d56391346afb2264d0444fd1a4e98864c",
        "messageKey": "[\"waha\",\"critic\",\"contradictory-source\"]",
        "authorPhone": "5511900000001",
        "revision": 1,
        "createdAt": "2026-10-03T18:00:00.000Z",
        "rawText": "Paciente Rex, ID 99999, leito 4. Evolução: alerta. Pendência: conferir ficha às 16:00.",
        "rawTextSha256": "034f724ac0726c4700385622d0f8d83e29bf6745169d57d58a8eaead060379f0",
        "organizedSha256": "99d419a5115d68d4b9a9978e745db5d3d99ad13be3864e287ab693a259a1c4ca",
        "token": "e2625dc2d55f-r1-99d419a5115d",
        "state": "confirmed",
        "replacementPending": false,
        "organized": {
          "schemaVersion": 2,
          "pacientes": [
            {
              "localRef": "p1",
              "nome": "Rex",
              "id": null,
              "leito": "4",
              "evolucao": "alerta",
              "exames_pedidos": [],
              "condutas": []
            }
          ],
          "pendencias": [
            {
              "localRef": "t1",
              "descricao": "conferir ficha",
              "pacienteRef": "p1",
              "pacienteId": "20202",
              "quando": "2026-10-03T16:00:00-03:00"
            }
          ],
          "duvidas": [],
          "evidence": [
            {
              "path": "pacientes.p1.nome",
              "patientRef": "p1",
              "quote": "Paciente Rex, ID 99999"
            },
            {
              "path": "pacientes.p1.leito",
              "patientRef": "p1",
              "quote": "leito 4"
            },
            {
              "path": "pacientes.p1.evolucao",
              "patientRef": "p1",
              "quote": "Evolução: alerta"
            },
            {
              "path": "pendencias.t1.descricao",
              "patientRef": "p1",
              "quote": "Pendência: conferir ficha às 16:00"
            },
            {
              "path": "pendencias.t1.quando",
              "patientRef": "p1",
              "quote": "Pendência: conferir ficha às 16:00"
            }
          ]
        },
        "issues": [],
        "warnings": [],
        "bindings": [
          {
            "localRef": "p1",
            "name": "Rex",
            "idLiteral": "20202",
            "normalizedId": "20202",
            "bed": "4",
            "provenance": "confirmed_history_candidate",
            "evidenceRefs": [
              "pacientes.p1.nome",
              "pacientes.p1.leito",
              "pacientes.p1.evolucao",
              "history:a04fd9543b882a1ced2e841b04ecf30c47620f988b170d1364ca2580fd54d208:1:6921b62ee04f643909414492257d1ec4d65833819ff6e5b3aeee8f25b911ddf2"
            ],
            "confirmedBy": "5511900000001",
            "confirmedAt": "2026-10-03T18:00:00.000Z"
          }
        ],
        "evidence": [
          {
            "path": "pacientes.p1.nome",
            "patientRef": "p1",
            "quote": "Paciente Rex, ID 99999",
            "start": 0,
            "end": 22
          },
          {
            "path": "pacientes.p1.leito",
            "patientRef": "p1",
            "quote": "leito 4",
            "start": 24,
            "end": 31
          },
          {
            "path": "pacientes.p1.evolucao",
            "patientRef": "p1",
            "quote": "Evolução: alerta",
            "start": 33,
            "end": 49
          },
          {
            "path": "pendencias.t1.descricao",
            "patientRef": "p1",
            "quote": "Pendência: conferir ficha às 16:00",
            "start": 51,
            "end": 85
          },
          {
            "path": "pendencias.t1.quando",
            "patientRef": "p1",
            "quote": "Pendência: conferir ficha às 16:00",
            "start": 51,
            "end": 85
          }
        ],
        "tasks": [
          {
            "id": "0c018700bb2e32b7211eae15a2f14162be29cf9488a91fb24f8b1f799c2fddd6",
            "number": 2,
            "noteId": "e2625dc2d55f741dfc846c91233e718d56391346afb2264d0444fd1a4e98864c",
            "noteRevision": 1,
            "localRef": "t1",
            "ownerPhone": "5511900000001",
            "description": "conferir ficha",
            "patientRef": "p1",
            "patientId": "20202",
            "bindingRevision": 1,
            "sourceRefs": [
              "pendencias.t1.descricao",
              "pendencias.t1.quando"
            ],
            "dueAt": "2026-10-03T19:00:00.000Z",
            "createdAt": "2026-10-03T18:00:00.000Z",
            "status": "open",
            "generation": 1,
            "remindedCount": 0
          }
        ],
        "previewIds": [
          "preview:e2625dc2d55f741dfc846c91233e718d56391346afb2264d0444fd1a4e98864c"
        ]
      }
    ],
    "tasks": [
      {
        "id": "3344f7a4c56e3b39139795347c752e1bb00279506405a691cee26eed160a63ef",
        "number": 1,
        "noteId": "a04fd9543b882a1ced2e841b04ecf30c47620f988b170d1364ca2580fd54d208",
        "noteRevision": 1,
        "localRef": "t1",
        "ownerPhone": "5511900000001",
        "description": "conferir ficha",
        "patientRef": "p1",
        "patientId": "20202",
        "bindingRevision": 1,
        "sourceRefs": [
          "pendencias.t1.descricao",
          "pendencias.t1.quando"
        ],
        "dueAt": "2026-10-03T19:00:00.000Z",
        "createdAt": "2026-10-03T18:00:00.000Z",
        "status": "open",
        "generation": 1,
        "remindedCount": 0
      },
      {
        "id": "0c018700bb2e32b7211eae15a2f14162be29cf9488a91fb24f8b1f799c2fddd6",
        "number": 2,
        "noteId": "e2625dc2d55f741dfc846c91233e718d56391346afb2264d0444fd1a4e98864c",
        "noteRevision": 1,
        "localRef": "t1",
        "ownerPhone": "5511900000001",
        "description": "conferir ficha",
        "patientRef": "p1",
        "patientId": "20202",
        "bindingRevision": 1,
        "sourceRefs": [
          "pendencias.t1.descricao",
          "pendencias.t1.quando"
        ],
        "dueAt": "2026-10-03T19:00:00.000Z",
        "createdAt": "2026-10-03T18:00:00.000Z",
        "status": "open",
        "generation": 1,
        "remindedCount": 0
      }
    ],
    "memory": [
      {
        "id": "20202",
        "name": "Rex",
        "bed": "4",
        "lastSeen": "2026-10-03T18:00:00.000Z"
      },
      {
        "id": "20202",
        "name": "Rex",
        "bed": "4",
        "lastSeen": "2026-10-03T18:00:00.000Z"
      }
    ]
  }
}
node:internal/modules/run_main:123
    triggerUncaughtException(
    ^

AssertionError [ERR_ASSERTION]: PV09: explicit ID 99999 was replaced with confirmed-history ID 20202 and task activated

true !== false

    at <anonymous> (/home/ricardo/.cache/cvg-harness-audit-actions-20261003/product-final-critic/tools/probe.mts:17:53)
    at process.processTicksAndRejections (node:internal/process/task_queues:103:5) {
  generatedMessage: false,
  code: 'ERR_ASSERTION',
  actual: true,
  expected: false,
  operator: 'strictEqual',
  diff: 'simple'
}

Node.js v22.23.2
