node:internal/modules/run_main:123
    triggerUncaughtException(
    ^

Error: Transform failed with 15 errors:
/home/ricardo/.cache/cvg-harness-audit-actions-20261003/product-final-critic/tools/probe.ts:4:249: ERROR: Top-level await is currently not supported with the "cjs" output format
/home/ricardo/.cache/cvg-harness-audit-actions-20261003/product-final-critic/tools/probe.ts:6:173: ERROR: Top-level await is currently not supported with the "cjs" output format
/home/ricardo/.cache/cvg-harness-audit-actions-20261003/product-final-critic/tools/probe.ts:9:14: ERROR: Top-level await is currently not supported with the "cjs" output format
/home/ricardo/.cache/cvg-harness-audit-actions-20261003/product-final-critic/tools/probe.ts:9:133: ERROR: Top-level await is currently not supported with the "cjs" output format
/home/ricardo/.cache/cvg-harness-audit-actions-20261003/product-final-critic/tools/probe.ts:9:220: ERROR: Top-level await is currently not supported with the "cjs" output format
...
    at failureErrorWithLog (/home/ricardo/.cache/cvg-harness-audit-actions-20261003/product-final-critic/candidate/node_modules/esbuild/lib/main.js:1752:15)
    at /home/ricardo/.cache/cvg-harness-audit-actions-20261003/product-final-critic/candidate/node_modules/esbuild/lib/main.js:1019:50
    at responseCallbacks.<computed> (/home/ricardo/.cache/cvg-harness-audit-actions-20261003/product-final-critic/candidate/node_modules/esbuild/lib/main.js:886:9)
    at handleIncomingPacket (/home/ricardo/.cache/cvg-harness-audit-actions-20261003/product-final-critic/candidate/node_modules/esbuild/lib/main.js:941:12)
    at Socket.readFromStdout (/home/ricardo/.cache/cvg-harness-audit-actions-20261003/product-final-critic/candidate/node_modules/esbuild/lib/main.js:864:7)
    at Socket.emit (node:events:519:28)
    at addChunk (node:internal/streams/readable:561:12)
    at readableAddChunkPushByteMode (node:internal/streams/readable:512:3)
    at Readable.push (node:internal/streams/readable:392:5)
    at Pipe.onStreamRead (node:internal/stream_base_commons:189:23) {
  name: 'TransformError'
}

Node.js v22.23.2
