
 RUN  v4.1.11 /tmp/opencode/aaa12-mutation/work-M15

 ❯ packages/channel-gateway/src/__tests__/channel-coverage-gateway-journal-paths.test.ts (16 tests | 1 failed) 73ms
     × keeps the same key independent across channels 12ms

 Test Files  1 failed | 10 passed (11)
      Tests  1 failed | 105 passed (106)
   Start at  21:15:58
   Duration  8.56s (transform 218ms, setup 0ms, import 1.05s, tests 605ms, environment 5.76s)


⎯⎯⎯⎯⎯⎯⎯ Failed Tests 1 ⎯⎯⎯⎯⎯⎯⎯

 FAIL  packages/channel-gateway/src/__tests__/channel-coverage-gateway-journal-paths.test.ts > identity isolation between channels > keeps the same key independent across channels
AssertionError: expected 'conflict' to be 'reserved' // Object.is equality

Expected: "reserved"
Received: "conflict"

 ❯ packages/channel-gateway/src/__tests__/channel-coverage-gateway-journal-paths.test.ts:241:28
    239|     })
    240|     expect(first.outcome).toBe('reserved')
    241|     expect(second.outcome).toBe('reserved')
       |                            ^
    242|
    243|     const gatewayDirectory = await temporaryDirectory()

⎯⎯⎯⎯⎯⎯⎯⎯⎯⎯⎯⎯⎯⎯⎯⎯⎯⎯⎯⎯⎯⎯⎯⎯[1/1]⎯

