
 RUN  v4.1.11 /home/ricardo/cvg-agent-secretary-v2
      Coverage enabled with v8


 Test Files  4 passed (4)
      Tests  42 passed (42)
   Start at  19:14:20
   Duration  3.69s (transform 183ms, setup 0ms, import 552ms, tests 69ms, environment 2.31s)

 % Coverage report from v8
--------------|---------|----------|---------|---------|------------------------
File          | % Stmts | % Branch | % Funcs | % Lines | Uncovered Line #s      
--------------|---------|----------|---------|---------|------------------------
All files     |   93.41 |     85.3 |   95.16 |   94.44 |                        
 contracts.ts |     100 |    91.66 |     100 |     100 | 191                    
 engine.ts    |   92.73 |    84.48 |   94.23 |   93.91 | ...4,834,865,1034,1103 
--------------|---------|----------|---------|---------|------------------------

=============================== Coverage summary ===============================
Statements   : 93.41% ( 312/334 )
Branches     : 85.3% ( 267/313 )
Functions    : 95.16% ( 59/62 )
Lines        : 94.44% ( 306/324 )
================================================================================
coverage-exit=0
