
 RUN  v4.1.11 /home/ricardo/cvg-agent-secretary-v2

 ❯ packages/approval-engine/src/__tests__/approval-lifecycle.test.ts (19 tests | 1 failed) 23ms
     × sweeps ambiguous or missing proof to UNCERTAIN without blind retry 5ms

⎯⎯⎯⎯⎯⎯⎯ Failed Tests 1 ⎯⎯⎯⎯⎯⎯⎯

 FAIL  packages/approval-engine/src/__tests__/approval-lifecycle.test.ts > AAA-07 approval lifecycle with reservation > sweeps ambiguous or missing proof to UNCERTAIN without blind retry
AssertionError: expected 'invalid_state' to be 'uncertain' // Object.is equality

Expected: "uncertain"
Received: "invalid_state"

 ❯ expectCode packages/approval-engine/src/__tests__/approval-lifecycle.test.ts:87:43
     85|   } catch (error) {
     86|     expect(error).toBeInstanceOf(ApprovalError)
     87|     expect((error as ApprovalError).code).toBe(code)
       |                                           ^
     88|   }
     89| }
 ❯ packages/approval-engine/src/__tests__/approval-lifecycle.test.ts:338:5

⎯⎯⎯⎯⎯⎯⎯⎯⎯⎯⎯⎯⎯⎯⎯⎯⎯⎯⎯⎯⎯⎯⎯⎯[1/1]⎯


 Test Files  1 failed (1)
      Tests  1 failed | 18 passed (19)
   Start at  19:09:00
   Duration  813ms (transform 106ms, setup 0ms, import 179ms, tests 23ms, environment 505ms)

green1-exit=1
