
 RUN  v4.1.11 /home/ricardo/cvg-agent-secretary-v2

 ❯ packages/approval-engine/src/__tests__/approval-lifecycle.test.ts (19 tests | 18 failed) 22ms
     × reserve does not mark EXECUTED and keeps executionCount at zero 6ms
     × runs reserve -> executing -> confirm and only confirmation increments use 1ms
     × allows exactly one reservation winner and fences the loser 1ms
     × resumes the same reservation idempotently while it is alive 1ms
     × rejects tenant and binding divergence before any reservation 3ms
     × binds an optional proposal hash and rejects a different one 1ms
     × expires approvals before reservation and reservation TTL releases only with no-effect proof 1ms
     × sweeps expired reservations to APPROVED only with explicit absence proof 1ms
     × sweeps ambiguous or missing proof to UNCERTAIN without blind retry 1ms
     × treats a throwing evidence provider as unknown, never as release 1ms
     × rejects an old reservation token after release and re-reservation 0ms
     × fails terminal only with absence proof and blocks new reservations 0ms
     × marks uncertain without proof and reconciles only with typed evidence 0ms
     × reconciles uncertain to FAILED with absence proof 0ms
     × replays the same confirmation without double counting or second reservation 0ms
     × never exposes mutable references that change store state 0ms
     × runs sweep concurrently with an active turn without double effect 0ms
     × lists lifecycle statuses for operator review 0ms

⎯⎯⎯⎯⎯⎯ Failed Tests 18 ⎯⎯⎯⎯⎯⎯⎯

 FAIL  packages/approval-engine/src/__tests__/approval-lifecycle.test.ts > AAA-07 approval lifecycle with reservation > reserve does not mark EXECUTED and keeps executionCount at zero
TypeError: engine.reserve is not a function
 ❯ packages/approval-engine/src/__tests__/approval-lifecycle.test.ts:95:32
     93|     const events: ApprovalEvent[] = []
     94|     const { engine, record } = approvedEngine({ events })
     95|     const reservation = engine.reserve({
       |                                ^
     96|       ...BINDING,
     97|       approvalId: record.approvalId,

⎯⎯⎯⎯⎯⎯⎯⎯⎯⎯⎯⎯⎯⎯⎯⎯⎯⎯⎯⎯⎯⎯⎯[1/18]⎯

 FAIL  packages/approval-engine/src/__tests__/approval-lifecycle.test.ts > AAA-07 approval lifecycle with reservation > runs reserve -> executing -> confirm and only confirmation increments use
TypeError: engine.reserve is not a function
 ❯ packages/approval-engine/src/__tests__/approval-lifecycle.test.ts:112:12
    110|     const events: ApprovalEvent[] = []
    111|     const { engine, record } = approvedEngine({ events })
    112|     engine.reserve({
       |            ^
    113|       ...BINDING,
    114|       approvalId: record.approvalId,

⎯⎯⎯⎯⎯⎯⎯⎯⎯⎯⎯⎯⎯⎯⎯⎯⎯⎯⎯⎯⎯⎯⎯[2/18]⎯

 FAIL  packages/approval-engine/src/__tests__/approval-lifecycle.test.ts > AAA-07 approval lifecycle with reservation > allows exactly one reservation winner and fences the loser
TypeError: engine.reserve is not a function
 ❯ packages/approval-engine/src/__tests__/approval-lifecycle.test.ts:143:26
    141|   it('allows exactly one reservation winner and fences the loser', () …
    142|     const { engine, record } = approvedEngine()
    143|     const first = engine.reserve({
       |                          ^
    144|       ...BINDING,
    145|       approvalId: record.approvalId,

⎯⎯⎯⎯⎯⎯⎯⎯⎯⎯⎯⎯⎯⎯⎯⎯⎯⎯⎯⎯⎯⎯⎯[3/18]⎯

 FAIL  packages/approval-engine/src/__tests__/approval-lifecycle.test.ts > AAA-07 approval lifecycle with reservation > resumes the same reservation idempotently while it is alive
TypeError: engine.reserve is not a function
 ❯ packages/approval-engine/src/__tests__/approval-lifecycle.test.ts:182:26
    180|   it('resumes the same reservation idempotently while it is alive', ()…
    181|     const { engine, record } = approvedEngine()
    182|     const first = engine.reserve({
       |                          ^
    183|       ...BINDING,
    184|       approvalId: record.approvalId,

⎯⎯⎯⎯⎯⎯⎯⎯⎯⎯⎯⎯⎯⎯⎯⎯⎯⎯⎯⎯⎯⎯⎯[4/18]⎯

 FAIL  packages/approval-engine/src/__tests__/approval-lifecycle.test.ts > AAA-07 approval lifecycle with reservation > rejects tenant and binding divergence before any reservation
AssertionError: expected TypeError: engine.reserve is not a functi… to be an instance of ApprovalError
 ❯ expectCode packages/approval-engine/src/__tests__/approval-lifecycle.test.ts:86:19
     84|     throw new Error(`expected ApprovalError ${code}`)
     85|   } catch (error) {
     86|     expect(error).toBeInstanceOf(ApprovalError)
       |                   ^
     87|     expect((error as ApprovalError).code).toBe(code)
     88|   }
 ❯ packages/approval-engine/src/__tests__/approval-lifecycle.test.ts:198:5

⎯⎯⎯⎯⎯⎯⎯⎯⎯⎯⎯⎯⎯⎯⎯⎯⎯⎯⎯⎯⎯⎯⎯[5/18]⎯

 FAIL  packages/approval-engine/src/__tests__/approval-lifecycle.test.ts > AAA-07 approval lifecycle with reservation > binds an optional proposal hash and rejects a different one
ApprovalError: Approval request failed schema validation
 ❯ ApprovalEngine.request packages/approval-engine/src/engine.ts:104:13
    102|     const parsed = ApprovalRequestSchema.safeParse(input)
    103|     if (!parsed.success) {
    104|       throw new ApprovalError(
       |             ^
    105|         'invalid_request',
    106|         'Approval request failed schema validation'
 ❯ packages/approval-engine/src/__tests__/approval-lifecycle.test.ts:253:27

⎯⎯⎯⎯⎯⎯⎯⎯⎯⎯⎯⎯⎯⎯⎯⎯⎯⎯⎯⎯⎯⎯⎯[6/18]⎯

 FAIL  packages/approval-engine/src/__tests__/approval-lifecycle.test.ts > AAA-07 approval lifecycle with reservation > expires approvals before reservation and reservation TTL releases only with no-effect proof
AssertionError: expected TypeError: engine.reserve is not a functi… to be an instance of ApprovalError
 ❯ expectCode packages/approval-engine/src/__tests__/approval-lifecycle.test.ts:86:19
     84|     throw new Error(`expected ApprovalError ${code}`)
     85|   } catch (error) {
     86|     expect(error).toBeInstanceOf(ApprovalError)
       |                   ^
     87|     expect((error as ApprovalError).code).toBe(code)
     88|   }
 ❯ packages/approval-engine/src/__tests__/approval-lifecycle.test.ts:281:5

⎯⎯⎯⎯⎯⎯⎯⎯⎯⎯⎯⎯⎯⎯⎯⎯⎯⎯⎯⎯⎯⎯⎯[7/18]⎯

 FAIL  packages/approval-engine/src/__tests__/approval-lifecycle.test.ts > AAA-07 approval lifecycle with reservation > sweeps expired reservations to APPROVED only with explicit absence proof
TypeError: engine.reserve is not a function
 ❯ packages/approval-engine/src/__tests__/approval-lifecycle.test.ts:296:12
    294|     let now = NOW
    295|     const { engine, record } = approvedEngine({ clock: () => now })
    296|     engine.reserve({
       |            ^
    297|       ...BINDING,
    298|       approvalId: record.approvalId,

⎯⎯⎯⎯⎯⎯⎯⎯⎯⎯⎯⎯⎯⎯⎯⎯⎯⎯⎯⎯⎯⎯⎯[8/18]⎯

 FAIL  packages/approval-engine/src/__tests__/approval-lifecycle.test.ts > AAA-07 approval lifecycle with reservation > sweeps ambiguous or missing proof to UNCERTAIN without blind retry
TypeError: engine.reserve is not a function
 ❯ packages/approval-engine/src/__tests__/approval-lifecycle.test.ts:324:12
    322|     let now = NOW
    323|     const { engine, record } = approvedEngine({ clock: () => now })
    324|     engine.reserve({
       |            ^
    325|       ...BINDING,
    326|       approvalId: record.approvalId,

⎯⎯⎯⎯⎯⎯⎯⎯⎯⎯⎯⎯⎯⎯⎯⎯⎯⎯⎯⎯⎯⎯⎯[9/18]⎯

 FAIL  packages/approval-engine/src/__tests__/approval-lifecycle.test.ts > AAA-07 approval lifecycle with reservation > treats a throwing evidence provider as unknown, never as release
TypeError: engine.reserve is not a function
 ❯ packages/approval-engine/src/__tests__/approval-lifecycle.test.ts:352:12
    350|     let now = NOW
    351|     const { engine, record } = approvedEngine({ clock: () => now })
    352|     engine.reserve({
       |            ^
    353|       ...BINDING,
    354|       approvalId: record.approvalId,

⎯⎯⎯⎯⎯⎯⎯⎯⎯⎯⎯⎯⎯⎯⎯⎯⎯⎯⎯⎯⎯⎯[10/18]⎯

 FAIL  packages/approval-engine/src/__tests__/approval-lifecycle.test.ts > AAA-07 approval lifecycle with reservation > rejects an old reservation token after release and re-reservation
TypeError: engine.reserve is not a function
 ❯ packages/approval-engine/src/__tests__/approval-lifecycle.test.ts:373:12
    371|     let now = NOW
    372|     const { engine, record } = approvedEngine({ clock: () => now })
    373|     engine.reserve({
       |            ^
    374|       ...BINDING,
    375|       approvalId: record.approvalId,

⎯⎯⎯⎯⎯⎯⎯⎯⎯⎯⎯⎯⎯⎯⎯⎯⎯⎯⎯⎯⎯⎯[11/18]⎯

 FAIL  packages/approval-engine/src/__tests__/approval-lifecycle.test.ts > AAA-07 approval lifecycle with reservation > fails terminal only with absence proof and blocks new reservations
TypeError: engine.reserve is not a function
 ❯ packages/approval-engine/src/__tests__/approval-lifecycle.test.ts:413:12
    411|   it('fails terminal only with absence proof and blocks new reservatio…
    412|     const { engine, record } = approvedEngine()
    413|     engine.reserve({
       |            ^
    414|       ...BINDING,
    415|       approvalId: record.approvalId,

⎯⎯⎯⎯⎯⎯⎯⎯⎯⎯⎯⎯⎯⎯⎯⎯⎯⎯⎯⎯⎯⎯[12/18]⎯

 FAIL  packages/approval-engine/src/__tests__/approval-lifecycle.test.ts > AAA-07 approval lifecycle with reservation > marks uncertain without proof and reconciles only with typed evidence
TypeError: engine.reserve is not a function
 ❯ packages/approval-engine/src/__tests__/approval-lifecycle.test.ts:448:12
    446|   it('marks uncertain without proof and reconciles only with typed evi…
    447|     const { engine, record } = approvedEngine()
    448|     engine.reserve({
       |            ^
    449|       ...BINDING,
    450|       approvalId: record.approvalId,

⎯⎯⎯⎯⎯⎯⎯⎯⎯⎯⎯⎯⎯⎯⎯⎯⎯⎯⎯⎯⎯⎯[13/18]⎯

 FAIL  packages/approval-engine/src/__tests__/approval-lifecycle.test.ts > AAA-07 approval lifecycle with reservation > reconciles uncertain to FAILED with absence proof
TypeError: engine.reserve is not a function
 ❯ packages/approval-engine/src/__tests__/approval-lifecycle.test.ts:488:12
    486|   it('reconciles uncertain to FAILED with absence proof', () => {
    487|     const { engine, record } = approvedEngine()
    488|     engine.reserve({
       |            ^
    489|       ...BINDING,
    490|       approvalId: record.approvalId,

⎯⎯⎯⎯⎯⎯⎯⎯⎯⎯⎯⎯⎯⎯⎯⎯⎯⎯⎯⎯⎯⎯[14/18]⎯

 FAIL  packages/approval-engine/src/__tests__/approval-lifecycle.test.ts > AAA-07 approval lifecycle with reservation > replays the same confirmation without double counting or second reservation
TypeError: engine.reserve is not a function
 ❯ packages/approval-engine/src/__tests__/approval-lifecycle.test.ts:510:12
    508|   it('replays the same confirmation without double counting or second …
    509|     const { engine, record } = approvedEngine()
    510|     engine.reserve({
       |            ^
    511|       ...BINDING,
    512|       approvalId: record.approvalId,

⎯⎯⎯⎯⎯⎯⎯⎯⎯⎯⎯⎯⎯⎯⎯⎯⎯⎯⎯⎯⎯⎯[15/18]⎯

 FAIL  packages/approval-engine/src/__tests__/approval-lifecycle.test.ts > AAA-07 approval lifecycle with reservation > never exposes mutable references that change store state
ApprovalError: Approval request failed schema validation
 ❯ ApprovalEngine.request packages/approval-engine/src/engine.ts:104:13
    102|     const parsed = ApprovalRequestSchema.safeParse(input)
    103|     if (!parsed.success) {
    104|       throw new ApprovalError(
       |             ^
    105|         'invalid_request',
    106|         'Approval request failed schema validation'
 ❯ packages/approval-engine/src/__tests__/approval-lifecycle.test.ts:559:27

⎯⎯⎯⎯⎯⎯⎯⎯⎯⎯⎯⎯⎯⎯⎯⎯⎯⎯⎯⎯⎯⎯[16/18]⎯

 FAIL  packages/approval-engine/src/__tests__/approval-lifecycle.test.ts > AAA-07 approval lifecycle with reservation > runs sweep concurrently with an active turn without double effect
TypeError: engine.reserve is not a function
 ❯ packages/approval-engine/src/__tests__/approval-lifecycle.test.ts:587:12
    585|     let now = NOW
    586|     const { engine, record } = approvedEngine({ clock: () => now })
    587|     engine.reserve({
       |            ^
    588|       ...BINDING,
    589|       approvalId: record.approvalId,

⎯⎯⎯⎯⎯⎯⎯⎯⎯⎯⎯⎯⎯⎯⎯⎯⎯⎯⎯⎯⎯⎯[17/18]⎯

 FAIL  packages/approval-engine/src/__tests__/approval-lifecycle.test.ts > AAA-07 approval lifecycle with reservation > lists lifecycle statuses for operator review
TypeError: engine.reserve is not a function
 ❯ packages/approval-engine/src/__tests__/approval-lifecycle.test.ts:637:12
    635|   it('lists lifecycle statuses for operator review', () => {
    636|     const { engine, record } = approvedEngine()
    637|     engine.reserve({
       |            ^
    638|       ...BINDING,
    639|       approvalId: record.approvalId,

⎯⎯⎯⎯⎯⎯⎯⎯⎯⎯⎯⎯⎯⎯⎯⎯⎯⎯⎯⎯⎯⎯[18/18]⎯


 Test Files  1 failed (1)
      Tests  18 failed | 1 passed (19)
   Start at  19:07:31
   Duration  833ms (transform 102ms, setup 0ms, import 172ms, tests 22ms, environment 496ms)

red-exit=1
