
 RUN  v4.1.11 /home/ricardo/cvg-agent-secretary-v2

 ❯ packages/persistence/src/__tests__/channel-effect-journal-postgres.test.ts (12 tests | 1 failed) 315ms
       × rejects reconciliation without a valid actor and never mutates the row 11ms

⎯⎯⎯⎯⎯⎯⎯ Failed Tests 1 ⎯⎯⎯⎯⎯⎯⎯

 FAIL  packages/persistence/src/__tests__/channel-effect-journal-postgres.test.ts > channel effect journal PostgreSQL adapter > with a disposable PostgreSQL schema > rejects reconciliation without a valid actor and never mutates the row
AssertionError: promise resolved "{ identity: { …(4) }, …(10) }" instead of rejecting

- Expected
+ Received

- Error {
-   "message": "rejected promise",
+ {
+   "attempt": 1,
+   "errorCode": null,
+   "hashVersion": "shared-rfc8785-subset-v1",
+   "identity": {
+     "channel": "whatsapp",
+     "idempotencyKey": "channel-effect-8-e9b180",
+     "operationKind": "outbound_message",
+     "tenantId": "tenant_00000000-0000-4000-8000-000000000221",
+   },
+   "leaseExpiresAtMs": null,
+   "leaseOwner": null,
+   "payloadHash": "aaaaaaaaaaaaaaaaaaaaaaaaaaaaaaaaaaaaaaaaaaaaaaaaaaaaaaaaaaaaaaaa",
+   "result": null,
+   "revision": 4,
+   "state": "PENDING",
+   "updatedAtMs": 1789268531787,
  }

 ❯ packages/persistence/src/__tests__/channel-effect-journal-postgres.test.ts:430:12
    428|               actor as never
    429|             )
    430|           ).rejects.toMatchObject({
       |            ^
    431|             code: 'reconciliation_required',
    432|             retryable: false

⎯⎯⎯⎯⎯⎯⎯⎯⎯⎯⎯⎯⎯⎯⎯⎯⎯⎯⎯⎯⎯⎯⎯⎯[1/1]⎯


 Test Files  1 failed (1)
      Tests  1 failed | 11 passed (12)
   Start at  00:02:10
   Duration  1.47s (transform 326ms, setup 0ms, import 480ms, tests 315ms, environment 556ms)

