
 RUN  v4.1.11 /home/ricardo/cvg-agent-secretary-v2
      Coverage enabled with v8


 Test Files  33 passed (33)
      Tests  235 passed (235)
   Start at  01:02:19
   Duration  41.11s (transform 667ms, setup 0ms, import 6.58s, tests 1.62s, environment 24.92s)

 % Coverage report from v8
-------------------|---------|----------|---------|---------|-------------------
File               | % Stmts | % Branch | % Funcs | % Lines | Uncovered Line #s 
-------------------|---------|----------|---------|---------|-------------------
All files          |   94.51 |    91.36 |    97.2 |   95.03 |                   
 ...l-authority.ts |   96.62 |    97.64 |     100 |   98.68 | 194               
 contracts.ts      |   95.76 |    87.75 |     100 |   95.68 | ...66,270,289,658 
 ...plane-store.ts |   91.94 |    84.81 |   94.35 |   93.01 | ...1285-1290,1380 
 ...led-plugins.ts |     100 |    85.71 |     100 |     100 | 17                
 ...y-preflight.ts |   89.74 |    90.62 |   83.33 |   89.47 | 170-171,179-180   
 event-bus.ts      |   98.87 |    98.66 |     100 |   98.82 | 230               
 output-policy.ts  |      90 |    86.66 |     100 |   91.66 | 154,176,263,267   
 plugin-gateway.ts |    96.2 |    92.71 |   97.43 |   96.88 | ...99,768,775,781 
 ...y-evaluator.ts |   95.83 |    96.87 |     100 |   95.65 | 60                
 prompt-profile.ts |   92.85 |     91.3 |     100 |   92.72 | 115,139,175,220   
 qualification.ts  |    92.5 |     92.5 |     100 |   91.17 | 48,106,121        
 ...e-candidate.ts |   94.59 |       92 |     100 |   94.44 | 57,132            
 ...tion-ledger.ts |   98.68 |    96.87 |     100 |     100 | 204               
 ...-assessment.ts |   95.45 |    94.11 |     100 |   97.36 | 68                
 ...b-evaluator.ts |     100 |    88.88 |     100 |     100 | 34,43             
 test-lab.ts       |   94.93 |    92.36 |     100 |   94.66 | ...53,859,892-896 
 ...on-boundary.ts |   97.95 |    94.62 |     100 |   97.75 | 122,184           
 ...-governance.ts |   86.17 |    88.23 |   89.47 |   87.38 | ...32,440-442,446 
-------------------|---------|----------|---------|---------|-------------------

=============================== Coverage summary ===============================
Statements   : 94.51% ( 1756/1858 )
Branches     : 91.36% ( 1397/1529 )
Functions    : 97.2% ( 417/429 )
Lines        : 95.03% ( 1667/1754 )
================================================================================
