
 RUN  v4.1.11 /home/ricardo/cvg-agent-secretary-v2
      Coverage enabled with v8


 Test Files  9 passed (9)
      Tests  96 passed (96)
   Start at  01:11:24
   Duration  10.60s (transform 258ms, setup 0ms, import 790ms, tests 282ms, environment 7.18s)

 % Coverage report from v8
-------------------|---------|----------|---------|---------|-------------------
File               | % Stmts | % Branch | % Funcs | % Lines | Uncovered Line #s 
-------------------|---------|----------|---------|---------|-------------------
All files          |   98.16 |    96.46 |     100 |   99.21 |                   
 src               |   98.09 |    96.44 |     100 |   99.18 |                   
  ...governance.ts |   95.53 |    93.57 |     100 |   98.95 | 398               
  canonical.ts     |   97.91 |    96.77 |     100 |   97.72 | 112               
  ids.ts           |     100 |       75 |     100 |     100 | 13-14             
  lifecycle.ts     |    97.5 |    93.75 |     100 |     100 | 62                
  ssrf.ts          |   99.18 |    98.54 |     100 |   98.94 | 160               
-------------------|---------|----------|---------|---------|-------------------

=============================== Coverage summary ===============================
Statements   : 98.16% ( 428/436 )
Branches     : 96.46% ( 355/368 )
Functions    : 100% ( 65/65 )
Lines        : 99.21% ( 380/383 )
================================================================================
