
 RUN  v4.1.11 /home/ricardo/cvg-agent-secretary-v2
      Coverage enabled with v8


 Test Files  6 passed (6)
      Tests  14 passed (14)
   Start at  01:03:13
   Duration  8.75s (transform 1.28s, setup 0ms, import 2.32s, tests 56ms, environment 4.77s)

 % Coverage report from v8
-------------------|---------|----------|---------|---------|-------------------
File               | % Stmts | % Branch | % Funcs | % Lines | Uncovered Line #s 
-------------------|---------|----------|---------|---------|-------------------
All files          |   97.91 |    88.75 |     100 |   97.77 |                   
 src/journeys      |   94.73 |    67.85 |     100 |   94.73 |                   
  ...y-workflow.ts |   94.73 |    67.85 |     100 |   94.73 | 82                
-------------------|---------|----------|---------|---------|-------------------

=============================== Coverage summary ===============================
Statements   : 97.91% ( 47/48 )
Branches     : 88.75% ( 71/80 )
Functions    : 100% ( 8/8 )
Lines        : 97.77% ( 44/45 )
================================================================================
