
 RUN  v4.1.11 /home/ricardo/cvg-agent-secretary-v2
      Coverage enabled with v8


 Test Files  9 passed (9)
      Tests  40 passed | 1 skipped (41)
   Start at  01:03:22
   Duration  14.10s (transform 1.28s, setup 0ms, import 4.09s, tests 468ms, environment 7.04s)

 % Coverage report from v8
-------------------|---------|----------|---------|---------|-------------------
File               | % Stmts | % Branch | % Funcs | % Lines | Uncovered Line #s 
-------------------|---------|----------|---------|---------|-------------------
All files          |   97.29 |    92.56 |   95.83 |   97.18 |                   
 src               |   96.85 |    92.06 |   95.23 |   96.74 |                   
  ...led-worker.ts |      92 |    85.18 |     100 |    90.9 | 104-106           
  ...controlled.ts |   97.46 |    92.64 |    92.3 |   97.43 | 160,188           
  worker.ts        |     100 |    96.77 |     100 |     100 | 43                
 src/jobs          |     100 |    95.45 |     100 |     100 |                   
  ...tbox-event.ts |     100 |    95.45 |     100 |     100 | 94                
-------------------|---------|----------|---------|---------|-------------------

=============================== Coverage summary ===============================
Statements   : 97.29% ( 144/148 )
Branches     : 92.56% ( 137/148 )
Functions    : 95.83% ( 23/24 )
Lines        : 97.18% ( 138/142 )
================================================================================
