
> cvg-operational-harness@1.0.0 test:postgres
> vitest run --testTimeout=60000 --no-file-parallelism packages/persistence/src/__tests__/postgres-migration-smoke.test.ts packages/persistence/src/__tests__/tenant-isolation.test.ts packages/persistence/src/__tests__/platform-postgres-smoke.test.ts packages/persistence/src/__tests__/platform-approval-postgres.test.ts packages/persistence/src/__tests__/audit-evidence-checkpoint-postgres.test.ts packages/persistence/src/__tests__/session-version-pinning-postgres.test.ts packages/persistence/src/__tests__/outbox-durability.test.ts packages/persistence/src/__tests__/effect-journal-postgres.test.ts packages/persistence/src/__tests__/channel-effect-journal-postgres.test.ts apps/api/src/__tests__/postgres-persistence-mode.test.ts apps/api/src/__tests__/webhook-security.test.ts apps/api/src/__tests__/journeys-api-postgres.test.ts apps/worker/src/__tests__/postgres-outbox-bridge.integration.test.ts packages/chaos/src/__tests__/chaos-postgres.test.ts packages/persistence/src/__tests__/journeys-postgres.test.ts apps/worker/src/__tests__/continuous-worker-postgres.integration.test.ts apps/worker/src/__tests__/postgres-role-preflight.test.ts packages/persistence/src/__tests__/attendance-approval-postgres.test.ts packages/persistence/src/__tests__/journey-task-atomicity.test.ts packages/persistence/src/__tests__/runtime-approval-store-postgres.test.ts packages/persistence/src/__tests__/operational-execution-postgres.test.ts apps/worker/src/__tests__/operational-harness-process-restart.integration.test.ts apps/worker/src/__tests__/operational-harness-synthetic-effect-postgres.integration.test.ts apps/worker/src/__tests__/operational-harness-capability-postgres.integration.test.ts apps/worker/src/__tests__/kernel-composition-postgres.integration.test.ts apps/worker/src/__tests__/operational-harness-iterative.test.ts apps/worker/src/__tests__/operational-harness-iterative-postgres.integration.test.ts apps/api/src/__tests__/approval-decision-atomicity-postgres.test.ts packages/persistence/src/__tests__/outbox-content-binding-postgres.test.ts apps/api/src/__tests__/tenant-schema-inventory-postgres.test.ts apps/api/src/__tests__/trusted-replay-distributed-postgres.test.ts apps/api/src/__tests__/rate-limit-distributed-postgres.test.ts apps/worker/src/__tests__/operational-harness-homolog.integration.test.ts apps/api/src/__tests__/homolog-correlation-postgres.test.ts apps/worker/src/__tests__/homolog-health-postgres.test.ts


 RUN  v4.1.11 /home/ricardo/Área de trabalho/cvg-operational-harness

{"event":"worker.started","level":"info","timestamp":"2026-09-25T03:26:11.570Z","workerId":"worker-pg-continuous-192-a","concurrency":2,"pollIntervalMs":5,"idleMaxBackoffMs":5000,"errorBackoffMs":500,"errorMaxBackoffMs":30000,"leaseMs":1000,"heartbeatIntervalMs":333,"drainMs":5000,"backlogProbe":true,"sweeps":false,"externalEffects":false,"durable":true}
{"event":"worker.outbox.summary","level":"info","timestamp":"2026-09-25T03:26:11.571Z","workerId":"worker-pg-continuous-192-a","reason":"start","claimed":0,"processed":0,"failed":0,"deadLettered":0,"handoffs":0,"errors":0,"claimFailures":0,"leaseLost":0,"heartbeats":0,"idlePolls":0,"released":0,"lag":null,"inFlight":0}
{"event":"worker.metric","name":"worker_outbox_lag","value":0,"attributes":{"operation":"outbox"},"timestamp":"2026-09-25T03:26:11.612Z"}
{"event":"worker.idle_backoff","level":"debug","timestamp":"2026-09-25T03:26:11.612Z","workerId":"worker-pg-continuous-192-a","backoffMs":5,"lag":0}
{"event":"worker.idle_backoff","level":"debug","timestamp":"2026-09-25T03:26:11.622Z","workerId":"worker-pg-continuous-192-a","backoffMs":10,"lag":0}
{"event":"worker.metric","name":"worker_outbox_processed_total","value":1,"attributes":{"status":"processed"},"timestamp":"2026-09-25T03:26:11.634Z"}
{"event":"worker.outbox.processed","level":"info","timestamp":"2026-09-25T03:26:11.634Z","eventId":"outbox_b0d9713e-9517-414c-8fa4-aa66b0849f87","workerId":"worker-pg-continuous-192-a","status":"processed","attempt":1,"leaseLost":false,"operation":"outbox"}
{"event":"worker.idle_backoff","level":"debug","timestamp":"2026-09-25T03:26:11.635Z","workerId":"worker-pg-continuous-192-a","backoffMs":20,"lag":0}
{"event":"worker.outbox.summary","level":"info","timestamp":"2026-09-25T03:26:11.651Z","workerId":"worker-pg-continuous-192-a","reason":"stop","claimed":1,"processed":1,"failed":0,"deadLettered":0,"handoffs":0,"errors":0,"claimFailures":0,"leaseLost":0,"heartbeats":0,"idlePolls":3,"released":0,"lag":0,"inFlight":0}
{"event":"worker.stopped","level":"info","timestamp":"2026-09-25T03:26:11.651Z","workerId":"worker-pg-continuous-192-a","drained":true,"released":0,"releaseFailed":0,"processed":1,"failed":0,"deadLettered":0,"lag":0}
{"event":"worker.started","level":"info","timestamp":"2026-09-25T03:26:11.663Z","workerId":"worker-pg-continuous-192-b","concurrency":2,"pollIntervalMs":5,"idleMaxBackoffMs":5000,"errorBackoffMs":500,"errorMaxBackoffMs":30000,"leaseMs":1000,"heartbeatIntervalMs":333,"drainMs":5000,"backlogProbe":true,"sweeps":false,"externalEffects":false,"durable":true}
{"event":"worker.outbox.summary","level":"info","timestamp":"2026-09-25T03:26:11.663Z","workerId":"worker-pg-continuous-192-b","reason":"start","claimed":0,"processed":0,"failed":0,"deadLettered":0,"handoffs":0,"errors":0,"claimFailures":0,"leaseLost":0,"heartbeats":0,"idlePolls":0,"released":0,"lag":null,"inFlight":0}
{"event":"worker.metric","name":"worker_outbox_lag","value":0,"attributes":{"operation":"outbox"},"timestamp":"2026-09-25T03:26:11.691Z"}
{"event":"worker.metric","name":"worker_outbox_dead_lettered_total","value":1,"attributes":{"status":"dead_letter"},"timestamp":"2026-09-25T03:26:11.702Z"}
{"event":"worker.outbox.dead_letter","level":"info","timestamp":"2026-09-25T03:26:11.702Z","eventId":"outbox_56870f16-f256-40a5-9bf5-a10b48796203","workerId":"worker-pg-continuous-192-b","status":"dead_letter","attempt":1,"leaseLost":false,"error":"[redacted-outbox-error]","operation":"outbox"}
{"event":"worker.idle_backoff","level":"debug","timestamp":"2026-09-25T03:26:11.712Z","workerId":"worker-pg-continuous-192-b","backoffMs":5,"lag":0}
{"event":"worker.metric","name":"worker_outbox_processed_total","value":1,"attributes":{"status":"processed"},"timestamp":"2026-09-25T03:26:11.716Z"}
{"event":"worker.outbox.processed","level":"info","timestamp":"2026-09-25T03:26:11.716Z","eventId":"outbox_fff1ab21-9c43-4f99-ae7f-756ec579c0d7","workerId":"worker-pg-continuous-192-b","status":"processed","attempt":1,"leaseLost":false,"operation":"outbox"}
{"event":"worker.idle_backoff","level":"debug","timestamp":"2026-09-25T03:26:11.721Z","workerId":"worker-pg-continuous-192-b","backoffMs":10,"lag":0}
{"event":"worker.outbox.summary","level":"info","timestamp":"2026-09-25T03:26:11.722Z","workerId":"worker-pg-continuous-192-b","reason":"stop","claimed":2,"processed":1,"failed":0,"deadLettered":1,"handoffs":0,"errors":0,"claimFailures":0,"leaseLost":0,"heartbeats":0,"idlePolls":2,"released":0,"lag":0,"inFlight":0}
{"event":"worker.stopped","level":"info","timestamp":"2026-09-25T03:26:11.723Z","workerId":"worker-pg-continuous-192-b","drained":true,"released":0,"releaseFailed":0,"processed":1,"failed":0,"deadLettered":1,"lag":0}
{"event":"worker.started","level":"info","timestamp":"2026-09-25T03:26:13.035Z","workerId":"worker-pg-continuous-192-d","concurrency":2,"pollIntervalMs":5,"idleMaxBackoffMs":5000,"errorBackoffMs":500,"errorMaxBackoffMs":30000,"leaseMs":1000,"heartbeatIntervalMs":333,"drainMs":5000,"backlogProbe":true,"sweeps":false,"externalEffects":false,"durable":true}
{"event":"worker.outbox.summary","level":"info","timestamp":"2026-09-25T03:26:13.035Z","workerId":"worker-pg-continuous-192-d","reason":"start","claimed":0,"processed":0,"failed":0,"deadLettered":0,"handoffs":0,"errors":0,"claimFailures":0,"leaseLost":0,"heartbeats":0,"idlePolls":0,"released":0,"lag":null,"inFlight":0}
{"event":"worker.metric","name":"worker_outbox_lag","value":0,"attributes":{"operation":"outbox"},"timestamp":"2026-09-25T03:26:13.063Z"}
{"event":"worker.metric","name":"worker_outbox_processed_total","value":1,"attributes":{"status":"processed"},"timestamp":"2026-09-25T03:26:13.080Z"}
{"event":"worker.outbox.processed","level":"info","timestamp":"2026-09-25T03:26:13.080Z","eventId":"outbox_05021d1e-84bf-44cb-89bb-ffc54f8bd26a","workerId":"worker-pg-continuous-192-d","status":"processed","attempt":1,"leaseLost":false,"operation":"outbox"}
{"event":"worker.metric","name":"worker_outbox_processed_total","value":1,"attributes":{"status":"processed"},"timestamp":"2026-09-25T03:26:13.084Z"}
{"event":"worker.outbox.processed","level":"info","timestamp":"2026-09-25T03:26:13.084Z","eventId":"outbox_c4f39957-2f38-485e-aa83-4aed1c9804c5","workerId":"worker-pg-continuous-192-d","status":"processed","attempt":1,"leaseLost":false,"operation":"outbox"}
{"event":"worker.idle_backoff","level":"debug","timestamp":"2026-09-25T03:26:13.088Z","workerId":"worker-pg-continuous-192-d","backoffMs":5,"lag":0}
{"event":"worker.outbox.summary","level":"info","timestamp":"2026-09-25T03:26:13.089Z","workerId":"worker-pg-continuous-192-d","reason":"stop","claimed":2,"processed":2,"failed":0,"deadLettered":0,"handoffs":0,"errors":0,"claimFailures":0,"leaseLost":0,"heartbeats":0,"idlePolls":1,"released":0,"lag":0,"inFlight":0}
{"event":"worker.stopped","level":"info","timestamp":"2026-09-25T03:26:13.089Z","workerId":"worker-pg-continuous-192-d","drained":true,"released":0,"releaseFailed":0,"processed":2,"failed":0,"deadLettered":0,"lag":0}
{"event":"worker.started","level":"info","timestamp":"2026-09-25T03:26:13.094Z","workerId":"worker-pg-continuous-192-e","concurrency":1,"pollIntervalMs":5,"idleMaxBackoffMs":5000,"errorBackoffMs":500,"errorMaxBackoffMs":30000,"leaseMs":1000,"heartbeatIntervalMs":333,"drainMs":5000,"backlogProbe":true,"sweeps":false,"externalEffects":false,"durable":true}
{"event":"worker.outbox.summary","level":"info","timestamp":"2026-09-25T03:26:13.094Z","workerId":"worker-pg-continuous-192-e","reason":"start","claimed":0,"processed":0,"failed":0,"deadLettered":0,"handoffs":0,"errors":0,"claimFailures":0,"leaseLost":0,"heartbeats":0,"idlePolls":0,"released":0,"lag":null,"inFlight":0}
{"event":"worker.metric","name":"worker_outbox_lag","value":0,"attributes":{"operation":"outbox"},"timestamp":"2026-09-25T03:26:13.115Z"}
{"event":"worker.shutdown_release","level":"warn","timestamp":"2026-09-25T03:26:13.154Z","eventId":"outbox_e624a266-6254-4682-b513-ad32f4877ca8","workerId":"worker-pg-continuous-192-e","operation":"outbox"}
{"event":"worker.metric","name":"worker_outbox_shutdown_releases_total","value":1,"attributes":{"outcome":"released"},"timestamp":"2026-09-25T03:26:13.154Z"}
{"event":"worker.outbox.summary","level":"info","timestamp":"2026-09-25T03:26:13.154Z","workerId":"worker-pg-continuous-192-e","reason":"stop","claimed":1,"processed":0,"failed":0,"deadLettered":0,"handoffs":0,"errors":0,"claimFailures":0,"leaseLost":0,"heartbeats":0,"idlePolls":0,"released":1,"lag":0,"inFlight":1}
{"event":"worker.stopped","level":"info","timestamp":"2026-09-25T03:26:13.155Z","workerId":"worker-pg-continuous-192-e","drained":false,"released":1,"releaseFailed":0,"processed":0,"failed":0,"deadLettered":0,"lag":0}
{"event":"worker.event_error","level":"error","timestamp":"2026-09-25T03:26:13.161Z","eventId":"outbox_e624a266-6254-4682-b513-ad32f4877ca8","workerId":"worker-pg-continuous-192-e","attempt":1,"error":"outbox_error:conflict","operation":"outbox"}
{"event":"worker.metric","name":"worker_outbox_errors_total","value":1,"attributes":{"outcome":"error"},"timestamp":"2026-09-25T03:26:13.161Z"}
{"event":"worker.started","level":"info","timestamp":"2026-09-25T03:26:13.164Z","workerId":"worker-pg-continuous-192-f","concurrency":2,"pollIntervalMs":5,"idleMaxBackoffMs":5000,"errorBackoffMs":500,"errorMaxBackoffMs":30000,"leaseMs":1000,"heartbeatIntervalMs":333,"drainMs":5000,"backlogProbe":true,"sweeps":false,"externalEffects":false,"durable":true}
{"event":"worker.outbox.summary","level":"info","timestamp":"2026-09-25T03:26:13.164Z","workerId":"worker-pg-continuous-192-f","reason":"start","claimed":0,"processed":0,"failed":0,"deadLettered":0,"handoffs":0,"errors":0,"claimFailures":0,"leaseLost":0,"heartbeats":0,"idlePolls":0,"released":0,"lag":null,"inFlight":0}
{"event":"worker.metric","name":"worker_outbox_lag","value":0,"attributes":{"operation":"outbox"},"timestamp":"2026-09-25T03:26:13.182Z"}
{"event":"worker.idle_backoff","level":"debug","timestamp":"2026-09-25T03:26:13.182Z","workerId":"worker-pg-continuous-192-f","backoffMs":5,"lag":0}
{"event":"worker.idle_backoff","level":"debug","timestamp":"2026-09-25T03:26:13.191Z","workerId":"worker-pg-continuous-192-f","backoffMs":10,"lag":0}
{"event":"worker.idle_backoff","level":"debug","timestamp":"2026-09-25T03:26:13.204Z","workerId":"worker-pg-continuous-192-f","backoffMs":20,"lag":0}
{"event":"worker.idle_backoff","level":"debug","timestamp":"2026-09-25T03:26:13.227Z","workerId":"worker-pg-continuous-192-f","backoffMs":40,"lag":0}
{"event":"worker.idle_backoff","level":"debug","timestamp":"2026-09-25T03:26:13.269Z","workerId":"worker-pg-continuous-192-f","backoffMs":80,"lag":0}
{"event":"worker.idle_backoff","level":"debug","timestamp":"2026-09-25T03:26:13.352Z","workerId":"worker-pg-continuous-192-f","backoffMs":160,"lag":0}
{"event":"worker.idle_backoff","level":"debug","timestamp":"2026-09-25T03:26:13.516Z","workerId":"worker-pg-continuous-192-f","backoffMs":320,"lag":0}
{"event":"worker.idle_backoff","level":"debug","timestamp":"2026-09-25T03:26:13.839Z","workerId":"worker-pg-continuous-192-f","backoffMs":640,"lag":0}
{"event":"worker.outbox.summary","level":"info","timestamp":"2026-09-25T03:26:14.165Z","workerId":"worker-pg-continuous-192-f","reason":"interval","claimed":0,"processed":0,"failed":0,"deadLettered":0,"handoffs":0,"errors":0,"claimFailures":0,"leaseLost":0,"heartbeats":0,"idlePolls":8,"released":0,"lag":0,"inFlight":0}
{"event":"worker.metric","name":"worker_outbox_lag","value":0,"attributes":{"operation":"outbox"},"timestamp":"2026-09-25T03:26:14.494Z"}
{"event":"worker.idle_backoff","level":"debug","timestamp":"2026-09-25T03:26:14.494Z","workerId":"worker-pg-continuous-192-f","backoffMs":5,"lag":0}
{"event":"worker.idle_backoff","level":"debug","timestamp":"2026-09-25T03:26:14.502Z","workerId":"worker-pg-continuous-192-f","backoffMs":10,"lag":0}
{"event":"worker.metric","name":"worker_outbox_processed_total","value":1,"attributes":{"status":"processed"},"timestamp":"2026-09-25T03:26:14.514Z"}
{"event":"worker.outbox.processed","level":"info","timestamp":"2026-09-25T03:26:14.514Z","eventId":"outbox_e624a266-6254-4682-b513-ad32f4877ca8","workerId":"worker-pg-continuous-192-f","status":"processed","attempt":2,"leaseLost":false,"operation":"outbox"}
{"event":"worker.idle_backoff","level":"debug","timestamp":"2026-09-25T03:26:14.515Z","workerId":"worker-pg-continuous-192-f","backoffMs":20,"lag":0}
{"event":"worker.outbox.summary","level":"info","timestamp":"2026-09-25T03:26:14.526Z","workerId":"worker-pg-continuous-192-f","reason":"stop","claimed":1,"processed":1,"failed":0,"deadLettered":0,"handoffs":0,"errors":0,"claimFailures":0,"leaseLost":0,"heartbeats":0,"idlePolls":11,"released":0,"lag":0,"inFlight":0}
{"event":"worker.stopped","level":"info","timestamp":"2026-09-25T03:26:14.526Z","workerId":"worker-pg-continuous-192-f","drained":true,"released":0,"releaseFailed":0,"processed":1,"failed":0,"deadLettered":0,"lag":0}

 Test Files  35 passed (35)
      Tests  258 passed (258)
   Start at  00:25:12
   Duration  136.90s (transform 1.92s, setup 0ms, import 11.31s, tests 95.85s, environment 24.92s)

