
 RUN  v4.1.11 /tmp/opencode/aaa12-mutation/work-M10

 ❯ packages/channel-gateway/src/__tests__/channel-effect-malformed-version.test.ts (6 tests | 1 failed) 353ms
     × decideReserve treats only the absent property as legacy 14ms
 ❯ packages/channel-gateway/src/__tests__/channel-coverage-gateway-journal-paths.test.ts (15 tests | 2 failed) 83ms
     × turns an expired SENDING lease into UNCERTAIN and allows safe takeover 12ms
     × writes UNCERTAIN when an expired SENDING record is re-presented 7ms
 ❯ packages/channel-gateway/src/__tests__/channel-effect-journal.test.ts (11 tests | 1 failed) 92ms
     × 7. expired lease with a late worker never produces a second send or false success 14ms

 Test Files  3 failed | 8 passed (11)
      Tests  4 failed | 101 passed (105)
   Start at  21:08:39
   Duration  12.43s (transform 358ms, setup 0ms, import 1.66s, tests 960ms, environment 8.16s)


⎯⎯⎯⎯⎯⎯⎯ Failed Tests 4 ⎯⎯⎯⎯⎯⎯⎯

 FAIL  packages/channel-gateway/src/__tests__/channel-coverage-gateway-journal-paths.test.ts > in-memory journal unsafe-crash and takeover paths > turns an expired SENDING lease into UNCERTAIN and allows safe takeover
AssertionError: expected 'reserved' to be 'uncertain' // Object.is equality

Expected: "uncertain"
Received: "reserved"

 ❯ packages/channel-gateway/src/__tests__/channel-coverage-gateway-journal-paths.test.ts:232:7
    230|     expect(
    231|       (await journal.reserve({ ...input, leaseOwner: 'owner-b' })).out…
    232|     ).toBe('uncertain')
       |       ^
    233|     expect((await journal.find(identity))?.state).toBe('UNCERTAIN')
    234|

⎯⎯⎯⎯⎯⎯⎯⎯⎯⎯⎯⎯⎯⎯⎯⎯⎯⎯⎯⎯⎯⎯⎯⎯[1/4]⎯

 FAIL  packages/channel-gateway/src/__tests__/channel-coverage-gateway-journal-paths.test.ts > file journal crash-write and storage-failure paths > writes UNCERTAIN when an expired SENDING record is re-presented
AssertionError: expected 'reserved' to be 'uncertain' // Object.is equality

Expected: "uncertain"
Received: "reserved"

 ❯ packages/channel-gateway/src/__tests__/channel-coverage-gateway-journal-paths.test.ts:292:29
    290|       leaseMs: 10_000
    291|     })
    292|     expect(outcome.outcome).toBe('uncertain')
       |                             ^
    293|     const after = await readFile(path, 'utf8')
    294|     expect(after).not.toBe(before)

⎯⎯⎯⎯⎯⎯⎯⎯⎯⎯⎯⎯⎯⎯⎯⎯⎯⎯⎯⎯⎯⎯⎯⎯[2/4]⎯

 FAIL  packages/channel-gateway/src/__tests__/channel-effect-journal.test.ts > channel effect journal contract > 7. expired lease with a late worker never produces a second send or false success
AssertionError: promise resolved "{ …(4) }" instead of rejecting

- Expected
+ Received

- Error {
-   "message": "rejected promise",
+ {
+   "accepted": true,
+   "channel": "whatsapp",
+   "externalId": "scripted_msg_journal_1",
+   "sentAt": "2026-09-12T12:00:00.000Z",
  }

 ❯ packages/channel-gateway/src/__tests__/channel-effect-journal.test.ts:311:6
    309|     await expect(
    310|       gatewayB.dispatch(parsed, { takeoverActive: false })
    311|     ).rejects.toMatchObject({ code: 'effect_uncertain' })
       |      ^
    312|     expect(adapterB.sent).toHaveLength(0)
    313|

⎯⎯⎯⎯⎯⎯⎯⎯⎯⎯⎯⎯⎯⎯⎯⎯⎯⎯⎯⎯⎯⎯⎯⎯[3/4]⎯

 FAIL  packages/channel-gateway/src/__tests__/channel-effect-malformed-version.test.ts > AAA12-C4-F01 missing vs malformed hashVersion > decideReserve treats only the absent property as legacy
AssertionError: SENDING absent/legacy: expected 'takeover' to be 'uncertain' // Object.is equality

Expected: "uncertain"
Received: "takeover"

 ❯ packages/channel-gateway/src/__tests__/channel-effect-malformed-version.test.ts:186:9
    184|         decideReserve(absent, input(identity, LEGACY_HASH_VERSION), 10…
    185|         `${state} absent/legacy`
    186|       ).toBe(expectedActionFor(state))
       |         ^
    187|       expect(
    188|         decideReserve(absent, input(identity, SHARED_HASH_VERSION), 10…

⎯⎯⎯⎯⎯⎯⎯⎯⎯⎯⎯⎯⎯⎯⎯⎯⎯⎯⎯⎯⎯⎯⎯⎯[4/4]⎯

