$ npm run test:postgres -- --reporter=default --reporter=json --outputFile=certification/postgres-test-report.json
# runId=run-579d2100c172-mub8591x candidateId=579d2100c172b5157ed42d1cf983988d3401a8c930353b52e50c589578ea55af gate=postgres command=npm run test:postgres -- --reporter=default --reporter=json --outputFile=certification/postgres-test-report.json
# exitCode=0 durationMs=85894


> cvg-operational-harness@1.0.0 test:postgres
> vitest run --testTimeout=60000 --no-file-parallelism packages/persistence/src/__tests__/postgres-migration-smoke.test.ts packages/persistence/src/__tests__/tenant-isolation.test.ts packages/persistence/src/__tests__/platform-postgres-smoke.test.ts packages/persistence/src/__tests__/platform-approval-postgres.test.ts packages/persistence/src/__tests__/audit-evidence-checkpoint-postgres.test.ts packages/persistence/src/__tests__/session-version-pinning-postgres.test.ts packages/persistence/src/__tests__/outbox-durability.test.ts packages/persistence/src/__tests__/effect-journal-postgres.test.ts packages/persistence/src/__tests__/channel-effect-journal-postgres.test.ts apps/api/src/__tests__/postgres-persistence-mode.test.ts apps/api/src/__tests__/webhook-security.test.ts apps/api/src/__tests__/journeys-api-postgres.test.ts apps/worker/src/__tests__/postgres-outbox-bridge.integration.test.ts packages/chaos/src/__tests__/chaos-postgres.test.ts packages/persistence/src/__tests__/journeys-postgres.test.ts apps/worker/src/__tests__/continuous-worker-postgres.integration.test.ts apps/worker/src/__tests__/postgres-role-preflight.test.ts packages/persistence/src/__tests__/attendance-approval-postgres.test.ts packages/persistence/src/__tests__/journey-task-atomicity.test.ts packages/persistence/src/__tests__/runtime-approval-store-postgres.test.ts packages/persistence/src/__tests__/operational-execution-postgres.test.ts apps/worker/src/__tests__/operational-harness-process-restart.integration.test.ts apps/worker/src/__tests__/operational-harness-synthetic-effect-postgres.integration.test.ts apps/worker/src/__tests__/operational-harness-capability-postgres.integration.test.ts apps/worker/src/__tests__/kernel-composition-postgres.integration.test.ts apps/worker/src/__tests__/operational-harness-iterative.test.ts apps/worker/src/__tests__/operational-harness-iterative-postgres.integration.test.ts apps/api/src/__tests__/approval-decision-atomicity-postgres.test.ts packages/persistence/src/__tests__/outbox-content-binding-postgres.test.ts apps/api/src/__tests__/tenant-schema-inventory-postgres.test.ts apps/api/src/__tests__/trusted-replay-distributed-postgres.test.ts apps/api/src/__tests__/rate-limit-distributed-postgres.test.ts apps/worker/src/__tests__/operational-harness-homolog.integration.test.ts apps/api/src/__tests__/homolog-correlation-postgres.test.ts apps/worker/src/__tests__/homolog-health-postgres.test.ts --reporter=default --reporter=json --outputFile=certification/postgres-test-report.json


 RUN  v4.1.11 /home/ricardo/Área de trabalho/cvg-operational-harness

 ✓ apps/api/src/__tests__/webhook-security.test.ts (16 tests) 255ms
 ✓ apps/worker/src/__tests__/operational-harness-iterative.test.ts (5 tests) 190ms
 ✓ apps/api/src/__tests__/postgres-persistence-mode.test.ts (45 tests) 2796ms
     ✓ commits and rolls back the tenant-scoped runtime finalizer atomically  648ms
     ✓ validates tenant-scoped startup with separate migration and runtime roles  842ms
     ✓ rejects missing rate-limit table or index before PostgreSQL startup  632ms
 ✓ packages/persistence/src/__tests__/tenant-isolation.test.ts (14 tests) 1416ms
     ✓ enforces cross-tenant isolation with a non-BYPASSRLS role and resets pooled context  675ms
     ✓ quarantines legacy tenant mismatches before enabling RLS  717ms
 ✓ packages/persistence/src/__tests__/postgres-migration-smoke.test.ts (9 tests) 155ms
 ✓ packages/persistence/src/__tests__/journeys-postgres.test.ts (24 tests) 1521ms
     ✓ applies 0014 additively over a 0013 database and preserves prior data  655ms
 ✓ packages/persistence/src/__tests__/audit-evidence-checkpoint-postgres.test.ts (2 tests) 16ms
 ✓ packages/persistence/src/__tests__/journey-task-atomicity.test.ts (8 tests) 682ms
 ✓ apps/worker/src/__tests__/kernel-composition-postgres.integration.test.ts (10 tests) 1071ms
 ✓ apps/worker/src/__tests__/homolog-health-postgres.test.ts (5 tests) 657ms
     ✓ reports healthy dependencies with queue depth  649ms
 ✓ apps/api/src/__tests__/rate-limit-distributed-postgres.test.ts (6 tests) 2793ms
     ✓ shares one budget across instances and restarts  664ms
     ✓ resets the budget when the window expires  971ms
     ✓ enforces the shared budget at the HTTP boundary  1153ms
 ✓ packages/persistence/src/__tests__/outbox-durability.test.ts (6 tests) 2006ms
     ✓ backfills a legacy processed row while RLS is already forced  382ms
     ✓ redacts legacy rows without making routable pending work disappear  380ms
     ✓ claims once across two connections, journals at-least-once ack, retries and requeues in-place  654ms
     ✓ commits inbound message and durable intent together  586ms
 ✓ packages/persistence/src/__tests__/effect-journal-postgres.test.ts (10 tests) 752ms
 ✓ packages/persistence/src/__tests__/channel-effect-journal-postgres.test.ts (12 tests) 789ms
 ✓ packages/persistence/src/__tests__/session-version-pinning-postgres.test.ts (2 tests) 654ms
     ✓ binds sessions atomically under the tenant-aware migration and never replaces the pin  650ms
 ✓ packages/persistence/src/__tests__/operational-execution-postgres.test.ts (3 tests) 719ms
 ✓ apps/worker/src/__tests__/postgres-outbox-bridge.integration.test.ts (2 tests) 955ms
     ✓ consumes the event written by the API through a separate worker pool  953ms
 ✓ apps/api/src/__tests__/approval-decision-atomicity-postgres.test.ts (8 tests) 5433ms
     ✓ applies migration 0021 exactly-once guard  660ms
     ✓ blocks migration 0021 when legacy duplicate decision keys exist  655ms
     ✓ rejects a valid-looking index with the wrong definition  645ms
     ✓ rejects an invalid and not-ready unique index  609ms
     ✓ converges concurrent applications of migration 0021  642ms
     ✓ retries converge with exactly one audit event after an injected crash  799ms
     ✓ identical concurrent decisions keep one winner and one audit event  708ms
     ✓ worker recovery preserves the decision envelope after audit failure  712ms
 ✓ apps/api/src/__tests__/homolog-correlation-postgres.test.ts (1 test) 861ms
     ✓ binds the response correlation to one PII-free audit event  860ms
 ✓ apps/api/src/__tests__/journeys-api-postgres.test.ts (10 tests) 1680ms
     ✓ applies migration 0014 during postgres startup before serving journeys  621ms
 ✓ apps/api/src/__tests__/tenant-schema-inventory-postgres.test.ts (4 tests) 2600ms
     ✓ every tenant_id table in the catalog is inventoried and verified  671ms
     ✓ fails when a tenant-scoped table is removed  660ms
     ✓ fails when migration 0022 is not applied  637ms
     ✓ fails a least-privilege role without grants on new tables  631ms
 ✓ apps/api/src/__tests__/trusted-replay-distributed-postgres.test.ts (2 tests) 1451ms
     ✓ rejects the same token on a second process and after restart  813ms
     ✓ fails closed when the replay store is unavailable  637ms
{"event":"worker.started","level":"info","timestamp":"2026-09-21T12:42:56.253Z","workerId":"worker-pg-continuous-192-a","concurrency":2,"pollIntervalMs":5,"idleMaxBackoffMs":5000,"errorBackoffMs":500,"errorMaxBackoffMs":30000,"leaseMs":1000,"heartbeatIntervalMs":333,"drainMs":5000,"backlogProbe":true,"sweeps":false,"externalEffects":false,"durable":true}
{"event":"worker.outbox.summary","level":"info","timestamp":"2026-09-21T12:42:56.254Z","workerId":"worker-pg-continuous-192-a","reason":"start","claimed":0,"processed":0,"failed":0,"deadLettered":0,"handoffs":0,"errors":0,"claimFailures":0,"leaseLost":0,"heartbeats":0,"idlePolls":0,"released":0,"lag":null,"inFlight":0}
{"event":"worker.metric","name":"worker_outbox_lag","value":0,"attributes":{"operation":"outbox"},"timestamp":"2026-09-21T12:42:56.277Z"}
{"event":"worker.idle_backoff","level":"debug","timestamp":"2026-09-21T12:42:56.277Z","workerId":"worker-pg-continuous-192-a","backoffMs":5,"lag":0}
{"event":"worker.idle_backoff","level":"debug","timestamp":"2026-09-21T12:42:56.284Z","workerId":"worker-pg-continuous-192-a","backoffMs":10,"lag":0}
{"event":"worker.metric","name":"worker_outbox_processed_total","value":1,"attributes":{"status":"processed"},"timestamp":"2026-09-21T12:42:56.291Z"}
{"event":"worker.outbox.processed","level":"info","timestamp":"2026-09-21T12:42:56.291Z","eventId":"outbox_7bf55f77-79a9-48b7-b026-c35ecf0ba66a","workerId":"worker-pg-continuous-192-a","status":"processed","attempt":1,"leaseLost":false,"operation":"outbox"}
{"event":"worker.idle_backoff","level":"debug","timestamp":"2026-09-21T12:42:56.299Z","workerId":"worker-pg-continuous-192-a","backoffMs":20,"lag":0}
{"event":"worker.outbox.summary","level":"info","timestamp":"2026-09-21T12:42:56.308Z","workerId":"worker-pg-continuous-192-a","reason":"stop","claimed":1,"processed":1,"failed":0,"deadLettered":0,"handoffs":0,"errors":0,"claimFailures":0,"leaseLost":0,"heartbeats":0,"idlePolls":3,"released":0,"lag":0,"inFlight":0}
{"event":"worker.stopped","level":"info","timestamp":"2026-09-21T12:42:56.308Z","workerId":"worker-pg-continuous-192-a","drained":true,"released":0,"releaseFailed":0,"processed":1,"failed":0,"deadLettered":0,"lag":0}
{"event":"worker.started","level":"info","timestamp":"2026-09-21T12:42:56.316Z","workerId":"worker-pg-continuous-192-b","concurrency":2,"pollIntervalMs":5,"idleMaxBackoffMs":5000,"errorBackoffMs":500,"errorMaxBackoffMs":30000,"leaseMs":1000,"heartbeatIntervalMs":333,"drainMs":5000,"backlogProbe":true,"sweeps":false,"externalEffects":false,"durable":true}
{"event":"worker.outbox.summary","level":"info","timestamp":"2026-09-21T12:42:56.316Z","workerId":"worker-pg-continuous-192-b","reason":"start","claimed":0,"processed":0,"failed":0,"deadLettered":0,"handoffs":0,"errors":0,"claimFailures":0,"leaseLost":0,"heartbeats":0,"idlePolls":0,"released":0,"lag":null,"inFlight":0}
{"event":"worker.metric","name":"worker_outbox_lag","value":0,"attributes":{"operation":"outbox"},"timestamp":"2026-09-21T12:42:56.338Z"}
{"event":"worker.metric","name":"worker_outbox_dead_lettered_total","value":1,"attributes":{"status":"dead_letter"},"timestamp":"2026-09-21T12:42:56.346Z"}
{"event":"worker.outbox.dead_letter","level":"info","timestamp":"2026-09-21T12:42:56.347Z","eventId":"outbox_e066824a-d4b3-4681-9f3c-4038c60697b9","workerId":"worker-pg-continuous-192-b","status":"dead_letter","attempt":1,"leaseLost":false,"error":"[redacted-outbox-error]","operation":"outbox"}
{"event":"worker.idle_backoff","level":"debug","timestamp":"2026-09-21T12:42:56.351Z","workerId":"worker-pg-continuous-192-b","backoffMs":5,"lag":0}
{"event":"worker.metric","name":"worker_outbox_processed_total","value":1,"attributes":{"status":"processed"},"timestamp":"2026-09-21T12:42:56.353Z"}
{"event":"worker.outbox.processed","level":"info","timestamp":"2026-09-21T12:42:56.353Z","eventId":"outbox_bef77699-dbbb-4ebd-8603-b0770991bcdf","workerId":"worker-pg-continuous-192-b","status":"processed","attempt":1,"leaseLost":false,"operation":"outbox"}
{"event":"worker.idle_backoff","level":"debug","timestamp":"2026-09-21T12:42:56.360Z","workerId":"worker-pg-continuous-192-b","backoffMs":10,"lag":0}
{"event":"worker.outbox.summary","level":"info","timestamp":"2026-09-21T12:42:56.370Z","workerId":"worker-pg-continuous-192-b","reason":"stop","claimed":2,"processed":1,"failed":0,"deadLettered":1,"handoffs":0,"errors":0,"claimFailures":0,"leaseLost":0,"heartbeats":0,"idlePolls":2,"released":0,"lag":0,"inFlight":0}
{"event":"worker.stopped","level":"info","timestamp":"2026-09-21T12:42:56.370Z","workerId":"worker-pg-continuous-192-b","drained":true,"released":0,"releaseFailed":0,"processed":1,"failed":0,"deadLettered":1,"lag":0}
{"event":"worker.started","level":"info","timestamp":"2026-09-21T12:42:57.217Z","workerId":"worker-pg-continuous-192-d","concurrency":2,"pollIntervalMs":5,"idleMaxBackoffMs":5000,"errorBackoffMs":500,"errorMaxBackoffMs":30000,"leaseMs":1000,"heartbeatIntervalMs":333,"drainMs":5000,"backlogProbe":true,"sweeps":false,"externalEffects":false,"durable":true}
{"event":"worker.outbox.summary","level":"info","timestamp":"2026-09-21T12:42:57.217Z","workerId":"worker-pg-continuous-192-d","reason":"start","claimed":0,"processed":0,"failed":0,"deadLettered":0,"handoffs":0,"errors":0,"claimFailures":0,"leaseLost":0,"heartbeats":0,"idlePolls":0,"released":0,"lag":null,"inFlight":0}
{"event":"worker.metric","name":"worker_outbox_lag","value":0,"attributes":{"operation":"outbox"},"timestamp":"2026-09-21T12:42:57.237Z"}
{"event":"worker.metric","name":"worker_outbox_processed_total","value":1,"attributes":{"status":"processed"},"timestamp":"2026-09-21T12:42:57.250Z"}
{"event":"worker.outbox.processed","level":"info","timestamp":"2026-09-21T12:42:57.250Z","eventId":"outbox_9c81632b-ae8d-44c2-91fe-75e982b46ab7","workerId":"worker-pg-continuous-192-d","status":"processed","attempt":1,"leaseLost":false,"operation":"outbox"}
{"event":"worker.metric","name":"worker_outbox_processed_total","value":1,"attributes":{"status":"processed"},"timestamp":"2026-09-21T12:42:57.252Z"}
{"event":"worker.outbox.processed","level":"info","timestamp":"2026-09-21T12:42:57.252Z","eventId":"outbox_6d78e450-d44a-4ca6-b5ab-9dfa57471847","workerId":"worker-pg-continuous-192-d","status":"processed","attempt":1,"leaseLost":false,"operation":"outbox"}
{"event":"worker.idle_backoff","level":"debug","timestamp":"2026-09-21T12:42:57.255Z","workerId":"worker-pg-continuous-192-d","backoffMs":5,"lag":0}
{"event":"worker.idle_backoff","level":"debug","timestamp":"2026-09-21T12:42:57.262Z","workerId":"worker-pg-continuous-192-d","backoffMs":10,"lag":0}
{"event":"worker.outbox.summary","level":"info","timestamp":"2026-09-21T12:42:57.268Z","workerId":"worker-pg-continuous-192-d","reason":"stop","claimed":2,"processed":2,"failed":0,"deadLettered":0,"handoffs":0,"errors":0,"claimFailures":0,"leaseLost":0,"heartbeats":0,"idlePolls":2,"released":0,"lag":0,"inFlight":0}
{"event":"worker.stopped","level":"info","timestamp":"2026-09-21T12:42:57.268Z","workerId":"worker-pg-continuous-192-d","drained":true,"released":0,"releaseFailed":0,"processed":2,"failed":0,"deadLettered":0,"lag":0}
{"event":"worker.started","level":"info","timestamp":"2026-09-21T12:42:57.271Z","workerId":"worker-pg-continuous-192-e","concurrency":1,"pollIntervalMs":5,"idleMaxBackoffMs":5000,"errorBackoffMs":500,"errorMaxBackoffMs":30000,"leaseMs":1000,"heartbeatIntervalMs":333,"drainMs":5000,"backlogProbe":true,"sweeps":false,"externalEffects":false,"durable":true}
{"event":"worker.outbox.summary","level":"info","timestamp":"2026-09-21T12:42:57.271Z","workerId":"worker-pg-continuous-192-e","reason":"start","claimed":0,"processed":0,"failed":0,"deadLettered":0,"handoffs":0,"errors":0,"claimFailures":0,"leaseLost":0,"heartbeats":0,"idlePolls":0,"released":0,"lag":null,"inFlight":0}
{"event":"worker.metric","name":"worker_outbox_lag","value":0,"attributes":{"operation":"outbox"},"timestamp":"2026-09-21T12:42:57.286Z"}
{"event":"worker.shutdown_release","level":"warn","timestamp":"2026-09-21T12:42:57.328Z","eventId":"outbox_d404582a-7efc-49c6-b000-6472dd5d9658","workerId":"worker-pg-continuous-192-e","operation":"outbox"}
{"event":"worker.metric","name":"worker_outbox_shutdown_releases_total","value":1,"attributes":{"outcome":"released"},"timestamp":"2026-09-21T12:42:57.328Z"}
{"event":"worker.outbox.summary","level":"info","timestamp":"2026-09-21T12:42:57.328Z","workerId":"worker-pg-continuous-192-e","reason":"stop","claimed":1,"processed":0,"failed":0,"deadLettered":0,"handoffs":0,"errors":0,"claimFailures":0,"leaseLost":0,"heartbeats":0,"idlePolls":0,"released":1,"lag":0,"inFlight":1}
{"event":"worker.stopped","level":"info","timestamp":"2026-09-21T12:42:57.328Z","workerId":"worker-pg-continuous-192-e","drained":false,"released":1,"releaseFailed":0,"processed":0,"failed":0,"deadLettered":0,"lag":0}
{"event":"worker.event_error","level":"error","timestamp":"2026-09-21T12:42:57.332Z","eventId":"outbox_d404582a-7efc-49c6-b000-6472dd5d9658","workerId":"worker-pg-continuous-192-e","attempt":1,"error":"outbox_error:conflict","operation":"outbox"}
{"event":"worker.metric","name":"worker_outbox_errors_total","value":1,"attributes":{"outcome":"error"},"timestamp":"2026-09-21T12:42:57.332Z"}
{"event":"worker.started","level":"info","timestamp":"2026-09-21T12:42:57.335Z","workerId":"worker-pg-continuous-192-f","concurrency":2,"pollIntervalMs":5,"idleMaxBackoffMs":5000,"errorBackoffMs":500,"errorMaxBackoffMs":30000,"leaseMs":1000,"heartbeatIntervalMs":333,"drainMs":5000,"backlogProbe":true,"sweeps":false,"externalEffects":false,"durable":true}
{"event":"worker.outbox.summary","level":"info","timestamp":"2026-09-21T12:42:57.335Z","workerId":"worker-pg-continuous-192-f","reason":"start","claimed":0,"processed":0,"failed":0,"deadLettered":0,"handoffs":0,"errors":0,"claimFailures":0,"leaseLost":0,"heartbeats":0,"idlePolls":0,"released":0,"lag":null,"inFlight":0}
{"event":"worker.metric","name":"worker_outbox_lag","value":0,"attributes":{"operation":"outbox"},"timestamp":"2026-09-21T12:42:57.349Z"}
{"event":"worker.idle_backoff","level":"debug","timestamp":"2026-09-21T12:42:57.349Z","workerId":"worker-pg-continuous-192-f","backoffMs":5,"lag":0}
{"event":"worker.idle_backoff","level":"debug","timestamp":"2026-09-21T12:42:57.356Z","workerId":"worker-pg-continuous-192-f","backoffMs":10,"lag":0}
{"event":"worker.idle_backoff","level":"debug","timestamp":"2026-09-21T12:42:57.368Z","workerId":"worker-pg-continuous-192-f","backoffMs":20,"lag":0}
{"event":"worker.idle_backoff","level":"debug","timestamp":"2026-09-21T12:42:57.390Z","workerId":"worker-pg-continuous-192-f","backoffMs":40,"lag":0}
{"event":"worker.idle_backoff","level":"debug","timestamp":"2026-09-21T12:42:57.433Z","workerId":"worker-pg-continuous-192-f","backoffMs":80,"lag":0}
{"event":"worker.idle_backoff","level":"debug","timestamp":"2026-09-21T12:42:57.515Z","workerId":"worker-pg-continuous-192-f","backoffMs":160,"lag":0}
{"event":"worker.idle_backoff","level":"debug","timestamp":"2026-09-21T12:42:57.677Z","workerId":"worker-pg-continuous-192-f","backoffMs":320,"lag":0}
{"event":"worker.idle_backoff","level":"debug","timestamp":"2026-09-21T12:42:58.000Z","workerId":"worker-pg-continuous-192-f","backoffMs":640,"lag":0}
{"event":"worker.outbox.summary","level":"info","timestamp":"2026-09-21T12:42:58.335Z","workerId":"worker-pg-continuous-192-f","reason":"interval","claimed":0,"processed":0,"failed":0,"deadLettered":0,"handoffs":0,"errors":0,"claimFailures":0,"leaseLost":0,"heartbeats":0,"idlePolls":8,"released":0,"lag":0,"inFlight":0}
{"event":"worker.metric","name":"worker_outbox_lag","value":0,"attributes":{"operation":"outbox"},"timestamp":"2026-09-21T12:42:58.649Z"}
{"event":"worker.idle_backoff","level":"debug","timestamp":"2026-09-21T12:42:58.649Z","workerId":"worker-pg-continuous-192-f","backoffMs":5,"lag":0}
{"event":"worker.idle_backoff","level":"debug","timestamp":"2026-09-21T12:42:58.657Z","workerId":"worker-pg-continuous-192-f","backoffMs":10,"lag":0}
{"event":"worker.metric","name":"worker_outbox_processed_total","value":1,"attributes":{"status":"processed"},"timestamp":"2026-09-21T12:42:58.663Z"}
{"event":"worker.outbox.processed","level":"info","timestamp":"2026-09-21T12:42:58.663Z","eventId":"outbox_d404582a-7efc-49c6-b000-6472dd5d9658","workerId":"worker-pg-continuous-192-f","status":"processed","attempt":2,"leaseLost":false,"operation":"outbox"}
{"event":"worker.idle_backoff","level":"debug","timestamp":"2026-09-21T12:42:58.670Z","workerId":"worker-pg-continuous-192-f","backoffMs":20,"lag":0}
{"event":"worker.outbox.summary","level":"info","timestamp":"2026-09-21T12:42:58.670Z","workerId":"worker-pg-continuous-192-f","reason":"stop","claimed":1,"processed":1,"failed":0,"deadLettered":0,"handoffs":0,"errors":0,"claimFailures":0,"leaseLost":0,"heartbeats":0,"idlePolls":11,"released":0,"lag":0,"inFlight":0}
{"event":"worker.stopped","level":"info","timestamp":"2026-09-21T12:42:58.670Z","workerId":"worker-pg-continuous-192-f","drained":true,"released":0,"releaseFailed":0,"processed":1,"failed":0,"deadLettered":0,"lag":0}
 ✓ apps/worker/src/__tests__/continuous-worker-postgres.integration.test.ts (2 tests) 3104ms
     ✓ consumes events across a simulated restart and dead-letters a poison event  800ms
     ✓ observes queue lag, completes in-flight work on shutdown and releases bounded leases  2302ms
 ✓ apps/worker/src/__tests__/operational-harness-capability-postgres.integration.test.ts (4 tests) 2828ms
     ✓ replays a confirmed capability effect after a fresh pool/composition and isolates tenants  707ms
     ✓ persists an uncertain capability effect and rejects retry after fresh composition  678ms
     ✓ executes the capability through the durable PostgreSQL worker path for isolated tenants  692ms
     ✓ recovers a durable approval and executes the capability after fresh worker composition  748ms
 ✓ apps/worker/src/__tests__/operational-harness-homolog.integration.test.ts (3 tests) 6866ms
     ✓ reclaims a SIGKILLed claim in a second process with one terminal outcome  3697ms
     ✓ refuses to start without arming, database or outside homolog scope  942ms
     ✓ drains cleanly on SIGTERM with no work pending  2225ms
 ✓ apps/worker/src/__tests__/operational-harness-iterative-postgres.integration.test.ts (1 test) 930ms
     ✓ persists steps/checkpoints, isolates tenants, and resumes WAITING_USER on a fresh pool  929ms
 ✓ apps/worker/src/__tests__/operational-harness-process-restart.integration.test.ts (1 test) 1625ms
     ✓ reclaims a child-process claim after fault and completes with competing worker authority  1624ms
 ✓ apps/worker/src/__tests__/operational-harness-synthetic-effect-postgres.integration.test.ts (1 test) 827ms
     ✓ persists HTTP acceptance, one journaled synthetic effect, replay, and status  826ms
 ✓ apps/worker/src/__tests__/postgres-role-preflight.test.ts (13 tests) 1002ms
 ✓ packages/chaos/src/__tests__/chaos-postgres.test.ts (2 tests) 60ms
 ✓ packages/persistence/src/__tests__/attendance-approval-postgres.test.ts (1 test) 670ms
     ✓ forces two connections past the same pending read and rolls back failed audit  668ms
 ✓ packages/persistence/src/__tests__/outbox-content-binding-postgres.test.ts (3 tests) 1932ms
     ✓ returns the same record for an identical replay across instances  644ms
     ✓ rejects divergent type/payload/version without mutating the winner  649ms
     ✓ lets one concurrent divergent writer win and rejects the other  637ms
 ✓ packages/persistence/src/__tests__/platform-approval-postgres.test.ts (2 tests) 1463ms
     ✓ persists bindings and consumes approvals atomically exactly once  809ms
     ✓ enforces tenant visibility for the durable approval table under FORCE RLS  652ms
 ✓ packages/persistence/src/__tests__/platform-postgres-smoke.test.ts (5 tests) 3206ms
     ✓ persists an immutable published version and a tenant-scoped trace  673ms
     ✓ persists versioned suites and redacted A/B run metadata under tenant RLS  644ms
     ✓ persists tenant-scoped plugin metadata with immutable identity and guarded status  627ms
     ✓ persists tenant-scoped knowledge source metadata without content or lifecycle bypass  625ms
     ✓ persists a validated release-candidate evidence ledger without mutating the version  635ms
 ✓ packages/persistence/src/__tests__/runtime-approval-store-postgres.test.ts (11 tests) 1483ms
     ✓ applies 0015 additively over 0014 with the checksum guard  657ms

 Test Files  35 passed (35)
      Tests  253 passed (253)
   Start at  09:42:06
   Duration  85.44s (transform 1.18s, setup 0ms, import 7.87s, tests 55.45s, environment 18.39s)

JSON report written to /home/ricardo/Área de trabalho/cvg-operational-harness/certification/postgres-test-report.json
