
 RUN  v4.1.11 /tmp/opencode/aaa12-mutation/work-M06

 ❯ packages/channel-gateway/src/__tests__/channel-effect-malformed-version.test.ts (6 tests | 1 failed) 218ms
     × memory and file agree on invalid input and valid version transitions 7ms
 ❯ packages/channel-gateway/src/__tests__/channel-effect-journal-edges.test.ts (9 tests | 1 failed) 87ms
     × reports operation_in_progress when another worker does not finish in time 8ms
 ❯ packages/channel-gateway/src/__tests__/channel-coverage-gateway-journal-paths.test.ts (16 tests | 1 failed) 82ms
     × turns an expired SENDING lease into UNCERTAIN and allows safe takeover 6ms
 ❯ packages/channel-gateway/src/__tests__/channel-coverage-journal-hardening.test.ts (12 tests | 1 failed) 81ms
     × reports conflicts, uncertain reserves and in-flight leases 5ms
 ❯ packages/channel-gateway/src/__tests__/channel-effect-journal.test.ts (11 tests | 2 failed) 75ms
     × 1. two simultaneous dispatches with the same key produce one send 9ms
     × 8. the same key with a different payload is rejected as a conflict 7ms
 ❯ packages/channel-gateway/src/__tests__/channel-effect-hash-version.test.ts (9 tests | 1 failed) 40ms
     × rejects an unknown requested version without creating a record 6ms
 ❯ packages/channel-gateway/src/__tests__/channel-gateway.test.ts (14 tests | 1 failed) 32ms
     × sends once and journals the effect so retries never duplicate it 9ms
 ❯ packages/channel-gateway/src/__tests__/channel-effect-race.test.ts (2 tests | 2 failed) 15ms
     × Promise.all of two identical dispatches produces exactly one provider send 7ms
     × rejects a reused idempotency key carrying a different payload 6ms

 Test Files  8 failed | 3 passed (11)
      Tests  10 failed | 96 passed (106)
     Errors  1 error
   Start at  21:14:04
   Duration  10.28s (transform 260ms, setup 0ms, import 1.28s, tests 722ms, environment 6.88s)


⎯⎯⎯⎯⎯⎯ Failed Tests 10 ⎯⎯⎯⎯⎯⎯⎯

 FAIL  packages/channel-gateway/src/__tests__/channel-coverage-gateway-journal-paths.test.ts > in-memory journal unsafe-crash and takeover paths > turns an expired SENDING lease into UNCERTAIN and allows safe takeover
AssertionError: expected 'reserved' to be 'uncertain' // Object.is equality

Expected: "uncertain"
Received: "reserved"

 ❯ packages/channel-gateway/src/__tests__/channel-coverage-gateway-journal-paths.test.ts:286:7
    284|     expect(
    285|       (await journal.reserve({ ...input, leaseOwner: 'owner-b' })).out…
    286|     ).toBe('uncertain')
       |       ^
    287|     expect((await journal.find(identity))?.state).toBe('UNCERTAIN')
    288|

⎯⎯⎯⎯⎯⎯⎯⎯⎯⎯⎯⎯⎯⎯⎯⎯⎯⎯⎯⎯⎯⎯⎯[1/10]⎯

 FAIL  packages/channel-gateway/src/__tests__/channel-coverage-journal-hardening.test.ts > in-memory journal hardening > reports conflicts, uncertain reserves and in-flight leases
AssertionError: expected 'reserved' to be 'conflict' // Object.is equality

Expected: "conflict"
Received: "reserved"

 ❯ packages/channel-gateway/src/__tests__/channel-coverage-journal-hardening.test.ts:257:7
    255|         })
    256|       ).outcome
    257|     ).toBe('conflict')
       |       ^
    258|     expect(
    259|       (await journal.reserve({ ...base, leaseOwner: 'owner-b' })).outc…

⎯⎯⎯⎯⎯⎯⎯⎯⎯⎯⎯⎯⎯⎯⎯⎯⎯⎯⎯⎯⎯⎯⎯[2/10]⎯

 FAIL  packages/channel-gateway/src/__tests__/channel-effect-hash-version.test.ts > AAA-12 hash canonicalization and versioning > rejects an unknown requested version without creating a record
AssertionError: expected 'reserved' to be 'version_mismatch' // Object.is equality

Expected: "version_mismatch"
Received: "reserved"

 ❯ packages/channel-gateway/src/__tests__/channel-effect-hash-version.test.ts:333:29
    331|       leaseMs: 1_000
    332|     })
    333|     expect(outcome.outcome).toBe('version_mismatch')
       |                             ^
    334|     expect(await journal.find(identity)).toBeUndefined()
    335|   })

⎯⎯⎯⎯⎯⎯⎯⎯⎯⎯⎯⎯⎯⎯⎯⎯⎯⎯⎯⎯⎯⎯⎯[3/10]⎯

 FAIL  packages/channel-gateway/src/__tests__/channel-effect-journal-edges.test.ts > channel effect journal edges > reports operation_in_progress when another worker does not finish in time
AssertionError: promise resolved "{ externalId: 'edge_result', …(3) }" instead of rejecting

- Expected
+ Received

- Error {
-   "message": "rejected promise",
+ {
+   "accepted": true,
+   "channel": "whatsapp",
+   "externalId": "edge_result",
+   "sentAt": "2026-09-12T12:00:00.000Z",
  }

 ❯ packages/channel-gateway/src/__tests__/channel-effect-journal-edges.test.ts:310:6
    308|     await expect(
    309|       gatewayB.dispatch(parsed, { takeoverActive: false })
    310|     ).rejects.toMatchObject({ code: 'operation_in_progress', retryable…
       |      ^
    311|     releaseGate()
    312|     const finished = await stalled

⎯⎯⎯⎯⎯⎯⎯⎯⎯⎯⎯⎯⎯⎯⎯⎯⎯⎯⎯⎯⎯⎯⎯[4/10]⎯

 FAIL  packages/channel-gateway/src/__tests__/channel-effect-journal.test.ts > channel effect journal contract > 1. two simultaneous dispatches with the same key produce one send
ChannelError: Channel operation lease was lost before the send started
 ❯ ChannelGateway.dispatch packages/channel-gateway/src/gateway.ts:260:13
    258|       await this.#effects.claimSend(identity, leaseOwner)
    259|     } catch {
    260|       throw new ChannelError(
       |             ^
    261|         'lease_lost',
    262|         'Channel operation lease was lost before the send started',
 ❯ packages/channel-gateway/src/__tests__/channel-effect-journal.test.ts:115:29

⎯⎯⎯⎯⎯⎯⎯⎯⎯⎯⎯⎯⎯⎯⎯⎯⎯⎯⎯⎯⎯⎯⎯[5/10]⎯

 FAIL  packages/channel-gateway/src/__tests__/channel-effect-journal.test.ts > channel effect journal contract > 8. the same key with a different payload is rejected as a conflict
AssertionError: promise resolved "{ …(4) }" instead of rejecting

- Expected
+ Received

- Error {
-   "message": "rejected promise",
+ {
+   "accepted": true,
+   "channel": "whatsapp",
+   "externalId": "scripted_msg_journal_1",
+   "sentAt": "2026-09-12T12:00:00.000Z",
  }

 ❯ packages/channel-gateway/src/__tests__/channel-effect-journal.test.ts:334:6
    332|         { takeoverActive: false }
    333|       )
    334|     ).rejects.toMatchObject({ code: 'idempotency_key_reuse', retryable…
       |      ^
    335|     expect(adapter.sent).toHaveLength(1)
    336|   })

⎯⎯⎯⎯⎯⎯⎯⎯⎯⎯⎯⎯⎯⎯⎯⎯⎯⎯⎯⎯⎯⎯⎯[6/10]⎯

 FAIL  packages/channel-gateway/src/__tests__/channel-effect-malformed-version.test.ts > AAA12-C4-F01 missing vs malformed hashVersion > memory and file agree on invalid input and valid version transitions
AssertionError: expected 'reserved' to be 'version_mismatch' // Object.is equality

Expected: "version_mismatch"
Received: "reserved"

 ❯ packages/channel-gateway/src/__tests__/channel-effect-malformed-version.test.ts:419:37
    417|         leaseMs: 10_000
    418|       })
    419|       expect(memoryOutcome.outcome).toBe('version_mismatch')
       |                                     ^
    420|       expect(await memory.find(identity)).toBeUndefined()
    421|

⎯⎯⎯⎯⎯⎯⎯⎯⎯⎯⎯⎯⎯⎯⎯⎯⎯⎯⎯⎯⎯⎯⎯[7/10]⎯

 FAIL  packages/channel-gateway/src/__tests__/channel-effect-race.test.ts > AUD-20260912-F04 regression: concurrent outbound dispatch > Promise.all of two identical dispatches produces exactly one provider send
ChannelError: Channel operation lease was lost before the send started
 ❯ ChannelGateway.dispatch packages/channel-gateway/src/gateway.ts:260:13
    258|       await this.#effects.claimSend(identity, leaseOwner)
    259|     } catch {
    260|       throw new ChannelError(
       |             ^
    261|         'lease_lost',
    262|         'Channel operation lease was lost before the send started',
 ❯ packages/channel-gateway/src/__tests__/channel-effect-race.test.ts:33:29

⎯⎯⎯⎯⎯⎯⎯⎯⎯⎯⎯⎯⎯⎯⎯⎯⎯⎯⎯⎯⎯⎯⎯[8/10]⎯

 FAIL  packages/channel-gateway/src/__tests__/channel-effect-race.test.ts > AUD-20260912-F04 regression: concurrent outbound dispatch > rejects a reused idempotency key carrying a different payload
AssertionError: promise resolved "{ externalId: 'fake_msg_race_1', …(3) }" instead of rejecting

- Expected
+ Received

- Error {
-   "message": "rejected promise",
+ {
+   "accepted": true,
+   "channel": "whatsapp",
+   "externalId": "fake_msg_race_1",
+   "sentAt": "2026-09-12T12:00:00.000Z",
  }

 ❯ packages/channel-gateway/src/__tests__/channel-effect-race.test.ts:52:6
     50|         { takeoverActive: false }
     51|       )
     52|     ).rejects.toMatchObject({ code: 'idempotency_key_reuse' })
       |      ^
     53|     expect(adapter.sent).toHaveLength(1)
     54|   })

⎯⎯⎯⎯⎯⎯⎯⎯⎯⎯⎯⎯⎯⎯⎯⎯⎯⎯⎯⎯⎯⎯⎯[9/10]⎯

 FAIL  packages/channel-gateway/src/__tests__/channel-gateway.test.ts > channel gateway outbound > sends once and journals the effect so retries never duplicate it
AssertionError: expected [ …(2) ] to have a length of 1 but got 2

- Expected
+ Received

- 1
+ 2

 ❯ packages/channel-gateway/src/__tests__/channel-gateway.test.ts:124:26
    122|     const first = await gateway.dispatch(outbound(), { takeoverActive:…
    123|     const second = await gateway.dispatch(outbound(), { takeoverActive…
    124|     expect(adapter.sent).toHaveLength(1)
       |                          ^
    125|     expect(second).toEqual(first)
    126|   })

⎯⎯⎯⎯⎯⎯⎯⎯⎯⎯⎯⎯⎯⎯⎯⎯⎯⎯⎯⎯⎯⎯[10/10]⎯

⎯⎯⎯⎯⎯⎯ Unhandled Errors ⎯⎯⎯⎯⎯⎯

Vitest caught 1 unhandled error during the test run.
This might cause false positive tests. Resolve unhandled errors to make sure your tests are not affected.

⎯⎯⎯⎯ Unhandled Rejection ⎯⎯⎯⎯⎯
ChannelError: Channel operation lease was lost before the send started
 ❯ ChannelGateway.dispatch packages/channel-gateway/src/gateway.ts:260:13
    258|       await this.#effects.claimSend(identity, leaseOwner)
    259|     } catch {
    260|       throw new ChannelError(
       |             ^
    261|         'lease_lost',
    262|         'Channel operation lease was lost before the send started',

⎯⎯⎯⎯⎯⎯⎯⎯⎯⎯⎯⎯⎯⎯⎯⎯⎯⎯⎯⎯⎯⎯⎯⎯⎯⎯⎯⎯⎯⎯
Serialized Error: { code: 'lease_lost', retryable: true, effectUnknown: false }
This error originated in "packages/channel-gateway/src/__tests__/channel-effect-journal-edges.test.ts" test file. It doesn't mean the error was thrown inside the file itself, but while it was running.
⎯⎯⎯⎯⎯⎯⎯⎯⎯⎯⎯⎯⎯⎯⎯⎯⎯⎯⎯⎯⎯⎯⎯⎯⎯⎯⎯⎯⎯⎯

