
 RUN  v4.1.11 /tmp/opencode/aaa12-mutation/work-M05

 ❯ packages/channel-gateway/src/__tests__/channel-coverage-gateway-journal-paths.test.ts (15 tests | 1 failed) 79ms
     × detects a payload conflict on the file adapter without rewriting bytes 10ms

 Test Files  1 failed | 10 passed (11)
      Tests  1 failed | 104 passed (105)
   Start at  21:07:06
   Duration  11.66s (transform 303ms, setup 0ms, import 1.45s, tests 811ms, environment 7.79s)


⎯⎯⎯⎯⎯⎯⎯ Failed Tests 1 ⎯⎯⎯⎯⎯⎯⎯

 FAIL  packages/channel-gateway/src/__tests__/channel-coverage-gateway-journal-paths.test.ts > file journal crash-write and storage-failure paths > detects a payload conflict on the file adapter without rewriting bytes
AssertionError: expected 'replay' to be 'conflict' // Object.is equality

Expected: "conflict"
Received: "replay"

 ❯ packages/channel-gateway/src/__tests__/channel-coverage-gateway-journal-paths.test.ts:335:30
    333|       leaseMs: 10_000
    334|     })
    335|     expect(conflict.outcome).toBe('conflict')
       |                              ^
    336|     expect(await readFile(recordPath(directory, identity), 'utf8')).to…
    337|   })

⎯⎯⎯⎯⎯⎯⎯⎯⎯⎯⎯⎯⎯⎯⎯⎯⎯⎯⎯⎯⎯⎯⎯⎯[1/1]⎯

