$ npx vitest run --reporter=verbose apps/worker/src/__tests__/continuous-worker.test.ts apps/worker/src/__tests__/postgres-controlled-hardening.test.ts
 ✓ apps/worker/src/__tests__/continuous-worker.test.ts > AAA-19 continuous worker startup fail-closed > fails closed without an explicit queue adapter 2ms
 ✓ apps/worker/src/__tests__/continuous-worker.test.ts > AAA-19 continuous worker startup fail-closed > fails closed when continuous mode has no database URL 0ms
 ✓ apps/worker/src/__tests__/continuous-worker.test.ts > AAA-19 continuous worker startup fail-closed > rejects continuous mode on a non-durable in-memory adapter 0ms
 ✓ apps/worker/src/__tests__/continuous-worker.test.ts > AAA-19 continuous worker startup fail-closed > fails closed for each missing continuous configuration dimension 2ms
 ✓ apps/worker/src/__tests__/continuous-worker.test.ts > AAA-19 continuous worker startup fail-closed > rejects unsupported run modes and invalid continuous settings 1ms
 ✓ apps/worker/src/__tests__/continuous-worker.test.ts > AAA-19 continuous worker startup fail-closed > exits non-zero when the real entrypoint starts without required config 490ms
 ✓ apps/worker/src/__tests__/continuous-worker.test.ts > AAA-19 continuous worker settings > parses defaults and rejects invalid values explicitly 1ms
 ✓ apps/worker/src/__tests__/continuous-worker.test.ts > AAA-19 continuous worker settings > rejects invalid in-process worker options before starting 1ms
 ✓ apps/worker/src/__tests__/continuous-worker.test.ts > AAA-19 continuous worker consumption > consumes the queue with bounded concurrency and counters 73ms
 ✓ apps/worker/src/__tests__/continuous-worker.test.ts > AAA-19 continuous worker consumption > consumes events enqueued before and after a simulated restart 13ms
 ✓ apps/worker/src/__tests__/continuous-worker.test.ts > AAA-19 continuous worker consumption > backs off while idle and keeps supervising the queue 17ms
 ✓ apps/worker/src/__tests__/continuous-worker.test.ts > AAA-19 continuous worker consumption > retries handler failures through the outbox backoff and counts them 11ms
 ✓ apps/worker/src/__tests__/continuous-worker.test.ts > AAA-19 continuous worker consumption > dead-letters a poison event without blocking the queue 12ms
 ✓ apps/worker/src/__tests__/continuous-worker.test.ts > AAA-19 continuous worker consumption > dead-letters a failing event and consumes it after an operator requeue 14ms
 ✓ apps/worker/src/__tests__/continuous-worker.test.ts > AAA-19 continuous worker consumption > observes queue lag while a handler is in flight 18ms
 ✓ apps/worker/src/__tests__/continuous-worker.test.ts > AAA-19 continuous worker consumption > keeps payload content out of structured logs 7ms
 ✓ apps/worker/src/__tests__/continuous-worker.test.ts > AAA-19 continuous worker shutdown and lease safety > finishes an in-flight handler on SIGTERM without losing or duplicating the effect 27ms
 ✓ apps/worker/src/__tests__/continuous-worker.test.ts > AAA-19 continuous worker shutdown and lease safety > releases the lease on a bounded SIGTERM and a later worker retries safely 68ms
 ✓ apps/worker/src/__tests__/continuous-worker.test.ts > AAA-19 continuous worker shutdown and lease safety > renews the lease through the adapter heartbeat seam when available 17ms
 ✓ apps/worker/src/__tests__/continuous-worker.test.ts > AAA-19 continuous worker shutdown and lease safety > prefers an explicit outboxBacklog probe when the adapter exposes one 6ms
 ✓ apps/worker/src/__tests__/continuous-worker.test.ts > AAA-19 continuous worker shutdown and lease safety > backs off and recovers when the claim boundary fails 17ms
 ✓ apps/worker/src/__tests__/continuous-worker.test.ts > AAA-19 continuous worker shutdown and lease safety > hands off to a human when takeover is active and never runs the handler 7ms
 ✓ apps/worker/src/__tests__/continuous-worker.test.ts > AAA-19 continuous worker shutdown and lease safety > heartbeats the claimed lease while the handler runs 17ms
 ✓ apps/worker/src/__tests__/continuous-worker.test.ts > AAA-19 continuous worker shutdown and lease safety > detects a lost lease and fails closed instead of committing the effect 12ms
 ✓ apps/worker/src/__tests__/continuous-worker.test.ts > AAA-19 continuous worker shutdown and lease safety > is idempotent on stop and refuses to restart after stopping 2ms
 ✓ apps/worker/src/__tests__/postgres-controlled-hardening.test.ts > controlled PostgreSQL worker environment gates > rejects missing, unsafe or unguarded environment configurations 3ms
 ✓ apps/worker/src/__tests__/postgres-controlled-hardening.test.ts > controlled PostgreSQL worker environment gates > builds the default schema-less worker without external effects 1ms
 ✓ apps/worker/src/__tests__/postgres-controlled-hardening.test.ts > controlled PostgreSQL worker environment gates > parses bounded drain limits and noop handlers 1ms
 ✓ apps/worker/src/__tests__/postgres-controlled-hardening.test.ts > controlled PostgreSQL worker environment gates > suppresses outbound without touching any injected port 1ms
 ✓ apps/worker/src/__tests__/postgres-controlled-hardening.test.ts > controlled PostgreSQL worker environment gates > rejects malformed configured agent ids and accepts the fallback variable 1ms
 ✓ apps/worker/src/__tests__/postgres-controlled-hardening.test.ts > controlled PostgreSQL inbound handler paths > runs the pinned session version, redacts history and never rebinds 57ms
 ✓ apps/worker/src/__tests__/postgres-controlled-hardening.test.ts > controlled PostgreSQL inbound handler paths > fails closed when mapping, published version or session binding are unavailable 2ms
 ✓ apps/worker/src/__tests__/postgres-controlled-hardening.test.ts > controlled PostgreSQL inbound handler paths > marks the inbound message completed when the pinned runtime cannot execute 13ms
 Test Files  2 passed (2)
      Tests  33 passed (33)
exit=0
