COMMAND ["/home/ricardo/.nvm/versions/node/v22.23.2/bin/node", "node_modules/vitest/vitest.mjs", "run", "products/shift-assistant/src/__tests__/source-validator-regressions.test.ts", "products/shift-assistant/src/__tests__/source-oracles.test.ts", "--no-file-parallelism", "--maxWorkers=1"]

 RUN  v4.1.11 /home/ricardo/.cache/cvg-harness-audit-actions-20261003/product-verification

 ❯ products/shift-assistant/src/__tests__/source-validator-regressions.test.ts (46 tests | 17 failed) 36ms
     × F01 rejects bed 2 borrowed from ID 2 in leito 1, ID 2 10ms
     × F02 rejects full unit suffix loss mg/kg to mg 2ms
     × rejects scalar bed substring 2-3 to 2 1ms
     × rejects prefix/suffix/negation/conversion dose 1 mg/kg/h -> dose 1 mg/kg 1ms
     × rejects prefix/suffix/negation/conversion volume 1 mL/kg/h -> volume 1 mL 1ms
     × rejects prefix/suffix/negation/conversion dose 1 miligramas por quilograma -> dose 1 miligramas 1ms
     × rejects prefix/suffix/negation/conversion glicemia 92 mg/dL -> glicemia 92 mg 1ms
     × rejects prefix/suffix/negation/conversion não alerta -> alerta 1ms
     × rejects prefix/suffix/negation/conversion alerta, não estável -> alerta 1ms
     × rejects prefix/suffix/negation/conversion dose 1 mg; não repetir -> dose 1 mg 1ms
     × rejects prefix/suffix/negation/conversion dose 1 mg e dose 2 mg -> dose 2 mg 0ms
     × rejects prefix/suffix/negation/conversion observar por quinze horas -> observar por 15:00 1ms
     × rejects truncated literal quote hiding full unit or negation outside the quote 1ms
     × accepts complete array items, rejects partial and negated items 1ms
     × rejects negation lost in task descriptions, accepts exact task plus finite time 1ms
     × does not borrow a clock from another field in a broad quote 0ms
     × real reducer recomputes F01/F02 and rejects falsely empty issues 3ms

⎯⎯⎯⎯⎯⎯ Failed Tests 17 ⎯⎯⎯⎯⎯⎯⎯

 FAIL  products/shift-assistant/src/__tests__/source-validator-regressions.test.ts > R1 source validator runtime regressions > F01 rejects bed 2 borrowed from ID 2 in leito 1, ID 2
AssertionError: expected false to be true // Object.is equality

- Expected
+ Received

- true
+ false

 ❯ blocked products/shift-assistant/src/__tests__/source-validator-regressions.test.ts:32:82
     30| function blocked(raw: string, response: OrganizedV2, field: string) {
     31|   const result = check(raw, response)
     32|   expect(result.issues.some(i => i.path === field && i.severity === 'b…
       |                                                                                  ^
     33|   return result
     34| }
 ❯ products/shift-assistant/src/__tests__/source-validator-regressions.test.ts:52:5

⎯⎯⎯⎯⎯⎯⎯⎯⎯⎯⎯⎯⎯⎯⎯⎯⎯⎯⎯⎯⎯⎯⎯[1/17]⎯

 FAIL  products/shift-assistant/src/__tests__/source-validator-regressions.test.ts > R1 source validator runtime regressions > F02 rejects full unit suffix loss mg/kg to mg
AssertionError: expected false to be true // Object.is equality

- Expected
+ Received

- true
+ false

 ❯ blocked products/shift-assistant/src/__tests__/source-validator-regressions.test.ts:32:82
     30| function blocked(raw: string, response: OrganizedV2, field: string) {
     31|   const result = check(raw, response)
     32|   expect(result.issues.some(i => i.path === field && i.severity === 'b…
       |                                                                                  ^
     33|   return result
     34| }
 ❯ products/shift-assistant/src/__tests__/source-validator-regressions.test.ts:56:5

⎯⎯⎯⎯⎯⎯⎯⎯⎯⎯⎯⎯⎯⎯⎯⎯⎯⎯⎯⎯⎯⎯⎯[2/17]⎯

 FAIL  products/shift-assistant/src/__tests__/source-validator-regressions.test.ts > R1 source validator runtime regressions > rejects scalar bed substring 2-3 to 2
AssertionError: expected false to be true // Object.is equality

- Expected
+ Received

- true
+ false

 ❯ blocked products/shift-assistant/src/__tests__/source-validator-regressions.test.ts:32:82
     30| function blocked(raw: string, response: OrganizedV2, field: string) {
     31|   const result = check(raw, response)
     32|   expect(result.issues.some(i => i.path === field && i.severity === 'b…
       |                                                                                  ^
     33|   return result
     34| }
 ❯ products/shift-assistant/src/__tests__/source-validator-regressions.test.ts:60:5

⎯⎯⎯⎯⎯⎯⎯⎯⎯⎯⎯⎯⎯⎯⎯⎯⎯⎯⎯⎯⎯⎯⎯[3/17]⎯

 FAIL  products/shift-assistant/src/__tests__/source-validator-regressions.test.ts > R1 source validator runtime regressions > rejects prefix/suffix/negation/conversion dose 1 mg/kg/h -> dose 1 mg/kg
 FAIL  products/shift-assistant/src/__tests__/source-validator-regressions.test.ts > R1 source validator runtime regressions > rejects prefix/suffix/negation/conversion volume 1 mL/kg/h -> volume 1 mL
 FAIL  products/shift-assistant/src/__tests__/source-validator-regressions.test.ts > R1 source validator runtime regressions > rejects prefix/suffix/negation/conversion dose 1 miligramas por quilograma -> dose 1 miligramas
 FAIL  products/shift-assistant/src/__tests__/source-validator-regressions.test.ts > R1 source validator runtime regressions > rejects prefix/suffix/negation/conversion glicemia 92 mg/dL -> glicemia 92 mg
 FAIL  products/shift-assistant/src/__tests__/source-validator-regressions.test.ts > R1 source validator runtime regressions > rejects prefix/suffix/negation/conversion não alerta -> alerta
 FAIL  products/shift-assistant/src/__tests__/source-validator-regressions.test.ts > R1 source validator runtime regressions > rejects prefix/suffix/negation/conversion alerta, não estável -> alerta
 FAIL  products/shift-assistant/src/__tests__/source-validator-regressions.test.ts > R1 source validator runtime regressions > rejects prefix/suffix/negation/conversion dose 1 mg; não repetir -> dose 1 mg
 FAIL  products/shift-assistant/src/__tests__/source-validator-regressions.test.ts > R1 source validator runtime regressions > rejects prefix/suffix/negation/conversion dose 1 mg e dose 2 mg -> dose 2 mg
 FAIL  products/shift-assistant/src/__tests__/source-validator-regressions.test.ts > R1 source validator runtime regressions > rejects prefix/suffix/negation/conversion observar por quinze horas -> observar por 15:00
AssertionError: expected false to be true // Object.is equality

- Expected
+ Received

- true
+ false

 ❯ blocked products/shift-assistant/src/__tests__/source-validator-regressions.test.ts:32:82
     30| function blocked(raw: string, response: OrganizedV2, field: string) {
     31|   const result = check(raw, response)
     32|   expect(result.issues.some(i => i.path === field && i.severity === 'b…
       |                                                                                  ^
     33|   return result
     34| }
 ❯ products/shift-assistant/src/__tests__/source-validator-regressions.test.ts:79:5

⎯⎯⎯⎯⎯⎯⎯⎯⎯⎯⎯⎯⎯⎯⎯⎯⎯⎯⎯⎯⎯⎯⎯[4/17]⎯

 FAIL  products/shift-assistant/src/__tests__/source-validator-regressions.test.ts > R1 source validator runtime regressions > rejects truncated literal quote hiding full unit or negation outside the quote
AssertionError: expected false to be true // Object.is equality

- Expected
+ Received

- true
+ false

 ❯ blocked products/shift-assistant/src/__tests__/source-validator-regressions.test.ts:32:82
     30| function blocked(raw: string, response: OrganizedV2, field: string) {
     31|   const result = check(raw, response)
     32|   expect(result.issues.some(i => i.path === field && i.severity === 'b…
       |                                                                                  ^
     33|   return result
     34| }
 ❯ products/shift-assistant/src/__tests__/source-validator-regressions.test.ts:129:7

⎯⎯⎯⎯⎯⎯⎯⎯⎯⎯⎯⎯⎯⎯⎯⎯⎯⎯⎯⎯⎯⎯⎯[5/17]⎯

 FAIL  products/shift-assistant/src/__tests__/source-validator-regressions.test.ts > R1 source validator runtime regressions > accepts complete array items, rejects partial and negated items
AssertionError: expected false to be true // Object.is equality

- Expected
+ Received

- true
+ false

 ❯ blocked products/shift-assistant/src/__tests__/source-validator-regressions.test.ts:32:82
     30| function blocked(raw: string, response: OrganizedV2, field: string) {
     31|   const result = check(raw, response)
     32|   expect(result.issues.some(i => i.path === field && i.severity === 'b…
       |                                                                                  ^
     33|   return result
     34| }
 ❯ products/shift-assistant/src/__tests__/source-validator-regressions.test.ts:139:5

⎯⎯⎯⎯⎯⎯⎯⎯⎯⎯⎯⎯⎯⎯⎯⎯⎯⎯⎯⎯⎯⎯⎯[6/17]⎯

 FAIL  products/shift-assistant/src/__tests__/source-validator-regressions.test.ts > R1 source validator runtime regressions > rejects negation lost in task descriptions, accepts exact task plus finite time
AssertionError: expected false to be true // Object.is equality

- Expected
+ Received

- true
+ false

 ❯ blocked products/shift-assistant/src/__tests__/source-validator-regressions.test.ts:32:82
     30| function blocked(raw: string, response: OrganizedV2, field: string) {
     31|   const result = check(raw, response)
     32|   expect(result.issues.some(i => i.path === field && i.severity === 'b…
       |                                                                                  ^
     33|   return result
     34| }
 ❯ products/shift-assistant/src/__tests__/source-validator-regressions.test.ts:148:5

⎯⎯⎯⎯⎯⎯⎯⎯⎯⎯⎯⎯⎯⎯⎯⎯⎯⎯⎯⎯⎯⎯⎯[7/17]⎯

 FAIL  products/shift-assistant/src/__tests__/source-validator-regressions.test.ts > R1 source validator runtime regressions > does not borrow a clock from another field in a broad quote
AssertionError: expected false to be true // Object.is equality

- Expected
+ Received

- true
+ false

 ❯ blocked products/shift-assistant/src/__tests__/source-validator-regressions.test.ts:32:82
     30| function blocked(raw: string, response: OrganizedV2, field: string) {
     31|   const result = check(raw, response)
     32|   expect(result.issues.some(i => i.path === field && i.severity === 'b…
       |                                                                                  ^
     33|   return result
     34| }
 ❯ products/shift-assistant/src/__tests__/source-validator-regressions.test.ts:161:5

⎯⎯⎯⎯⎯⎯⎯⎯⎯⎯⎯⎯⎯⎯⎯⎯⎯⎯⎯⎯⎯⎯⎯[8/17]⎯

 FAIL  products/shift-assistant/src/__tests__/source-validator-regressions.test.ts > R1 source validator runtime regressions > real reducer recomputes F01/F02 and rejects falsely empty issues
AssertionError: expected [Function] to throw an error

- Expected:
null

+ Received:
undefined

 ❯ products/shift-assistant/src/__tests__/source-validator-regressions.test.ts:179:53
    177|       c.response.pendencias = []
    178|       c.response.evidence = c.response.evidence.filter(e => !e.path.st…
    179|       expect(() => replay(c.raw, c.response, true)).toThrow('STATE_CON…
       |                                                     ^
    180|       const state = replay(c.raw, c.response)
    181|       expect(state.notes.get('source-note')?.issues.length).toBeGreate…

⎯⎯⎯⎯⎯⎯⎯⎯⎯⎯⎯⎯⎯⎯⎯⎯⎯⎯⎯⎯⎯⎯⎯[9/17]⎯


 Test Files  1 failed | 1 passed (2)
      Tests  17 failed | 33 passed (50)
   Start at  11:36:07
   Duration  637ms (transform 181ms, setup 0ms, import 365ms, tests 48ms, environment 0ms)


EXIT_SENTINEL 1
