COMMAND ["/home/ricardo/.nvm/versions/node/v22.23.2/bin/node", "node_modules/vitest/vitest.mjs", "run", "products/shift-assistant/src/__tests__/source-validator-regressions.test.ts", "products/shift-assistant/src/__tests__/source-oracles.test.ts", "--no-file-parallelism", "--maxWorkers=1"]

 RUN  v4.1.11 /home/ricardo/.cache/cvg-harness-audit-actions-20261003/product-verification

 ❯ products/shift-assistant/src/__tests__/source-validator-regressions.test.ts (46 tests | 18 failed) 45ms
     × accepts correctly identical complete clinical field dose 1 mg/kg 7ms
     × accepts correctly identical complete clinical field dose 1 mg/kg/h 1ms
     × accepts correctly identical complete clinical field volume 1 mL/kg/h 1ms
     × accepts correctly identical complete clinical field dose 1 miligramas por quilograma 1ms
     × accepts correctly identical complete clinical field não alerta 1ms
     × accepts correctly identical complete clinical field alerta, não estável 1ms
     × accepts correctly identical complete clinical field dose -2 mg 1ms
     × accepts correctly identical complete clinical field dose 1/2 mg 1ms
     × accepts correctly identical complete clinical field dose 2.5 mg 1ms
     × accepts correctly identical complete clinical field dose 1 mg; não repetir 1ms
     × accepts finite numeral equivalence with entire unit/prose dose um mg/kg 1ms
     × accepts finite numeral equivalence with entire unit/prose dose um vírgula zero mg/kg/h 1ms
     × accepts finite numeral equivalence with entire unit/prose Volume anotado dois mililitros 1ms
     × accepts finite numeral equivalence with entire unit/prose vomitou duas vezes 1ms
     × accepts exact bed and by-extenso bed without borrowing ID, preserving literal ID 1ms
     × accepts complete array items, rejects partial and negated items 1ms
     × rejects negation lost in task descriptions, accepts exact task plus finite time 1ms
     × preserves absolute literal UTF16 evidence with non-BMP and complete units 1ms

⎯⎯⎯⎯⎯⎯ Failed Tests 18 ⎯⎯⎯⎯⎯⎯⎯

 FAIL  products/shift-assistant/src/__tests__/source-validator-regressions.test.ts > R1 source validator runtime regressions > accepts correctly identical complete clinical field dose 1 mg/kg
AssertionError: expected [ …(2) ] to deeply equal []

- Expected
+ Received

- []
+ [
+   {
+     "code": "UNSOURCED_VALUE",
+     "outputValue": "conferir ficha",
+     "path": "pendencias.t1.descricao",
+     "patientRef": "p1",
+     "severity": "blocking",
+     "sourceRange": {
+       "end": 91,
+       "start": 57,
+     },
+   },
+   {
+     "code": "VALUE_FIELD_MISMATCH",
+     "outputValue": "16:00",
+     "path": "pendencias.t1.quando",
+     "patientRef": "p1",
+     "severity": "blocking",
+     "sourceRange": {
+       "end": 91,
+       "start": 57,
+     },
+   },
+ ]

 ❯ products/shift-assistant/src/__tests__/source-validator-regressions.test.ts:87:45
     85|   ])('accepts correctly identical complete clinical field %s', source …
     86|     const c = evolution(source)
     87|     expect(check(c.raw, c.response).issues).toEqual([])
       |                                             ^
     88|   })
     89|   it.each([

⎯⎯⎯⎯⎯⎯⎯⎯⎯⎯⎯⎯⎯⎯⎯⎯⎯⎯⎯⎯⎯⎯⎯[1/18]⎯

 FAIL  products/shift-assistant/src/__tests__/source-validator-regressions.test.ts > R1 source validator runtime regressions > accepts correctly identical complete clinical field dose 1 mg/kg/h
AssertionError: expected [ …(2) ] to deeply equal []

- Expected
+ Received

- []
+ [
+   {
+     "code": "UNSOURCED_VALUE",
+     "outputValue": "conferir ficha",
+     "path": "pendencias.t1.descricao",
+     "patientRef": "p1",
+     "severity": "blocking",
+     "sourceRange": {
+       "end": 93,
+       "start": 59,
+     },
+   },
+   {
+     "code": "VALUE_FIELD_MISMATCH",
+     "outputValue": "16:00",
+     "path": "pendencias.t1.quando",
+     "patientRef": "p1",
+     "severity": "blocking",
+     "sourceRange": {
+       "end": 93,
+       "start": 59,
+     },
+   },
+ ]

 ❯ products/shift-assistant/src/__tests__/source-validator-regressions.test.ts:87:45
     85|   ])('accepts correctly identical complete clinical field %s', source …
     86|     const c = evolution(source)
     87|     expect(check(c.raw, c.response).issues).toEqual([])
       |                                             ^
     88|   })
     89|   it.each([

⎯⎯⎯⎯⎯⎯⎯⎯⎯⎯⎯⎯⎯⎯⎯⎯⎯⎯⎯⎯⎯⎯⎯[2/18]⎯

 FAIL  products/shift-assistant/src/__tests__/source-validator-regressions.test.ts > R1 source validator runtime regressions > accepts correctly identical complete clinical field volume 1 mL/kg/h
AssertionError: expected [ …(2) ] to deeply equal []

- Expected
+ Received

- []
+ [
+   {
+     "code": "UNSOURCED_VALUE",
+     "outputValue": "conferir ficha",
+     "path": "pendencias.t1.descricao",
+     "patientRef": "p1",
+     "severity": "blocking",
+     "sourceRange": {
+       "end": 95,
+       "start": 61,
+     },
+   },
+   {
+     "code": "VALUE_FIELD_MISMATCH",
+     "outputValue": "16:00",
+     "path": "pendencias.t1.quando",
+     "patientRef": "p1",
+     "severity": "blocking",
+     "sourceRange": {
+       "end": 95,
+       "start": 61,
+     },
+   },
+ ]

 ❯ products/shift-assistant/src/__tests__/source-validator-regressions.test.ts:87:45
     85|   ])('accepts correctly identical complete clinical field %s', source …
     86|     const c = evolution(source)
     87|     expect(check(c.raw, c.response).issues).toEqual([])
       |                                             ^
     88|   })
     89|   it.each([

⎯⎯⎯⎯⎯⎯⎯⎯⎯⎯⎯⎯⎯⎯⎯⎯⎯⎯⎯⎯⎯⎯⎯[3/18]⎯

 FAIL  products/shift-assistant/src/__tests__/source-validator-regressions.test.ts > R1 source validator runtime regressions > accepts correctly identical complete clinical field dose 1 miligramas por quilograma
AssertionError: expected [ …(2) ] to deeply equal []

- Expected
+ Received

- []
+ [
+   {
+     "code": "UNSOURCED_VALUE",
+     "outputValue": "conferir ficha",
+     "path": "pendencias.t1.descricao",
+     "patientRef": "p1",
+     "severity": "blocking",
+     "sourceRange": {
+       "end": 111,
+       "start": 77,
+     },
+   },
+   {
+     "code": "VALUE_FIELD_MISMATCH",
+     "outputValue": "16:00",
+     "path": "pendencias.t1.quando",
+     "patientRef": "p1",
+     "severity": "blocking",
+     "sourceRange": {
+       "end": 111,
+       "start": 77,
+     },
+   },
+ ]

 ❯ products/shift-assistant/src/__tests__/source-validator-regressions.test.ts:87:45
     85|   ])('accepts correctly identical complete clinical field %s', source …
     86|     const c = evolution(source)
     87|     expect(check(c.raw, c.response).issues).toEqual([])
       |                                             ^
     88|   })
     89|   it.each([

⎯⎯⎯⎯⎯⎯⎯⎯⎯⎯⎯⎯⎯⎯⎯⎯⎯⎯⎯⎯⎯⎯⎯[4/18]⎯

 FAIL  products/shift-assistant/src/__tests__/source-validator-regressions.test.ts > R1 source validator runtime regressions > accepts correctly identical complete clinical field não alerta
 FAIL  products/shift-assistant/src/__tests__/source-validator-regressions.test.ts > R1 source validator runtime regressions > accepts correctly identical complete clinical field dose -2 mg
AssertionError: expected [ …(2) ] to deeply equal []

- Expected
+ Received

- []
+ [
+   {
+     "code": "UNSOURCED_VALUE",
+     "outputValue": "conferir ficha",
+     "path": "pendencias.t1.descricao",
+     "patientRef": "p1",
+     "severity": "blocking",
+     "sourceRange": {
+       "end": 89,
+       "start": 55,
+     },
+   },
+   {
+     "code": "VALUE_FIELD_MISMATCH",
+     "outputValue": "16:00",
+     "path": "pendencias.t1.quando",
+     "patientRef": "p1",
+     "severity": "blocking",
+     "sourceRange": {
+       "end": 89,
+       "start": 55,
+     },
+   },
+ ]

 ❯ products/shift-assistant/src/__tests__/source-validator-regressions.test.ts:87:45
     85|   ])('accepts correctly identical complete clinical field %s', source …
     86|     const c = evolution(source)
     87|     expect(check(c.raw, c.response).issues).toEqual([])
       |                                             ^
     88|   })
     89|   it.each([

⎯⎯⎯⎯⎯⎯⎯⎯⎯⎯⎯⎯⎯⎯⎯⎯⎯⎯⎯⎯⎯⎯⎯[5/18]⎯

 FAIL  products/shift-assistant/src/__tests__/source-validator-regressions.test.ts > R1 source validator runtime regressions > accepts correctly identical complete clinical field alerta, não estável
AssertionError: expected [ …(2) ] to deeply equal []

- Expected
+ Received

- []
+ [
+   {
+     "code": "UNSOURCED_VALUE",
+     "outputValue": "conferir ficha",
+     "path": "pendencias.t1.descricao",
+     "patientRef": "p1",
+     "severity": "blocking",
+     "sourceRange": {
+       "end": 98,
+       "start": 64,
+     },
+   },
+   {
+     "code": "VALUE_FIELD_MISMATCH",
+     "outputValue": "16:00",
+     "path": "pendencias.t1.quando",
+     "patientRef": "p1",
+     "severity": "blocking",
+     "sourceRange": {
+       "end": 98,
+       "start": 64,
+     },
+   },
+ ]

 ❯ products/shift-assistant/src/__tests__/source-validator-regressions.test.ts:87:45
     85|   ])('accepts correctly identical complete clinical field %s', source …
     86|     const c = evolution(source)
     87|     expect(check(c.raw, c.response).issues).toEqual([])
       |                                             ^
     88|   })
     89|   it.each([

⎯⎯⎯⎯⎯⎯⎯⎯⎯⎯⎯⎯⎯⎯⎯⎯⎯⎯⎯⎯⎯⎯⎯[6/18]⎯

 FAIL  products/shift-assistant/src/__tests__/source-validator-regressions.test.ts > R1 source validator runtime regressions > accepts correctly identical complete clinical field dose 1/2 mg
 FAIL  products/shift-assistant/src/__tests__/source-validator-regressions.test.ts > R1 source validator runtime regressions > accepts correctly identical complete clinical field dose 2.5 mg
AssertionError: expected [ …(2) ] to deeply equal []

- Expected
+ Received

- []
+ [
+   {
+     "code": "UNSOURCED_VALUE",
+     "outputValue": "conferir ficha",
+     "path": "pendencias.t1.descricao",
+     "patientRef": "p1",
+     "severity": "blocking",
+     "sourceRange": {
+       "end": 90,
+       "start": 56,
+     },
+   },
+   {
+     "code": "VALUE_FIELD_MISMATCH",
+     "outputValue": "16:00",
+     "path": "pendencias.t1.quando",
+     "patientRef": "p1",
+     "severity": "blocking",
+     "sourceRange": {
+       "end": 90,
+       "start": 56,
+     },
+   },
+ ]

 ❯ products/shift-assistant/src/__tests__/source-validator-regressions.test.ts:87:45
     85|   ])('accepts correctly identical complete clinical field %s', source …
     86|     const c = evolution(source)
     87|     expect(check(c.raw, c.response).issues).toEqual([])
       |                                             ^
     88|   })
     89|   it.each([

⎯⎯⎯⎯⎯⎯⎯⎯⎯⎯⎯⎯⎯⎯⎯⎯⎯⎯⎯⎯⎯⎯⎯[7/18]⎯

 FAIL  products/shift-assistant/src/__tests__/source-validator-regressions.test.ts > R1 source validator runtime regressions > accepts correctly identical complete clinical field dose 1 mg; não repetir
AssertionError: expected [ …(2) ] to deeply equal []

- Expected
+ Received

- []
+ [
+   {
+     "code": "UNSOURCED_VALUE",
+     "outputValue": "conferir ficha",
+     "path": "pendencias.t1.descricao",
+     "patientRef": "p1",
+     "severity": "blocking",
+     "sourceRange": {
+       "end": 101,
+       "start": 67,
+     },
+   },
+   {
+     "code": "VALUE_FIELD_MISMATCH",
+     "outputValue": "16:00",
+     "path": "pendencias.t1.quando",
+     "patientRef": "p1",
+     "severity": "blocking",
+     "sourceRange": {
+       "end": 101,
+       "start": 67,
+     },
+   },
+ ]

 ❯ products/shift-assistant/src/__tests__/source-validator-regressions.test.ts:87:45
     85|   ])('accepts correctly identical complete clinical field %s', source …
     86|     const c = evolution(source)
     87|     expect(check(c.raw, c.response).issues).toEqual([])
       |                                             ^
     88|   })
     89|   it.each([

⎯⎯⎯⎯⎯⎯⎯⎯⎯⎯⎯⎯⎯⎯⎯⎯⎯⎯⎯⎯⎯⎯⎯[8/18]⎯

 FAIL  products/shift-assistant/src/__tests__/source-validator-regressions.test.ts > R1 source validator runtime regressions > accepts finite numeral equivalence with entire unit/prose dose um mg/kg
AssertionError: expected [ …(2) ] to deeply equal []

- Expected
+ Received

- []
+ [
+   {
+     "code": "UNSOURCED_VALUE",
+     "outputValue": "conferir ficha",
+     "path": "pendencias.t1.descricao",
+     "patientRef": "p1",
+     "severity": "blocking",
+     "sourceRange": {
+       "end": 92,
+       "start": 58,
+     },
+   },
+   {
+     "code": "VALUE_FIELD_MISMATCH",
+     "outputValue": "16:00",
+     "path": "pendencias.t1.quando",
+     "patientRef": "p1",
+     "severity": "blocking",
+     "sourceRange": {
+       "end": 92,
+       "start": 58,
+     },
+   },
+ ]

 ❯ products/shift-assistant/src/__tests__/source-validator-regressions.test.ts:96:45
     94|   ])('accepts finite numeral equivalence with entire unit/prose %s', (…
     95|     const c = evolution(source, output)
     96|     expect(check(c.raw, c.response).issues).toEqual([])
       |                                             ^
     97|   })
     98|   it('accepts exact bed and by-extenso bed without borrowing ID, prese…

⎯⎯⎯⎯⎯⎯⎯⎯⎯⎯⎯⎯⎯⎯⎯⎯⎯⎯⎯⎯⎯⎯⎯[9/18]⎯

 FAIL  products/shift-assistant/src/__tests__/source-validator-regressions.test.ts > R1 source validator runtime regressions > accepts finite numeral equivalence with entire unit/prose dose um vírgula zero mg/kg/h
AssertionError: expected [ …(2) ] to deeply equal []

- Expected
+ Received

- []
+ [
+   {
+     "code": "UNSOURCED_VALUE",
+     "outputValue": "conferir ficha",
+     "path": "pendencias.t1.descricao",
+     "patientRef": "p1",
+     "severity": "blocking",
+     "sourceRange": {
+       "end": 107,
+       "start": 73,
+     },
+   },
+   {
+     "code": "VALUE_FIELD_MISMATCH",
+     "outputValue": "16:00",
+     "path": "pendencias.t1.quando",
+     "patientRef": "p1",
+     "severity": "blocking",
+     "sourceRange": {
+       "end": 107,
+       "start": 73,
+     },
+   },
+ ]

 ❯ products/shift-assistant/src/__tests__/source-validator-regressions.test.ts:96:45
     94|   ])('accepts finite numeral equivalence with entire unit/prose %s', (…
     95|     const c = evolution(source, output)
     96|     expect(check(c.raw, c.response).issues).toEqual([])
       |                                             ^
     97|   })
     98|   it('accepts exact bed and by-extenso bed without borrowing ID, prese…

⎯⎯⎯⎯⎯⎯⎯⎯⎯⎯⎯⎯⎯⎯⎯⎯⎯⎯⎯⎯⎯⎯[10/18]⎯

 FAIL  products/shift-assistant/src/__tests__/source-validator-regressions.test.ts > R1 source validator runtime regressions > accepts finite numeral equivalence with entire unit/prose Volume anotado dois mililitros
AssertionError: expected [ { …(6) }, …(2) ] to deeply equal []

- Expected
+ Received

- []
+ [
+   {
+     "code": "SOURCE_ASSOCIATION_AMBIGUOUS",
+     "outputValue": "Volume anotado 2 mililitros",
+     "path": "pacientes.p1.evolucao",
+     "patientRef": "p1",
+     "severity": "blocking",
+     "sourceRange": {
+       "end": 73,
+       "start": 33,
+     },
+   },
+   {
+     "code": "UNSOURCED_VALUE",
+     "outputValue": "conferir ficha",
+     "path": "pendencias.t1.descricao",
+     "patientRef": "p1",
+     "severity": "blocking",
+     "sourceRange": {
+       "end": 109,
+       "start": 75,
+     },
+   },
+   {
+     "code": "VALUE_FIELD_MISMATCH",
+     "outputValue": "16:00",
+     "path": "pendencias.t1.quando",
+     "patientRef": "p1",
+     "severity": "blocking",
+     "sourceRange": {
+       "end": 109,
+       "start": 75,
+     },
+   },
+ ]

 ❯ products/shift-assistant/src/__tests__/source-validator-regressions.test.ts:96:45
     94|   ])('accepts finite numeral equivalence with entire unit/prose %s', (…
     95|     const c = evolution(source, output)
     96|     expect(check(c.raw, c.response).issues).toEqual([])
       |                                             ^
     97|   })
     98|   it('accepts exact bed and by-extenso bed without borrowing ID, prese…

⎯⎯⎯⎯⎯⎯⎯⎯⎯⎯⎯⎯⎯⎯⎯⎯⎯⎯⎯⎯⎯⎯[11/18]⎯

 FAIL  products/shift-assistant/src/__tests__/source-validator-regressions.test.ts > R1 source validator runtime regressions > accepts finite numeral equivalence with entire unit/prose vomitou duas vezes
AssertionError: expected [ …(2) ] to deeply equal []

- Expected
+ Received

- []
+ [
+   {
+     "code": "UNSOURCED_VALUE",
+     "outputValue": "conferir ficha",
+     "path": "pendencias.t1.descricao",
+     "patientRef": "p1",
+     "severity": "blocking",
+     "sourceRange": {
+       "end": 97,
+       "start": 63,
+     },
+   },
+   {
+     "code": "VALUE_FIELD_MISMATCH",
+     "outputValue": "16:00",
+     "path": "pendencias.t1.quando",
+     "patientRef": "p1",
+     "severity": "blocking",
+     "sourceRange": {
+       "end": 97,
+       "start": 63,
+     },
+   },
+ ]

 ❯ products/shift-assistant/src/__tests__/source-validator-regressions.test.ts:96:45
     94|   ])('accepts finite numeral equivalence with entire unit/prose %s', (…
     95|     const c = evolution(source, output)
     96|     expect(check(c.raw, c.response).issues).toEqual([])
       |                                             ^
     97|   })
     98|   it('accepts exact bed and by-extenso bed without borrowing ID, prese…

⎯⎯⎯⎯⎯⎯⎯⎯⎯⎯⎯⎯⎯⎯⎯⎯⎯⎯⎯⎯⎯⎯[12/18]⎯

 FAIL  products/shift-assistant/src/__tests__/source-validator-regressions.test.ts > R1 source validator runtime regressions > accepts exact bed and by-extenso bed without borrowing ID, preserving literal ID
AssertionError: expected [ …(2) ] to deeply equal []

- Expected
+ Received

- []
+ [
+   {
+     "code": "UNSOURCED_VALUE",
+     "outputValue": "conferir ficha",
+     "path": "pendencias.t1.descricao",
+     "patientRef": "p1",
+     "severity": "blocking",
+     "sourceRange": {
+       "end": 81,
+       "start": 47,
+     },
+   },
+   {
+     "code": "VALUE_FIELD_MISMATCH",
+     "outputValue": "16:00",
+     "path": "pendencias.t1.quando",
+     "patientRef": "p1",
+     "severity": "blocking",
+     "sourceRange": {
+       "end": 81,
+       "start": 47,
+     },
+   },
+ ]

 ❯ products/shift-assistant/src/__tests__/source-validator-regressions.test.ts:102:29
    100|       const c = bed(source, '1', 'leito ' + source + ', ID 2')
    101|       const result = check(c.raw, c.response)
    102|       expect(result.issues).toEqual([])
       |                             ^
    103|       expect(result.bindings[0]?.idLiteral).toBe('2')
    104|     }

⎯⎯⎯⎯⎯⎯⎯⎯⎯⎯⎯⎯⎯⎯⎯⎯⎯⎯⎯⎯⎯⎯[13/18]⎯

 FAIL  products/shift-assistant/src/__tests__/source-validator-regressions.test.ts > R1 source validator runtime regressions > accepts complete array items, rejects partial and negated items
AssertionError: expected [ …(2) ] to deeply equal []

- Expected
+ Received

- []
+ [
+   {
+     "code": "UNSOURCED_VALUE",
+     "outputValue": "conferir ficha",
+     "path": "pendencias.t1.descricao",
+     "patientRef": "p1",
+     "severity": "blocking",
+     "sourceRange": {
+       "end": 116,
+       "start": 82,
+     },
+   },
+   {
+     "code": "VALUE_FIELD_MISMATCH",
+     "outputValue": "16:00",
+     "path": "pendencias.t1.quando",
+     "patientRef": "p1",
+     "severity": "blocking",
+     "sourceRange": {
+       "end": 116,
+       "start": 82,
+     },
+   },
+ ]

 ❯ products/shift-assistant/src/__tests__/source-validator-regressions.test.ts:137:41
    135|     response.evidence.push(...response.pacientes[0]!.exames_pedidos.ma…
    136|     const raw = RAW.replace('Pendência:', 'Exames: hemograma; bioquími…
    137|     expect(check(raw, response).issues).toEqual([])
       |                                         ^
    138|     response.pacientes[0]!.exames_pedidos[0] = 'hemog'
    139|     blocked(raw, response, 'pacientes.p1.exames_pedidos.0')

⎯⎯⎯⎯⎯⎯⎯⎯⎯⎯⎯⎯⎯⎯⎯⎯⎯⎯⎯⎯⎯⎯[14/18]⎯

 FAIL  products/shift-assistant/src/__tests__/source-validator-regressions.test.ts > R1 source validator runtime regressions > rejects negation lost in task descriptions, accepts exact task plus finite time
AssertionError: expected [ …(2) ] to deeply equal []

- Expected
+ Received

- []
+ [
+   {
+     "code": "UNSOURCED_VALUE",
+     "outputValue": "não conferir ficha",
+     "path": "pendencias.t1.descricao",
+     "patientRef": "p1",
+     "severity": "blocking",
+     "sourceRange": {
+       "end": 89,
+       "start": 51,
+     },
+   },
+   {
+     "code": "VALUE_FIELD_MISMATCH",
+     "outputValue": "16:00",
+     "path": "pendencias.t1.quando",
+     "patientRef": "p1",
+     "severity": "blocking",
+     "sourceRange": {
+       "end": 89,
+       "start": 51,
+     },
+   },
+ ]

 ❯ products/shift-assistant/src/__tests__/source-validator-regressions.test.ts:150:41
    148|     blocked(raw, response, 'pendencias.t1.descricao')
    149|     response.pendencias[0]!.descricao = 'não conferir ficha'
    150|     expect(check(raw, response).issues).toEqual([])
       |                                         ^
    151|     for (const e of response.evidence.filter(e => e.path.startsWith('p…
    152|     expect(check(raw.replace('16:00', 'dezesseis horas'), response).is…

⎯⎯⎯⎯⎯⎯⎯⎯⎯⎯⎯⎯⎯⎯⎯⎯⎯⎯⎯⎯⎯⎯[15/18]⎯

 FAIL  products/shift-assistant/src/__tests__/source-validator-regressions.test.ts > R1 source validator runtime regressions > preserves absolute literal UTF16 evidence with non-BMP and complete units
AssertionError: expected [ …(2) ] to deeply equal []

- Expected
+ Received

- []
+ [
+   {
+     "code": "UNSOURCED_VALUE",
+     "outputValue": "conferir ficha",
+     "path": "pendencias.t1.descricao",
+     "patientRef": "p1",
+     "severity": "blocking",
+     "sourceRange": {
+       "end": 117,
+       "start": 83,
+     },
+   },
+   {
+     "code": "VALUE_FIELD_MISMATCH",
+     "outputValue": "16:00",
+     "path": "pendencias.t1.quando",
+     "patientRef": "p1",
+     "severity": "blocking",
+     "sourceRange": {
+       "end": 117,
+       "start": 83,
+     },
+   },
+ ]

 ❯ products/shift-assistant/src/__tests__/source-validator-regressions.test.ts:171:27
    169|     c.raw = '🧪 treinamento sintético. ' + c.raw
    170|     const result = check(c.raw, c.response)
    171|     expect(result.issues).toEqual([])
       |                           ^
    172|     for (const e of result.evidence) expect(c.raw.slice(e.start, e.end…
    173|     expect(result.evidence[0]!.start).toBe(c.raw.indexOf('Paciente Rex…

⎯⎯⎯⎯⎯⎯⎯⎯⎯⎯⎯⎯⎯⎯⎯⎯⎯⎯⎯⎯⎯⎯[16/18]⎯


 Test Files  1 failed | 1 passed (2)
      Tests  18 failed | 32 passed (50)
   Start at  11:37:58
   Duration  640ms (transform 186ms, setup 0ms, import 367ms, tests 57ms, environment 0ms)


EXIT_SENTINEL 1
