COMMAND ["/home/ricardo/.nvm/versions/node/v22.23.2/bin/node", "node_modules/vitest/vitest.mjs", "run", "products/shift-assistant/src/__tests__/source-validator-regressions.test.ts", "products/shift-assistant/src/__tests__/source-oracles.test.ts", "--no-file-parallelism", "--maxWorkers=1"]

 RUN  v4.1.11 /home/ricardo/.cache/cvg-harness-audit-actions-20261003/product-verification

 ❯ products/shift-assistant/src/__tests__/source-validator-regressions.test.ts (46 tests | 1 failed) 36ms
     × accepts finite numeral equivalence with entire unit/prose Volume anotado dois mililitros 6ms

⎯⎯⎯⎯⎯⎯⎯ Failed Tests 1 ⎯⎯⎯⎯⎯⎯⎯

 FAIL  products/shift-assistant/src/__tests__/source-validator-regressions.test.ts > R1 source validator runtime regressions > accepts finite numeral equivalence with entire unit/prose Volume anotado dois mililitros
AssertionError: expected [ { …(6) } ] to deeply equal []

- Expected
+ Received

- []
+ [
+   {
+     "code": "SOURCE_ASSOCIATION_AMBIGUOUS",
+     "outputValue": "Volume anotado 2 mililitros",
+     "path": "pacientes.p1.evolucao",
+     "patientRef": "p1",
+     "severity": "blocking",
+     "sourceRange": {
+       "end": 73,
+       "start": 33,
+     },
+   },
+ ]

 ❯ products/shift-assistant/src/__tests__/source-validator-regressions.test.ts:96:45
     94|   ])('accepts finite numeral equivalence with entire unit/prose %s', (…
     95|     const c = evolution(source, output)
     96|     expect(check(c.raw, c.response).issues).toEqual([])
       |                                             ^
     97|   })
     98|   it('accepts exact bed and by-extenso bed without borrowing ID, prese…

⎯⎯⎯⎯⎯⎯⎯⎯⎯⎯⎯⎯⎯⎯⎯⎯⎯⎯⎯⎯⎯⎯⎯⎯[1/1]⎯


 Test Files  1 failed | 1 passed (2)
      Tests  1 failed | 49 passed (50)
   Start at  11:38:26
   Duration  597ms (transform 183ms, setup 0ms, import 360ms, tests 47ms, environment 0ms)


EXIT_SENTINEL 1
