COMMAND ["/home/ricardo/.nvm/versions/node/v22.23.2/bin/node", "node_modules/vitest/vitest.mjs", "run", "products/shift-assistant/src/__tests__/source-validator-regressions.test.ts", "products/shift-assistant/src/__tests__/source-oracles.test.ts", "--no-file-parallelism", "--maxWorkers=1"]

 RUN  v4.1.11 /home/ricardo/.cache/cvg-harness-audit-actions-20261003/product-verification

 ❯ products/shift-assistant/src/__tests__/source-validator-regressions.test.ts (59 tests | 1 failed) 44ms
     × C2 forbids converting pieces of unsupported compound dose um / dois mg -> dose 1 / 2 mg 5ms

⎯⎯⎯⎯⎯⎯⎯ Failed Tests 1 ⎯⎯⎯⎯⎯⎯⎯

 FAIL  products/shift-assistant/src/__tests__/source-validator-regressions.test.ts > R1 source validator runtime regressions > C2 forbids converting pieces of unsupported compound dose um / dois mg -> dose 1 / 2 mg
AssertionError: expected false to be true // Object.is equality

- Expected
+ Received

- true
+ false

 ❯ blocked products/shift-assistant/src/__tests__/source-validator-regressions.test.ts:34:82
     32| function blocked(raw: string, response: OrganizedV2, field: string) {
     33|   const result = check(raw, response)
     34|   expect(result.issues.some(i => i.path === field && i.severity === 'b…
       |                                                                                  ^
     35|   return result
     36| }
 ❯ products/shift-assistant/src/__tests__/source-validator-regressions.test.ts:236:5

⎯⎯⎯⎯⎯⎯⎯⎯⎯⎯⎯⎯⎯⎯⎯⎯⎯⎯⎯⎯⎯⎯⎯⎯[1/1]⎯


 Test Files  1 failed | 1 passed (2)
      Tests  1 failed | 62 passed (63)
   Start at  11:43:16
   Duration  616ms (transform 188ms, setup 0ms, import 368ms, tests 55ms, environment 0ms)


EXIT_SENTINEL 1
