
 RUN  v4.1.11 /tmp/opencode/aaa12-mutation/work-M01

 ❯ packages/channel-gateway/src/__tests__/channel-effect-malformed-version.test.ts (6 tests | 2 failed) 251ms
     × file adapter rejects malformed persisted versions without mutating bytes 57ms
     × all mutating methods fail closed on a malformed version without mutation 9ms

 Test Files  1 failed | 10 passed (11)
      Tests  2 failed | 103 passed (105)
   Start at  21:06:12
   Duration  11.62s (transform 419ms, setup 0ms, import 1.57s, tests 814ms, environment 7.60s)


⎯⎯⎯⎯⎯⎯⎯ Failed Tests 2 ⎯⎯⎯⎯⎯⎯⎯

 FAIL  packages/channel-gateway/src/__tests__/channel-effect-malformed-version.test.ts > AAA12-C4-F01 missing vs malformed hashVersion > file adapter rejects malformed persisted versions without mutating bytes
AssertionError: null/PENDING/legacy-local-v1: expected 'reserved' to be 'version_mismatch' // Object.is equality

Expected: "version_mismatch"
Received: "reserved"

 ❯ packages/channel-gateway/src/__tests__/channel-effect-malformed-version.test.ts:259:66
    257|             leaseMs: 10_000
    258|           })
    259|           expect(outcome.outcome, `${label}/${state}/${caller}`).toBe(
       |                                                                  ^
    260|             'version_mismatch'
    261|           )

⎯⎯⎯⎯⎯⎯⎯⎯⎯⎯⎯⎯⎯⎯⎯⎯⎯⎯⎯⎯⎯⎯⎯⎯[1/2]⎯

 FAIL  packages/channel-gateway/src/__tests__/channel-effect-malformed-version.test.ts > AAA12-C4-F01 missing vs malformed hashVersion > all mutating methods fail closed on a malformed version without mutation
AssertionError: expected 'legacy-local-v1' to be null

- Expected:
null

+ Received:
"legacy-local-v1"

 ❯ packages/channel-gateway/src/__tests__/channel-effect-malformed-version.test.ts:288:7
    286|     expect(
    287|       (found as unknown as { hashVersion: unknown } | undefined)?.hash…
    288|     ).toBeNull()
       |       ^
    289|
    290|     const result: OutboundResult = {

⎯⎯⎯⎯⎯⎯⎯⎯⎯⎯⎯⎯⎯⎯⎯⎯⎯⎯⎯⎯⎯⎯⎯⎯[2/2]⎯

