
> cvg-agent-secretary-v2@1.0.0 test:e2e
> playwright test

[2m[WebServer] [22m(node:2026720) Warning: The 'NO_COLOR' env is ignored due to the 'FORCE_COLOR' env being set.
[2m[WebServer] [22m(Use `node --trace-warnings ...` to show where the warning was created)
[2m[WebServer] [22m(node:2026731) Warning: The 'NO_COLOR' env is ignored due to the 'FORCE_COLOR' env being set.
[2m[WebServer] [22m(Use `node --trace-warnings ...` to show where the warning was created)

Running 6 tests using 5 workers

(node:2027527) Warning: The 'NO_COLOR' env is ignored due to the 'FORCE_COLOR' env being set.
(Use `node --trace-warnings ...` to show where the warning was created)
(node:2027547) Warning: The 'NO_COLOR' env is ignored due to the 'FORCE_COLOR' env being set.
(Use `node --trace-warnings ...` to show where the warning was created)
(node:2027528) Warning: The 'NO_COLOR' env is ignored due to the 'FORCE_COLOR' env being set.
(Use `node --trace-warnings ...` to show where the warning was created)
(node:2027534) Warning: The 'NO_COLOR' env is ignored due to the 'FORCE_COLOR' env being set.
(Use `node --trace-warnings ...` to show where the warning was created)
(node:2027540) Warning: The 'NO_COLOR' env is ignored due to the 'FORCE_COLOR' env being set.
(Use `node --trace-warnings ...` to show where the warning was created)
(node:2027528) Warning: The 'NO_COLOR' env is ignored due to the 'FORCE_COLOR' env being set.
(Use `node --trace-warnings ...` to show where the warning was created)
(node:2027547) Warning: The 'NO_COLOR' env is ignored due to the 'FORCE_COLOR' env being set.
(Use `node --trace-warnings ...` to show where the warning was created)
(node:2027527) Warning: The 'NO_COLOR' env is ignored due to the 'FORCE_COLOR' env being set.
(Use `node --trace-warnings ...` to show where the warning was created)
(node:2027534) Warning: The 'NO_COLOR' env is ignored due to the 'FORCE_COLOR' env being set.
(Use `node --trace-warnings ...` to show where the warning was created)
(node:2027540) Warning: The 'NO_COLOR' env is ignored due to the 'FORCE_COLOR' env being set.
(Use `node --trace-warnings ...` to show where the warning was created)
  ✓  4 [chromium] › tests/e2e/http-security.spec.ts:6:5 › API HTTP security boundary enforces origin and preflight policy (116ms)
  ✓  5 [chromium] › tests/e2e/session-version-pinning.spec.ts:44:5 › keeps a browser/API conversation on its first published snapshot (546ms)
  ✘  3 [chromium] › tests/e2e/visual-shell.spec.ts:9:5 › console shell preserves layout, focus and control sizing across viewports (5.9s)
(node:2029092) Warning: The 'NO_COLOR' env is ignored due to the 'FORCE_COLOR' env being set.
(Use `node --trace-warnings ...` to show where the warning was created)
(node:2029092) Warning: The 'NO_COLOR' env is ignored due to the 'FORCE_COLOR' env being set.
(Use `node --trace-warnings ...` to show where the warning was created)
  ✘  1 [chromium] › tests/e2e/platform-control-center.spec.ts:4:5 › configures, publishes and dry-runs an agent through the real web/API boundary (10.6s)
  ✘  2 [chromium] › tests/e2e/audit-evidence-checkpoint.spec.ts:3:5 › seals and archives an audit evidence checkpoint without payload export (10.6s)
  ✘  6 [chromium] › tests/e2e/visual-shell.spec.ts:58:5 › admin control center remains navigable on a narrow viewport (10.8s)


  1) [chromium] › tests/e2e/audit-evidence-checkpoint.spec.ts:3:5 › seals and archives an audit evidence checkpoint without payload export 

    TimeoutError: locator.waitFor: Timeout 10000ms exceeded.
    Call log:
    [2m  - waiting for getByText('CVG Agent Secretary') to be visible[22m


      15 |
      16 |   await page.goto('/')
    > 17 |   await page.getByText('CVG Agent Secretary').waitFor()
         |                                               ^
      18 |   await page.getByLabel('ID do operador').fill('supervisor.e2e')
      19 |   await page.getByLabel('Papel operacional').selectOption('Supervisor')
      20 |   await expect(page.getByText('Evidencias de auditoria')).toBeVisible()
        at /tmp/cvg-m1-round2-ixwtdmce/final-candidate/tests/e2e/audit-evidence-checkpoint.spec.ts:17:47

    attachment #1: screenshot (image/png) ──────────────────────────────────────────────────────────
    test-results/audit-evidence-checkpoint--3519e-oint-without-payload-export-chromium/test-failed-1.png
    ────────────────────────────────────────────────────────────────────────────────────────────────

    attachment #2: video (video/webm) ──────────────────────────────────────────────────────────────
    test-results/audit-evidence-checkpoint--3519e-oint-without-payload-export-chromium/video.webm
    ────────────────────────────────────────────────────────────────────────────────────────────────

    Error Context: test-results/audit-evidence-checkpoint--3519e-oint-without-payload-export-chromium/error-context.md

  2) [chromium] › tests/e2e/platform-control-center.spec.ts:4:5 › configures, publishes and dry-runs an agent through the real web/API boundary 

    TimeoutError: locator.waitFor: Timeout 10000ms exceeded.
    Call log:
    [2m  - waiting for getByText('CVG Agent Secretary') to be visible[22m


       at pages/control-center.ts:8

       6 |   async goto(): Promise<void> {
       7 |     await this.page.goto('/')
    >  8 |     await this.page.getByText('CVG Agent Secretary').waitFor()
         |                                                      ^
       9 |   }
      10 |
      11 |   async authenticateAsAdmin(tenantId: string): Promise<void> {
        at ControlCenterPage.goto (/tmp/cvg-m1-round2-ixwtdmce/final-candidate/tests/e2e/pages/control-center.ts:8:54)
        at /tmp/cvg-m1-round2-ixwtdmce/final-candidate/tests/e2e/platform-control-center.spec.ts:8:3

    attachment #1: screenshot (image/png) ──────────────────────────────────────────────────────────
    test-results/platform-control-center-co-f53f6-h-the-real-web-API-boundary-chromium/test-failed-1.png
    ────────────────────────────────────────────────────────────────────────────────────────────────

    attachment #2: video (video/webm) ──────────────────────────────────────────────────────────────
    test-results/platform-control-center-co-f53f6-h-the-real-web-API-boundary-chromium/video.webm
    ────────────────────────────────────────────────────────────────────────────────────────────────

    Error Context: test-results/platform-control-center-co-f53f6-h-the-real-web-API-boundary-chromium/error-context.md

  3) [chromium] › tests/e2e/visual-shell.spec.ts:9:5 › console shell preserves layout, focus and control sizing across viewports 

    Error: [2mexpect([22m[31mlocator[39m[2m).[22mtoBeVisible[2m([22m[2m)[22m failed

    Locator: getByRole('heading', { name: 'CVG Agent Secretary' })
    Expected: visible
    Timeout: 5000ms
    Error: element(s) not found

    Call log:
    [2m  - Expect "toBeVisible" with timeout 5000ms[22m
    [2m  - waiting for getByRole('heading', { name: 'CVG Agent Secretary' })[22m


      16 |     await expect(
      17 |       page.getByRole('heading', { name: 'CVG Agent Secretary' })
    > 18 |     ).toBeVisible()
         |       ^
      19 |     const skipLink = page.getByRole('link', {
      20 |       name: 'Pular para o console operacional'
      21 |     })
        at /tmp/cvg-m1-round2-ixwtdmce/final-candidate/tests/e2e/visual-shell.spec.ts:18:7

    attachment #1: screenshot (image/png) ──────────────────────────────────────────────────────────
    test-results/visual-shell-console-shell-285eb-rol-sizing-across-viewports-chromium/test-failed-1.png
    ────────────────────────────────────────────────────────────────────────────────────────────────

    attachment #2: video (video/webm) ──────────────────────────────────────────────────────────────
    test-results/visual-shell-console-shell-285eb-rol-sizing-across-viewports-chromium/video.webm
    ────────────────────────────────────────────────────────────────────────────────────────────────

    Error Context: test-results/visual-shell-console-shell-285eb-rol-sizing-across-viewports-chromium/error-context.md

  4) [chromium] › tests/e2e/visual-shell.spec.ts:58:5 › admin control center remains navigable on a narrow viewport 

    TimeoutError: locator.fill: Timeout 10000ms exceeded.
    Call log:
    [2m  - waiting for getByLabel('ID do operador')[22m


      61 |   await page.setViewportSize({ width: 375, height: 812 })
      62 |   await page.goto('/', { waitUntil: 'networkidle' })
    > 63 |   await page.getByLabel('ID do operador').fill('operator.fixture')
         |                                           ^
      64 |   await page.getByLabel('Papel operacional').selectOption('Admin')
      65 |   await page
      66 |     .getByLabel('Tenant ID')
        at /tmp/cvg-m1-round2-ixwtdmce/final-candidate/tests/e2e/visual-shell.spec.ts:63:43

    attachment #1: screenshot (image/png) ──────────────────────────────────────────────────────────
    test-results/visual-shell-admin-control-b2fe9-igable-on-a-narrow-viewport-chromium/test-failed-1.png
    ────────────────────────────────────────────────────────────────────────────────────────────────

    attachment #2: video (video/webm) ──────────────────────────────────────────────────────────────
    test-results/visual-shell-admin-control-b2fe9-igable-on-a-narrow-viewport-chromium/video.webm
    ────────────────────────────────────────────────────────────────────────────────────────────────

    Error Context: test-results/visual-shell-admin-control-b2fe9-igable-on-a-narrow-viewport-chromium/error-context.md

  4 failed
    [chromium] › tests/e2e/audit-evidence-checkpoint.spec.ts:3:5 › seals and archives an audit evidence checkpoint without payload export 
    [chromium] › tests/e2e/platform-control-center.spec.ts:4:5 › configures, publishes and dry-runs an agent through the real web/API boundary 
    [chromium] › tests/e2e/visual-shell.spec.ts:9:5 › console shell preserves layout, focus and control sizing across viewports 
    [chromium] › tests/e2e/visual-shell.spec.ts:58:5 › admin control center remains navigable on a narrow viewport 
  2 passed (24.5s)
