
> cvg-agent-secretary-v2@1.0.0 test:e2e
> playwright test --retries=0

[1A[2K[WebServer] (node:2033581) Warning: The 'NO_COLOR' env is ignored due to the 'FORCE_COLOR' env being set.
[WebServer] (Use `node --trace-warnings ...` to show where the warning was created)

[1A[2K[WebServer] (node:2033592) Warning: The 'NO_COLOR' env is ignored due to the 'FORCE_COLOR' env being set.
[WebServer] (Use `node --trace-warnings ...` to show where the warning was created)

[1A[2K[WebServer] (node:2033746) Warning: The 'NO_COLOR' env is ignored due to the 'FORCE_COLOR' env being set.
[WebServer] (Use `node --trace-warnings ...` to show where the warning was created)


Running 6 tests using 1 worker

[1A[2K(node:2033893) Warning: The 'NO_COLOR' env is ignored due to the 'FORCE_COLOR' env being set.
(Use `node --trace-warnings ...` to show where the warning was created)


[1A[2K(node:2033893) Warning: The 'NO_COLOR' env is ignored due to the 'FORCE_COLOR' env being set.
(Use `node --trace-warnings ...` to show where the warning was created)


[1A[2K[1/6] [chromium] › tests/e2e/audit-evidence-checkpoint.spec.ts:3:5 › seals and archives an audit evidence checkpoint without payload export
[1A[2K[2/6] [chromium] › tests/e2e/http-security.spec.ts:6:5 › API HTTP security boundary enforces origin and preflight policy
[1A[2K[3/6] [chromium] › tests/e2e/platform-control-center.spec.ts:4:5 › configures, publishes and dry-runs an agent through the real web/API boundary
[1A[2K[4/6] [chromium] › tests/e2e/session-version-pinning.spec.ts:44:5 › keeps a browser/API conversation on its first published snapshot
[1A[2K[5/6] [chromium] › tests/e2e/visual-shell.spec.ts:9:5 › console shell preserves layout, focus and control sizing across viewports
[1A[2K[6/6] [chromium] › tests/e2e/visual-shell.spec.ts:58:5 › admin control center remains navigable on a narrow viewport
[1A[2K  6 passed (23.1s)
