
 RUN  v4.1.11 /tmp/m1-final-independent

 ❯ apps/web/src/__tests__/journeys-identity-race.test.tsx (13 tests | 4 failed | 9 skipped) 302ms
   × invalidates session A success on selection session_B and preserves the current operation 192ms
   × invalidates session A error on selection session_B and preserves the current operation 41ms
   × invalidates session A success on selection null and preserves the current operation 35ms
   × invalidates session A error on selection null and preserves the current operation 32ms

⎯⎯⎯⎯⎯⎯⎯ Failed Tests 4 ⎯⎯⎯⎯⎯⎯⎯

 FAIL  apps/web/src/__tests__/journeys-identity-race.test.tsx > invalidates session A success on selection session_B and preserves the current operation
 FAIL  apps/web/src/__tests__/journeys-identity-race.test.tsx > invalidates session A error on selection session_B and preserves the current operation
 FAIL  apps/web/src/__tests__/journeys-identity-race.test.tsx > invalidates session A success on selection null and preserves the current operation
 FAIL  apps/web/src/__tests__/journeys-identity-race.test.tsx > invalidates session A error on selection null and preserves the current operation
AssertionError: expected false to be true // Object.is equality

- Expected
+ Received

- true
+ false

 ❯ apps/web/src/__tests__/journeys-identity-race.test.tsx:164:33
    162|         <JourneysPanel identity={identityA} selectedSessionId={session…
    163|       )
    164|       expect(oldSignal.aborted).toBe(true)
       |                                 ^
    165|       expect(
    166|         (

⎯⎯⎯⎯⎯⎯⎯⎯⎯⎯⎯⎯⎯⎯⎯⎯⎯⎯⎯⎯⎯⎯⎯⎯[1/4]⎯


 Test Files  1 failed (1)
      Tests  4 failed | 9 skipped (13)
   Start at  12:06:34
   Duration  1.47s (transform 175ms, setup 0ms, import 353ms, tests 302ms, environment 663ms)

