
 RUN  v4.1.11 /home/ricardo/cvg-agent-secretary-v2

 ❯ apps/web/src/__tests__/journeys-identity-race.test.tsx (13 tests | 10 failed) 834ms
   × invalidates session A success on selection session_B and preserves the current operation 33ms
   × invalidates session A error on selection session_B and preserves the current operation 31ms
   × invalidates session A success on selection null and preserves the current operation 29ms
   × invalidates session A error on selection null and preserves the current operation 22ms
   × clears all form values and draft associations after tenant changes 79ms
   × clears all form values and draft associations after actor changes 71ms
   × clears all form values and draft associations after role changes 79ms
   × clears all form values and draft associations after logout changes 75ms
   × clears all form values and draft associations after session changes 39ms
   × clears all form values and draft associations after session cleared changes 41ms

⎯⎯⎯⎯⎯⎯ Failed Tests 10 ⎯⎯⎯⎯⎯⎯⎯

 FAIL  apps/web/src/__tests__/journeys-identity-race.test.tsx > invalidates session A success on selection session_B and preserves the current operation
 FAIL  apps/web/src/__tests__/journeys-identity-race.test.tsx > invalidates session A error on selection session_B and preserves the current operation
 FAIL  apps/web/src/__tests__/journeys-identity-race.test.tsx > invalidates session A success on selection null and preserves the current operation
 FAIL  apps/web/src/__tests__/journeys-identity-race.test.tsx > invalidates session A error on selection null and preserves the current operation
AssertionError: expected false to be true // Object.is equality

- Expected
+ Received

- true
+ false

 ❯ apps/web/src/__tests__/journeys-identity-race.test.tsx:159:33
    157|       const oldSignal = fetch.mock.calls[0]![1]!.signal!
    158|       view.rerender(<JourneysPanel identity={identityA} selectedSessio…
    159|       expect(oldSignal.aborted).toBe(true)
       |                                 ^
    160|       expect((screen.getByRole('button', { name: 'Carregar horários si…
    161|       expect((screen.getByRole('button', { name: 'Criar tarefa para a …

⎯⎯⎯⎯⎯⎯⎯⎯⎯⎯⎯⎯⎯⎯⎯⎯⎯⎯⎯⎯⎯⎯⎯[1/10]⎯

 FAIL  apps/web/src/__tests__/journeys-identity-race.test.tsx > clears all form values and draft associations after tenant changes
 FAIL  apps/web/src/__tests__/journeys-identity-race.test.tsx > clears all form values and draft associations after actor changes
 FAIL  apps/web/src/__tests__/journeys-identity-race.test.tsx > clears all form values and draft associations after role changes
 FAIL  apps/web/src/__tests__/journeys-identity-race.test.tsx > clears all form values and draft associations after logout changes
AssertionError: expected 'SYNTHETIC PRIVATE PET' to be 'Bolt' // Object.is equality

Expected: "Bolt"
Received: "SYNTHETIC PRIVATE PET"

 ❯ apps/web/src/__tests__/journeys-identity-race.test.tsx:210:30
    208|   fireEvent.click(screen.getByRole('button', { name: 'Salvar rascunho'…
    209|   const patientInput = await screen.findByLabelText('Nome do pet') as …
    210|   expect(patientInput.value).toBe('Bolt')
       |                              ^
    211| })
    212|

⎯⎯⎯⎯⎯⎯⎯⎯⎯⎯⎯⎯⎯⎯⎯⎯⎯⎯⎯⎯⎯⎯⎯[2/10]⎯

 FAIL  apps/web/src/__tests__/journeys-identity-race.test.tsx > clears all form values and draft associations after session changes
 FAIL  apps/web/src/__tests__/journeys-identity-race.test.tsx > clears all form values and draft associations after session cleared changes
AssertionError: expected <input …(2)></input> to be null

- Expected:
null

+ Received:
<input
  aria-label="Nome do pet"
  value="SYNTHETIC PRIVATE PET"
/>

 ❯ apps/web/src/__tests__/journeys-identity-race.test.tsx:201:50
    199|   fireEvent.change(screen.getByLabelText('Nome do pet'), { target: { v…
    200|   view.rerender(<JourneysPanel identity={nextIdentity} selectedSession…
    201|   expect(screen.queryByLabelText('Nome do pet')).toBeNull()
       |                                                  ^
    202|   expect(screen.queryByText('Draft: draft')).toBeNull()
    203|   expect(screen.queryByRole('status')).toBeNull()

⎯⎯⎯⎯⎯⎯⎯⎯⎯⎯⎯⎯⎯⎯⎯⎯⎯⎯⎯⎯⎯⎯⎯[3/10]⎯


 Test Files  1 failed (1)
      Tests  10 failed | 3 passed (13)
   Start at  11:58:29
   Duration  2.07s (transform 180ms, setup 0ms, import 374ms, tests 834ms, environment 720ms)

