
 RUN  v4.1.11 /tmp/opencode/aaa12-mutation/work-M16

 ❯ packages/channel-gateway/src/__tests__/channel-coverage-gateway-journal-paths.test.ts (16 tests | 1 failed) 78ms
     × survives a rejected markUncertain after a lost settlement 7ms
 ❯ packages/channel-gateway/src/__tests__/channel-effect-journal.test.ts (11 tests | 1 failed) 54ms
     × 7. expired lease with a late worker never produces a second send or false success 10ms
 ❯ packages/channel-gateway/src/__tests__/channel-coverage-gateway-hardening.test.ts (10 tests | 2 failed) 60ms
     × replays a record committed by another lease and emits replayed 6ms
     × marks the operation uncertain when the commit is lost after an uncertain record 3ms

 Test Files  3 failed | 8 passed (11)
      Tests  4 failed | 102 passed (106)
   Start at  21:16:09
   Duration  8.20s (transform 185ms, setup 0ms, import 966ms, tests 585ms, environment 5.52s)


⎯⎯⎯⎯⎯⎯⎯ Failed Tests 4 ⎯⎯⎯⎯⎯⎯⎯

 FAIL  packages/channel-gateway/src/__tests__/channel-coverage-gateway-hardening.test.ts > gateway replay and uncertainty hardening > replays a record committed by another lease and emits replayed
AssertionError: expected [] to have a length of 1 but got +0

- Expected
+ Received

- 1
+ 0

 ❯ packages/channel-gateway/src/__tests__/channel-coverage-gateway-hardening.test.ts:296:7
    294|     expect(
    295|       events.filter((event) => event.type === 'channel.outbound.replay…
    296|     ).toHaveLength(1)
       |       ^
    297|   })
    298|

⎯⎯⎯⎯⎯⎯⎯⎯⎯⎯⎯⎯⎯⎯⎯⎯⎯⎯⎯⎯⎯⎯⎯⎯[1/4]⎯

 FAIL  packages/channel-gateway/src/__tests__/channel-coverage-gateway-hardening.test.ts > gateway replay and uncertainty hardening > marks the operation uncertain when the commit is lost after an uncertain record
AssertionError: promise resolved "{ …(4) }" instead of rejecting

- Expected
+ Received

- Error {
-   "message": "rejected promise",
+ {
+   "accepted": true,
+   "channel": "whatsapp",
+   "externalId": "gate_msg_gateway_cov",
+   "sentAt": "2026-09-12T12:00:00.000Z",
  }

 ❯ packages/channel-gateway/src/__tests__/channel-coverage-gateway-hardening.test.ts:313:6
    311|     await expect(
    312|       gateway.dispatch(parsed, { takeoverActive: false })
    313|     ).rejects.toMatchObject({ code: 'effect_uncertain' })
       |      ^
    314|     expect(adapter.sent).toHaveLength(1)
    315|     expect(

⎯⎯⎯⎯⎯⎯⎯⎯⎯⎯⎯⎯⎯⎯⎯⎯⎯⎯⎯⎯⎯⎯⎯⎯[2/4]⎯

 FAIL  packages/channel-gateway/src/__tests__/channel-coverage-gateway-journal-paths.test.ts > gateway heartbeat and lost-settlement failure paths > survives a rejected markUncertain after a lost settlement
AssertionError: promise resolved "{ externalId: 'path_msg_paths', …(3) }" instead of rejecting

- Expected
+ Received

- Error {
-   "message": "rejected promise",
+ {
+   "accepted": true,
+   "channel": "whatsapp",
+   "externalId": "path_msg_paths",
+   "sentAt": "2026-09-12T12:00:00.000Z",
  }

 ❯ packages/channel-gateway/src/__tests__/channel-coverage-gateway-journal-paths.test.ts:597:6
    595|     await expect(
    596|       gateway.dispatch(message(), { takeoverActive: false })
    597|     ).rejects.toMatchObject({ code: 'effect_uncertain' })
       |      ^
    598|     expect(adapter.sent).toHaveLength(1)
    599|   })

⎯⎯⎯⎯⎯⎯⎯⎯⎯⎯⎯⎯⎯⎯⎯⎯⎯⎯⎯⎯⎯⎯⎯⎯[3/4]⎯

 FAIL  packages/channel-gateway/src/__tests__/channel-effect-journal.test.ts > channel effect journal contract > 7. expired lease with a late worker never produces a second send or false success
AssertionError: promise resolved "{ …(4) }" instead of rejecting

- Expected
+ Received

- Error {
-   "message": "rejected promise",
+ {
+   "accepted": true,
+   "channel": "whatsapp",
+   "externalId": "scripted_msg_journal_1",
+   "sentAt": "2026-09-12T12:00:00.000Z",
  }

 ❯ packages/channel-gateway/src/__tests__/channel-effect-journal.test.ts:315:31
    313|
    314|     releaseGate()
    315|     await expect(lateDispatch).rejects.toMatchObject({
       |                               ^
    316|       code: 'effect_uncertain'
    317|     })

⎯⎯⎯⎯⎯⎯⎯⎯⎯⎯⎯⎯⎯⎯⎯⎯⎯⎯⎯⎯⎯⎯⎯⎯[4/4]⎯

