$ npm run test:postgres -- --reporter=default --reporter=json --outputFile=certification/postgres-test-report.json
# runId=run-10a6f56ae591-muamvuyi candidateId=10a6f56ae591a718369d815b5d1b86fe19fe59284821ec857f18c11c3b26df3e gate=postgres command=npm run test:postgres -- --reporter=default --reporter=json --outputFile=certification/postgres-test-report.json
# exitCode=0 durationMs=104776


> cvg-operational-harness@1.0.0 test:postgres
> vitest run --testTimeout=60000 --no-file-parallelism packages/persistence/src/__tests__/postgres-migration-smoke.test.ts packages/persistence/src/__tests__/tenant-isolation.test.ts packages/persistence/src/__tests__/platform-postgres-smoke.test.ts packages/persistence/src/__tests__/platform-approval-postgres.test.ts packages/persistence/src/__tests__/audit-evidence-checkpoint-postgres.test.ts packages/persistence/src/__tests__/session-version-pinning-postgres.test.ts packages/persistence/src/__tests__/outbox-durability.test.ts packages/persistence/src/__tests__/effect-journal-postgres.test.ts packages/persistence/src/__tests__/channel-effect-journal-postgres.test.ts apps/api/src/__tests__/postgres-persistence-mode.test.ts apps/api/src/__tests__/webhook-security.test.ts apps/api/src/__tests__/journeys-api-postgres.test.ts apps/worker/src/__tests__/postgres-outbox-bridge.integration.test.ts packages/chaos/src/__tests__/chaos-postgres.test.ts packages/persistence/src/__tests__/journeys-postgres.test.ts apps/worker/src/__tests__/continuous-worker-postgres.integration.test.ts apps/worker/src/__tests__/postgres-role-preflight.test.ts packages/persistence/src/__tests__/attendance-approval-postgres.test.ts packages/persistence/src/__tests__/journey-task-atomicity.test.ts packages/persistence/src/__tests__/runtime-approval-store-postgres.test.ts packages/persistence/src/__tests__/operational-execution-postgres.test.ts apps/worker/src/__tests__/operational-harness-process-restart.integration.test.ts apps/worker/src/__tests__/operational-harness-synthetic-effect-postgres.integration.test.ts apps/worker/src/__tests__/operational-harness-capability-postgres.integration.test.ts apps/worker/src/__tests__/kernel-composition-postgres.integration.test.ts apps/worker/src/__tests__/operational-harness-iterative.test.ts apps/worker/src/__tests__/operational-harness-iterative-postgres.integration.test.ts apps/api/src/__tests__/approval-decision-atomicity-postgres.test.ts packages/persistence/src/__tests__/outbox-content-binding-postgres.test.ts apps/api/src/__tests__/tenant-schema-inventory-postgres.test.ts apps/api/src/__tests__/trusted-replay-distributed-postgres.test.ts apps/api/src/__tests__/rate-limit-distributed-postgres.test.ts apps/worker/src/__tests__/operational-harness-homolog.integration.test.ts apps/api/src/__tests__/homolog-correlation-postgres.test.ts apps/worker/src/__tests__/homolog-health-postgres.test.ts --reporter=default --reporter=json --outputFile=certification/postgres-test-report.json


 RUN  v4.1.11 /home/ricardo/Área de trabalho/cvg-operational-harness

 ✓ apps/api/src/__tests__/webhook-security.test.ts (16 tests) 274ms
 ✓ apps/worker/src/__tests__/operational-harness-iterative.test.ts (5 tests) 207ms
 ✓ apps/api/src/__tests__/postgres-persistence-mode.test.ts (45 tests) 3459ms
     ✓ commits and rolls back the tenant-scoped runtime finalizer atomically  809ms
     ✓ validates tenant-scoped startup with separate migration and runtime roles  1125ms
     ✓ rejects missing rate-limit table or index before PostgreSQL startup  709ms
 ✓ packages/persistence/src/__tests__/tenant-isolation.test.ts (14 tests) 1704ms
     ✓ enforces cross-tenant isolation with a non-BYPASSRLS role and resets pooled context  791ms
     ✓ quarantines legacy tenant mismatches before enabling RLS  885ms
 ✓ packages/persistence/src/__tests__/postgres-migration-smoke.test.ts (8 tests) 180ms
 ✓ packages/persistence/src/__tests__/journeys-postgres.test.ts (24 tests) 1830ms
     ✓ applies 0014 additively over a 0013 database and preserves prior data  748ms
 ✓ packages/persistence/src/__tests__/audit-evidence-checkpoint-postgres.test.ts (2 tests) 17ms
 ✓ packages/persistence/src/__tests__/journey-task-atomicity.test.ts (8 tests) 819ms
 ✓ apps/worker/src/__tests__/kernel-composition-postgres.integration.test.ts (10 tests) 1342ms
 ✓ apps/worker/src/__tests__/homolog-health-postgres.test.ts (5 tests) 766ms
     ✓ reports healthy dependencies with queue depth  755ms
 ✓ apps/api/src/__tests__/rate-limit-distributed-postgres.test.ts (6 tests) 3309ms
     ✓ shares one budget across instances and restarts  716ms
     ✓ resets the budget when the window expires  1032ms
     ✓ enforces the shared budget at the HTTP boundary  1554ms
 ✓ packages/persistence/src/__tests__/outbox-durability.test.ts (6 tests) 2430ms
     ✓ backfills a legacy processed row while RLS is already forced  445ms
     ✓ redacts legacy rows without making routable pending work disappear  430ms
     ✓ claims once across two connections, journals at-least-once ack, retries and requeues in-place  803ms
     ✓ commits inbound message and durable intent together  747ms
 ✓ apps/worker/src/__tests__/postgres-outbox-bridge.integration.test.ts (2 tests) 1250ms
     ✓ consumes the event written by the API through a separate worker pool  1248ms
 ✓ packages/persistence/src/__tests__/channel-effect-journal-postgres.test.ts (12 tests) 991ms
 ✓ packages/persistence/src/__tests__/effect-journal-postgres.test.ts (10 tests) 1004ms
 ✓ packages/persistence/src/__tests__/session-version-pinning-postgres.test.ts (2 tests) 824ms
     ✓ binds sessions atomically under the tenant-aware migration and never replaces the pin  818ms
 ✓ packages/persistence/src/__tests__/operational-execution-postgres.test.ts (3 tests) 956ms
 ✓ apps/api/src/__tests__/approval-decision-atomicity-postgres.test.ts (7 tests) 5646ms
     ✓ applies migration 0021 exactly-once guard  729ms
     ✓ blocks migration 0021 when legacy duplicate decision keys exist  814ms
     ✓ rejects a valid-looking index with the wrong definition  776ms
     ✓ rejects an invalid and not-ready unique index  746ms
     ✓ converges concurrent applications of migration 0021  743ms
     ✓ retries converge with exactly one audit event after an injected crash  941ms
     ✓ identical concurrent decisions keep one winner and one audit event  894ms
 ✓ apps/api/src/__tests__/homolog-correlation-postgres.test.ts (1 test) 959ms
     ✓ binds the response correlation to one PII-free audit event  958ms
 ✓ apps/api/src/__tests__/journeys-api-postgres.test.ts (10 tests) 2063ms
     ✓ applies migration 0014 during postgres startup before serving journeys  812ms
 ✓ apps/api/src/__tests__/tenant-schema-inventory-postgres.test.ts (4 tests) 3178ms
     ✓ every tenant_id table in the catalog is inventoried and verified  800ms
     ✓ fails when a tenant-scoped table is removed  758ms
     ✓ fails when migration 0022 is not applied  815ms
     ✓ fails a least-privilege role without grants on new tables  803ms
 ✓ apps/api/src/__tests__/trusted-replay-distributed-postgres.test.ts (2 tests) 1795ms
     ✓ rejects the same token on a second process and after restart  997ms
     ✓ fails closed when the replay store is unavailable  796ms
{"event":"worker.started","level":"info","timestamp":"2026-09-21T02:49:48.261Z","workerId":"worker-pg-continuous-192-a","concurrency":2,"pollIntervalMs":5,"idleMaxBackoffMs":5000,"errorBackoffMs":500,"errorMaxBackoffMs":30000,"leaseMs":1000,"heartbeatIntervalMs":333,"drainMs":5000,"backlogProbe":true,"sweeps":false,"externalEffects":false,"durable":true}
{"event":"worker.outbox.summary","level":"info","timestamp":"2026-09-21T02:49:48.262Z","workerId":"worker-pg-continuous-192-a","reason":"start","claimed":0,"processed":0,"failed":0,"deadLettered":0,"handoffs":0,"errors":0,"claimFailures":0,"leaseLost":0,"heartbeats":0,"idlePolls":0,"released":0,"lag":null,"inFlight":0}
{"event":"worker.metric","name":"worker_outbox_lag","value":0,"attributes":{"operation":"outbox"},"timestamp":"2026-09-21T02:49:48.286Z"}
{"event":"worker.idle_backoff","level":"debug","timestamp":"2026-09-21T02:49:48.286Z","workerId":"worker-pg-continuous-192-a","backoffMs":5,"lag":0}
{"event":"worker.idle_backoff","level":"debug","timestamp":"2026-09-21T02:49:48.295Z","workerId":"worker-pg-continuous-192-a","backoffMs":10,"lag":0}
{"event":"worker.metric","name":"worker_outbox_processed_total","value":1,"attributes":{"status":"processed"},"timestamp":"2026-09-21T02:49:48.308Z"}
{"event":"worker.outbox.processed","level":"info","timestamp":"2026-09-21T02:49:48.308Z","eventId":"outbox_6504edbf-8c82-4adb-8988-cf5ba71b9fed","workerId":"worker-pg-continuous-192-a","status":"processed","attempt":1,"leaseLost":false,"operation":"outbox"}
{"event":"worker.idle_backoff","level":"debug","timestamp":"2026-09-21T02:49:48.309Z","workerId":"worker-pg-continuous-192-a","backoffMs":20,"lag":0}
{"event":"worker.outbox.summary","level":"info","timestamp":"2026-09-21T02:49:48.316Z","workerId":"worker-pg-continuous-192-a","reason":"stop","claimed":1,"processed":1,"failed":0,"deadLettered":0,"handoffs":0,"errors":0,"claimFailures":0,"leaseLost":0,"heartbeats":0,"idlePolls":3,"released":0,"lag":0,"inFlight":0}
{"event":"worker.stopped","level":"info","timestamp":"2026-09-21T02:49:48.316Z","workerId":"worker-pg-continuous-192-a","drained":true,"released":0,"releaseFailed":0,"processed":1,"failed":0,"deadLettered":0,"lag":0}
{"event":"worker.started","level":"info","timestamp":"2026-09-21T02:49:48.324Z","workerId":"worker-pg-continuous-192-b","concurrency":2,"pollIntervalMs":5,"idleMaxBackoffMs":5000,"errorBackoffMs":500,"errorMaxBackoffMs":30000,"leaseMs":1000,"heartbeatIntervalMs":333,"drainMs":5000,"backlogProbe":true,"sweeps":false,"externalEffects":false,"durable":true}
{"event":"worker.outbox.summary","level":"info","timestamp":"2026-09-21T02:49:48.325Z","workerId":"worker-pg-continuous-192-b","reason":"start","claimed":0,"processed":0,"failed":0,"deadLettered":0,"handoffs":0,"errors":0,"claimFailures":0,"leaseLost":0,"heartbeats":0,"idlePolls":0,"released":0,"lag":null,"inFlight":0}
{"event":"worker.metric","name":"worker_outbox_lag","value":0,"attributes":{"operation":"outbox"},"timestamp":"2026-09-21T02:49:48.351Z"}
{"event":"worker.metric","name":"worker_outbox_dead_lettered_total","value":1,"attributes":{"status":"dead_letter"},"timestamp":"2026-09-21T02:49:48.362Z"}
{"event":"worker.outbox.dead_letter","level":"info","timestamp":"2026-09-21T02:49:48.362Z","eventId":"outbox_29b14920-6f4c-4996-937d-704e36ed2263","workerId":"worker-pg-continuous-192-b","status":"dead_letter","attempt":1,"leaseLost":false,"error":"[redacted-outbox-error]","operation":"outbox"}
{"event":"worker.idle_backoff","level":"debug","timestamp":"2026-09-21T02:49:48.369Z","workerId":"worker-pg-continuous-192-b","backoffMs":5,"lag":0}
{"event":"worker.metric","name":"worker_outbox_processed_total","value":1,"attributes":{"status":"processed"},"timestamp":"2026-09-21T02:49:48.369Z"}
{"event":"worker.outbox.processed","level":"info","timestamp":"2026-09-21T02:49:48.369Z","eventId":"outbox_89e46c9b-9286-4f51-99cf-6d7bba5c4fa0","workerId":"worker-pg-continuous-192-b","status":"processed","attempt":1,"leaseLost":false,"operation":"outbox"}
{"event":"worker.idle_backoff","level":"debug","timestamp":"2026-09-21T02:49:48.380Z","workerId":"worker-pg-continuous-192-b","backoffMs":10,"lag":0}
{"event":"worker.outbox.summary","level":"info","timestamp":"2026-09-21T02:49:48.381Z","workerId":"worker-pg-continuous-192-b","reason":"stop","claimed":2,"processed":1,"failed":0,"deadLettered":1,"handoffs":0,"errors":0,"claimFailures":0,"leaseLost":0,"heartbeats":0,"idlePolls":2,"released":0,"lag":0,"inFlight":0}
{"event":"worker.stopped","level":"info","timestamp":"2026-09-21T02:49:48.381Z","workerId":"worker-pg-continuous-192-b","drained":true,"released":0,"releaseFailed":0,"processed":1,"failed":0,"deadLettered":1,"lag":0}
{"event":"worker.started","level":"info","timestamp":"2026-09-21T02:49:49.337Z","workerId":"worker-pg-continuous-192-d","concurrency":2,"pollIntervalMs":5,"idleMaxBackoffMs":5000,"errorBackoffMs":500,"errorMaxBackoffMs":30000,"leaseMs":1000,"heartbeatIntervalMs":333,"drainMs":5000,"backlogProbe":true,"sweeps":false,"externalEffects":false,"durable":true}
{"event":"worker.outbox.summary","level":"info","timestamp":"2026-09-21T02:49:49.337Z","workerId":"worker-pg-continuous-192-d","reason":"start","claimed":0,"processed":0,"failed":0,"deadLettered":0,"handoffs":0,"errors":0,"claimFailures":0,"leaseLost":0,"heartbeats":0,"idlePolls":0,"released":0,"lag":null,"inFlight":0}
{"event":"worker.metric","name":"worker_outbox_lag","value":0,"attributes":{"operation":"outbox"},"timestamp":"2026-09-21T02:49:49.361Z"}
{"event":"worker.metric","name":"worker_outbox_processed_total","value":1,"attributes":{"status":"processed"},"timestamp":"2026-09-21T02:49:49.373Z"}
{"event":"worker.outbox.processed","level":"info","timestamp":"2026-09-21T02:49:49.373Z","eventId":"outbox_c81300aa-d227-49ed-aeee-dc1394f8efc2","workerId":"worker-pg-continuous-192-d","status":"processed","attempt":1,"leaseLost":false,"operation":"outbox"}
{"event":"worker.metric","name":"worker_outbox_processed_total","value":1,"attributes":{"status":"processed"},"timestamp":"2026-09-21T02:49:49.378Z"}
{"event":"worker.outbox.processed","level":"info","timestamp":"2026-09-21T02:49:49.378Z","eventId":"outbox_7fbaa551-be60-467c-910e-dbbf347c5524","workerId":"worker-pg-continuous-192-d","status":"processed","attempt":1,"leaseLost":false,"operation":"outbox"}
{"event":"worker.idle_backoff","level":"debug","timestamp":"2026-09-21T02:49:49.380Z","workerId":"worker-pg-continuous-192-d","backoffMs":5,"lag":0}
{"event":"worker.idle_backoff","level":"debug","timestamp":"2026-09-21T02:49:49.387Z","workerId":"worker-pg-continuous-192-d","backoffMs":10,"lag":0}
{"event":"worker.outbox.summary","level":"info","timestamp":"2026-09-21T02:49:49.387Z","workerId":"worker-pg-continuous-192-d","reason":"stop","claimed":2,"processed":2,"failed":0,"deadLettered":0,"handoffs":0,"errors":0,"claimFailures":0,"leaseLost":0,"heartbeats":0,"idlePolls":2,"released":0,"lag":0,"inFlight":0}
{"event":"worker.stopped","level":"info","timestamp":"2026-09-21T02:49:49.387Z","workerId":"worker-pg-continuous-192-d","drained":true,"released":0,"releaseFailed":0,"processed":2,"failed":0,"deadLettered":0,"lag":0}
{"event":"worker.started","level":"info","timestamp":"2026-09-21T02:49:49.391Z","workerId":"worker-pg-continuous-192-e","concurrency":1,"pollIntervalMs":5,"idleMaxBackoffMs":5000,"errorBackoffMs":500,"errorMaxBackoffMs":30000,"leaseMs":1000,"heartbeatIntervalMs":333,"drainMs":5000,"backlogProbe":true,"sweeps":false,"externalEffects":false,"durable":true}
{"event":"worker.outbox.summary","level":"info","timestamp":"2026-09-21T02:49:49.391Z","workerId":"worker-pg-continuous-192-e","reason":"start","claimed":0,"processed":0,"failed":0,"deadLettered":0,"handoffs":0,"errors":0,"claimFailures":0,"leaseLost":0,"heartbeats":0,"idlePolls":0,"released":0,"lag":null,"inFlight":0}
{"event":"worker.metric","name":"worker_outbox_lag","value":0,"attributes":{"operation":"outbox"},"timestamp":"2026-09-21T02:49:49.412Z"}
{"event":"worker.shutdown_release","level":"warn","timestamp":"2026-09-21T02:49:49.449Z","eventId":"outbox_0481c835-89c6-4832-ba81-db3f8588cf6d","workerId":"worker-pg-continuous-192-e","operation":"outbox"}
{"event":"worker.metric","name":"worker_outbox_shutdown_releases_total","value":1,"attributes":{"outcome":"released"},"timestamp":"2026-09-21T02:49:49.450Z"}
{"event":"worker.outbox.summary","level":"info","timestamp":"2026-09-21T02:49:49.450Z","workerId":"worker-pg-continuous-192-e","reason":"stop","claimed":1,"processed":0,"failed":0,"deadLettered":0,"handoffs":0,"errors":0,"claimFailures":0,"leaseLost":0,"heartbeats":0,"idlePolls":0,"released":1,"lag":0,"inFlight":1}
{"event":"worker.stopped","level":"info","timestamp":"2026-09-21T02:49:49.450Z","workerId":"worker-pg-continuous-192-e","drained":false,"released":1,"releaseFailed":0,"processed":0,"failed":0,"deadLettered":0,"lag":0}
{"event":"worker.event_error","level":"error","timestamp":"2026-09-21T02:49:49.453Z","eventId":"outbox_0481c835-89c6-4832-ba81-db3f8588cf6d","workerId":"worker-pg-continuous-192-e","attempt":1,"error":"outbox_error:conflict","operation":"outbox"}
{"event":"worker.metric","name":"worker_outbox_errors_total","value":1,"attributes":{"outcome":"error"},"timestamp":"2026-09-21T02:49:49.453Z"}
{"event":"worker.started","level":"info","timestamp":"2026-09-21T02:49:49.457Z","workerId":"worker-pg-continuous-192-f","concurrency":2,"pollIntervalMs":5,"idleMaxBackoffMs":5000,"errorBackoffMs":500,"errorMaxBackoffMs":30000,"leaseMs":1000,"heartbeatIntervalMs":333,"drainMs":5000,"backlogProbe":true,"sweeps":false,"externalEffects":false,"durable":true}
{"event":"worker.outbox.summary","level":"info","timestamp":"2026-09-21T02:49:49.457Z","workerId":"worker-pg-continuous-192-f","reason":"start","claimed":0,"processed":0,"failed":0,"deadLettered":0,"handoffs":0,"errors":0,"claimFailures":0,"leaseLost":0,"heartbeats":0,"idlePolls":0,"released":0,"lag":null,"inFlight":0}
{"event":"worker.metric","name":"worker_outbox_lag","value":0,"attributes":{"operation":"outbox"},"timestamp":"2026-09-21T02:49:49.476Z"}
{"event":"worker.idle_backoff","level":"debug","timestamp":"2026-09-21T02:49:49.476Z","workerId":"worker-pg-continuous-192-f","backoffMs":5,"lag":0}
{"event":"worker.idle_backoff","level":"debug","timestamp":"2026-09-21T02:49:49.485Z","workerId":"worker-pg-continuous-192-f","backoffMs":10,"lag":0}
{"event":"worker.idle_backoff","level":"debug","timestamp":"2026-09-21T02:49:49.497Z","workerId":"worker-pg-continuous-192-f","backoffMs":20,"lag":0}
{"event":"worker.idle_backoff","level":"debug","timestamp":"2026-09-21T02:49:49.520Z","workerId":"worker-pg-continuous-192-f","backoffMs":40,"lag":0}
{"event":"worker.idle_backoff","level":"debug","timestamp":"2026-09-21T02:49:49.563Z","workerId":"worker-pg-continuous-192-f","backoffMs":80,"lag":0}
{"event":"worker.idle_backoff","level":"debug","timestamp":"2026-09-21T02:49:49.645Z","workerId":"worker-pg-continuous-192-f","backoffMs":160,"lag":0}
{"event":"worker.idle_backoff","level":"debug","timestamp":"2026-09-21T02:49:49.810Z","workerId":"worker-pg-continuous-192-f","backoffMs":320,"lag":0}
{"event":"worker.idle_backoff","level":"debug","timestamp":"2026-09-21T02:49:50.134Z","workerId":"worker-pg-continuous-192-f","backoffMs":640,"lag":0}
{"event":"worker.outbox.summary","level":"info","timestamp":"2026-09-21T02:49:50.457Z","workerId":"worker-pg-continuous-192-f","reason":"interval","claimed":0,"processed":0,"failed":0,"deadLettered":0,"handoffs":0,"errors":0,"claimFailures":0,"leaseLost":0,"heartbeats":0,"idlePolls":8,"released":0,"lag":0,"inFlight":0}
{"event":"worker.metric","name":"worker_outbox_lag","value":0,"attributes":{"operation":"outbox"},"timestamp":"2026-09-21T02:49:50.783Z"}
{"event":"worker.idle_backoff","level":"debug","timestamp":"2026-09-21T02:49:50.783Z","workerId":"worker-pg-continuous-192-f","backoffMs":5,"lag":0}
{"event":"worker.idle_backoff","level":"debug","timestamp":"2026-09-21T02:49:50.790Z","workerId":"worker-pg-continuous-192-f","backoffMs":10,"lag":0}
{"event":"worker.metric","name":"worker_outbox_processed_total","value":1,"attributes":{"status":"processed"},"timestamp":"2026-09-21T02:49:50.797Z"}
{"event":"worker.outbox.processed","level":"info","timestamp":"2026-09-21T02:49:50.797Z","eventId":"outbox_0481c835-89c6-4832-ba81-db3f8588cf6d","workerId":"worker-pg-continuous-192-f","status":"processed","attempt":2,"leaseLost":false,"operation":"outbox"}
{"event":"worker.idle_backoff","level":"debug","timestamp":"2026-09-21T02:49:50.803Z","workerId":"worker-pg-continuous-192-f","backoffMs":20,"lag":0}
{"event":"worker.outbox.summary","level":"info","timestamp":"2026-09-21T02:49:50.819Z","workerId":"worker-pg-continuous-192-f","reason":"stop","claimed":1,"processed":1,"failed":0,"deadLettered":0,"handoffs":0,"errors":0,"claimFailures":0,"leaseLost":0,"heartbeats":0,"idlePolls":11,"released":0,"lag":0,"inFlight":0}
{"event":"worker.stopped","level":"info","timestamp":"2026-09-21T02:49:50.819Z","workerId":"worker-pg-continuous-192-f","drained":true,"released":0,"releaseFailed":0,"processed":1,"failed":0,"deadLettered":0,"lag":0}
 ✓ apps/worker/src/__tests__/continuous-worker-postgres.integration.test.ts (2 tests) 3328ms
     ✓ consumes events across a simulated restart and dead-letters a poison event  901ms
     ✓ observes queue lag, completes in-flight work on shutdown and releases bounded leases  2426ms
 ✓ apps/worker/src/__tests__/operational-harness-capability-postgres.integration.test.ts (4 tests) 3348ms
     ✓ replays a confirmed capability effect after a fresh pool/composition and isolates tenants  782ms
     ✓ persists an uncertain capability effect and rejects retry after fresh composition  789ms
     ✓ executes the capability through the durable PostgreSQL worker path for isolated tenants  862ms
     ✓ recovers a durable approval and executes the capability after fresh worker composition  913ms
 ✓ apps/worker/src/__tests__/operational-harness-homolog.integration.test.ts (3 tests) 7590ms
     ✓ reclaims a SIGKILLed claim in a second process with one terminal outcome  3894ms
     ✓ refuses to start without arming, database or outside homolog scope  1251ms
     ✓ drains cleanly on SIGTERM with no work pending  2443ms
 ✓ apps/worker/src/__tests__/operational-harness-iterative-postgres.integration.test.ts (1 test) 1148ms
     ✓ persists steps/checkpoints, isolates tenants, and resumes WAITING_USER on a fresh pool  1147ms
 ✓ apps/worker/src/__tests__/operational-harness-process-restart.integration.test.ts (1 test) 2079ms
     ✓ reclaims a child-process claim after fault and completes with competing worker authority  2078ms
 ✓ apps/worker/src/__tests__/operational-harness-synthetic-effect-postgres.integration.test.ts (1 test) 1043ms
     ✓ persists HTTP acceptance, one journaled synthetic effect, replay, and status  1041ms
 ✓ apps/worker/src/__tests__/postgres-role-preflight.test.ts (13 tests) 1282ms
 ✓ packages/chaos/src/__tests__/chaos-postgres.test.ts (2 tests) 78ms
 ✓ packages/persistence/src/__tests__/attendance-approval-postgres.test.ts (1 test) 828ms
     ✓ forces two connections past the same pending read and rolls back failed audit  827ms
 ✓ packages/persistence/src/__tests__/outbox-content-binding-postgres.test.ts (3 tests) 2864ms
     ✓ returns the same record for an identical replay across instances  1069ms
     ✓ rejects divergent type/payload/version without mutating the winner  921ms
     ✓ lets one concurrent divergent writer win and rejects the other  872ms
 ✓ packages/persistence/src/__tests__/platform-approval-postgres.test.ts (2 tests) 1933ms
     ✓ persists bindings and consumes approvals atomically exactly once  1017ms
     ✓ enforces tenant visibility for the durable approval table under FORCE RLS  914ms
 ✓ packages/persistence/src/__tests__/platform-postgres-smoke.test.ts (5 tests) 4204ms
     ✓ persists an immutable published version and a tenant-scoped trace  926ms
     ✓ persists versioned suites and redacted A/B run metadata under tenant RLS  820ms
     ✓ persists tenant-scoped plugin metadata with immutable identity and guarded status  792ms
     ✓ persists tenant-scoped knowledge source metadata without content or lifecycle bypass  852ms
     ✓ persists a validated release-candidate evidence ledger without mutating the version  812ms
 ✓ packages/persistence/src/__tests__/runtime-approval-store-postgres.test.ts (11 tests) 2069ms
     ✓ applies 0015 additively over 0014 with the checksum guard  874ms

 Test Files  35 passed (35)
      Tests  251 passed (251)
   Start at  23:48:47
   Duration  104.20s (transform 1.60s, setup 0ms, import 10.22s, tests 66.80s, environment 22.54s)

JSON report written to /home/ricardo/Área de trabalho/cvg-operational-harness/certification/postgres-test-report.json
