
 RUN  v4.1.11 /home/ricardo/cvg-agent-secretary-v2

 ❯ apps/api/src/__tests__/journeys-api-postgres.test.ts (7 tests | 6 failed) 347ms
     × serves the full owner, patient, slot, appointment and task journey over HTTP 115ms
     × keeps journey state tenant-isolated over HTTP 15ms
     × preserves authentication, validation and approval boundaries over PostgreSQL 14ms
     × reads created journey state back after a server restart 10ms
     × serves journeys through a direct PostgreSQL client without a pool 19ms
     × fails startup when a postgres pool cannot construct the journey repository 5ms

⎯⎯⎯⎯⎯⎯⎯ Failed Tests 6 ⎯⎯⎯⎯⎯⎯⎯

 FAIL  apps/api/src/__tests__/journeys-api-postgres.test.ts > journeys API over PostgreSQL > serves the full owner, patient, slot, appointment and task journey over HTTP
AssertionError: expected 400 to be 200 // Object.is equality

- Expected
+ Received

- 200
+ 400

 ❯ createOwnerDraft apps/api/src/__tests__/journeys-api-postgres.test.ts:122:33
    120|       }
    121|     })
    122|     expect(response.statusCode).toBe(200)
       |                                 ^
    123|     return (response.json() as Envelope<OwnerDraft>).data!
    124|   }
 ❯ apps/api/src/__tests__/journeys-api-postgres.test.ts:162:21

⎯⎯⎯⎯⎯⎯⎯⎯⎯⎯⎯⎯⎯⎯⎯⎯⎯⎯⎯⎯⎯⎯⎯⎯[1/6]⎯

 FAIL  apps/api/src/__tests__/journeys-api-postgres.test.ts > journeys API over PostgreSQL > keeps journey state tenant-isolated over HTTP
AssertionError: expected 400 to be 200 // Object.is equality

- Expected
+ Received

- 200
+ 400

 ❯ createOwnerDraft apps/api/src/__tests__/journeys-api-postgres.test.ts:122:33
    120|       }
    121|     })
    122|     expect(response.statusCode).toBe(200)
       |                                 ^
    123|     return (response.json() as Envelope<OwnerDraft>).data!
    124|   }
 ❯ apps/api/src/__tests__/journeys-api-postgres.test.ts:333:21

⎯⎯⎯⎯⎯⎯⎯⎯⎯⎯⎯⎯⎯⎯⎯⎯⎯⎯⎯⎯⎯⎯⎯⎯[2/6]⎯

 FAIL  apps/api/src/__tests__/journeys-api-postgres.test.ts > journeys API over PostgreSQL > preserves authentication, validation and approval boundaries over PostgreSQL
AssertionError: expected 'invalid_action' to be 'validation_failed' // Object.is equality

Expected: "validation_failed"
Received: "invalid_action"

 ❯ apps/api/src/__tests__/journeys-api-postgres.test.ts:426:68
    424|       })
    425|       expect(invalidPhone.statusCode).toBe(400)
    426|       expect((invalidPhone.json() as Envelope<never>).error?.code).toB…
       |                                                                    ^
    427|         'validation_failed'
    428|       )

⎯⎯⎯⎯⎯⎯⎯⎯⎯⎯⎯⎯⎯⎯⎯⎯⎯⎯⎯⎯⎯⎯⎯⎯[3/6]⎯

 FAIL  apps/api/src/__tests__/journeys-api-postgres.test.ts > journeys API over PostgreSQL > reads created journey state back after a server restart
AssertionError: expected 400 to be 200 // Object.is equality

- Expected
+ Received

- 200
+ 400

 ❯ createOwnerDraft apps/api/src/__tests__/journeys-api-postgres.test.ts:122:33
    120|       }
    121|     })
    122|     expect(response.statusCode).toBe(200)
       |                                 ^
    123|     return (response.json() as Envelope<OwnerDraft>).data!
    124|   }
 ❯ apps/api/src/__tests__/journeys-api-postgres.test.ts:482:19

⎯⎯⎯⎯⎯⎯⎯⎯⎯⎯⎯⎯⎯⎯⎯⎯⎯⎯⎯⎯⎯⎯⎯⎯[4/6]⎯

 FAIL  apps/api/src/__tests__/journeys-api-postgres.test.ts > journeys API over PostgreSQL > serves journeys through a direct PostgreSQL client without a pool
AssertionError: expected 400 to be 200 // Object.is equality

- Expected
+ Received

- 200
+ 400

 ❯ createOwnerDraft apps/api/src/__tests__/journeys-api-postgres.test.ts:122:33
    120|       }
    121|     })
    122|     expect(response.statusCode).toBe(200)
       |                                 ^
    123|     return (response.json() as Envelope<OwnerDraft>).data!
    124|   }
 ❯ apps/api/src/__tests__/journeys-api-postgres.test.ts:593:21

⎯⎯⎯⎯⎯⎯⎯⎯⎯⎯⎯⎯⎯⎯⎯⎯⎯⎯⎯⎯⎯⎯⎯⎯[5/6]⎯

 FAIL  apps/api/src/__tests__/journeys-api-postgres.test.ts > journeys API over PostgreSQL > fails startup when a postgres pool cannot construct the journey repository
AssertionError: expected [Function] to throw an error

- Expected:
null

+ Received:
undefined

 ❯ apps/api/src/__tests__/journeys-api-postgres.test.ts:678:7
    676|         persistence: { kind: 'postgres-pool', pool: {} as never }
    677|       })
    678|     ).toThrow(
       |       ^
    679|       'PostgreSQL journey persistence requires a pool adapter with con…
    680|     )

⎯⎯⎯⎯⎯⎯⎯⎯⎯⎯⎯⎯⎯⎯⎯⎯⎯⎯⎯⎯⎯⎯⎯⎯[6/6]⎯


 Test Files  1 failed (1)
      Tests  6 failed | 1 passed (7)
   Start at  03:54:41
   Duration  1.84s (transform 588ms, setup 0ms, import 842ms, tests 347ms, environment 531ms)

