
⎯⎯⎯⎯⎯⎯ Failed Tests 24 ⎯⎯⎯⎯⎯⎯⎯

 FAIL  tests/product-boundary.test.js > harness product boundary > rejects loader capability chains through the API and CLI: const delegate=require; const api=delegate('node:module'); const fetch=api.createRequire(__filename); fetch('../../../products/shift/src/index.ts')
 FAIL  tests/product-boundary.test.js > harness product boundary > rejects loader capability chains through the API and CLI: const {createRequire: make}=module.require('module'); const fetch=make(__filename); fetch('../../../products/shift/src/index.ts')
 FAIL  tests/product-boundary.test.js > harness product boundary > rejects loader capability chains through the API and CLI: const current=module; current.require('../../../products/shift/src/index.ts')
 FAIL  tests/product-boundary.test.js > harness product boundary > rejects loader capability chains through the API and CLI: const property='require'; module[property]('../../../products/shift/src/index.ts')
 FAIL  tests/product-boundary.test.js > harness product boundary > rejects loader capability chains through the API and CLI: const lookup=require.resolve; const lookupAgain=lookup; lookupAgain('../../../products/shift/src/index.ts')
AssertionError: expected true to be false // Object.is equality

- Expected
+ Received

- false
+ true

 ❯ tests/product-boundary.test.js:75:28
     73|       write('packages/core/src/entry.cjs', source)
     74|       const audit = auditProductBoundary(root)
     75|       expect(audit.passed).toBe(false)
       |                            ^
     76|       expect(
     77|         audit.violations.length + audit.diagnostics.length

⎯⎯⎯⎯⎯⎯⎯⎯⎯⎯⎯⎯⎯⎯⎯⎯⎯⎯⎯⎯⎯⎯⎯[1/24]⎯

 FAIL  tests/product-boundary.test.js > harness product boundary > visits runtime hidden by neutral declarations: import p from '../products/shift/src/index.ts'; export const value=p
 FAIL  tests/product-boundary.test.js > harness product boundary > visits runtime hidden by neutral declarations: export const value=process.env.SHIFT_PORT
AssertionError: expected true to be false // Object.is equality

- Expected
+ Received

- false
+ true

 ❯ tests/product-boundary.test.js:99:26
     97|     write('tools/transport.mjs', runtime)
     98|     const audit = auditProductBoundary(root)
     99|     expect(audit.passed).toBe(false)
       |                          ^
    100|     expect(
    101|       [...audit.violations, ...audit.diagnostics].some(

⎯⎯⎯⎯⎯⎯⎯⎯⎯⎯⎯⎯⎯⎯⎯⎯⎯⎯⎯⎯⎯⎯⎯[2/24]⎯

 FAIL  tests/product-boundary.test.js > harness product boundary > walks both type and physical runtime closures for .mjs
 FAIL  tests/product-boundary.test.js > harness product boundary > walks both type and physical runtime closures for .cjs
 FAIL  tests/product-boundary.test.js > harness product boundary > walks both type and physical runtime closures for .js
AssertionError: expected false to be true // Object.is equality

- Expected
+ Received

- true
+ false

 ❯ tests/product-boundary.test.js:127:9
    125|           issue.trail.includes(`tools/adapter.${extension}`)
    126|         )
    127|       ).toBe(true)
       |         ^
    128|       expect(cli(root).status).toBe(1)
    129|     }

⎯⎯⎯⎯⎯⎯⎯⎯⎯⎯⎯⎯⎯⎯⎯⎯⎯⎯⎯⎯⎯⎯⎯[3/24]⎯

 FAIL  tests/product-boundary.test.js > harness product boundary > preserves neutral runtime plus declarations and type-only exports
AssertionError: expected false to be true // Object.is equality

- Expected
+ Received

- true
+ false

 ❯ tests/product-boundary.test.js:169:47
    167|     )
    168|     write('tools/types.d.ts', 'export interface Value {id:string}')
    169|     expect(auditProductBoundary(root).passed).toBe(true)
       |                                               ^
    170|     expect(cli(root).status).toBe(0)
    171|   })

⎯⎯⎯⎯⎯⎯⎯⎯⎯⎯⎯⎯⎯⎯⎯⎯⎯⎯⎯⎯⎯⎯⎯[4/24]⎯

 FAIL  tests/product-boundary.test.js > harness product boundary > fails closed on uncertain capability/anchor/resolution: const current=module; const property=getProperty(); current[property]('node:fs')
 FAIL  tests/product-boundary.test.js > harness product boundary > fails closed on uncertain capability/anchor/resolution: const lookup=require.resolve; forward(lookup)
 FAIL  tests/product-boundary.test.js > harness product boundary > fails closed on uncertain capability/anchor/resolution: const lookup=require.resolve; lookup(target)
 FAIL  tests/product-boundary.test.js > harness product boundary > fails closed on uncertain capability/anchor/resolution: const lookup=require.resolve; lookup('some-package',{paths:['/other']})
 FAIL  tests/product-boundary.test.js > harness product boundary > fails closed on uncertain capability/anchor/resolution: const delegate=require; const api=delegate('node:module'); const property=getProperty(); api[property](__filename)
 FAIL  tests/product-boundary.test.js > harness product boundary > fails closed on uncertain capability/anchor/resolution: const delegate=require; const api=delegate('node:module'); const make=api.createRequire; const fetch=make(base); fetch('node:fs')
 FAIL  tests/product-boundary.test.js > harness product boundary > fails closed on uncertain capability/anchor/resolution: const current=module; export {current}
AssertionError: expected true to be false // Object.is equality

- Expected
+ Received

- false
+ true

 ❯ tests/product-boundary.test.js:184:26
    182|     write('packages/core/src/entry.cjs', source)
    183|     const audit = auditProductBoundary(root)
    184|     expect(audit.passed).toBe(false)
       |                          ^
    185|     expect(audit.diagnostics.length).toBeGreaterThan(0)
    186|     expect(cli(root).status).toBe(1)

⎯⎯⎯⎯⎯⎯⎯⎯⎯⎯⎯⎯⎯⎯⎯⎯⎯⎯⎯⎯⎯⎯⎯[5/24]⎯

 FAIL  tests/product-boundary.test.js > harness product boundary > rejects declaration-only evidence for a missing runtime
AssertionError: expected true to be false // Object.is equality

- Expected
+ Received

- false
+ true

 ❯ tests/product-boundary.test.js:193:26
    191|     write('tools/missing.d.mts', 'export declare const value:number')
    192|     const audit = auditProductBoundary(root)
    193|     expect(audit.passed).toBe(false)
       |                          ^
    194|     expect(
    195|       audit.diagnostics.some(

⎯⎯⎯⎯⎯⎯⎯⎯⎯⎯⎯⎯⎯⎯⎯⎯⎯⎯⎯⎯⎯⎯⎯[6/24]⎯

 FAIL  tests/product-boundary.test.js > harness product boundary > uses Node import conditions alongside types for package exports
 FAIL  tests/product-boundary.test.js > harness product boundary > uses Node require conditions alongside types for package exports
AssertionError: expected false to be true // Object.is equality

- Expected
+ Received

- true
+ false

 ❯ tests/product-boundary.test.js:252:9
    250|           )
    251|         )
    252|       ).toBe(true)
       |         ^
    253|       expect(cli(root).status).toBe(1)
    254|       // The unused Node condition stays outside the resolved closure.

⎯⎯⎯⎯⎯⎯⎯⎯⎯⎯⎯⎯⎯⎯⎯⎯⎯⎯⎯⎯⎯⎯⎯[7/24]⎯

 FAIL  tests/product-boundary.test.js > harness product boundary > does not substitute a package types implementation for unknown runtime conditions
AssertionError: expected true to be false // Object.is equality

- Expected
+ Received

- false
+ true

 ❯ tests/product-boundary.test.js:287:26
    285|     write('packages/core/src/entry.mjs', "import 'utility'")
    286|     let audit = auditProductBoundary(root)
    287|     expect(audit.passed).toBe(false)
       |                          ^
    288|     expect(
    289|       audit.diagnostics.some(

⎯⎯⎯⎯⎯⎯⎯⎯⎯⎯⎯⎯⎯⎯⎯⎯⎯⎯⎯⎯⎯⎯⎯[8/24]⎯

 FAIL  tests/product-boundary.test.js > harness product boundary > uses type-only Node import and require conditions without visiting runtime
AssertionError: expected false to be true // Object.is equality

- Expected
+ Received

- true
+ false

 ❯ tests/product-boundary.test.js:340:47
    338|       "export type {Value} from 'utility'"
    339|     )
    340|     expect(auditProductBoundary(root).passed).toBe(true)
       |                                               ^
    341|     expect(cli(root).status).toBe(0)
    342|     fs.unlinkSync(path.join(root, 'packages/core/src/type-only.mts'))

⎯⎯⎯⎯⎯⎯⎯⎯⎯⎯⎯⎯⎯⎯⎯⎯⎯⎯⎯⎯⎯⎯⎯[9/24]⎯

 FAIL  tests/product-boundary.test.js > harness product boundary > keeps explicit TypeScript extension substitution for unbuilt neutral sources
AssertionError: expected false to be true // Object.is equality

- Expected
+ Received

- true
+ false

 ❯ tests/product-boundary.test.js:365:47
    363|       "import {type Module, createRequire} from 'node:module'; const f…
    364|     )
    365|     expect(auditProductBoundary(root).passed).toBe(true)
       |                                               ^
    366|     expect(cli(root).status).toBe(0)
    367|   })

⎯⎯⎯⎯⎯⎯⎯⎯⎯⎯⎯⎯⎯⎯⎯⎯⎯⎯⎯⎯⎯⎯[10/24]⎯

