
 RUN  v4.1.11 /home/ricardo/.cache/cvg-harness-audit-actions-20261003/c1-builder/baseline-expanded

 × tests/product-boundary.test.js > harness product boundary > rejects loader capability chains through the API and CLI: const delegate=require; const api=delegate('node:module'); const fetch=api.createRequire(__filename); fetch('../../../products/shift/src/index.ts') 32ms
   → expected true to be false // Object.is equality
 × tests/product-boundary.test.js > harness product boundary > rejects loader capability chains through the API and CLI: const {createRequire: make}=module.require('module'); const fetch=make(__filename); fetch('../../../products/shift/src/index.ts') 6ms
   → expected true to be false // Object.is equality
 × tests/product-boundary.test.js > harness product boundary > rejects loader capability chains through the API and CLI: const current=module; current.require('../../../products/shift/src/index.ts') 4ms
   → expected true to be false // Object.is equality
 × tests/product-boundary.test.js > harness product boundary > rejects loader capability chains through the API and CLI: const property='require'; module[property]('../../../products/shift/src/index.ts') 4ms
   → expected true to be false // Object.is equality
 × tests/product-boundary.test.js > harness product boundary > rejects loader capability chains through the API and CLI: const lookup=require.resolve; const lookupAgain=lookup; lookupAgain('../../../products/shift/src/index.ts') 5ms
   → expected true to be false // Object.is equality
 × tests/product-boundary.test.js > harness product boundary > visits runtime hidden by neutral declarations: import p from '../products/shift/src/index.ts'; export const value=p 6ms
   → expected true to be false // Object.is equality
 × tests/product-boundary.test.js > harness product boundary > visits runtime hidden by neutral declarations: export const value=process.env.SHIFT_PORT 4ms
   → expected true to be false // Object.is equality
 × tests/product-boundary.test.js > harness product boundary > walks both type and physical runtime closures for .mjs 4ms
   → expected false to be true // Object.is equality
 × tests/product-boundary.test.js > harness product boundary > walks both type and physical runtime closures for .cjs 5ms
   → expected false to be true // Object.is equality
 × tests/product-boundary.test.js > harness product boundary > walks both type and physical runtime closures for .js 4ms
   → expected false to be true // Object.is equality
 ✓ tests/product-boundary.test.js > harness product boundary > retains the type closure when the runtime is neutral 210ms
 ✓ tests/product-boundary.test.js > harness product boundary > preserves neutral loader aliases: const dispatch=require; const api=dispatch('module'); const make=api['createRequire']; const fetch=make(__filename); const again=fetch; again('node:fs') 235ms
 ✓ tests/product-boundary.test.js > harness product boundary > preserves neutral loader aliases: const {createRequire: make}=module.require('node:module'); make(__filename)('node:fs') 211ms
 ✓ tests/product-boundary.test.js > harness product boundary > preserves neutral loader aliases: const current=module; const next=current; next['require']('node:fs') 201ms
 ✓ tests/product-boundary.test.js > harness product boundary > preserves neutral loader aliases: const lookup=require.resolve; const next=lookup; next('node:fs') 211ms
 ✓ tests/product-boundary.test.js > harness product boundary > preserves neutral loader aliases: const dispatch=require; dispatch('./data.cjs') 215ms
 × tests/product-boundary.test.js > harness product boundary > preserves neutral runtime plus declarations and type-only exports 5ms
   → expected false to be true // Object.is equality
 × tests/product-boundary.test.js > harness product boundary > fails closed on uncertain capability/anchor/resolution: const current=module; const property=getProperty(); current[property]('node:fs') 4ms
   → expected true to be false // Object.is equality
 × tests/product-boundary.test.js > harness product boundary > fails closed on uncertain capability/anchor/resolution: const lookup=require.resolve; forward(lookup) 4ms
   → expected true to be false // Object.is equality
 × tests/product-boundary.test.js > harness product boundary > fails closed on uncertain capability/anchor/resolution: const lookup=require.resolve; lookup(target) 5ms
   → expected true to be false // Object.is equality
 × tests/product-boundary.test.js > harness product boundary > fails closed on uncertain capability/anchor/resolution: const lookup=require.resolve; lookup('some-package',{paths:['/other']}) 3ms
   → expected true to be false // Object.is equality
 × tests/product-boundary.test.js > harness product boundary > fails closed on uncertain capability/anchor/resolution: const delegate=require; const api=delegate('node:module'); const property=getProperty(); api[property](__filename) 3ms
   → expected true to be false // Object.is equality
 × tests/product-boundary.test.js > harness product boundary > fails closed on uncertain capability/anchor/resolution: const delegate=require; const api=delegate('node:module'); const make=api.createRequire; const fetch=make(base); fetch('node:fs') 3ms
   → expected true to be false // Object.is equality
 × tests/product-boundary.test.js > harness product boundary > fails closed on uncertain capability/anchor/resolution: const current=module; export {current} 3ms
   → expected true to be false // Object.is equality
 × tests/product-boundary.test.js > harness product boundary > rejects declaration-only evidence for a missing runtime 3ms
   → expected true to be false // Object.is equality
 × tests/product-boundary.test.js > harness product boundary > uses Node import conditions alongside types for package exports 5ms
   → expected false to be true // Object.is equality
 × tests/product-boundary.test.js > harness product boundary > uses Node require conditions alongside types for package exports 5ms
   → expected false to be true // Object.is equality
 × tests/product-boundary.test.js > harness product boundary > does not substitute a package types implementation for unknown runtime conditions 5ms
   → expected true to be false // Object.is equality
 × tests/product-boundary.test.js > harness product boundary > uses type-only Node import and require conditions without visiting runtime 4ms
   → expected false to be true // Object.is equality
 × tests/product-boundary.test.js > harness product boundary > keeps explicit TypeScript extension substitution for unbuilt neutral sources 3ms
   → expected false to be true // Object.is equality
 ✓ tests/product-boundary.test.js > harness product boundary > resolves stylesheet assets and still rejects product assets 5ms
 ✓ tests/product-boundary.test.js > harness product boundary > allows a product to consume neutral public contracts 2ms
 ✓ tests/product-boundary.test.js > harness product boundary > rejects forbidden source reference import { use } from '../../../products/shift/src/index.ts' 3ms
 ✓ tests/product-boundary.test.js > harness product boundary > rejects forbidden source reference import { use } from '@private/product' 2ms
 ✓ tests/product-boundary.test.js > harness product boundary > rejects forbidden source reference export { use } from '@private/product' 3ms
 ✓ tests/product-boundary.test.js > harness product boundary > rejects forbidden source reference const load = () => import('@private/product') 3ms
 ✓ tests/product-boundary.test.js > harness product boundary > rejects forbidden source reference const load = () => require('@private/product') 3ms
 ✓ tests/product-boundary.test.js > harness product boundary > rejects forbidden source reference type Value = import('@private/product').Value 4ms
 ✓ tests/product-boundary.test.js > harness product boundary > rejects a transitive relative reference through legacy code 4ms
 ✓ tests/product-boundary.test.js > harness product boundary > walks local intermediates outside workspace roots: scripts/bridge.ts 3ms
 ✓ tests/product-boundary.test.js > harness product boundary > walks local intermediates outside workspace roots: scripts/bridge.d.ts 3ms
 ✓ tests/product-boundary.test.js > harness product boundary > walks local intermediates outside workspace roots: tools/bridge.mjs 3ms
 ✓ tests/product-boundary.test.js > harness product boundary > walks declaration reference directives 4ms
 ✓ tests/product-boundary.test.js > harness product boundary > walks declaration type reference directives 4ms
 ✓ tests/product-boundary.test.js > harness product boundary > rejects consumer environment read through a local script bridge 4ms
 ✓ tests/product-boundary.test.js > harness product boundary > rejects supported module loader references: import { createRequire } from 'node:module'; const load=createRequire(import.meta.url); load('@private/product') 4ms
 ✓ tests/product-boundary.test.js > harness product boundary > rejects supported module loader references: import { createRequire as cr } from 'module'; const load=cr(import.meta.url); load('@private/product') 4ms
 ✓ tests/product-boundary.test.js > harness product boundary > rejects supported module loader references: import * as moduleApi from 'node:module'; const load=moduleApi.createRequire(import.meta.url); load('@private/product') 3ms
 ✓ tests/product-boundary.test.js > harness product boundary > rejects supported module loader references: import moduleApi from 'node:module'; const load=moduleApi['createRequire'](import.meta.url); load('@private/product') 3ms
 ✓ tests/product-boundary.test.js > harness product boundary > rejects supported module loader references: const {createRequire: cr}=require('node:module'); const load=cr(__filename); load('@private/product') 3ms
 ✓ tests/product-boundary.test.js > harness product boundary > rejects supported module loader references: import { createRequire as cr } from 'node:module'; const make=cr; const load=make(import.meta.url); const alias=load; alias('@private/product') 3ms
 ✓ tests/product-boundary.test.js > harness product boundary > rejects supported module loader references: import { createRequire } from 'node:module'; let load; load=createRequire(import.meta.url); load('@private/product') 6ms
 ✓ tests/product-boundary.test.js > harness product boundary > rejects supported module loader references: import { createRequire } from 'node:module'; createRequire(import.meta.url)('@private/product') 3ms
 ✓ tests/product-boundary.test.js > harness product boundary > rejects supported module loader references: import { createRequire } from 'node:module'; const load=createRequire(import.meta.url); load.resolve('@private/product') 3ms
 ✓ tests/product-boundary.test.js > harness product boundary > rejects supported module loader references: module.require('@private/product') 3ms
 ✓ tests/product-boundary.test.js > harness product boundary > fails closed on unknown/escaping loader capabilities: import { createRequire } from 'node:module'; const load=createRequire(import.meta.url); const target='@private/product'; load(target) 3ms
 ✓ tests/product-boundary.test.js > harness product boundary > fails closed on unknown/escaping loader capabilities: import { createRequire } from 'node:module'; const load=createRequire(import.meta.url); load.resolve(target) 3ms
 ✓ tests/product-boundary.test.js > harness product boundary > fails closed on unknown/escaping loader capabilities: import { createRequire } from 'node:module'; const load=createRequire(base); load('node:fs') 3ms
 ✓ tests/product-boundary.test.js > harness product boundary > fails closed on unknown/escaping loader capabilities: import { createRequire } from 'node:module'; const load=createRequire(import.meta.url); invoke(load) 3ms
 ✓ tests/product-boundary.test.js > harness product boundary > fails closed on unknown/escaping loader capabilities: import { createRequire } from 'node:module'; const load=createRequire(import.meta.url); export {load} 3ms
 ✓ tests/product-boundary.test.js > harness product boundary > fails closed on unknown/escaping loader capabilities: import { createRequire } from 'node:module'; export const make=createRequire 2ms
 ✓ tests/product-boundary.test.js > harness product boundary > fails closed on unknown/escaping loader capabilities: import { createRequire } from 'node:module'; export const load=createRequire(import.meta.url) 2ms
 ✓ tests/product-boundary.test.js > harness product boundary > fails closed on unknown/escaping loader capabilities: export {createRequire as make} from 'node:module' 2ms
 ✓ tests/product-boundary.test.js > harness product boundary > fails closed on unknown/escaping loader capabilities: export * from 'node:module' 2ms
 ✓ tests/product-boundary.test.js > harness product boundary > fails closed on unknown/escaping loader capabilities: import {register} from 'node:module'; register('@private/product',import.meta.url) 2ms
 ✓ tests/product-boundary.test.js > harness product boundary > fails closed on unknown/escaping loader capabilities: import * as mod from 'node:module'; mod.register('@private/product',import.meta.url) 2ms
 ✓ tests/product-boundary.test.js > harness product boundary > fails closed on unknown/escaping loader capabilities: import {createRequire} from 'node:module'; function factory(){return createRequire(import.meta.url)}; factory()(target) 3ms
 ✓ tests/product-boundary.test.js > harness product boundary > fails closed on unknown/escaping loader capabilities: const {createRequire}=await import('node:module'); const load=createRequire(import.meta.url); load('@private/product') 3ms
 ✓ tests/product-boundary.test.js > harness product boundary > fails closed on unknown/escaping loader capabilities: function factory(){return require('node:module')}; factory().createRequire(base)(target) 3ms
 ✓ tests/product-boundary.test.js > harness product boundary > fails closed on unknown/escaping loader capabilities: const {register}=require('node:module'); register(target,base) 3ms
 ✓ tests/product-boundary.test.js > harness product boundary > fails closed on unknown/escaping loader capabilities: import * as moduleApi from 'node:module'; const key='createRequire'; const load=moduleApi[key](import.meta.url); load('node:fs') 3ms
 ✓ tests/product-boundary.test.js > harness product boundary > allows a local anchored loader of neutral modules and builtins 2ms
 ✓ tests/product-boundary.test.js > harness product boundary > distinguishes a policy method named require from a module loader 3ms
 ✓ tests/product-boundary.test.js > harness product boundary > allows declaration-only domain methods without omitting declarations 2ms
 ✓ tests/product-boundary.test.js > harness product boundary > rejects an unused development dependency on the consumer 2ms
 ✓ tests/product-boundary.test.js > harness product boundary > rejects a manifest dependency even when unused by sources 2ms
 ✓ tests/product-boundary.test.js > harness product boundary > fails closed on an unknowable dynamic reference 3ms
 ✓ tests/product-boundary.test.js > harness product boundary > rejects consumer environment keys in core 2ms

 Test Files  1 failed (1)
      Tests  24 failed | 54 passed (78)
   Start at  08:54:46
   Duration  2.41s (transform 38ms, setup 0ms, import 196ms, tests 1.56s, environment 547ms)

JSON report written to /home/ricardo/Área de trabalho/cvg-operational-harness/docs/04_audit/evidence/HARNESS-ISO-EXEC-20261003/audit-actions/c1-builder/expanded-baseline.json
