
 RUN  v4.1.11 /tmp/opencode/aaa12-mutation/work-M05

 ❯ packages/channel-gateway/src/__tests__/channel-coverage-gateway-journal-paths.test.ts (16 tests | 1 failed) 95ms
     × detects a payload conflict on the file adapter without rewriting bytes 9ms

 Test Files  1 failed | 10 passed (11)
      Tests  1 failed | 105 passed (106)
   Start at  21:13:51
   Duration  10.59s (transform 279ms, setup 0ms, import 1.32s, tests 804ms, environment 7.04s)


⎯⎯⎯⎯⎯⎯⎯ Failed Tests 1 ⎯⎯⎯⎯⎯⎯⎯

 FAIL  packages/channel-gateway/src/__tests__/channel-coverage-gateway-journal-paths.test.ts > file journal crash-write and storage-failure paths > detects a payload conflict on the file adapter without rewriting bytes
AssertionError: expected 'replay' to be 'conflict' // Object.is equality

Expected: "conflict"
Received: "replay"

 ❯ packages/channel-gateway/src/__tests__/channel-coverage-gateway-journal-paths.test.ts:389:30
    387|       leaseMs: 10_000
    388|     })
    389|     expect(conflict.outcome).toBe('conflict')
       |                              ^
    390|     expect(await readFile(recordPath(directory, identity), 'utf8')).to…
    391|   })

⎯⎯⎯⎯⎯⎯⎯⎯⎯⎯⎯⎯⎯⎯⎯⎯⎯⎯⎯⎯⎯⎯⎯⎯[1/1]⎯

