{"id":"public-root","expected":"PASS","api":"PASS","cli":0,"matched":true}
{"id":"archived-positive-neutral","expected":"PASS","api":"PASS","cli":0,"matched":true}
{"id":"archived-negative-direct","expected":"REJECT","api":"FAIL","cli":1,"matched":true}
{"id":"archived-negative-anchored","expected":"REJECT","api":"FAIL","cli":1,"matched":true}
{"id":"archived-negative-alias-namespace","expected":"REJECT","api":"FAIL","cli":1,"matched":true}
{"id":"archived-negative-module-require-factory","expected":"REJECT","api":"FAIL","cli":1,"matched":true}
{"id":"archived-negative-commonjs-module-alias","expected":"REJECT","api":"FAIL","cli":1,"matched":true}
{"id":"archived-negative-commonjs-computed","expected":"REJECT","api":"INCOMPLETE","cli":1,"matched":true}
{"id":"archived-negative-resolve-alias","expected":"REJECT","api":"FAIL","cli":1,"matched":true}
{"id":"archived-negative-script-declaration-shadow","expected":"REJECT","api":"FAIL","cli":1,"matched":true}
{"id":"archived-negative-script-no-shadow","expected":"REJECT","api":"FAIL","cli":1,"matched":true}
{"id":"archived-positive-script-declaration","expected":"PASS","api":"PASS","cli":0,"matched":true}
{"id":"archived-negative-unknown-import","expected":"REJECT","api":"INCOMPLETE","cli":1,"matched":true}
{"id":"archived-positive-domain-method","expected":"PASS","api":"PASS","cli":0,"matched":true}
{"id":"archived-negative-script-env-shadow","expected":"REJECT","api":"FAIL","cli":1,"matched":true}
{"id":"archived-positive-anchored-neutral","expected":"PASS","api":"PASS","cli":0,"matched":true}
{"id":"archived-negative-dev-manifest","expected":"REJECT","api":"FAIL","cli":1,"matched":true}
{"id":"archived-negative-type-reference","expected":"REJECT","api":"FAIL","cli":1,"matched":true}
{"id":"positive-alias-fixedpoint","expected":"PASS","api":"PASS","cli":0,"matched":true,"runtime":"neutral"}
{"id":"negative-alias-fixedpoint","expected":"REJECT","api":"FAIL","cli":1,"matched":true,"runtime":"PRODUCT_LOADED"}
{"id":"positive-module-host","expected":"PASS","api":"PASS","cli":0,"matched":true,"runtime":"neutral"}
{"id":"negative-module-host","expected":"REJECT","api":"FAIL","cli":1,"matched":true,"runtime":"PRODUCT_LOADED"}
{"id":"positive-namespace-factory","expected":"PASS","api":"PASS","cli":0,"matched":true,"runtime":"neutral"}
{"id":"negative-namespace-factory","expected":"REJECT","api":"FAIL","cli":1,"matched":true,"runtime":"PRODUCT_LOADED"}
{"id":"unknown-dynamic-import","expected":"INCOMPLETE","api":"INCOMPLETE","cli":1,"matched":true,"runtime":"PRODUCT_LOADED"}
{"id":"unknown-computed-module-property","expected":"INCOMPLETE","api":"INCOMPLETE","cli":1,"matched":true,"runtime":""}
{"id":"unknown-resolver-target","expected":"INCOMPLETE","api":"INCOMPLETE","cli":1,"matched":true,"runtime":"/home/ricardo/.cache/cvg-harness-audit-actions-20261003/c1-posterior-critic/adversarial/unknown-resolver-target/products/shift/src/index.cjs"}
{"id":"positive-process-module-capability","expected":"PASS","api":"PASS","cli":0,"matched":true,"runtime":"neutral"}
{"id":"negative-process-module-capability","expected":"REJECT","api":"PASS","cli":0,"matched":false,"runtime":"PRODUCT_LOADED"}
{"id":"unknown-process-module-capability-product","expected":"INCOMPLETE","api":"PASS","cli":0,"matched":false,"runtime":"PRODUCT_LOADED"}
{"id":"unknown-process-module-capability-neutral","expected":"INCOMPLETE","api":"PASS","cli":0,"matched":false,"runtime":"neutral"}
{"id":"negative-main-module-loader","expected":"REJECT","api":"PASS","cli":0,"matched":false,"runtime":"PRODUCT_LOADED"}
{"id":"positive-domain-require","expected":"PASS","api":"PASS","cli":0,"matched":true,"runtime":"neutral"}
{"id":"positive-runtime-declaration-mjs","expected":"PASS","api":"PASS","cli":0,"matched":true,"runtime":"neutral"}
{"id":"negative-runtime-declaration-mjs","expected":"REJECT","api":"FAIL","cli":1,"matched":true,"runtime":"PRODUCT_LOADED"}
{"id":"positive-runtime-declaration-cjs","expected":"PASS","api":"PASS","cli":0,"matched":true,"runtime":"neutral"}
{"id":"negative-runtime-declaration-cjs","expected":"REJECT","api":"FAIL","cli":1,"matched":true,"runtime":"PRODUCT_LOADED"}
{"id":"positive-type-closure","expected":"PASS","api":"PASS","cli":0,"matched":true}
{"id":"negative-type-closure","expected":"REJECT","api":"FAIL","cli":1,"matched":true}
{"id":"positive-product-to-core","expected":"PASS","api":"PASS","cli":0,"matched":true}
{"id":"unknown-declaration-only-runtime","expected":"INCOMPLETE","api":"INCOMPLETE","cli":1,"matched":true}
{"id":"positive-physical-npm-require","expected":"PASS","api":"PASS","cli":0,"matched":true,"runtime":"neutral"}
{"id":"negative-physical-npm-require","expected":"REJECT","api":"PASS","cli":0,"matched":false,"runtime":"PRODUCT_LOADED"}
{"id":"positive-physical-npm-import","expected":"PASS","api":"PASS","cli":0,"matched":true,"runtime":"neutral"}
{"id":"negative-physical-npm-import","expected":"REJECT","api":"PASS","cli":0,"matched":false,"runtime":"PRODUCT_LOADED"}
{"id":"negative-physical-npm-type-closure","expected":"REJECT","api":"PASS","cli":0,"matched":false}
{"cases":46,"matched":39,"gaps":["negative-process-module-capability","unknown-process-module-capability-product","unknown-process-module-capability-neutral","negative-main-module-loader","negative-physical-npm-require","negative-physical-npm-import","negative-physical-npm-type-closure"]}
