
> cvg-operational-harness@1.0.0 test:e2e
> playwright test

[2m[WebServer] [22m(node:886747) Warning: The 'NO_COLOR' env is ignored due to the 'FORCE_COLOR' env being set.
[2m[WebServer] [22m(Use `node --trace-warnings ...` to show where the warning was created)
[2m[WebServer] [22m(node:886759) Warning: The 'NO_COLOR' env is ignored due to the 'FORCE_COLOR' env being set.
[2m[WebServer] [22m(Use `node --trace-warnings ...` to show where the warning was created)
[2m[WebServer] [22m(node:887103) Warning: The 'NO_COLOR' env is ignored due to the 'FORCE_COLOR' env being set.
[2m[WebServer] [22m(Use `node --trace-warnings ...` to show where the warning was created)

Running 12 tests using 6 workers

(node:887341) Warning: The 'NO_COLOR' env is ignored due to the 'FORCE_COLOR' env being set.
(Use `node --trace-warnings ...` to show where the warning was created)
(node:887345) Warning: The 'NO_COLOR' env is ignored due to the 'FORCE_COLOR' env being set.
(Use `node --trace-warnings ...` to show where the warning was created)
(node:887373) Warning: The 'NO_COLOR' env is ignored due to the 'FORCE_COLOR' env being set.
(Use `node --trace-warnings ...` to show where the warning was created)
(node:887353) Warning: The 'NO_COLOR' env is ignored due to the 'FORCE_COLOR' env being set.
(Use `node --trace-warnings ...` to show where the warning was created)
(node:887356) Warning: The 'NO_COLOR' env is ignored due to the 'FORCE_COLOR' env being set.
(Use `node --trace-warnings ...` to show where the warning was created)
(node:887367) Warning: The 'NO_COLOR' env is ignored due to the 'FORCE_COLOR' env being set.
(Use `node --trace-warnings ...` to show where the warning was created)
(node:887373) Warning: The 'NO_COLOR' env is ignored due to the 'FORCE_COLOR' env being set.
(Use `node --trace-warnings ...` to show where the warning was created)
(node:887353) Warning: The 'NO_COLOR' env is ignored due to the 'FORCE_COLOR' env being set.
(Use `node --trace-warnings ...` to show where the warning was created)
(node:887345) Warning: The 'NO_COLOR' env is ignored due to the 'FORCE_COLOR' env being set.
(Use `node --trace-warnings ...` to show where the warning was created)
(node:887341) Warning: The 'NO_COLOR' env is ignored due to the 'FORCE_COLOR' env being set.
(Use `node --trace-warnings ...` to show where the warning was created)
(node:887356) Warning: The 'NO_COLOR' env is ignored due to the 'FORCE_COLOR' env being set.
(Use `node --trace-warnings ...` to show where the warning was created)
(node:887367) Warning: The 'NO_COLOR' env is ignored due to the 'FORCE_COLOR' env being set.
(Use `node --trace-warnings ...` to show where the warning was created)
  ✓   1 [chromium] › tests/e2e/http-security.spec.ts:6:5 › API HTTP security boundary enforces origin and preflight policy (133ms)
  ✓   6 [chromium] › tests/e2e/session-version-pinning.spec.ts:44:5 › keeps a browser/API conversation on its first published snapshot (1.4s)
  ✓   3 [chromium] › tests/e2e/audit-evidence-checkpoint.spec.ts:3:5 › seals and archives an audit evidence checkpoint without payload export (2.8s)
  ✓   4 [chromium] › tests/e2e/ux-accessibility.spec.ts:15:5 › axe finds no serious or critical violations on identity and console views (6.2s)
  ✓   2 [chromium] › tests/e2e/visual-shell.spec.ts:9:5 › console shell preserves layout, focus and control sizing across viewports (7.3s)
  ✓   7 [chromium] › tests/e2e/ux-accessibility.spec.ts:49:5 › keyboard-only operators reach, activate and see focus on key controls (3.1s)
  ✓   8 [chromium] › tests/e2e/visual-shell.spec.ts:58:5 › admin control center remains navigable on a narrow viewport (2.7s)
  ✓   5 [chromium] › tests/e2e/platform-control-center.spec.ts:4:5 › configures, publishes and dry-runs an agent through the real web/API boundary (12.7s)
  ✓   9 [chromium] › tests/e2e/ux-accessibility.spec.ts:80:5 › empty, loading, error and overflow states stay comprehensible (3.9s)
  ✓  10 [chromium] › tests/e2e/ux-accessibility.spec.ts:166:5 › switching tenant clears the previous identity data (2.2s)
  ✓  11 [chromium] › tests/e2e/ux-accessibility.spec.ts:190:5 › authorization and server failures render comprehensible UI (4.9s)
  ✓  12 [chromium] › tests/e2e/ux-accessibility.spec.ts:228:5 › reduced motion keeps journeys operable (1.7s)

  12 passed (27.4s)
