#0 building with "default" instance using docker driver

#1 [internal] load build definition from Dockerfile
#1 transferring dockerfile: 1.88kB done
#1 DONE 0.0s

#2 resolve image config for docker-image://docker.io/docker/dockerfile:1.7
#2 DONE 1.0s

#3 docker-image://docker.io/docker/dockerfile:1.7@sha256:a57df69d0ea827fb7266491f2813635de6f17269be881f696fbfdf2d83dda33e
#3 resolve docker.io/docker/dockerfile:1.7@sha256:a57df69d0ea827fb7266491f2813635de6f17269be881f696fbfdf2d83dda33e 0.1s done
#3 CACHED

#4 [internal] load metadata for docker.io/library/node:22.23.2-bookworm-slim@sha256:48e4b67d85f87bd551df43704e24d252f56cc5f8e9718841aace50f19948f0f9
#4 DONE 0.8s

#5 [internal] load .dockerignore
#5 transferring context:
#5 transferring context: 247B done
#5 DONE 0.1s

#6 [build 1/9] FROM docker.io/library/node:22.23.2-bookworm-slim@sha256:48e4b67d85f87bd551df43704e24d252f56cc5f8e9718841aace50f19948f0f9
#6 resolve docker.io/library/node:22.23.2-bookworm-slim@sha256:48e4b67d85f87bd551df43704e24d252f56cc5f8e9718841aace50f19948f0f9 0.0s done
#6 DONE 0.0s

#7 [internal] load build context
#7 transferring context: 3.76MB 0.2s done
#7 DONE 0.2s

#8 [build 3/9] COPY package.json package-lock.json ./
#8 CACHED

#9 [build 2/9] WORKDIR /app
#9 CACHED

#10 [build 4/9] COPY tsconfig.base.json tsconfig.json tsconfig.typecheck.json tsconfig.runtime.json vite.config.mts ./
#10 CACHED

#11 [build 5/9] COPY apps ./apps
#11 DONE 0.1s

#12 [build 6/9] COPY packages ./packages
#12 DONE 0.2s

#13 [build 7/9] COPY legacy ./legacy
#13 DONE 0.1s

#14 [build 8/9] COPY scripts ./scripts
#14 DONE 0.0s

#15 [build 9/9] RUN npm ci --ignore-scripts && npm run build:web && npm run build:runtime
#15 10.19 
#15 10.19 added 332 packages in 10s
#15 10.19 npm notice
#15 10.19 npm notice New major version of npm available! 10.9.8 -> 12.1.0
#15 10.19 npm notice Changelog: https://github.com/npm/cli/releases/tag/v12.1.0
#15 10.19 npm notice To update run: npm install -g npm@12.1.0
#15 10.19 npm notice
#15 10.45 
#15 10.45 > cvg-operational-harness@1.0.0 build:web
#15 10.45 > vite --config vite.config.mts build apps/web && node scripts/check-web-production-artifact.mjs
#15 10.45 
#15 10.71 vite v8.2.2 building client environment for production...
#15 10.73 transforming...
#15 10.80 [plugin rolldown:vite-resolve] Module "node:dns/promises" has been externalized for browser compatibility, imported by "/app/packages/shared/dist/ssrf.js". See https://vite.dev/guide/troubleshooting.html#module-externalized-for-browser-compatibility for more details.
#15 10.82 ✓ 169 modules transformed.
#15 10.97 rendering chunks...
#15 11.36 computing gzip size...
#15 11.36 apps/web/dist/index.html                                              0.40 kB │ gzip:   0.27 kB
#15 11.36 apps/web/dist/assets/inter-vietnamese-wght-normal-CBcvBZtf.woff2     10.25 kB
#15 11.36 apps/web/dist/assets/inter-greek-ext-wght-normal-DlzME5K_.woff2      11.23 kB
#15 11.36 apps/web/dist/assets/inter-cyrillic-wght-normal-DqGufNeO.woff2       18.74 kB
#15 11.36 apps/web/dist/assets/inter-greek-wght-normal-CkhJZR-_.woff2          18.99 kB
#15 11.36 apps/web/dist/assets/inter-cyrillic-ext-wght-normal-BOeWTOD4.woff2   25.96 kB
#15 11.36 apps/web/dist/assets/inter-latin-wght-normal-Dx4kXJAl.woff2          48.25 kB
#15 11.36 apps/web/dist/assets/inter-latin-ext-wght-normal-DO1Apj_S.woff2      85.06 kB
#15 11.36 apps/web/dist/assets/index-BA4ZI1ya.css                              13.12 kB │ gzip:   3.67 kB
#15 11.36 apps/web/dist/assets/index-BVhs5IbA.js                              370.73 kB │ gzip: 107.23 kB
#15 11.36 
#15 11.36 ✓ built in 651ms
#15 11.43 {"verdict":"PASS","digest":"fa15d9c80ce2afd36673528a3da64dbe520fe074cadb99bdc9a9c227ae5f9536","fileCount":10}
#15 11.55 
#15 11.55 > cvg-operational-harness@1.0.0 build:runtime
#15 11.55 > node scripts/build-runtime.mjs
#15 11.55 
#15 22.13 {"contextDir":"/tmp/cvg-runtime","compiledWorkspaces":["packages/contracts","packages/orchestrator","packages/harness","packages/shared","packages/rag","packages/platform","packages/approval-engine","packages/channel-gateway","packages/policy-engine","packages/model-gateway","packages/observability","packages/agent-runtime","packages/policy","packages/persistence","packages/agent-core","legacy/packages/secretary-profile","legacy/packages/secretary-journeys","apps/api"],"sourceIncluded":false}
#15 DONE 22.3s

#16 [runtime 2/5] RUN groupadd --system --gid 10001 cvg   && useradd --system --uid 10001 --gid cvg --home-dir /app --shell /usr/sbin/nologin cvg
#16 CACHED

#17 [runtime 3/5] WORKDIR /app
#17 CACHED

#18 [runtime 4/5] COPY --from=build --chown=cvg:cvg /tmp/cvg-runtime/ ./
#18 DONE 0.1s

#19 [runtime 5/5] RUN npm ci --omit=dev --ignore-scripts && npm cache clean --force
#19 7.756 
#19 7.756 added 115 packages in 7s
#19 7.758 npm notice
#19 7.758 npm notice New major version of npm available! 10.9.8 -> 12.1.0
#19 7.758 npm notice Changelog: https://github.com/npm/cli/releases/tag/v12.1.0
#19 7.758 npm notice To update run: npm install -g npm@12.1.0
#19 7.758 npm notice
#19 7.976 npm warn using --force Recommended protections disabled.
#19 DONE 8.5s

#20 exporting to image
#20 exporting layers
#20 exporting layers 3.5s done
#20 exporting manifest sha256:fcc7ab95bb10bbfa2924ece7e2ea1f3fc2ca7aa32df54ca271527bbd8e0f6857 0.0s done
#20 exporting config sha256:8e89e68dda0ff52d23e6b4bddacc8730890e426a52819001afa060eba03ad13c done
#20 exporting attestation manifest sha256:b426d89d308d3765dfa19379546bcee7e52c735c7d68433eadb1e1b14c62e016 0.0s done
#20 exporting manifest list sha256:eb24e85c8899f99150da2e55bb2f265eb0ee63c49831b161ff4e4bf06816c55d done
#20 naming to docker.io/library/cvg-pr204-b2-api:local done
#20 unpacking to docker.io/library/cvg-pr204-b2-api:local
#20 unpacking to docker.io/library/cvg-pr204-b2-api:local 2.7s done
#20 DONE 6.3s
