
 RUN  v4.1.11 /home/ricardo/cvg-agent-secretary-v2
      Coverage enabled with v8


 Test Files  52 passed (52)
      Tests  254 passed | 8 skipped (262)
   Start at  01:09:12
   Duration  97.30s (transform 2.23s, setup 0ms, import 24.33s, tests 13.78s, environment 43.22s)

 % Coverage report from v8
-------------------|---------|----------|---------|---------|-------------------
File               | % Stmts | % Branch | % Funcs | % Lines | Uncovered Line #s 
-------------------|---------|----------|---------|---------|-------------------
All files          |   93.65 |    87.82 |   91.24 |   94.59 |                   
 src               |   93.62 |    87.82 |   91.24 |   94.56 |                   
  http-security.ts |   90.54 |    88.57 |     100 |   97.32 | ...12,293,308,478 
  ...n-boundary.ts |     100 |     90.9 |     100 |     100 | 17                
  rate-limit.ts    |     100 |    97.56 |     100 |     100 | 162               
  server.ts        |    92.3 |    82.95 |   85.05 |   92.74 | ...5192,5214,5219 
  ...up-failure.ts |      96 |       90 |     100 |      96 | 32                
  ...k-security.ts |   99.41 |    98.23 |     100 |     100 | 127,359           
-------------------|---------|----------|---------|---------|-------------------

=============================== Coverage summary ===============================
Statements   : 93.65% ( 2051/2190 )
Branches     : 87.82% ( 1233/1404 )
Functions    : 91.24% ( 271/297 )
Lines        : 94.59% ( 1977/2090 )
================================================================================
