
 RUN  v4.1.11 /home/ricardo/cvg-agent-secretary-v2
      Coverage enabled with v8


 Test Files  45 passed (45)
      Tests  207 passed | 8 skipped (215)
   Start at  00:48:06
   Duration  69.78s (transform 1.40s, setup 0ms, import 16.88s, tests 9.32s, environment 31.50s)

 % Coverage report from v8
-------------------|---------|----------|---------|---------|-------------------
File               | % Stmts | % Branch | % Funcs | % Lines | Uncovered Line #s 
-------------------|---------|----------|---------|---------|-------------------
All files          |   81.59 |     77.2 |   84.84 |   82.53 |                   
 src               |   81.52 |     77.2 |   84.84 |   82.46 |                   
  ...t-boundary.ts |   95.45 |    93.33 |     100 |   95.45 | 62                
  http-security.ts |   81.53 |    76.66 |   94.11 |   87.16 | ...29-450,473-484 
  ...t-boundary.ts |   85.71 |       75 |     100 |     100 | 13                
  ...n-boundary.ts |     100 |     90.9 |     100 |     100 | 17                
  rate-limit.ts    |   96.15 |    92.68 |     100 |   96.15 | 51,108            
  ...st-metrics.ts |   89.06 |     89.7 |     100 |   92.85 | 87,93,261,266     
  ...orrelation.ts |    92.3 |    85.71 |     100 |     100 | 14,25             
  server.ts        |   77.12 |    69.74 |   75.28 |   77.61 | ...5245,5268-5269 
  ...up-failure.ts |      96 |       90 |     100 |      96 | 32                
  ...k-security.ts |   97.66 |    97.34 |     100 |   98.03 | 237,280,411       
-------------------|---------|----------|---------|---------|-------------------

=============================== Coverage summary ===============================
Statements   : 81.59% ( 1787/2190 )
Branches     : 77.2% ( 1084/1404 )
Functions    : 84.84% ( 252/297 )
Lines        : 82.53% ( 1725/2090 )
================================================================================
ERROR: Coverage for branches (77.2%) does not meet global threshold (80%)
