
> cvg-operational-harness@1.0.0 ci:bar:contract
> node scripts/ci-bar-contract-self-test.mjs

{
  "schemaVersion": 1,
  "kind": "rem21-008-ci-bar-contract-self-test",
  "checks": [
    {
      "id": "missing-gate-runtime",
      "expected": "missing_gate:runtime",
      "observed": "REJECTED",
      "verdict": "PASS",
      "failures": [
        "missing_gate:runtime"
      ]
    },
    {
      "id": "missing-gate-install",
      "expected": "missing_gate:install",
      "observed": "REJECTED",
      "verdict": "PASS",
      "failures": [
        "missing_gate:install"
      ]
    },
    {
      "id": "missing-gate-readiness",
      "expected": "missing_gate:readiness",
      "observed": "REJECTED",
      "verdict": "PASS",
      "failures": [
        "missing_gate:readiness"
      ]
    },
    {
      "id": "missing-gate-format",
      "expected": "missing_gate:format",
      "observed": "REJECTED",
      "verdict": "PASS",
      "failures": [
        "missing_gate:format"
      ]
    },
    {
      "id": "missing-gate-typecheck",
      "expected": "missing_gate:typecheck",
      "observed": "REJECTED",
      "verdict": "PASS",
      "failures": [
        "missing_gate:typecheck"
      ]
    },
    {
      "id": "missing-gate-lint",
      "expected": "missing_gate:lint",
      "observed": "REJECTED",
      "verdict": "PASS",
      "failures": [
        "missing_gate:lint"
      ]
    },
    {
      "id": "missing-gate-build",
      "expected": "missing_gate:build",
      "observed": "REJECTED",
      "verdict": "PASS",
      "failures": [
        "missing_gate:build"
      ]
    },
    {
      "id": "missing-gate-unit",
      "expected": "missing_gate:unit",
      "observed": "REJECTED",
      "verdict": "PASS",
      "failures": [
        "missing_gate:unit"
      ]
    },
    {
      "id": "missing-gate-coverage",
      "expected": "missing_gate:coverage",
      "observed": "REJECTED",
      "verdict": "PASS",
      "failures": [
        "missing_gate:coverage"
      ]
    },
    {
      "id": "missing-gate-coverage-critical",
      "expected": "missing_gate:coverage-critical",
      "observed": "REJECTED",
      "verdict": "PASS",
      "failures": [
        "missing_gate:coverage-critical"
      ]
    },
    {
      "id": "missing-gate-mutation",
      "expected": "missing_gate:mutation",
      "observed": "REJECTED",
      "verdict": "PASS",
      "failures": [
        "missing_gate:mutation"
      ]
    },
    {
      "id": "missing-gate-skip",
      "expected": "missing_gate:skip",
      "observed": "REJECTED",
      "verdict": "PASS",
      "failures": [
        "missing_gate:skip"
      ]
    },
    {
      "id": "missing-gate-worker-startup",
      "expected": "missing_gate:worker-startup",
      "observed": "REJECTED",
      "verdict": "PASS",
      "failures": [
        "missing_gate:worker-startup"
      ]
    },
    {
      "id": "missing-gate-postgres",
      "expected": "missing_gate:postgres",
      "observed": "REJECTED",
      "verdict": "PASS",
      "failures": [
        "missing_gate:postgres"
      ]
    },
    {
      "id": "missing-gate-postgres-proof",
      "expected": "missing_gate:postgres-proof",
      "observed": "REJECTED",
      "verdict": "PASS",
      "failures": [
        "missing_gate:postgres-proof"
      ]
    },
    {
      "id": "missing-gate-observability-proof",
      "expected": "missing_gate:observability-proof",
      "observed": "REJECTED",
      "verdict": "PASS",
      "failures": [
        "missing_gate:observability-proof"
      ]
    },
    {
      "id": "missing-gate-phase2",
      "expected": "missing_gate:phase2",
      "observed": "REJECTED",
      "verdict": "PASS",
      "failures": [
        "missing_gate:phase2"
      ]
    },
    {
      "id": "missing-gate-phase3",
      "expected": "missing_gate:phase3",
      "observed": "REJECTED",
      "verdict": "PASS",
      "failures": [
        "missing_gate:phase3"
      ]
    },
    {
      "id": "missing-gate-phase4a",
      "expected": "missing_gate:phase4a",
      "observed": "REJECTED",
      "verdict": "PASS",
      "failures": [
        "missing_gate:phase4a"
      ]
    },
    {
      "id": "missing-gate-phase4a-identity",
      "expected": "missing_gate:phase4a-identity",
      "observed": "REJECTED",
      "verdict": "PASS",
      "failures": [
        "missing_gate:phase4a-identity"
      ]
    },
    {
      "id": "missing-gate-chaos",
      "expected": "missing_gate:chaos",
      "observed": "REJECTED",
      "verdict": "PASS",
      "failures": [
        "missing_gate:chaos"
      ]
    },
    {
      "id": "missing-gate-evals",
      "expected": "missing_gate:evals",
      "observed": "REJECTED",
      "verdict": "PASS",
      "failures": [
        "missing_gate:evals"
      ]
    },
    {
      "id": "missing-gate-load",
      "expected": "missing_gate:load",
      "observed": "REJECTED",
      "verdict": "PASS",
      "failures": [
        "missing_gate:load"
      ]
    },
    {
      "id": "missing-gate-restore",
      "expected": "missing_gate:restore",
      "observed": "REJECTED",
      "verdict": "PASS",
      "failures": [
        "missing_gate:restore"
      ]
    },
    {
      "id": "missing-gate-docs",
      "expected": "missing_gate:docs",
      "observed": "REJECTED",
      "verdict": "PASS",
      "failures": [
        "missing_gate:docs"
      ]
    },
    {
      "id": "missing-gate-e2e",
      "expected": "missing_gate:e2e",
      "observed": "REJECTED",
      "verdict": "PASS",
      "failures": [
        "missing_gate:e2e"
      ]
    },
    {
      "id": "missing-gate-browser-proof",
      "expected": "missing_gate:browser-proof",
      "observed": "REJECTED",
      "verdict": "PASS",
      "failures": [
        "missing_gate:browser-proof"
      ]
    },
    {
      "id": "missing-gate-image",
      "expected": "missing_gate:image",
      "observed": "REJECTED",
      "verdict": "PASS",
      "failures": [
        "missing_gate:image"
      ]
    },
    {
      "id": "missing-gate-sbom",
      "expected": "missing_gate:sbom",
      "observed": "REJECTED",
      "verdict": "PASS",
      "failures": [
        "missing_gate:sbom"
      ]
    },
    {
      "id": "missing-gate-licenses",
      "expected": "missing_gate:licenses",
      "observed": "REJECTED",
      "verdict": "PASS",
      "failures": [
        "missing_gate:licenses"
      ]
    },
    {
      "id": "missing-gate-security",
      "expected": "missing_gate:security",
      "observed": "REJECTED",
      "verdict": "PASS",
      "failures": [
        "missing_gate:security"
      ]
    },
    {
      "id": "missing-gate-certify",
      "expected": "missing_gate:certify",
      "observed": "REJECTED",
      "verdict": "PASS",
      "failures": [
        "missing_gate:certify"
      ]
    },
    {
      "id": "missing-gate-certification-verify",
      "expected": "missing_gate:certification-verify",
      "observed": "REJECTED",
      "verdict": "PASS",
      "failures": [
        "missing_gate:certification-verify"
      ]
    },
    {
      "id": "missing-gate-diff",
      "expected": "missing_gate:diff",
      "observed": "REJECTED",
      "verdict": "PASS",
      "failures": [
        "missing_gate:diff"
      ]
    },
    {
      "id": "missing-gate-artifacts",
      "expected": "missing_gate:artifacts",
      "observed": "REJECTED",
      "verdict": "PASS",
      "failures": [
        "missing_gate:artifacts"
      ]
    },
    {
      "id": "wrong-runtime",
      "expected": "runtime_not_node22",
      "observed": "REJECTED",
      "verdict": "PASS",
      "failures": [
        "runtime_not_node22"
      ]
    },
    {
      "id": "unbound-artifacts",
      "expected": "artifacts_not_fail_closed",
      "observed": "REJECTED",
      "verdict": "PASS",
      "failures": [
        "artifacts_not_fail_closed"
      ]
    },
    {
      "id": "opaque-aggregator",
      "expected": "aggregator_only",
      "observed": "REJECTED",
      "verdict": "PASS",
      "failures": [
        "missing_gate:install",
        "missing_gate:readiness",
        "missing_gate:format",
        "missing_gate:typecheck",
        "missing_gate:lint",
        "missing_gate:build",
        "missing_gate:unit",
        "missing_gate:coverage",
        "missing_gate:coverage-critical",
        "missing_gate:mutation",
        "missing_gate:skip",
        "missing_gate:worker-startup",
        "missing_gate:postgres",
        "missing_gate:postgres-proof",
        "missing_gate:observability-proof",
        "missing_gate:phase2",
        "missing_gate:phase3",
        "missing_gate:phase4a",
        "missing_gate:phase4a-identity",
        "missing_gate:chaos",
        "missing_gate:evals",
        "missing_gate:load",
        "missing_gate:restore",
        "missing_gate:docs",
        "missing_gate:e2e",
        "missing_gate:browser-proof",
        "missing_gate:image",
        "missing_gate:sbom",
        "missing_gate:licenses",
        "missing_gate:security",
        "missing_gate:certify",
        "missing_gate:certification-verify",
        "missing_gate:diff",
        "missing_gate:artifacts",
        "aggregator_only"
      ]
    }
  ],
  "verdict": "PASS"
}
