
> cvg-operational-harness@1.0.0 test:coverage
> vitest run --coverage --no-file-parallelism --maxWorkers=2


[1m[30m[46m RUN [49m[39m[22m [36mv4.1.11 [39m[90m/tmp/cvg-aud0591-20260930/repo[39m
      [2mCoverage enabled with [22m[33mv8[39m

 [31m❯[39m apps/api/src/__tests__/postgres-persistence-mode.test.ts [2m([22m[2m71 tests[22m[2m | [22m[31m1 failed[39m[2m)[22m[33m 30563[2mms[22m[39m
     [32m✓[39m fails closed when the tenant-isolation migration marker is absent[32m 5[2mms[22m[39m
     [32m✓[39m accepts migration markers whose checksums match the checked-in SQL[32m 7[2mms[22m[39m
     [32m✓[39m rejects migration markers applied out of order[32m 4[2mms[22m[39m
     [32m✓[39m rejects a runtime role that owns a tenant-scoped table[32m 1[2mms[22m[39m
     [32m✓[39m accepts a least-privileged runtime role with DML-only grants[32m 0[2mms[22m[39m
     [32m✓[39m rejects a runtime role that inherits another PostgreSQL role[32m 0[2mms[22m[39m
     [32m✓[39m rejects an incomplete rate-limit table catalog[32m 1[2mms[22m[39m
     [32m✓[39m rejects an incomplete rate-limit index catalog[32m 0[2mms[22m[39m
     [32m✓[39m accepts a complete rate-limit catalog and rejects each structural defect[32m 1[2mms[22m[39m
     [32m✓[39m rejects runtime table trigger or reference privileges[32m 0[2mms[22m[39m
     [32m✓[39m requires the migration role to be a separate non-privileged DDL owner[32m 0[2mms[22m[39m
     [32m✓[39m rejects migration-role security violations before any migration runs[32m 0[2mms[22m[39m
     [32m✓[39m accepts a clean migration-role identity before checking managed ownership[32m 0[2mms[22m[39m
     [32m✓[39m fails closed when the migration role owns an incomplete managed catalog[32m 0[2mms[22m[39m
     [32m✓[39m identifies the current role and rejects RLS bypass identities[32m 1[2mms[22m[39m
     [32m✓[39m fails closed when the runtime database is missing the complete RLS catalog contract[32m 1[2mms[22m[39m
     [32m✓[39m accepts a complete RLS catalog contract for all tenant-scoped tables[32m 1[2mms[22m[39m
     [32m✓[39m rejects approval dedupe catalog when missing[32m 0[2mms[22m[39m
     [32m✓[39m rejects approval dedupe catalog when wrong table[32m 0[2mms[22m[39m
     [32m✓[39m rejects approval dedupe catalog when not unique[32m 0[2mms[22m[39m
     [32m✓[39m rejects approval dedupe catalog when not valid[32m 0[2mms[22m[39m
     [32m✓[39m rejects approval dedupe catalog when not ready[32m 0[2mms[22m[39m
     [32m✓[39m rejects approval dedupe catalog when wrong key count[32m 0[2mms[22m[39m
     [32m✓[39m rejects approval dedupe catalog when wrong attribute count[32m 0[2mms[22m[39m
     [32m✓[39m rejects approval dedupe catalog when wrong expressions[32m 0[2mms[22m[39m
     [32m✓[39m rejects approval dedupe catalog when wrong predicate[32m 0[2mms[22m[39m
     [32m✓[39m rejects an incomplete RLS tenant-columns catalog[32m 1[2mms[22m[39m
     [32m✓[39m rejects an incomplete RLS outbox-columns catalog[32m 0[2mms[22m[39m
     [32m✓[39m rejects an incomplete RLS constraints catalog[32m 1[2mms[22m[39m
     [32m✓[39m rejects an incomplete RLS indexes catalog[32m 1[2mms[22m[39m
     [32m✓[39m rejects a runtime role that is also configured as the migration role[32m 0[2mms[22m[39m
     [32m✓[39m rejects incomplete webhook replay catalog results[32m 1[2mms[22m[39m
     [32m✓[39m rejects a policy that mentions the tenant setting but is semantically permissive[32m 0[2mms[22m[39m
     [32m✓[39m keeps PostgreSQL mode fail-closed unless DATABASE_URL is explicitly provided[32m 134[2mms[22m[39m
     [32m✓[39m rejects an unset or unknown runtime environment before starting the API[32m 0[2mms[22m[39m
     [32m✓[39m rejects invalid or in-memory persistence selection in production[32m 1[2mms[22m[39m
     [32m✓[39m requires a trusted inbound agent and supports an injected runtime[32m 15[2mms[22m[39m
     [32m✓[39m uses PostgreSQL-backed webhook replay state across reserve and commit operations[32m 49[2mms[22m[39m
     [33m[2m✓[22m[39m commits and rolls back the tenant-scoped runtime finalizer atomically [33m 934[2mms[22m[39m
     [32m✓[39m rejects a superuser runtime connection when RLS enforcement is requested[32m 11[2mms[22m[39m
     [33m[2m✓[22m[39m validates tenant-scoped startup with separate migration and runtime roles [33m 1242[2mms[22m[39m
     [33m[2m✓[22m[39m rejects missing rate-limit table or index before PostgreSQL startup [33m 996[2mms[22m[39m
     [32m✓[39m runs inbound, timeline, task, approval and audit endpoints against PostgreSQL when configured[32m 235[2mms[22m[39m
     [32m✓[39m keeps PostgreSQL inbound idempotency isolated by tenant[32m 233[2mms[22m[39m
     [32m✓[39m keeps human takeover and session continuation fail-closed on PostgreSQL[32m 261[2mms[22m[39m
     [33m[2m✓[22m[39m blocks serving boot after fencing constraint moved to another table [33m 1024[2mms[22m[39m
     [33m[2m✓[22m[39m blocks serving boot after fencing CHECK replaced by true [33m 1027[2mms[22m[39m
     [33m[2m✓[22m[39m blocks serving boot after generation CHECK becomes permissive [33m 1010[2mms[22m[39m
     [33m[2m✓[22m[39m blocks serving boot after fencing CHECK is NOT VALID [33m 911[2mms[22m[39m
     [33m[2m✓[22m[39m blocks serving boot after event key CHECK becomes permissive [33m 920[2mms[22m[39m
     [33m[2m✓[22m[39m blocks serving boot after status CHECK becomes permissive [33m 937[2mms[22m[39m
[31m     [31m×[31m blocks serving boot after created_at becomes nullable[39m[33m 747[2mms[22m[39m
     [33m[2m✓[22m[39m blocks serving boot after created_at default disappears [33m 927[2mms[22m[39m
     [33m[2m✓[22m[39m blocks serving boot after lease_generation becomes nullable [33m 970[2mms[22m[39m
     [33m[2m✓[22m[39m blocks serving boot after lease_generation default disappears [33m 1827[2mms[22m[39m
     [33m[2m✓[22m[39m blocks serving boot after lease token type changes [33m 1294[2mms[22m[39m
     [33m[2m✓[22m[39m blocks serving boot after unexpected NOT NULL column blocks reservations [33m 1401[2mms[22m[39m
     [33m[2m✓[22m[39m blocks serving boot after PK becomes deferrable [33m 1068[2mms[22m[39m
     [33m[2m✓[22m[39m blocks serving boot after table becomes unlogged [33m 943[2mms[22m[39m
     [33m[2m✓[22m[39m blocks serving boot after table inherits another table [33m 961[2mms[22m[39m
     [33m[2m✓[22m[39m blocks serving boot after expiry index is on the wrong column [33m 927[2mms[22m[39m
     [33m[2m✓[22m[39m blocks serving boot after expiry index has a predicate [33m 965[2mms[22m[39m
     [33m[2m✓[22m[39m blocks serving boot after expiry index is unique [33m 972[2mms[22m[39m
     [33m[2m✓[22m[39m blocks serving boot after extra unique index changes replay writes [33m 961[2mms[22m[39m
     [33m[2m✓[22m[39m blocks serving boot after expiry index name exists on another table [33m 961[2mms[22m[39m
     [33m[2m✓[22m[39m blocks serving boot after user trigger suppresses reservation [33m 938[2mms[22m[39m
     [33m[2m✓[22m[39m blocks serving boot after rewrite rule suppresses reservation [33m 965[2mms[22m[39m
     [33m[2m✓[22m[39m blocks serving boot after cross-schema FK references replay state [33m 976[2mms[22m[39m
     [33m[2m✓[22m[39m blocks serving boot after RLS policy is installed [33m 948[2mms[22m[39m
     [33m[2m✓[22m[39m blocks an invalid expiry index left by a failed concurrent build [33m 914[2mms[22m[39m
     [33m[2m✓[22m[39m blocks a CHECK bound to an application function [33m 920[2mms[22m[39m
 [32m✓[39m apps/worker/src/__tests__/operational-harness-homolog.integration.test.ts [2m([22m[2m3 tests[22m[2m)[22m[33m 6018[2mms[22m[39m
     [33m[2m✓[22m[39m reclaims a SIGKILLed claim in a second process with one terminal outcome [33m 3798[2mms[22m[39m
     [33m[2m✓[22m[39m refuses to start without arming, database or outside homolog scope [33m 871[2mms[22m[39m
     [33m[2m✓[22m[39m drains cleanly on SIGTERM with no work pending [33m 1346[2mms[22m[39m
 [32m✓[39m apps/api/src/__tests__/operator-session-postgres.test.ts [2m([22m[2m18 tests[22m[2m)[22m[33m 5725[2mms[22m[39m
     [33m[2m✓[22m[39m enforces the two-second database operation bound [33m 2092[2mms[22m[39m
     [33m[2m✓[22m[39m denies consumption after expiry while waiting on a row lock [33m 1491[2mms[22m[39m
     [33m[2m✓[22m[39m detects OIDC state schema and privilege drift before serving [33m 310[2mms[22m[39m
 [32m✓[39m apps/api/src/__tests__/approval-decision-atomicity-postgres.test.ts [2m([22m[2m8 tests[22m[2m)[22m[33m 8454[2mms[22m[39m
     [33m[2m✓[22m[39m applies migration 0021 exactly-once guard [33m 1178[2mms[22m[39m
     [33m[2m✓[22m[39m blocks migration 0021 when legacy duplicate decision keys exist [33m 922[2mms[22m[39m
     [33m[2m✓[22m[39m rejects a valid-looking index with the wrong definition [33m 989[2mms[22m[39m
     [33m[2m✓[22m[39m rejects an invalid and not-ready unique index [33m 908[2mms[22m[39m
     [33m[2m✓[22m[39m converges concurrent applications of migration 0021 [33m 877[2mms[22m[39m
     [33m[2m✓[22m[39m retries converge with exactly one audit event after an injected crash [33m 1361[2mms[22m[39m
     [33m[2m✓[22m[39m identical concurrent decisions keep one winner and one audit event [33m 1040[2mms[22m[39m
     [33m[2m✓[22m[39m worker recovery preserves the decision envelope after audit failure [33m 1175[2mms[22m[39m
 [32m✓[39m apps/api/src/__tests__/readiness.test.ts [2m([22m[2m11 tests[22m[2m)[22m[33m 2914[2mms[22m[39m
     [33m[2m✓[22m[39m returns 503 when destruction rejects the timed out query [33m 913[2mms[22m[39m
     [33m[2m✓[22m[39m bounds pending pool admission and destroys a late client exactly once [33m 919[2mms[22m[39m
     [33m[2m✓[22m[39m ignores late query success and recovers after the outstanding operation settles [33m 922[2mms[22m[39m
 [32m✓[39m apps/api/src/__tests__/rate-limit-distributed-postgres.test.ts [2m([22m[2m9 tests[22m[2m)[22m[33m 9053[2mms[22m[39m
     [33m[2m✓[22m[39m shares one budget across instances and restarts [33m 1071[2mms[22m[39m
     [33m[2m✓[22m[39m resets the budget when the window expires [33m 1540[2mms[22m[39m
     [33m[2m✓[22m[39m serializes concurrent first checks for one logical budget [33m 1676[2mms[22m[39m
     [33m[2m✓[22m[39m fails closed at active capacity without evicting an existing budget [33m 1522[2mms[22m[39m
     [33m[2m✓[22m[39m enforces the shared budget at the HTTP boundary [33m 3232[2mms[22m[39m
 [32m✓[39m apps/worker/src/__tests__/continuous-worker-entrypoint.integration.test.ts [2m([22m[2m2 tests[22m[2m)[22m[33m 4805[2mms[22m[39m
     [33m[2m✓[22m[39m consumes events around a restart and drains on a real SIGTERM without loss or duplication [33m 3063[2mms[22m[39m
     [33m[2m✓[22m[39m runs the role preflight before the first claim and leaves the queue untouched on rejection [33m 1740[2mms[22m[39m
{"event":"worker.started","level":"info","timestamp":"2026-09-30T03:41:44.636Z","workerId":"worker-pg-continuous-192-a","concurrency":2,"pollIntervalMs":5,"idleMaxBackoffMs":5000,"errorBackoffMs":500,"errorMaxBackoffMs":30000,"leaseMs":1000,"heartbeatIntervalMs":333,"drainMs":5000,"backlogProbe":true,"sweeps":false,"externalEffects":false,"durable":true}
{"event":"worker.outbox.summary","level":"info","timestamp":"2026-09-30T03:41:44.636Z","workerId":"worker-pg-continuous-192-a","reason":"start","claimed":0,"processed":0,"failed":0,"deadLettered":0,"handoffs":0,"errors":0,"claimFailures":0,"leaseLost":0,"heartbeats":0,"idlePolls":0,"released":0,"lag":null,"inFlight":0}
{"event":"worker.metric","name":"worker_outbox_lag","value":0,"attributes":{"operation":"outbox"},"timestamp":"2026-09-30T03:41:44.667Z"}
{"event":"worker.idle_backoff","level":"debug","timestamp":"2026-09-30T03:41:44.667Z","workerId":"worker-pg-continuous-192-a","backoffMs":5,"lag":0}
{"event":"worker.idle_backoff","level":"debug","timestamp":"2026-09-30T03:41:44.677Z","workerId":"worker-pg-continuous-192-a","backoffMs":10,"lag":0}
{"event":"worker.metric","name":"worker_outbox_processed_total","value":1,"attributes":{"status":"processed"},"timestamp":"2026-09-30T03:41:44.686Z"}
{"event":"worker.outbox.processed","level":"info","timestamp":"2026-09-30T03:41:44.687Z","eventId":"outbox_cfb19868-396f-4d2b-9edd-575e74726fff","workerId":"worker-pg-continuous-192-a","status":"processed","attempt":1,"leaseLost":false,"operation":"outbox"}
{"event":"worker.idle_backoff","level":"debug","timestamp":"2026-09-30T03:41:44.693Z","workerId":"worker-pg-continuous-192-a","backoffMs":20,"lag":0}
{"event":"worker.outbox.summary","level":"info","timestamp":"2026-09-30T03:41:44.693Z","workerId":"worker-pg-continuous-192-a","reason":"stop","claimed":1,"processed":1,"failed":0,"deadLettered":0,"handoffs":0,"errors":0,"claimFailures":0,"leaseLost":0,"heartbeats":0,"idlePolls":3,"released":0,"lag":0,"inFlight":0}
{"event":"worker.stopped","level":"info","timestamp":"2026-09-30T03:41:44.693Z","workerId":"worker-pg-continuous-192-a","drained":true,"released":0,"releaseFailed":0,"processed":1,"failed":0,"deadLettered":0,"lag":0}
{"event":"worker.started","level":"info","timestamp":"2026-09-30T03:41:44.703Z","workerId":"worker-pg-continuous-192-b","concurrency":2,"pollIntervalMs":5,"idleMaxBackoffMs":5000,"errorBackoffMs":500,"errorMaxBackoffMs":30000,"leaseMs":1000,"heartbeatIntervalMs":333,"drainMs":5000,"backlogProbe":true,"sweeps":false,"externalEffects":false,"durable":true}
{"event":"worker.outbox.summary","level":"info","timestamp":"2026-09-30T03:41:44.703Z","workerId":"worker-pg-continuous-192-b","reason":"start","claimed":0,"processed":0,"failed":0,"deadLettered":0,"handoffs":0,"errors":0,"claimFailures":0,"leaseLost":0,"heartbeats":0,"idlePolls":0,"released":0,"lag":null,"inFlight":0}
{"event":"worker.metric","name":"worker_outbox_lag","value":0,"attributes":{"operation":"outbox"},"timestamp":"2026-09-30T03:41:44.729Z"}
{"event":"worker.metric","name":"worker_outbox_dead_lettered_total","value":1,"attributes":{"status":"dead_letter"},"timestamp":"2026-09-30T03:41:44.738Z"}
{"event":"worker.outbox.dead_letter","level":"info","timestamp":"2026-09-30T03:41:44.738Z","eventId":"outbox_be850238-361e-49de-9323-cc92ddd4ebf7","workerId":"worker-pg-continuous-192-b","status":"dead_letter","attempt":1,"leaseLost":false,"error":"[redacted-outbox-error]","operation":"outbox"}
{"event":"worker.idle_backoff","level":"debug","timestamp":"2026-09-30T03:41:44.744Z","workerId":"worker-pg-continuous-192-b","backoffMs":5,"lag":0}
{"event":"worker.metric","name":"worker_outbox_processed_total","value":1,"attributes":{"status":"processed"},"timestamp":"2026-09-30T03:41:44.751Z"}
{"event":"worker.outbox.processed","level":"info","timestamp":"2026-09-30T03:41:44.751Z","eventId":"outbox_19c145bf-d62a-4635-bef1-6278c531241a","workerId":"worker-pg-continuous-192-b","status":"processed","attempt":1,"leaseLost":false,"operation":"outbox"}
{"event":"worker.idle_backoff","level":"debug","timestamp":"2026-09-30T03:41:44.754Z","workerId":"worker-pg-continuous-192-b","backoffMs":10,"lag":0}
{"event":"worker.outbox.summary","level":"info","timestamp":"2026-09-30T03:41:44.757Z","workerId":"worker-pg-continuous-192-b","reason":"stop","claimed":2,"processed":1,"failed":0,"deadLettered":1,"handoffs":0,"errors":0,"claimFailures":0,"leaseLost":0,"heartbeats":0,"idlePolls":2,"released":0,"lag":0,"inFlight":0}
{"event":"worker.stopped","level":"info","timestamp":"2026-09-30T03:41:44.757Z","workerId":"worker-pg-continuous-192-b","drained":true,"released":0,"releaseFailed":0,"processed":1,"failed":0,"deadLettered":1,"lag":0}
{"event":"worker.started","level":"info","timestamp":"2026-09-30T03:41:46.200Z","workerId":"worker-pg-continuous-192-d","concurrency":2,"pollIntervalMs":5,"idleMaxBackoffMs":5000,"errorBackoffMs":500,"errorMaxBackoffMs":30000,"leaseMs":1000,"heartbeatIntervalMs":333,"drainMs":5000,"backlogProbe":true,"sweeps":false,"externalEffects":false,"durable":true}
{"event":"worker.outbox.summary","level":"info","timestamp":"2026-09-30T03:41:46.200Z","workerId":"worker-pg-continuous-192-d","reason":"start","claimed":0,"processed":0,"failed":0,"deadLettered":0,"handoffs":0,"errors":0,"claimFailures":0,"leaseLost":0,"heartbeats":0,"idlePolls":0,"released":0,"lag":null,"inFlight":0}
{"event":"worker.metric","name":"worker_outbox_lag","value":0,"attributes":{"operation":"outbox"},"timestamp":"2026-09-30T03:41:46.234Z"}
{"event":"worker.metric","name":"worker_outbox_processed_total","value":1,"attributes":{"status":"processed"},"timestamp":"2026-09-30T03:41:46.252Z"}
{"event":"worker.outbox.processed","level":"info","timestamp":"2026-09-30T03:41:46.253Z","eventId":"outbox_959d3c0f-5ffb-4f32-9db6-500a11c243ad","workerId":"worker-pg-continuous-192-d","status":"processed","attempt":1,"leaseLost":false,"operation":"outbox"}
{"event":"worker.idle_backoff","level":"debug","timestamp":"2026-09-30T03:41:46.261Z","workerId":"worker-pg-continuous-192-d","backoffMs":5,"lag":0}
{"event":"worker.metric","name":"worker_outbox_processed_total","value":1,"attributes":{"status":"processed"},"timestamp":"2026-09-30T03:41:46.263Z"}
{"event":"worker.outbox.processed","level":"info","timestamp":"2026-09-30T03:41:46.264Z","eventId":"outbox_d3282149-eaf7-443c-b86d-71a9b55287d6","workerId":"worker-pg-continuous-192-d","status":"processed","attempt":1,"leaseLost":false,"operation":"outbox"}
{"event":"worker.idle_backoff","level":"debug","timestamp":"2026-09-30T03:41:46.271Z","workerId":"worker-pg-continuous-192-d","backoffMs":10,"lag":0}
{"event":"worker.outbox.summary","level":"info","timestamp":"2026-09-30T03:41:46.276Z","workerId":"worker-pg-continuous-192-d","reason":"stop","claimed":2,"processed":2,"failed":0,"deadLettered":0,"handoffs":0,"errors":0,"claimFailures":0,"leaseLost":0,"heartbeats":0,"idlePolls":2,"released":0,"lag":0,"inFlight":0}
{"event":"worker.stopped","level":"info","timestamp":"2026-09-30T03:41:46.276Z","workerId":"worker-pg-continuous-192-d","drained":true,"released":0,"releaseFailed":0,"processed":2,"failed":0,"deadLettered":0,"lag":0}
{"event":"worker.started","level":"info","timestamp":"2026-09-30T03:41:46.282Z","workerId":"worker-pg-continuous-192-e","concurrency":1,"pollIntervalMs":5,"idleMaxBackoffMs":5000,"errorBackoffMs":500,"errorMaxBackoffMs":30000,"leaseMs":1000,"heartbeatIntervalMs":333,"drainMs":5000,"backlogProbe":true,"sweeps":false,"externalEffects":false,"durable":true}
{"event":"worker.outbox.summary","level":"info","timestamp":"2026-09-30T03:41:46.282Z","workerId":"worker-pg-continuous-192-e","reason":"start","claimed":0,"processed":0,"failed":0,"deadLettered":0,"handoffs":0,"errors":0,"claimFailures":0,"leaseLost":0,"heartbeats":0,"idlePolls":0,"released":0,"lag":null,"inFlight":0}
{"event":"worker.metric","name":"worker_outbox_lag","value":0,"attributes":{"operation":"outbox"},"timestamp":"2026-09-30T03:41:46.303Z"}
{"event":"worker.shutdown_release","level":"warn","timestamp":"2026-09-30T03:41:46.342Z","eventId":"outbox_687cc349-f14f-4ac1-bd10-160f0f4bda07","workerId":"worker-pg-continuous-192-e","operation":"outbox"}
{"event":"worker.metric","name":"worker_outbox_shutdown_releases_total","value":1,"attributes":{"outcome":"released"},"timestamp":"2026-09-30T03:41:46.342Z"}
{"event":"worker.outbox.summary","level":"info","timestamp":"2026-09-30T03:41:46.342Z","workerId":"worker-pg-continuous-192-e","reason":"stop","claimed":1,"processed":0,"failed":0,"deadLettered":0,"handoffs":0,"errors":0,"claimFailures":0,"leaseLost":0,"heartbeats":0,"idlePolls":0,"released":1,"lag":0,"inFlight":1}
{"event":"worker.stopped","level":"info","timestamp":"2026-09-30T03:41:46.342Z","workerId":"worker-pg-continuous-192-e","drained":false,"released":1,"releaseFailed":0,"processed":0,"failed":0,"deadLettered":0,"lag":0}
{"event":"worker.event_error","level":"error","timestamp":"2026-09-30T03:41:46.349Z","eventId":"outbox_687cc349-f14f-4ac1-bd10-160f0f4bda07","workerId":"worker-pg-continuous-192-e","attempt":1,"error":"outbox_error:conflict","operation":"outbox"}
{"event":"worker.metric","name":"worker_outbox_errors_total","value":1,"attributes":{"outcome":"error"},"timestamp":"2026-09-30T03:41:46.349Z"}
{"event":"worker.started","level":"info","timestamp":"2026-09-30T03:41:46.352Z","workerId":"worker-pg-continuous-192-f","concurrency":2,"pollIntervalMs":5,"idleMaxBackoffMs":5000,"errorBackoffMs":500,"errorMaxBackoffMs":30000,"leaseMs":1000,"heartbeatIntervalMs":333,"drainMs":5000,"backlogProbe":true,"sweeps":false,"externalEffects":false,"durable":true}
{"event":"worker.outbox.summary","level":"info","timestamp":"2026-09-30T03:41:46.352Z","workerId":"worker-pg-continuous-192-f","reason":"start","claimed":0,"processed":0,"failed":0,"deadLettered":0,"handoffs":0,"errors":0,"claimFailures":0,"leaseLost":0,"heartbeats":0,"idlePolls":0,"released":0,"lag":null,"inFlight":0}
{"event":"worker.metric","name":"worker_outbox_lag","value":0,"attributes":{"operation":"outbox"},"timestamp":"2026-09-30T03:41:46.381Z"}
{"event":"worker.idle_backoff","level":"debug","timestamp":"2026-09-30T03:41:46.381Z","workerId":"worker-pg-continuous-192-f","backoffMs":5,"lag":0}
{"event":"worker.idle_backoff","level":"debug","timestamp":"2026-09-30T03:41:46.390Z","workerId":"worker-pg-continuous-192-f","backoffMs":10,"lag":0}
{"event":"worker.idle_backoff","level":"debug","timestamp":"2026-09-30T03:41:46.404Z","workerId":"worker-pg-continuous-192-f","backoffMs":20,"lag":0}
{"event":"worker.idle_backoff","level":"debug","timestamp":"2026-09-30T03:41:46.430Z","workerId":"worker-pg-continuous-192-f","backoffMs":40,"lag":0}
{"event":"worker.idle_backoff","level":"debug","timestamp":"2026-09-30T03:41:46.477Z","workerId":"worker-pg-continuous-192-f","backoffMs":80,"lag":0}
{"event":"worker.idle_backoff","level":"debug","timestamp":"2026-09-30T03:41:46.560Z","workerId":"worker-pg-continuous-192-f","backoffMs":160,"lag":0}
{"event":"worker.idle_backoff","level":"debug","timestamp":"2026-09-30T03:41:46.725Z","workerId":"worker-pg-continuous-192-f","backoffMs":320,"lag":0}
{"event":"worker.idle_backoff","level":"debug","timestamp":"2026-09-30T03:41:47.049Z","workerId":"worker-pg-continuous-192-f","backoffMs":640,"lag":0}
{"event":"worker.outbox.summary","level":"info","timestamp":"2026-09-30T03:41:47.353Z","workerId":"worker-pg-continuous-192-f","reason":"interval","claimed":0,"processed":0,"failed":0,"deadLettered":0,"handoffs":0,"errors":0,"claimFailures":0,"leaseLost":0,"heartbeats":0,"idlePolls":8,"released":0,"lag":0,"inFlight":0}
{"event":"worker.metric","name":"worker_outbox_lag","value":0,"attributes":{"operation":"outbox"},"timestamp":"2026-09-30T03:41:47.719Z"}
{"event":"worker.idle_backoff","level":"debug","timestamp":"2026-09-30T03:41:47.719Z","workerId":"worker-pg-continuous-192-f","backoffMs":5,"lag":0}
{"event":"worker.idle_backoff","level":"debug","timestamp":"2026-09-30T03:41:47.730Z","workerId":"worker-pg-continuous-192-f","backoffMs":10,"lag":0}
{"event":"worker.metric","name":"worker_outbox_processed_total","value":1,"attributes":{"status":"processed"},"timestamp":"2026-09-30T03:41:47.743Z"}
{"event":"worker.outbox.processed","level":"info","timestamp":"2026-09-30T03:41:47.743Z","eventId":"outbox_687cc349-f14f-4ac1-bd10-160f0f4bda07","workerId":"worker-pg-continuous-192-f","status":"processed","attempt":2,"leaseLost":false,"operation":"outbox"}
{"event":"worker.idle_backoff","level":"debug","timestamp":"2026-09-30T03:41:47.745Z","workerId":"worker-pg-continuous-192-f","backoffMs":20,"lag":0}
{"event":"worker.outbox.summary","level":"info","timestamp":"2026-09-30T03:41:47.746Z","workerId":"worker-pg-continuous-192-f","reason":"stop","claimed":1,"processed":1,"failed":0,"deadLettered":0,"handoffs":0,"errors":0,"claimFailures":0,"leaseLost":0,"heartbeats":0,"idlePolls":11,"released":0,"lag":0,"inFlight":0}
{"event":"worker.stopped","level":"info","timestamp":"2026-09-30T03:41:47.746Z","workerId":"worker-pg-continuous-192-f","drained":true,"released":0,"releaseFailed":0,"processed":1,"failed":0,"deadLettered":0,"lag":0}
 [32m✓[39m apps/worker/src/__tests__/continuous-worker-postgres.integration.test.ts [2m([22m[2m2 tests[22m[2m)[22m[33m 4269[2mms[22m[39m
     [33m[2m✓[22m[39m consumes events across a simulated restart and dead-letters a poison event [33m 1254[2mms[22m[39m
     [33m[2m✓[22m[39m observes queue lag, completes in-flight work on shutdown and releases bounded leases [33m 3012[2mms[22m[39m
 [32m✓[39m packages/persistence/src/__tests__/platform-postgres-smoke.test.ts [2m([22m[2m5 tests[22m[2m)[22m[33m 4853[2mms[22m[39m
     [33m[2m✓[22m[39m persists an immutable published version and a tenant-scoped trace [33m 1194[2mms[22m[39m
     [33m[2m✓[22m[39m persists versioned suites and redacted A/B run metadata under tenant RLS [33m 1008[2mms[22m[39m
     [33m[2m✓[22m[39m persists tenant-scoped plugin metadata with immutable identity and guarded status [33m 868[2mms[22m[39m
     [33m[2m✓[22m[39m persists tenant-scoped knowledge source metadata without content or lifecycle bypass [33m 913[2mms[22m[39m
     [33m[2m✓[22m[39m persists a validated release-candidate evidence ledger without mutating the version [33m 868[2mms[22m[39m
 [32m✓[39m apps/worker/src/__tests__/operational-harness-capability-postgres.integration.test.ts [2m([22m[2m4 tests[22m[2m)[22m[33m 3917[2mms[22m[39m
     [33m[2m✓[22m[39m replays a confirmed capability effect after a fresh pool/composition and isolates tenants [33m 940[2mms[22m[39m
     [33m[2m✓[22m[39m persists an uncertain capability effect and rejects retry after fresh composition [33m 981[2mms[22m[39m
     [33m[2m✓[22m[39m executes the capability through the durable PostgreSQL worker path for isolated tenants [33m 984[2mms[22m[39m
     [33m[2m✓[22m[39m recovers a durable approval and executes the capability after fresh worker composition [33m 1010[2mms[22m[39m
 [32m✓[39m apps/api/src/__tests__/tenant-schema-inventory-postgres.test.ts [2m([22m[2m4 tests[22m[2m)[22m[33m 3450[2mms[22m[39m
     [33m[2m✓[22m[39m every tenant_id table in the catalog is inventoried and verified [33m 886[2mms[22m[39m
     [33m[2m✓[22m[39m fails when a tenant-scoped table is removed [33m 870[2mms[22m[39m
     [33m[2m✓[22m[39m fails when migration 0022 is not applied [33m 828[2mms[22m[39m
     [33m[2m✓[22m[39m fails a least-privilege role without grants on new tables [33m 864[2mms[22m[39m
 [32m✓[39m apps/worker/src/__tests__/operational-harness-process-restart.integration.test.ts [2m([22m[2m1 test[22m[2m)[22m[33m 1866[2mms[22m[39m
     [33m[2m✓[22m[39m reclaims a child-process claim after fault and completes with competing worker authority [33m 1864[2mms[22m[39m
 [32m✓[39m tests/ci-bar-e2e-finalizer.test.js [2m([22m[2m4 tests[22m[2m)[22m[33m 1352[2mms[22m[39m
     [33m[2m✓[22m[39m checks both required snapshot hashes [33m 331[2mms[22m[39m
     [33m[2m✓[22m[39m rejects empty, incomplete and extra E2E hash maps [33m 523[2mms[22m[39m
     [33m[2m✓[22m[39m rejects log tampering and a coherent replacement of both report UUIDs [33m 329[2mms[22m[39m
 [32m✓[39m packages/persistence/src/__tests__/outbox-durability.test.ts [2m([22m[2m6 tests[22m[2m)[22m[33m 2635[2mms[22m[39m
     [33m[2m✓[22m[39m backfills a legacy processed row while RLS is already forced [33m 506[2mms[22m[39m
     [33m[2m✓[22m[39m redacts legacy rows without making routable pending work disappear [33m 466[2mms[22m[39m
     [33m[2m✓[22m[39m claims once across two connections, journals at-least-once ack, retries and requeues in-place [33m 858[2mms[22m[39m
     [33m[2m✓[22m[39m commits inbound message and durable intent together [33m 799[2mms[22m[39m
 [32m✓[39m packages/persistence/src/__tests__/outbox-content-binding-postgres.test.ts [2m([22m[2m3 tests[22m[2m)[22m[33m 2635[2mms[22m[39m
     [33m[2m✓[22m[39m returns the same record for an identical replay across instances [33m 840[2mms[22m[39m
     [33m[2m✓[22m[39m rejects divergent type/payload/version without mutating the winner [33m 874[2mms[22m[39m
     [33m[2m✓[22m[39m lets one concurrent divergent writer win and rejects the other [33m 919[2mms[22m[39m
 [32m✓[39m apps/api/src/__tests__/journeys-api-postgres.test.ts [2m([22m[2m10 tests[22m[2m)[22m[33m 2225[2mms[22m[39m
     [33m[2m✓[22m[39m applies migration 0014 during postgres startup before serving journeys [33m 874[2mms[22m[39m
 [32m✓[39m apps/web/src/features/platform/multi-agent-creation.test.tsx [2m([22m[2m6 tests[22m[2m)[22m[33m 1556[2mms[22m[39m
     [33m[2m✓[22m[39m creates Agent A and Agent B in one tenant-scoped session with isolated drafts [33m 676[2mms[22m[39m
 [32m✓[39m packages/conversation/src/__tests__/postgres-conversation.integration.test.ts [2m([22m[2m1 test[22m[2m)[22m[33m 1985[2mms[22m[39m
     [33m[2m✓[22m[39m replays durable turns, coalesces claims, and isolates tenants on a disposable database [33m 1983[2mms[22m[39m
 [32m✓[39m apps/worker/src/__tests__/homolog-worker-lifecycle.test.ts [2m([22m[2m4 tests[22m[2m)[22m[33m 911[2mms[22m[39m
     [33m[2m✓[22m[39m fails the real process before ready when PostgreSQL is unavailable [33m 464[2mms[22m[39m
     [33m[2m✓[22m[39m emits controlled-memory readiness before the drain result [33m 440[2mms[22m[39m
