{
  "auditReportVersion": 2,
  "vulnerabilities": {
    "brace-expansion": {
      "name": "brace-expansion",
      "severity": "high",
      "isDirect": false,
      "via": [
        {
          "source": 1240103,
          "name": "brace-expansion",
          "dependency": "brace-expansion",
          "title": "brace-expansion: Quadratic-time expansion of the `{a},b}` rewrite causes CPU denial of service",
          "url": "https://github.com/advisories/GHSA-q2hr-2g5m-vwhr",
          "severity": "moderate",
          "cwe": [
            "CWE-400",
            "CWE-407"
          ],
          "cvss": {
            "score": 5.3,
            "vectorString": "CVSS:3.1/AV:N/AC:L/PR:N/UI:N/S:U/C:N/I:N/A:L"
          },
          "range": ">=4.0.0 <5.0.12"
        },
        {
          "source": 1240107,
          "name": "brace-expansion",
          "dependency": "brace-expansion",
          "title": "brace-expansion: DoS via uncontrolled recursion on nested brace groups causing stack exhaustion",
          "url": "https://github.com/advisories/GHSA-qhr7-859c-m2p7",
          "severity": "high",
          "cwe": [
            "CWE-400",
            "CWE-674"
          ],
          "cvss": {
            "score": 7.5,
            "vectorString": "CVSS:3.1/AV:N/AC:L/PR:N/UI:N/S:U/C:N/I:N/A:H"
          },
          "range": ">=4.0.0 <5.0.11"
        },
        {
          "source": 1240111,
          "name": "brace-expansion",
          "dependency": "brace-expansion",
          "title": "brace-expansion: DoS via uncontrolled recursion in parseCommaParts causing stack exhaustion",
          "url": "https://github.com/advisories/GHSA-6j4f-fj2g-mc7p",
          "severity": "high",
          "cwe": [
            "CWE-400",
            "CWE-674"
          ],
          "cvss": {
            "score": 7.5,
            "vectorString": "CVSS:3.1/AV:N/AC:L/PR:N/UI:N/S:U/C:N/I:N/A:H"
          },
          "range": ">=4.0.0 <5.0.10"
        }
      ],
      "effects": [],
      "range": "4.0.0 - 5.0.11",
      "nodes": [
        "node_modules/brace-expansion"
      ],
      "fixAvailable": true
    },
    "fast-uri": {
      "name": "fast-uri",
      "severity": "high",
      "isDirect": false,
      "via": [
        {
          "source": 1239943,
          "name": "fast-uri",
          "dependency": "fast-uri",
          "title": "fast-uri vulnerable to authority injection via an unvalidated port in serialize",
          "url": "https://github.com/advisories/GHSA-qw65-cvwx-89v3",
          "severity": "high",
          "cwe": [
            "CWE-116"
          ],
          "cvss": {
            "score": 7.5,
            "vectorString": "CVSS:3.1/AV:N/AC:L/PR:N/UI:N/S:U/C:N/I:H/A:N"
          },
          "range": ">=3.0.0 <3.1.7"
        },
        {
          "source": 1239946,
          "name": "fast-uri",
          "dependency": "fast-uri",
          "title": "fast-uri vulnerable to host confusion via an unclosed bracket in the URI authority",
          "url": "https://github.com/advisories/GHSA-58mr-gqgx-xq4g",
          "severity": "high",
          "cwe": [
            "CWE-436"
          ],
          "cvss": {
            "score": 7.5,
            "vectorString": "CVSS:3.1/AV:N/AC:L/PR:N/UI:N/S:U/C:N/I:H/A:N"
          },
          "range": "=3.1.6"
        },
        {
          "source": 1240090,
          "name": "fast-uri",
          "dependency": "fast-uri",
          "title": "fast-uri vulnerable to inconsistent host case normalization via percent-encoded octets",
          "url": "https://github.com/advisories/GHSA-hrr3-gc8f-f4qj",
          "severity": "moderate",
          "cwe": [
            "CWE-178"
          ],
          "cvss": {
            "score": 4.8,
            "vectorString": "CVSS:3.1/AV:N/AC:H/PR:N/UI:N/S:U/C:L/I:L/A:N"
          },
          "range": ">=4.0.0 <4.1.5"
        },
        {
          "source": 1240091,
          "name": "fast-uri",
          "dependency": "fast-uri",
          "title": "fast-uri vulnerable to inconsistent host case normalization via percent-encoded octets",
          "url": "https://github.com/advisories/GHSA-hrr3-gc8f-f4qj",
          "severity": "moderate",
          "cwe": [
            "CWE-178"
          ],
          "cvss": {
            "score": 4.8,
            "vectorString": "CVSS:3.1/AV:N/AC:H/PR:N/UI:N/S:U/C:L/I:L/A:N"
          },
          "range": ">=3.0.0 <3.1.8"
        },
        {
          "source": 1240093,
          "name": "fast-uri",
          "dependency": "fast-uri",
          "title": "fast-uri vulnerable to mailto header injection via percent-encoded field-name desynchronization",
          "url": "https://github.com/advisories/GHSA-jvvf-x445-j334",
          "severity": "moderate",
          "cwe": [
            "CWE-172",
            "CWE-436"
          ],
          "cvss": {
            "score": 4.8,
            "vectorString": "CVSS:3.1/AV:N/AC:H/PR:N/UI:N/S:U/C:L/I:L/A:N"
          },
          "range": ">=4.1.3 <4.1.5"
        }
      ],
      "effects": [],
      "range": "3.0.0 - 3.1.7 || 4.0.0 - 4.1.4",
      "nodes": [
        "node_modules/fast-uri",
        "node_modules/fastify/node_modules/fast-json-stringify/node_modules/fast-uri"
      ],
      "fixAvailable": true
    },
    "undici": {
      "name": "undici",
      "severity": "high",
      "isDirect": false,
      "via": [
        {
          "source": 1239933,
          "name": "undici",
          "dependency": "undici",
          "title": "undici vulnerable to Denial of Service via unhandled error in WebSocket permessage-deflate decompression",
          "url": "https://github.com/advisories/GHSA-3wwx-pv8p-q78v",
          "severity": "moderate",
          "cwe": [
            "CWE-248"
          ],
          "cvss": {
            "score": 5.9,
            "vectorString": "CVSS:3.1/AV:N/AC:H/PR:N/UI:N/S:U/C:N/I:N/A:H"
          },
          "range": ">=7.28.0 <7.29.1"
        },
        {
          "source": 1240036,
          "name": "undici",
          "dependency": "undici",
          "title": "undici vulnerable to Denial of Service via orphaned RetryHandler response body",
          "url": "https://github.com/advisories/GHSA-pmjh-fq2x-6v4x",
          "severity": "moderate",
          "cwe": [
            "CWE-772"
          ],
          "cvss": {
            "score": 5.9,
            "vectorString": "CVSS:3.1/AV:N/AC:H/PR:N/UI:N/S:U/C:N/I:N/A:H"
          },
          "range": ">=7.11.0 <7.29.1"
        },
        {
          "source": 1240038,
          "name": "undici",
          "dependency": "undici",
          "title": "undici vulnerable to downstream response splitting via retry interceptor",
          "url": "https://github.com/advisories/GHSA-r53p-7pc4-xj5r",
          "severity": "low",
          "cwe": [
            "CWE-444"
          ],
          "cvss": {
            "score": 3.7,
            "vectorString": "CVSS:3.1/AV:N/AC:H/PR:N/UI:N/S:U/C:N/I:L/A:N"
          },
          "range": ">=7.0.0 <7.29.1"
        },
        {
          "source": 1240041,
          "name": "undici",
          "dependency": "undici",
          "title": "undici vulnerable to Denial of Service via unrequested WebSocket subprotocol",
          "url": "https://github.com/advisories/GHSA-rfgv-xxqx-mfg5",
          "severity": "high",
          "cwe": [
            "CWE-248",
            "CWE-252"
          ],
          "cvss": {
            "score": 7.5,
            "vectorString": "CVSS:3.1/AV:N/AC:L/PR:N/UI:N/S:U/C:N/I:N/A:H"
          },
          "range": ">=7.0.0 <7.29.1"
        },
        {
          "source": 1240044,
          "name": "undici",
          "dependency": "undici",
          "title": "undici vulnerable to Denial of Service via unbounded decompression of compressed responses",
          "url": "https://github.com/advisories/GHSA-3xpg-4rpp-hhhm",
          "severity": "moderate",
          "cwe": [
            "CWE-770"
          ],
          "cvss": {
            "score": 5.9,
            "vectorString": "CVSS:3.1/AV:N/AC:H/PR:N/UI:N/S:U/C:N/I:N/A:H"
          },
          "range": ">=7.15.0 <7.29.1"
        },
        {
          "source": 1240046,
          "name": "undici",
          "dependency": "undici",
          "title": "undici vulnerable to cross-user cookie disclosure via Set-Cookie caching in shared caches",
          "url": "https://github.com/advisories/GHSA-2jfj-6hjv-fm6j",
          "severity": "moderate",
          "cwe": [
            "CWE-200",
            "CWE-524"
          ],
          "cvss": {
            "score": 6.5,
            "vectorString": "CVSS:3.1/AV:N/AC:H/PR:N/UI:N/S:U/C:H/I:L/A:N"
          },
          "range": ">=7.0.0 <7.29.1"
        },
        {
          "source": 1240048,
          "name": "undici",
          "dependency": "undici",
          "title": "undici vulnerable to response truncation via oversized chunked responses in the dump interceptor",
          "url": "https://github.com/advisories/GHSA-2gqq-gqf2-x968",
          "severity": "low",
          "cwe": [
            "CWE-20",
            "CWE-248"
          ],
          "cvss": {
            "score": 3.7,
            "vectorString": "CVSS:3.1/AV:N/AC:H/PR:N/UI:N/S:U/C:N/I:L/A:N"
          },
          "range": ">=7.1.0 <7.29.1"
        },
        {
          "source": 1240050,
          "name": "undici",
          "dependency": "undici",
          "title": "undici vulnerable to TLS certificate validation bypass via dropped connect options in BalancedPool",
          "url": "https://github.com/advisories/GHSA-w293-vg96-wgc3",
          "severity": "high",
          "cwe": [
            "CWE-295"
          ],
          "cvss": {
            "score": 7.4,
            "vectorString": "CVSS:3.1/AV:N/AC:H/PR:N/UI:N/S:U/C:H/I:H/A:N"
          },
          "range": ">=7.24.1 <7.29.1"
        },
        {
          "source": 1240052,
          "name": "undici",
          "dependency": "undici",
          "title": "undici vulnerable to caching and replay of unsafe HTTP method responses",
          "url": "https://github.com/advisories/GHSA-8436-99hf-9mmv",
          "severity": "low",
          "cwe": [
            "CWE-345"
          ],
          "cvss": {
            "score": 3.7,
            "vectorString": "CVSS:3.1/AV:N/AC:H/PR:N/UI:N/S:U/C:N/I:L/A:N"
          },
          "range": ">=7.0.0 <7.29.1"
        },
        {
          "source": 1240055,
          "name": "undici",
          "dependency": "undici",
          "title": "undici vulnerable to Denial of Service via WebSocketStream unclean close",
          "url": "https://github.com/advisories/GHSA-rx4f-c7p8-82vq",
          "severity": "moderate",
          "cwe": [
            "CWE-248",
            "CWE-754"
          ],
          "cvss": {
            "score": 5.9,
            "vectorString": "CVSS:3.1/AV:N/AC:H/PR:N/UI:N/S:U/C:N/I:N/A:H"
          },
          "range": ">=7.0.0 <7.29.1"
        }
      ],
      "effects": [],
      "range": "7.0.0 - 7.29.0",
      "nodes": [
        "node_modules/undici"
      ],
      "fixAvailable": true
    }
  },
  "metadata": {
    "vulnerabilities": {
      "info": 0,
      "low": 0,
      "moderate": 0,
      "high": 3,
      "critical": 0,
      "total": 3
    },
    "dependencies": {
      "prod": 137,
      "dev": 267,
      "optional": 56,
      "peer": 10,
      "peerOptional": 0,
      "total": 404
    }
  }
}
