{
  "auditReportVersion": 2,
  "vulnerabilities": {
    "fast-uri": {
      "name": "fast-uri",
      "severity": "high",
      "isDirect": false,
      "via": [
        {
          "source": 1239943,
          "name": "fast-uri",
          "dependency": "fast-uri",
          "title": "fast-uri vulnerable to authority injection via an unvalidated port in serialize",
          "url": "https://github.com/advisories/GHSA-qw65-cvwx-89v3",
          "severity": "high",
          "cwe": [
            "CWE-116"
          ],
          "cvss": {
            "score": 7.5,
            "vectorString": "CVSS:3.1/AV:N/AC:L/PR:N/UI:N/S:U/C:N/I:H/A:N"
          },
          "range": ">=3.0.0 <3.1.7"
        },
        {
          "source": 1239946,
          "name": "fast-uri",
          "dependency": "fast-uri",
          "title": "fast-uri vulnerable to host confusion via an unclosed bracket in the URI authority",
          "url": "https://github.com/advisories/GHSA-58mr-gqgx-xq4g",
          "severity": "high",
          "cwe": [
            "CWE-436"
          ],
          "cvss": {
            "score": 7.5,
            "vectorString": "CVSS:3.1/AV:N/AC:L/PR:N/UI:N/S:U/C:N/I:H/A:N"
          },
          "range": "=3.1.6"
        },
        {
          "source": 1240090,
          "name": "fast-uri",
          "dependency": "fast-uri",
          "title": "fast-uri vulnerable to inconsistent host case normalization via percent-encoded octets",
          "url": "https://github.com/advisories/GHSA-hrr3-gc8f-f4qj",
          "severity": "moderate",
          "cwe": [
            "CWE-178"
          ],
          "cvss": {
            "score": 4.8,
            "vectorString": "CVSS:3.1/AV:N/AC:H/PR:N/UI:N/S:U/C:L/I:L/A:N"
          },
          "range": ">=4.0.0 <4.1.5"
        },
        {
          "source": 1240091,
          "name": "fast-uri",
          "dependency": "fast-uri",
          "title": "fast-uri vulnerable to inconsistent host case normalization via percent-encoded octets",
          "url": "https://github.com/advisories/GHSA-hrr3-gc8f-f4qj",
          "severity": "moderate",
          "cwe": [
            "CWE-178"
          ],
          "cvss": {
            "score": 4.8,
            "vectorString": "CVSS:3.1/AV:N/AC:H/PR:N/UI:N/S:U/C:L/I:L/A:N"
          },
          "range": ">=3.0.0 <3.1.8"
        },
        {
          "source": 1240093,
          "name": "fast-uri",
          "dependency": "fast-uri",
          "title": "fast-uri vulnerable to mailto header injection via percent-encoded field-name desynchronization",
          "url": "https://github.com/advisories/GHSA-jvvf-x445-j334",
          "severity": "moderate",
          "cwe": [
            "CWE-172",
            "CWE-436"
          ],
          "cvss": {
            "score": 4.8,
            "vectorString": "CVSS:3.1/AV:N/AC:H/PR:N/UI:N/S:U/C:L/I:L/A:N"
          },
          "range": ">=4.1.3 <4.1.5"
        }
      ],
      "effects": [],
      "range": "3.0.0 - 3.1.7 || 4.0.0 - 4.1.4",
      "nodes": [
        "node_modules/fast-uri",
        "node_modules/fastify/node_modules/fast-json-stringify/node_modules/fast-uri"
      ],
      "fixAvailable": true
    }
  },
  "metadata": {
    "vulnerabilities": {
      "info": 0,
      "low": 0,
      "moderate": 0,
      "high": 1,
      "critical": 0,
      "total": 1
    },
    "dependencies": {
      "prod": 137,
      "dev": 267,
      "optional": 56,
      "peer": 10,
      "peerOptional": 0,
      "total": 404
    }
  }
}
