
 RUN  v4.1.11 /home/ricardo/cvg-agent-secretary-v2
      Coverage enabled with v8


 Test Files  5 passed (5)
      Tests  54 passed (54)
   Start at  02:47:39
   Duration  8.13s (transform 439ms, setup 0ms, import 1.21s, tests 194ms, environment 5.11s)

 % Coverage report from v8
-----------------|---------|----------|---------|---------|-------------------
File             | % Stmts | % Branch | % Funcs | % Lines | Uncovered Line #s 
-----------------|---------|----------|---------|---------|-------------------
All files        |   98.77 |    97.84 |     100 |   99.34 |                   
 engine.ts       |   98.98 |    98.16 |     100 |   98.92 | 285               
 grants.ts       |   94.73 |    83.33 |     100 |     100 | 154               
-----------------|---------|----------|---------|---------|-------------------

=============================== Coverage summary ===============================
Statements   : 98.77% ( 161/163 )
Branches     : 97.84% ( 136/139 )
Functions    : 100% ( 30/30 )
Lines        : 99.34% ( 152/153 )
================================================================================
