.gauntlet-archive/m07-s1-c1i-20260924-finished-fail/.writer.lock: OK
.gauntlet-archive/m07-s1-c1i-20260924-finished-fail/artifacts.jsonl: OK
.gauntlet-archive/m07-s1-c1i-20260924-finished-fail/bar.json: OK
.gauntlet-archive/m07-s1-c1i-20260924-finished-fail/c1i-final-verification.json: OK
.gauntlet-archive/m07-s1-c1i-20260924-finished-fail/c1i-finalization-command-records.json: OK
.gauntlet-archive/m07-s1-c1i-20260924-finished-fail/history.jsonl: OK
.gauntlet-archive/m07-s1-c1i-20260924-finished-fail/progress.md: OK
.gauntlet-archive/m07-s1-c1i-20260924-finished-fail/state.json: OK
docs/04_audit/evidence/AUD-20260923/M07-S1-R1-C1E/candidate-fingerprint-comparison.stderr.log: OK
docs/04_audit/evidence/AUD-20260923/M07-S1-R1-C1E/candidate-fingerprint-comparison.stdout.log: OK
docs/04_audit/evidence/AUD-20260923/M07-S1-R1-C1E/candidate-freeze.stderr.log: OK
docs/04_audit/evidence/AUD-20260923/M07-S1-R1-C1E/candidate-freeze.stdout.log: OK
docs/04_audit/evidence/AUD-20260923/M07-S1-R1-C1E/candidate-postcheck.stderr.log: OK
docs/04_audit/evidence/AUD-20260923/M07-S1-R1-C1E/candidate-postcheck.stdout.log: OK
docs/04_audit/evidence/AUD-20260923/M07-S1-R1-C1E/candidate-verify-initial.stderr.log: OK
docs/04_audit/evidence/AUD-20260923/M07-S1-R1-C1E/candidate-verify-initial.stdout.log: OK
docs/04_audit/evidence/AUD-20260923/M07-S1-R1-C1E/capture_command.py: OK
docs/04_audit/evidence/AUD-20260923/M07-S1-R1-C1E/command-records.json: OK
docs/04_audit/evidence/AUD-20260923/M07-S1-R1-C1E/coverage.stderr.log: OK
docs/04_audit/evidence/AUD-20260923/M07-S1-R1-C1E/coverage.stdout.log: OK
docs/04_audit/evidence/AUD-20260923/M07-S1-R1-C1E/execution-candidate-manifest.json: OK
docs/04_audit/evidence/AUD-20260923/M07-S1-R1-C1E/final-gate-result.md: OK
docs/04_audit/evidence/AUD-20260923/M07-S1-R1-C1E/focused-tests.stderr.log: OK
docs/04_audit/evidence/AUD-20260923/M07-S1-R1-C1E/focused-tests.stdout.log: OK
docs/04_audit/evidence/AUD-20260923/M07-S1-R1-C1E/full-suite.stderr.log: OK
docs/04_audit/evidence/AUD-20260923/M07-S1-R1-C1E/full-suite.stdout.log: OK
docs/04_audit/evidence/AUD-20260923/M07-S1-R1-C1E/gauntlet-budget.json: OK
docs/04_audit/evidence/AUD-20260923/M07-S1-R1-C1E/gauntlet-capabilities.json: OK
docs/04_audit/evidence/AUD-20260923/M07-S1-R1-C1E/gauntlet-goal.txt: OK
docs/04_audit/evidence/AUD-20260923/M07-S1-R1-C1E/i1-attempt-01.md: OK
docs/04_audit/evidence/AUD-20260923/M07-S1-R1-C1E/i1-critic-packet.md: OK
docs/04_audit/evidence/AUD-20260923/M07-S1-R1-C1E/inventory.stderr.log: OK
docs/04_audit/evidence/AUD-20260923/M07-S1-R1-C1E/inventory.stdout.log: OK
docs/04_audit/evidence/AUD-20260923/M07-S1-R1-C1E/lint.stderr.log: OK
docs/04_audit/evidence/AUD-20260923/M07-S1-R1-C1E/lint.stdout.log: OK
docs/04_audit/evidence/AUD-20260923/M07-S1-R1-C1E/node-version.stderr.log: OK
docs/04_audit/evidence/AUD-20260923/M07-S1-R1-C1E/node-version.stdout.log: OK
docs/04_audit/evidence/AUD-20260923/M07-S1-R1-C1E/npm-version.stderr.log: OK
docs/04_audit/evidence/AUD-20260923/M07-S1-R1-C1E/npm-version.stdout.log: OK
docs/04_audit/evidence/AUD-20260923/M07-S1-R1-C1E/npm-version.txt: OK
docs/04_audit/evidence/AUD-20260923/M07-S1-R1-C1E/quality-bar-baseline-correction.md: OK
docs/04_audit/evidence/AUD-20260923/M07-S1-R1-C1E/quality-bar.json: OK
docs/04_audit/evidence/AUD-20260923/M07-S1-R1-C1E/rollback-baseline.sha256: OK
docs/04_audit/evidence/AUD-20260923/M07-S1-R1-C1E/rollback-baseline/config/workspace-dependency-policy.json: OK
docs/04_audit/evidence/AUD-20260923/M07-S1-R1-C1E/rollback-baseline/scripts/workspace-dependency-audit.mjs: OK
docs/04_audit/evidence/AUD-20260923/M07-S1-R1-C1E/rollback-baseline/tests/workspace-dependency-audit.test.js: OK
docs/04_audit/evidence/AUD-20260923/M07-S1-R1-C1E/typecheck.stderr.log: OK
docs/04_audit/evidence/AUD-20260923/M07-S1-R1-C1E/typecheck.stdout.log: OK
docs/04_audit/evidence/AUD-20260923/M07-S1-R1-C1E/typescript-version.stderr.log: OK
docs/04_audit/evidence/AUD-20260923/M07-S1-R1-C1E/typescript-version.stdout.log: OK
docs/04_audit/evidence/AUD-20260923/M07-S1-R1-C1E/workspace-dependency-report.json: OK
docs/04_audit/evidence/AUD-20260923/M07-S1-R1/correction-gate-proposal.md: OK
docs/04_audit/evidence/AUD-20260923/M07-S1-R1/correction-preview.md: OK
docs/04_audit/evidence/AUD-20260923/M07-S1-R1/execution-candidate-manifest.json: OK
docs/04_audit/evidence/AUD-20260923/M07-S1-R1/final-gate-result.md: OK
docs/04_audit/evidence/AUD-20260923/M07-S1-R1/i1-attempt-02.md: OK
docs/04_audit/evidence/AUD-20260923/M07-S1-R1/npm-version.txt: OK
docs/04_audit/evidence/AUD-20260923/M07-S1-R1/rollback-baseline.sha256: OK
docs/04_audit/evidence/AUD-20260923/M07-S1-R1/rollback-baseline/workspace-dependency-audit.mjs: OK
docs/04_audit/evidence/AUD-20260923/M07-S1-R1/rollback-baseline/workspace-dependency-audit.test.js: OK
docs/04_audit/evidence/AUD-20260923/M07-S1-R1/rollback-baseline/workspace-dependency-policy.json: OK
docs/04_audit/evidence/AUD-20260923/M07-S1-R1/workspace-dependency-report.json: OK
docs/04_audit/evidence/AUD-20260924/M07-S1-C1F/baseline-delta-inspection.stderr.log: OK
docs/04_audit/evidence/AUD-20260924/M07-S1-C1F/baseline-delta-inspection.stdout.log: OK
docs/04_audit/evidence/AUD-20260924/M07-S1-C1F/candidate-diff.patch: OK
docs/04_audit/evidence/AUD-20260924/M07-S1-C1F/candidate-freeze.stderr.log: OK
docs/04_audit/evidence/AUD-20260924/M07-S1-C1F/candidate-freeze.stdout.log: OK
docs/04_audit/evidence/AUD-20260924/M07-S1-C1F/candidate-inventory-details.stderr.log: OK
docs/04_audit/evidence/AUD-20260924/M07-S1-C1F/candidate-inventory-details.stdout.log: OK
docs/04_audit/evidence/AUD-20260924/M07-S1-C1F/candidate-inventory-semantic-check.stderr.log: OK
docs/04_audit/evidence/AUD-20260924/M07-S1-C1F/candidate-inventory-semantic-check.stdout.log: OK
docs/04_audit/evidence/AUD-20260924/M07-S1-C1F/candidate-inventory-semantic-inspection.stderr.log: OK
docs/04_audit/evidence/AUD-20260924/M07-S1-C1F/candidate-inventory-semantic-inspection.stdout.log: OK
docs/04_audit/evidence/AUD-20260924/M07-S1-C1F/candidate-postcheck.stderr.log: OK
docs/04_audit/evidence/AUD-20260924/M07-S1-C1F/candidate-postcheck.stdout.log: OK
docs/04_audit/evidence/AUD-20260924/M07-S1-C1F/candidate-report-fingerprint-compare.stderr.log: OK
docs/04_audit/evidence/AUD-20260924/M07-S1-C1F/candidate-report-fingerprint-compare.stdout.log: OK
docs/04_audit/evidence/AUD-20260924/M07-S1-C1F/candidate-verify-initial.stderr.log: OK
docs/04_audit/evidence/AUD-20260924/M07-S1-C1F/candidate-verify-initial.stdout.log: OK
docs/04_audit/evidence/AUD-20260924/M07-S1-C1F/capture_command.py: OK
docs/04_audit/evidence/AUD-20260924/M07-S1-C1F/command-log-integrity.json: OK
docs/04_audit/evidence/AUD-20260924/M07-S1-C1F/command-records.json: OK
docs/04_audit/evidence/AUD-20260924/M07-S1-C1F/correction-gate-proposal.md: OK
docs/04_audit/evidence/AUD-20260924/M07-S1-C1F/correction-preview.md: OK
docs/04_audit/evidence/AUD-20260924/M07-S1-C1F/coverage.stderr.log: OK
docs/04_audit/evidence/AUD-20260924/M07-S1-C1F/coverage.stdout.log: OK
docs/04_audit/evidence/AUD-20260924/M07-S1-C1F/coverage/coverage-summary.json: OK
docs/04_audit/evidence/AUD-20260924/M07-S1-C1F/decision-record.md: OK
docs/04_audit/evidence/AUD-20260924/M07-S1-C1F/evidence-index.json: OK
docs/04_audit/evidence/AUD-20260924/M07-S1-C1F/execution-candidate-manifest.json: OK
docs/04_audit/evidence/AUD-20260924/M07-S1-C1F/final-evidence-summary.stderr.log: OK
docs/04_audit/evidence/AUD-20260924/M07-S1-C1F/final-evidence-summary.stdout.log: OK
docs/04_audit/evidence/AUD-20260924/M07-S1-C1F/final-gate-result.md: OK
docs/04_audit/evidence/AUD-20260924/M07-S1-C1F/focused-tests.stderr.log: OK
docs/04_audit/evidence/AUD-20260924/M07-S1-C1F/focused-tests.stdout.log: OK
docs/04_audit/evidence/AUD-20260924/M07-S1-C1F/full-suite.stderr.log: OK
docs/04_audit/evidence/AUD-20260924/M07-S1-C1F/full-suite.stdout.log: OK
docs/04_audit/evidence/AUD-20260924/M07-S1-C1F/gauntlet-budget.json: OK
docs/04_audit/evidence/AUD-20260924/M07-S1-C1F/gauntlet-capabilities.json: OK
docs/04_audit/evidence/AUD-20260924/M07-S1-C1F/gauntlet-goal.txt: OK
docs/04_audit/evidence/AUD-20260924/M07-S1-C1F/gauntlet-lifecycle-note.md: OK
docs/04_audit/evidence/AUD-20260924/M07-S1-C1F/i1-attempt-01.md: OK
docs/04_audit/evidence/AUD-20260924/M07-S1-C1F/i1-critic-packet.md: OK
docs/04_audit/evidence/AUD-20260924/M07-S1-C1F/inventory.stderr.log: OK
docs/04_audit/evidence/AUD-20260924/M07-S1-C1F/inventory.stdout.log: OK
docs/04_audit/evidence/AUD-20260924/M07-S1-C1F/lint.stderr.log: OK
docs/04_audit/evidence/AUD-20260924/M07-S1-C1F/lint.stdout.log: OK
docs/04_audit/evidence/AUD-20260924/M07-S1-C1F/log-sanitization-scan.stderr.log: OK
docs/04_audit/evidence/AUD-20260924/M07-S1-C1F/log-sanitization-scan.stdout.log: OK
docs/04_audit/evidence/AUD-20260924/M07-S1-C1F/node-version-preflight.stderr.log: OK
docs/04_audit/evidence/AUD-20260924/M07-S1-C1F/node-version-preflight.stdout.log: OK
docs/04_audit/evidence/AUD-20260924/M07-S1-C1F/npm-version-preflight.stderr.log: OK
docs/04_audit/evidence/AUD-20260924/M07-S1-C1F/npm-version-preflight.stdout.log: OK
docs/04_audit/evidence/AUD-20260924/M07-S1-C1F/npm-version.txt: OK
docs/04_audit/evidence/AUD-20260924/M07-S1-C1F/quality-bar-results.json: OK
docs/04_audit/evidence/AUD-20260924/M07-S1-C1F/quality-bar.json: OK
docs/04_audit/evidence/AUD-20260924/M07-S1-C1F/rollback-baseline.sha256: OK
docs/04_audit/evidence/AUD-20260924/M07-S1-C1F/rollback-baseline/config/workspace-dependency-policy.json: OK
docs/04_audit/evidence/AUD-20260924/M07-S1-C1F/rollback-baseline/packages/conversation/src/__tests__/postgres-store.unit.test.ts: OK
docs/04_audit/evidence/AUD-20260924/M07-S1-C1F/rollback-baseline/scripts/workspace-dependency-audit.mjs: OK
docs/04_audit/evidence/AUD-20260924/M07-S1-C1F/rollback-baseline/tests/workspace-dependency-audit.test.js: OK
docs/04_audit/evidence/AUD-20260924/M07-S1-C1F/sanitization-final.stderr.log: OK
docs/04_audit/evidence/AUD-20260924/M07-S1-C1F/sanitization-final.stdout.log: OK
docs/04_audit/evidence/AUD-20260924/M07-S1-C1F/sanitization_scan.py: OK
docs/04_audit/evidence/AUD-20260924/M07-S1-C1F/typecheck.stderr.log: OK
docs/04_audit/evidence/AUD-20260924/M07-S1-C1F/typecheck.stdout.log: OK
docs/04_audit/evidence/AUD-20260924/M07-S1-C1F/typescript-version-preflight.stderr.log: OK
docs/04_audit/evidence/AUD-20260924/M07-S1-C1F/typescript-version-preflight.stdout.log: OK
docs/04_audit/evidence/AUD-20260924/M07-S1-C1F/workspace-dependency-report.json: OK
docs/04_audit/evidence/AUD-20260924/M07-S1-C1G/approval-request.md: OK
docs/04_audit/evidence/AUD-20260924/M07-S1-C1G/capture_command.py: OK
docs/04_audit/evidence/AUD-20260924/M07-S1-C1G/command-plan.json: OK
docs/04_audit/evidence/AUD-20260924/M07-S1-C1G/command-records.json: OK
docs/04_audit/evidence/AUD-20260924/M07-S1-C1G/correction-gate-proposal.md: OK
docs/04_audit/evidence/AUD-20260924/M07-S1-C1G/correction-preview.md: OK
docs/04_audit/evidence/AUD-20260924/M07-S1-C1G/correction-preview.patch: OK
docs/04_audit/evidence/AUD-20260924/M07-S1-C1G/decision-record.md: OK
docs/04_audit/evidence/AUD-20260924/M07-S1-C1G/final-gate-result.md: OK
docs/04_audit/evidence/AUD-20260924/M07-S1-C1G/gauntlet-budget.json: OK
docs/04_audit/evidence/AUD-20260924/M07-S1-C1G/gauntlet-capabilities.json: OK
docs/04_audit/evidence/AUD-20260924/M07-S1-C1G/gauntlet-goal.txt: OK
docs/04_audit/evidence/AUD-20260924/M07-S1-C1G/historical-evidence-manifest.json: OK
docs/04_audit/evidence/AUD-20260924/M07-S1-C1G/historical-evidence.sha256: OK
docs/04_audit/evidence/AUD-20260924/M07-S1-C1G/node-version-preflight.stderr.log: OK
docs/04_audit/evidence/AUD-20260924/M07-S1-C1G/node-version-preflight.stdout.log: OK
docs/04_audit/evidence/AUD-20260924/M07-S1-C1G/quality-bar.json: OK
docs/04_audit/evidence/AUD-20260924/M07-S1-C1G/source-baseline.json: OK
docs/04_audit/evidence/AUD-20260924/M07-S1-C1G/typescript-version-preflight.stderr.log: OK
docs/04_audit/evidence/AUD-20260924/M07-S1-C1G/typescript-version-preflight.stdout.log: OK
docs/04_audit/evidence/AUD-20260924/M07-S1-C1H/approval-request.md: OK
docs/04_audit/evidence/AUD-20260924/M07-S1-C1H/archive-finished-c1f-gauntlet.stderr.log: OK
docs/04_audit/evidence/AUD-20260924/M07-S1-C1H/archive-finished-c1f-gauntlet.stdout.log: OK
docs/04_audit/evidence/AUD-20260924/M07-S1-C1H/c1f-gauntlet-lock-preflight.stderr.log: OK
docs/04_audit/evidence/AUD-20260924/M07-S1-C1H/c1f-gauntlet-lock-preflight.stdout.log: OK
docs/04_audit/evidence/AUD-20260924/M07-S1-C1H/c1h-preconditions.stderr.log: OK
docs/04_audit/evidence/AUD-20260924/M07-S1-C1H/c1h-preconditions.stdout.log: OK
docs/04_audit/evidence/AUD-20260924/M07-S1-C1H/candidate-freeze.stderr.log: OK
docs/04_audit/evidence/AUD-20260924/M07-S1-C1H/candidate-freeze.stdout.log: OK
docs/04_audit/evidence/AUD-20260924/M07-S1-C1H/capture_command.py: OK
docs/04_audit/evidence/AUD-20260924/M07-S1-C1H/command-plan.json: OK
docs/04_audit/evidence/AUD-20260924/M07-S1-C1H/command-record-integrity.stderr.log: OK
docs/04_audit/evidence/AUD-20260924/M07-S1-C1H/command-record-integrity.stdout.log: OK
docs/04_audit/evidence/AUD-20260924/M07-S1-C1H/command-records.json: OK
docs/04_audit/evidence/AUD-20260924/M07-S1-C1H/correction-gate-proposal.md: OK
docs/04_audit/evidence/AUD-20260924/M07-S1-C1H/correction-preview.md: OK
docs/04_audit/evidence/AUD-20260924/M07-S1-C1H/correction-preview.patch: OK
docs/04_audit/evidence/AUD-20260924/M07-S1-C1H/decision-record.md: OK
docs/04_audit/evidence/AUD-20260924/M07-S1-C1H/evidence-index.json: OK
docs/04_audit/evidence/AUD-20260924/M07-S1-C1H/final-gate-result.md: OK
docs/04_audit/evidence/AUD-20260924/M07-S1-C1H/gauntlet-budget.json: OK
docs/04_audit/evidence/AUD-20260924/M07-S1-C1H/gauntlet-capabilities.json: OK
docs/04_audit/evidence/AUD-20260924/M07-S1-C1H/gauntlet-goal.txt: OK
docs/04_audit/evidence/AUD-20260924/M07-S1-C1H/gauntlet-init-c1h.stderr.log: OK
docs/04_audit/evidence/AUD-20260924/M07-S1-C1H/gauntlet-init-c1h.stdout.log: OK
docs/04_audit/evidence/AUD-20260924/M07-S1-C1H/historical-evidence-manifest.json: OK
docs/04_audit/evidence/AUD-20260924/M07-S1-C1H/historical-evidence.sha256: OK
docs/04_audit/evidence/AUD-20260924/M07-S1-C1H/node-version-preflight.stderr.log: OK
docs/04_audit/evidence/AUD-20260924/M07-S1-C1H/node-version-preflight.stdout.log: OK
docs/04_audit/evidence/AUD-20260924/M07-S1-C1H/npm-version-preflight.stderr.log: OK
docs/04_audit/evidence/AUD-20260924/M07-S1-C1H/npm-version-preflight.stdout.log: OK
docs/04_audit/evidence/AUD-20260924/M07-S1-C1H/npm-version.txt: OK
docs/04_audit/evidence/AUD-20260924/M07-S1-C1H/packet-validation.json: OK
docs/04_audit/evidence/AUD-20260924/M07-S1-C1H/preview-apply-check.stderr.log: OK
docs/04_audit/evidence/AUD-20260924/M07-S1-C1H/preview-apply-check.stdout.log: OK
docs/04_audit/evidence/AUD-20260924/M07-S1-C1H/preview-apply.stderr.log: OK
docs/04_audit/evidence/AUD-20260924/M07-S1-C1H/preview-apply.stdout.log: OK
docs/04_audit/evidence/AUD-20260924/M07-S1-C1H/quality-bar-results.json: OK
docs/04_audit/evidence/AUD-20260924/M07-S1-C1H/quality-bar.json: OK
docs/04_audit/evidence/AUD-20260924/M07-S1-C1H/rollback-baseline.sha256: OK
docs/04_audit/evidence/AUD-20260924/M07-S1-C1H/rollback-baseline/config/workspace-dependency-policy.json: OK
docs/04_audit/evidence/AUD-20260924/M07-S1-C1H/rollback-baseline/packages/conversation/src/__tests__/postgres-store.unit.test.ts: OK
docs/04_audit/evidence/AUD-20260924/M07-S1-C1H/rollback-baseline/scripts/workspace-dependency-audit.mjs: OK
docs/04_audit/evidence/AUD-20260924/M07-S1-C1H/rollback-baseline/tests/workspace-dependency-audit.test.js: OK
docs/04_audit/evidence/AUD-20260924/M07-S1-C1H/rollback-directory-create.stderr.log: OK
docs/04_audit/evidence/AUD-20260924/M07-S1-C1H/rollback-directory-create.stdout.log: OK
docs/04_audit/evidence/AUD-20260924/M07-S1-C1H/snapshot-checksums.stderr.log: OK
docs/04_audit/evidence/AUD-20260924/M07-S1-C1H/snapshot-checksums.stdout.log: OK
docs/04_audit/evidence/AUD-20260924/M07-S1-C1H/snapshot-conversation-fixture.stderr.log: OK
docs/04_audit/evidence/AUD-20260924/M07-S1-C1H/snapshot-conversation-fixture.stdout.log: OK
docs/04_audit/evidence/AUD-20260924/M07-S1-C1H/snapshot-delta-conversation-fixture.stderr.log: OK
docs/04_audit/evidence/AUD-20260924/M07-S1-C1H/snapshot-delta-conversation-fixture.stdout.log: OK
docs/04_audit/evidence/AUD-20260924/M07-S1-C1H/snapshot-delta-policy.stderr.log: OK
docs/04_audit/evidence/AUD-20260924/M07-S1-C1H/snapshot-delta-policy.stdout.log: OK
docs/04_audit/evidence/AUD-20260924/M07-S1-C1H/snapshot-delta-scanner-test.stderr.log: OK
docs/04_audit/evidence/AUD-20260924/M07-S1-C1H/snapshot-delta-scanner-test.stdout.log: OK
docs/04_audit/evidence/AUD-20260924/M07-S1-C1H/snapshot-delta-scanner.stderr.log: OK
docs/04_audit/evidence/AUD-20260924/M07-S1-C1H/snapshot-delta-scanner.stdout.log: OK
docs/04_audit/evidence/AUD-20260924/M07-S1-C1H/snapshot-policy.stderr.log: OK
docs/04_audit/evidence/AUD-20260924/M07-S1-C1H/snapshot-policy.stdout.log: OK
docs/04_audit/evidence/AUD-20260924/M07-S1-C1H/snapshot-scanner-test.stderr.log: OK
docs/04_audit/evidence/AUD-20260924/M07-S1-C1H/snapshot-scanner-test.stdout.log: OK
docs/04_audit/evidence/AUD-20260924/M07-S1-C1H/snapshot-scanner.stderr.log: OK
docs/04_audit/evidence/AUD-20260924/M07-S1-C1H/snapshot-scanner.stdout.log: OK
docs/04_audit/evidence/AUD-20260924/M07-S1-C1H/source-baseline-preflight.stderr.log: OK
docs/04_audit/evidence/AUD-20260924/M07-S1-C1H/source-baseline-preflight.stdout.log: OK
docs/04_audit/evidence/AUD-20260924/M07-S1-C1H/source-baseline.json: OK
docs/04_audit/evidence/AUD-20260924/M07-S1-C1H/typescript-version-preflight.stderr.log: OK
docs/04_audit/evidence/AUD-20260924/M07-S1-C1H/typescript-version-preflight.stdout.log: OK
docs/04_audit/evidence/AUD-20260924/M07-S1-C1I/approval-request.md: OK
docs/04_audit/evidence/AUD-20260924/M07-S1-C1I/archive-finished-c1h-gauntlet.stderr.log: OK
docs/04_audit/evidence/AUD-20260924/M07-S1-C1I/archive-finished-c1h-gauntlet.stdout.log: OK
docs/04_audit/evidence/AUD-20260924/M07-S1-C1I/baseline-refresh-report.json: OK
docs/04_audit/evidence/AUD-20260924/M07-S1-C1I/baseline-refresh-validation.stderr.log: OK
docs/04_audit/evidence/AUD-20260924/M07-S1-C1I/baseline-refresh-validation.stdout.log: OK
docs/04_audit/evidence/AUD-20260924/M07-S1-C1I/c1h-gauntlet-lock-preflight.stderr.log: OK
docs/04_audit/evidence/AUD-20260924/M07-S1-C1I/c1h-gauntlet-lock-preflight.stdout.log: OK
docs/04_audit/evidence/AUD-20260924/M07-S1-C1I/c1i-preconditions.stderr.log: OK
docs/04_audit/evidence/AUD-20260924/M07-S1-C1I/c1i-preconditions.stdout.log: OK
docs/04_audit/evidence/AUD-20260924/M07-S1-C1I/candidate-baseline.json: OK
docs/04_audit/evidence/AUD-20260924/M07-S1-C1I/candidate-freeze.stderr.log: OK
docs/04_audit/evidence/AUD-20260924/M07-S1-C1I/candidate-freeze.stdout.log: OK
docs/04_audit/evidence/AUD-20260924/M07-S1-C1I/capture_command.py: OK
docs/04_audit/evidence/AUD-20260924/M07-S1-C1I/command-plan.json: OK
docs/04_audit/evidence/AUD-20260924/M07-S1-C1I/command-record-integrity.stderr.log: OK
docs/04_audit/evidence/AUD-20260924/M07-S1-C1I/command-record-integrity.stdout.log: OK
docs/04_audit/evidence/AUD-20260924/M07-S1-C1I/command-records.json: OK
docs/04_audit/evidence/AUD-20260924/M07-S1-C1I/correction-gate-proposal.md: OK
docs/04_audit/evidence/AUD-20260924/M07-S1-C1I/correction-preview.md: OK
docs/04_audit/evidence/AUD-20260924/M07-S1-C1I/correction-preview.patch: OK
docs/04_audit/evidence/AUD-20260924/M07-S1-C1I/decision-record.json: OK
docs/04_audit/evidence/AUD-20260924/M07-S1-C1I/evidence-index.json: OK
docs/04_audit/evidence/AUD-20260924/M07-S1-C1I/final-gate-result.md: OK
docs/04_audit/evidence/AUD-20260924/M07-S1-C1I/gauntlet-budget.json: OK
docs/04_audit/evidence/AUD-20260924/M07-S1-C1I/gauntlet-capabilities.json: OK
docs/04_audit/evidence/AUD-20260924/M07-S1-C1I/gauntlet-goal.txt: OK
docs/04_audit/evidence/AUD-20260924/M07-S1-C1I/gauntlet-init-c1i.stderr.log: OK
docs/04_audit/evidence/AUD-20260924/M07-S1-C1I/gauntlet-init-c1i.stdout.log: OK
docs/04_audit/evidence/AUD-20260924/M07-S1-C1I/historical-evidence-manifest.json: OK
docs/04_audit/evidence/AUD-20260924/M07-S1-C1I/historical-evidence.sha256: OK
docs/04_audit/evidence/AUD-20260924/M07-S1-C1I/node-version-preflight.stderr.log: OK
docs/04_audit/evidence/AUD-20260924/M07-S1-C1I/node-version-preflight.stdout.log: OK
docs/04_audit/evidence/AUD-20260924/M07-S1-C1I/npm-version-preflight.stderr.log: OK
docs/04_audit/evidence/AUD-20260924/M07-S1-C1I/npm-version-preflight.stdout.log: OK
docs/04_audit/evidence/AUD-20260924/M07-S1-C1I/npm-version.txt: OK
docs/04_audit/evidence/AUD-20260924/M07-S1-C1I/packet-integrity-preflight.stderr.log: OK
docs/04_audit/evidence/AUD-20260924/M07-S1-C1I/packet-integrity-preflight.stdout.log: OK
docs/04_audit/evidence/AUD-20260924/M07-S1-C1I/packet-validation.json: OK
docs/04_audit/evidence/AUD-20260924/M07-S1-C1I/preview-apply-check.stderr.log: OK
docs/04_audit/evidence/AUD-20260924/M07-S1-C1I/preview-apply-check.stdout.log: OK
docs/04_audit/evidence/AUD-20260924/M07-S1-C1I/preview-apply.stderr.log: OK
docs/04_audit/evidence/AUD-20260924/M07-S1-C1I/preview-apply.stdout.log: OK
docs/04_audit/evidence/AUD-20260924/M07-S1-C1I/prior-gauntlet-binding.json: OK
docs/04_audit/evidence/AUD-20260924/M07-S1-C1I/quality-bar-results.json: OK
docs/04_audit/evidence/AUD-20260924/M07-S1-C1I/quality-bar.json: OK
docs/04_audit/evidence/AUD-20260924/M07-S1-C1I/rollback-baseline.sha256: OK
docs/04_audit/evidence/AUD-20260924/M07-S1-C1I/rollback-baseline/config/workspace-dependency-policy.json: OK
docs/04_audit/evidence/AUD-20260924/M07-S1-C1I/rollback-baseline/packages/conversation/src/__tests__/postgres-store.unit.test.ts: OK
docs/04_audit/evidence/AUD-20260924/M07-S1-C1I/rollback-baseline/scripts/workspace-dependency-audit.mjs: OK
docs/04_audit/evidence/AUD-20260924/M07-S1-C1I/rollback-baseline/tests/workspace-dependency-audit.test.js: OK
docs/04_audit/evidence/AUD-20260924/M07-S1-C1I/rollback-directory-create.stderr.log: OK
docs/04_audit/evidence/AUD-20260924/M07-S1-C1I/rollback-directory-create.stdout.log: OK
docs/04_audit/evidence/AUD-20260924/M07-S1-C1I/snapshot-checksums.stderr.log: OK
docs/04_audit/evidence/AUD-20260924/M07-S1-C1I/snapshot-checksums.stdout.log: OK
docs/04_audit/evidence/AUD-20260924/M07-S1-C1I/snapshot-conversation-fixture.stderr.log: OK
docs/04_audit/evidence/AUD-20260924/M07-S1-C1I/snapshot-conversation-fixture.stdout.log: OK
docs/04_audit/evidence/AUD-20260924/M07-S1-C1I/snapshot-delta-conversation-fixture.stderr.log: OK
docs/04_audit/evidence/AUD-20260924/M07-S1-C1I/snapshot-delta-conversation-fixture.stdout.log: OK
docs/04_audit/evidence/AUD-20260924/M07-S1-C1I/snapshot-delta-policy.stderr.log: OK
docs/04_audit/evidence/AUD-20260924/M07-S1-C1I/snapshot-delta-policy.stdout.log: OK
docs/04_audit/evidence/AUD-20260924/M07-S1-C1I/snapshot-delta-scanner-test.stderr.log: OK
docs/04_audit/evidence/AUD-20260924/M07-S1-C1I/snapshot-delta-scanner-test.stdout.log: OK
docs/04_audit/evidence/AUD-20260924/M07-S1-C1I/snapshot-delta-scanner.stderr.log: OK
docs/04_audit/evidence/AUD-20260924/M07-S1-C1I/snapshot-delta-scanner.stdout.log: OK
docs/04_audit/evidence/AUD-20260924/M07-S1-C1I/snapshot-policy.stderr.log: OK
docs/04_audit/evidence/AUD-20260924/M07-S1-C1I/snapshot-policy.stdout.log: OK
docs/04_audit/evidence/AUD-20260924/M07-S1-C1I/snapshot-scanner-test.stderr.log: OK
docs/04_audit/evidence/AUD-20260924/M07-S1-C1I/snapshot-scanner-test.stdout.log: OK
docs/04_audit/evidence/AUD-20260924/M07-S1-C1I/snapshot-scanner.stderr.log: OK
docs/04_audit/evidence/AUD-20260924/M07-S1-C1I/snapshot-scanner.stdout.log: OK
docs/04_audit/evidence/AUD-20260924/M07-S1-C1I/source-baseline-preflight.stderr.log: OK
docs/04_audit/evidence/AUD-20260924/M07-S1-C1I/source-baseline-preflight.stdout.log: OK
docs/04_audit/evidence/AUD-20260924/M07-S1-C1I/source-baseline.json: OK
docs/04_audit/evidence/AUD-20260924/M07-S1-C1I/typescript-version-preflight.stderr.log: OK
docs/04_audit/evidence/AUD-20260924/M07-S1-C1I/typescript-version-preflight.stdout.log: OK
docs/04_audit/evidence/AUD-20260924/M07-S1-C1I/verify-c1h-archive.stderr.log: OK
docs/04_audit/evidence/AUD-20260924/M07-S1-C1I/verify-c1h-archive.stdout.log: OK
