
 RUN  v4.1.11 /tmp/opencode/aaa12-mutation/work-M02

 ❯ packages/channel-gateway/src/__tests__/channel-effect-malformed-version.test.ts (6 tests | 3 failed) 145ms
     × decideReserve treats only the absent property as legacy 12ms
     × file adapter rejects malformed persisted versions without mutating bytes 22ms
     × all mutating methods fail closed on a malformed version without mutation 6ms

 Test Files  1 failed | 10 passed (11)
      Tests  3 failed | 103 passed (106)
   Start at  21:13:13
   Duration  11.54s (transform 330ms, setup 0ms, import 1.50s, tests 721ms, environment 7.78s)


⎯⎯⎯⎯⎯⎯⎯ Failed Tests 3 ⎯⎯⎯⎯⎯⎯⎯

 FAIL  packages/channel-gateway/src/__tests__/channel-effect-malformed-version.test.ts > AAA12-C4-F01 missing vs malformed hashVersion > decideReserve treats only the absent property as legacy
AssertionError: PENDING null/legacy: expected 'takeover' to be 'version_mismatch' // Object.is equality

Expected: "version_mismatch"
Received: "takeover"

 ❯ packages/channel-gateway/src/__tests__/channel-effect-malformed-version.test.ts:226:11
    224|             .action,
    225|           `${state} ${label}/legacy`
    226|         ).toBe('version_mismatch')
       |           ^
    227|         expect(
    228|           decideReserve(invalid, input(identity, SHARED_HASH_VERSION),…

⎯⎯⎯⎯⎯⎯⎯⎯⎯⎯⎯⎯⎯⎯⎯⎯⎯⎯⎯⎯⎯⎯⎯⎯[1/3]⎯

 FAIL  packages/channel-gateway/src/__tests__/channel-effect-malformed-version.test.ts > AAA12-C4-F01 missing vs malformed hashVersion > file adapter rejects malformed persisted versions without mutating bytes
AssertionError: null/PENDING/legacy-local-v1: expected 'reserved' to be 'version_mismatch' // Object.is equality

Expected: "version_mismatch"
Received: "reserved"

 ❯ packages/channel-gateway/src/__tests__/channel-effect-malformed-version.test.ts:259:66
    257|             leaseMs: 10_000
    258|           })
    259|           expect(outcome.outcome, `${label}/${state}/${caller}`).toBe(
       |                                                                  ^
    260|             'version_mismatch'
    261|           )

⎯⎯⎯⎯⎯⎯⎯⎯⎯⎯⎯⎯⎯⎯⎯⎯⎯⎯⎯⎯⎯⎯⎯⎯[2/3]⎯

 FAIL  packages/channel-gateway/src/__tests__/channel-effect-malformed-version.test.ts > AAA12-C4-F01 missing vs malformed hashVersion > all mutating methods fail closed on a malformed version without mutation
AssertionError: expected ChannelError: Channel operation lease is … { …(3) } to match object { code: 'hash_algorithm_mismatch' }
(3 matching properties omitted from actual)

- Expected
+ Received

- {
-   "code": "hash_algorithm_mismatch",
+ ChannelError {
+   "code": "lease_lost",
  }

 ❯ packages/channel-gateway/src/__tests__/channel-effect-malformed-version.test.ts:296:58
    294|       sentAt: '2026-09-12T12:00:00.000Z'
    295|     }
    296|     await expect(journal.claimSend(identity, 'c4-owner')).rejects.toMa…
       |                                                          ^
    297|       {
    298|         code: 'hash_algorithm_mismatch'

⎯⎯⎯⎯⎯⎯⎯⎯⎯⎯⎯⎯⎯⎯⎯⎯⎯⎯⎯⎯⎯⎯⎯⎯[3/3]⎯

