=== docker version (client only) ===
Client:
 Version:           29.1.3
 API version:       1.52
 Go version:        go1.24.4
 Git commit:        29.1.3-0ubuntu3~24.04.2
 Built:             Wed Apr 29 16:41:06 2026
 OS/Arch:           linux/amd64
 Context:           default
permission denied while trying to connect to the docker API at unix:///var/run/docker.sock
exit=1

=== docker info ===
    Version:  29.1.3
    Path:     /usr/libexec/docker/cli-plugins/docker-trust

Server:
permission denied while trying to connect to the docker API at unix:///var/run/docker.sock
exit=0

=== docker buildx ===
docker: unknown command: docker buildx

Run 'docker --help' for more information
exit=1

=== identity ===
uid=1000(ricardo) gid=1000(ricardo) grupos=1000(ricardo),4(adm),24(cdrom),27(sudo),30(dip),46(plugdev),100(users),105(lpadmin),125(sambashare)

=== docker socket ===
srw-rw---- 1 root docker 0 set 10 14:43 /var/run/docker.sock

=== sudo -n ===
sudo: uma senha é necessária
exit=1

=== alternative engines ===
podman: absent
nerdctl: absent
buildah: absent
buildctl: absent
ctr: /usr/bin/ctr
time="2026-09-12T21:07:36-03:00" level=warning msg="Failed to check deprecations" error="connection error: desc = \"transport: Error while dialing: dial unix /run/containerd/containerd.sock: connect: permission denied\""
ctr: connection error: desc = "transport: Error while dialing: dial unix /run/containerd/containerd.sock: connect: permission denied"
ctr-exit=0

=== buildkit sockets ===
ls: não foi possível acessar '/run/buildkit': Arquivo ou diretório inexistente
