{
  "probe": "p12r-multigen-corner",
  "finding": "AA-07/sweep-legacy-fix/limitations.md multi-generation legacy corner",
  "setup": {
    "keylessApproval": true,
    "derivedOldGeneration": "EFFECT_FAILED",
    "callerA": "EFFECT_STARTED"
  },
  "sweep": {
    "released": 1,
    "uncertain": 0
  },
  "afterSweepStatus": "APPROVED",
  "retryOutcome": "executed",
  "retryReason": "Capability grant requires human approval",
  "afterRetryStatus": "EXECUTED",
  "toolCalls": 1,
  "derivedState": "CONFIRMED",
  "callerAState": "UNCERTAIN",
  "callerAStateBeforeSweep": "EFFECT_STARTED",
  "derivedStateBeforeSweep": "EFFECT_FAILED",
  "releasedAndReexecuted": true,
  "note": "CONFIRMED: inherited sweep-only corner can still add a second execution under the derived key while caller key A stays EFFECT_STARTED (legacy multi-generation state only)"
}
