{
  "probe": "P1-2R-closure",
  "candidate": "328d6a384658e75dc241db08d59072cbc4c8c4c430bc7d48063653443f092f67",
  "childCrashExit": 99,
  "crashState": {
    "status": "EXECUTING",
    "operationKey": "op:7326f594da6e259b8432d54d60f0554d31b8a32b6720a245fd8239a5a197a9ca",
    "journalA": "EFFECT_STARTED"
  },
  "effectsLogGrew": false,
  "results": [
    {
      "variant": "legacy-active-changed-B",
      "outcome": "denied",
      "reason": "operation_uncertain",
      "approvalStatus": "EXECUTING",
      "toolCalls": 0,
      "outboxKeys": [],
      "journalABefore": "EFFECT_STARTED",
      "journalAAfter": "EFFECT_STARTED",
      "journalAMutated": false,
      "ok": true,
      "notes": []
    },
    {
      "variant": "legacy-active-absent-key",
      "outcome": "denied",
      "reason": "operation_uncertain",
      "approvalStatus": "EXECUTING",
      "toolCalls": 0,
      "outboxKeys": [],
      "journalABefore": "EFFECT_STARTED",
      "journalAAfter": "EFFECT_STARTED",
      "journalAMutated": false,
      "ok": true,
      "notes": []
    },
    {
      "variant": "legacy-expired-changed-B",
      "outcome": "denied",
      "reason": "operation_uncertain",
      "approvalStatus": "UNCERTAIN",
      "toolCalls": 0,
      "outboxKeys": [],
      "journalABefore": "EFFECT_STARTED",
      "journalAAfter": "UNCERTAIN",
      "journalAMutated": true,
      "ok": true,
      "notes": []
    },
    {
      "variant": "legacy-expired-absent-key",
      "outcome": "denied",
      "reason": "operation_uncertain",
      "approvalStatus": "UNCERTAIN",
      "toolCalls": 0,
      "outboxKeys": [],
      "journalABefore": "EFFECT_STARTED",
      "journalAAfter": "UNCERTAIN",
      "journalAMutated": true,
      "ok": true,
      "notes": []
    },
    {
      "variant": "persisted-active-changed-B",
      "outcome": "denied",
      "reason": "operation_in_progress",
      "approvalStatus": "EXECUTING",
      "toolCalls": 0,
      "outboxKeys": [],
      "journalABefore": "EFFECT_STARTED",
      "journalAAfter": "EFFECT_STARTED",
      "journalAMutated": false,
      "ok": true,
      "notes": []
    },
    {
      "variant": "persisted-executing-absent-journal",
      "outcome": "denied",
      "reason": "operation_uncertain",
      "approvalStatus": "EXECUTING",
      "toolCalls": 0,
      "outboxKeys": [],
      "journalAMutated": false,
      "ok": true,
      "notes": []
    },
    {
      "variant": "positive-control-persisted-proven-absent",
      "outcome": "executed",
      "reason": "Capability grant requires human approval",
      "approvalStatus": "EXECUTED",
      "toolCalls": 1,
      "outboxKeys": [
        "op:7326f594da6e259b8432d54d60f0554d31b8a32b6720a245fd8239a5a197a9ca"
      ],
      "journalAAfter": "CONFIRMED",
      "journalAMutated": true,
      "ok": true,
      "notes": []
    }
  ],
  "failed": 0,
  "falsified": false
}
