AAA-10 wiring — comandos, logs e exit codes
Ambiente: Node v24.20.0 local (target engines >=22 <23); dados sintéticos; sem provider/canal real; sem commit/push/deploy; sem npm install.

1) RED (antes da implementação)
$ npx vitest run packages/agent-runtime/src/__tests__/runtime-journal.test.ts --no-file-parallelism --maxWorkers=2
exit 1 — Test Files 1 failed (1); Tests 11 failed | 1 passed (12)
log: red-focused.log

2) GREEN focado (após implementação)
$ npx vitest run packages/agent-runtime --no-file-parallelism --maxWorkers=2
exit 0 — Test Files 5 passed (5); Tests 82 passed (82)
log: green-focused.log

3) Typecheck
$ npx tsc -p tsconfig.typecheck.json --noEmit
exit 0
log: typecheck.log

4) Lint
$ npm run lint
exit 0
log: lint.log

5) Suíte completa
$ npm test
exit 0 — Test Files 194 passed | 4 skipped (198); Tests 1132 passed | 56 skipped (1188)
log: full-npm-test.log

Observação de baseline: o baseline registrado pela lane `ports` (mesma task) era
1113 passed / 46 skipped (192 arquivos passed / 4 skipped). Esta lane adiciona
12 testes em 1 arquivo novo (runtime-journal.test.ts → 1125 passed esperado).
Os 7 testes passed e 10 skips adicionais vêm de arquivos criados por outras
lanes concorrentes durante a mesma sessão (ex.: jornadas AAA-16/17), não desta
lane. Nenhum teste falhou; exit 0.

6) Hashes dos arquivos da lane
$ sha256sum packages/... > changed-hashes.txt
exit 0 — ver changed-hashes.txt
