
 RUN  v4.1.11 /home/ricardo/cvg-agent-secretary-v2

 ❯ packages/persistence/src/__tests__/journeys-postgres.test.ts (0 test)

⎯⎯⎯⎯⎯⎯ Failed Suites 1 ⎯⎯⎯⎯⎯⎯⎯

 FAIL  packages/persistence/src/__tests__/journeys-postgres.test.ts [ packages/persistence/src/__tests__/journeys-postgres.test.ts ]
Error: Failed to resolve import "../journeys-postgres.ts" from "packages/persistence/src/__tests__/journeys-postgres.test.ts". Does the file exist?
  Plugin: vite:import-analysis
  File: /home/ricardo/cvg-agent-secretary-v2/packages/persistence/src/__tests__/journeys-postgres.test.ts:19:42
  5  |  import { ConversationRepository } from "../repositories/conversation-repository.ts";
  6  |  import { JourneyRepository, SYNTHETIC_SCHEDULE_VERSION } from "../journeys.ts";
  7  |  import { PostgresJourneyRepository } from "../journeys-postgres.ts";
     |                                             ^
  8  |  import { readPostgresMigrationSql, runPostgresMigrations } from "../postgres.ts";
  9  |  import { withTenantContext } from "../tenant-scoped-postgres.ts";
 ❯ TransformPluginContext._formatLog node_modules/vite/dist/node/chunks/node.js:31147:39
 ❯ TransformPluginContext.error node_modules/vite/dist/node/chunks/node.js:31144:14
 ❯ normalizeUrl node_modules/vite/dist/node/chunks/node.js:28083:18
 ❯ node_modules/vite/dist/node/chunks/node.js:28153:30
 ❯ TransformPluginContext.transform node_modules/vite/dist/node/chunks/node.js:28119:4
 ❯ EnvironmentPluginContainer.transform node_modules/vite/dist/node/chunks/node.js:30932:14
 ❯ loadAndTransform node_modules/vite/dist/node/chunks/node.js:20671:26

⎯⎯⎯⎯⎯⎯⎯⎯⎯⎯⎯⎯⎯⎯⎯⎯⎯⎯⎯⎯⎯⎯⎯⎯[1/1]⎯


 Test Files  1 failed (1)
      Tests  no tests
   Start at  22:55:25
   Duration  794ms (transform 0ms, setup 0ms, import 0ms, tests 0ms, environment 602ms)

