
 RUN  v4.1.11 /home/ricardo/cvg-agent-secretary-v2

 ❯ packages/persistence/src/__tests__/channel-effect-journal-postgres.test.ts (0 test)
 ❯ packages/persistence/src/__tests__/effect-journal-postgres.test.ts (0 test)

⎯⎯⎯⎯⎯⎯ Failed Suites 2 ⎯⎯⎯⎯⎯⎯⎯

 FAIL  packages/persistence/src/__tests__/channel-effect-journal-postgres.test.ts [ packages/persistence/src/__tests__/channel-effect-journal-postgres.test.ts ]
Error: Failed to resolve import "../channel-effect-journal-postgres.ts" from "packages/persistence/src/__tests__/channel-effect-journal-postgres.test.ts". Does the file exist?
  Plugin: vite:import-analysis
  File: /home/ricardo/cvg-agent-secretary-v2/packages/persistence/src/__tests__/channel-effect-journal-postgres.test.ts:12:45
  3  |  import { afterAll, beforeAll, describe, expect, it } from "vitest";
  4  |  import { readPostgresMigrationSql, runPostgresMigrations } from "../postgres.ts";
  5  |  import { PostgresChannelEffectJournal } from "../channel-effect-journal-postgres.ts";
     |                                                ^
  6  |  const testDatabaseUrl = process.env.TEST_DATABASE_URL;
  7  |  const itWithPostgres = testDatabaseUrl ? it : it.skip;
 ❯ TransformPluginContext._formatLog node_modules/vite/dist/node/chunks/node.js:31147:39
 ❯ TransformPluginContext.error node_modules/vite/dist/node/chunks/node.js:31144:14
 ❯ normalizeUrl node_modules/vite/dist/node/chunks/node.js:28083:18
 ❯ node_modules/vite/dist/node/chunks/node.js:28153:30
 ❯ TransformPluginContext.transform node_modules/vite/dist/node/chunks/node.js:28119:4
 ❯ EnvironmentPluginContainer.transform node_modules/vite/dist/node/chunks/node.js:30932:14
 ❯ loadAndTransform node_modules/vite/dist/node/chunks/node.js:20671:26

⎯⎯⎯⎯⎯⎯⎯⎯⎯⎯⎯⎯⎯⎯⎯⎯⎯⎯⎯⎯⎯⎯⎯⎯[1/2]⎯

 FAIL  packages/persistence/src/__tests__/effect-journal-postgres.test.ts [ packages/persistence/src/__tests__/effect-journal-postgres.test.ts ]
Error: Failed to resolve import "../effect-journal-postgres.ts" from "packages/persistence/src/__tests__/effect-journal-postgres.test.ts". Does the file exist?
  Plugin: vite:import-analysis
  File: /home/ricardo/cvg-agent-secretary-v2/packages/persistence/src/__tests__/effect-journal-postgres.test.ts:8:38
  3  |  import { afterAll, beforeAll, describe, expect, it } from "vitest";
  4  |  import { readPostgresMigrationSql, runPostgresMigrations } from "../postgres.ts";
  5  |  import { PostgresEffectJournal } from "../effect-journal-postgres.ts";
     |                                         ^
  6  |  const testDatabaseUrl = process.env.TEST_DATABASE_URL;
  7  |  const itWithPostgres = testDatabaseUrl ? it : it.skip;
 ❯ TransformPluginContext._formatLog node_modules/vite/dist/node/chunks/node.js:31147:39
 ❯ TransformPluginContext.error node_modules/vite/dist/node/chunks/node.js:31144:14
 ❯ normalizeUrl node_modules/vite/dist/node/chunks/node.js:28083:18
 ❯ node_modules/vite/dist/node/chunks/node.js:28153:30
 ❯ TransformPluginContext.transform node_modules/vite/dist/node/chunks/node.js:28119:4
 ❯ EnvironmentPluginContainer.transform node_modules/vite/dist/node/chunks/node.js:30932:14
 ❯ loadAndTransform node_modules/vite/dist/node/chunks/node.js:20671:26

⎯⎯⎯⎯⎯⎯⎯⎯⎯⎯⎯⎯⎯⎯⎯⎯⎯⎯⎯⎯⎯⎯⎯⎯[2/2]⎯


 Test Files  2 failed (2)
      Tests  no tests
   Start at  22:33:52
   Duration  1.46s (transform 0ms, setup 0ms, import 0ms, tests 0ms, environment 1.12s)

EXIT=1
