
 RUN  v4.1.11 /home/ricardo/cvg-agent-secretary-v2
      Coverage enabled with v8


 Test Files  6 passed (6)
      Tests  51 passed (51)
   Start at  18:55:58
   Duration  4.92s (transform 158ms, setup 0ms, import 645ms, tests 247ms, environment 3.06s)

 % Coverage report from v8
-------------------|---------|----------|---------|---------|-------------------
File               | % Stmts | % Branch | % Funcs | % Lines | Uncovered Line #s 
-------------------|---------|----------|---------|---------|-------------------
All files          |   85.63 |    82.15 |   78.21 |   87.35 |                   
 src               |   84.08 |    81.58 |   77.38 |   85.82 |                   
  ...urnal-file.ts |   87.33 |    89.53 |   80.64 |   90.37 | ...74,395,402-403 
  ...ct-journal.ts |    78.9 |       75 |   83.87 |   80.34 | ...17,490-507,551 
  gateway.ts       |   84.25 |    77.21 |   54.54 |   84.76 | ...77-386,414-436 
  idempotency.ts   |    82.6 |    93.75 |   66.66 |   84.21 | 32-37             
 src/adapters      |   90.98 |    83.33 |   82.35 |   92.37 |                   
  chatwoot.ts      |   91.07 |    83.07 |     100 |   90.74 | 76,87,114,156,204 
  evolution.ts     |   91.66 |    78.72 |      80 |   93.61 | 145,181,196       
  fake.ts          |   88.88 |       95 |   66.66 |   94.11 | 82                
-------------------|---------|----------|---------|---------|-------------------

=============================== Coverage summary ===============================
Statements   : 85.63% ( 465/543 )
Branches     : 82.15% ( 336/409 )
Functions    : 78.21% ( 79/101 )
Lines        : 87.35% ( 442/506 )
================================================================================
ERROR: Coverage for functions (78.21%) does not meet global threshold (80%)
