$ npm run test:postgres -- --reporter=default --reporter=json --outputFile=certification/postgres-test-report.json
# runId=run-6646a56024d7-munss9fa candidateId=6646a56024d746bf319fec45cff24403892bea0e69d17bacc81f4240b6d70f5d gate=postgres command=npm run test:postgres -- --reporter=default --reporter=json --outputFile=certification/postgres-test-report.json
# exitCode=0 durationMs=122224


> cvg-operational-harness@1.0.0 test:postgres
> vitest run --testTimeout=60000 --no-file-parallelism packages/persistence/src/__tests__/postgres-migration-smoke.test.ts packages/persistence/src/__tests__/tenant-isolation.test.ts packages/persistence/src/__tests__/platform-postgres-smoke.test.ts packages/persistence/src/__tests__/platform-approval-postgres.test.ts packages/persistence/src/__tests__/audit-evidence-checkpoint-postgres.test.ts packages/persistence/src/__tests__/session-version-pinning-postgres.test.ts packages/persistence/src/__tests__/outbox-durability.test.ts packages/persistence/src/__tests__/effect-journal-postgres.test.ts packages/persistence/src/__tests__/channel-effect-journal-postgres.test.ts apps/api/src/__tests__/postgres-persistence-mode.test.ts apps/api/src/__tests__/webhook-security.test.ts apps/api/src/__tests__/journeys-api-postgres.test.ts apps/worker/src/__tests__/postgres-outbox-bridge.integration.test.ts packages/chaos/src/__tests__/chaos-postgres.test.ts legacy/packages/secretary-journeys/src/__tests__/journeys-postgres.test.ts apps/worker/src/__tests__/continuous-worker-postgres.integration.test.ts apps/worker/src/__tests__/postgres-role-preflight.test.ts packages/persistence/src/__tests__/attendance-approval-postgres.test.ts legacy/packages/secretary-journeys/src/__tests__/journey-task-atomicity.test.ts packages/persistence/src/__tests__/runtime-approval-store-postgres.test.ts packages/persistence/src/__tests__/operational-execution-postgres.test.ts apps/worker/src/__tests__/operational-harness-process-restart.integration.test.ts apps/worker/src/__tests__/operational-harness-synthetic-effect-postgres.integration.test.ts apps/worker/src/__tests__/operational-harness-capability-postgres.integration.test.ts apps/worker/src/__tests__/kernel-composition-postgres.integration.test.ts apps/worker/src/__tests__/operational-harness-iterative.test.ts apps/worker/src/__tests__/operational-harness-iterative-postgres.integration.test.ts apps/api/src/__tests__/approval-decision-atomicity-postgres.test.ts packages/persistence/src/__tests__/outbox-content-binding-postgres.test.ts apps/api/src/__tests__/tenant-schema-inventory-postgres.test.ts apps/api/src/__tests__/trusted-replay-distributed-postgres.test.ts apps/api/src/__tests__/rate-limit-distributed-postgres.test.ts apps/worker/src/__tests__/operational-harness-homolog.integration.test.ts apps/api/src/__tests__/homolog-correlation-postgres.test.ts apps/worker/src/__tests__/homolog-health-postgres.test.ts --reporter=default --reporter=json --outputFile=certification/postgres-test-report.json


[1m[30m[46m RUN [49m[39m[22m [36mv4.1.11 [39m[90m/tmp/cvg-up91-exec-20260930/repo[39m

 [32m✓[39m apps/api/src/__tests__/postgres-persistence-mode.test.ts [2m([22m[2m71 tests[22m[2m)[22m[33m 27594[2mms[22m[39m
     [33m[2m✓[22m[39m commits and rolls back the tenant-scoped runtime finalizer atomically [33m 846[2mms[22m[39m
     [33m[2m✓[22m[39m validates tenant-scoped startup with separate migration and runtime roles [33m 1051[2mms[22m[39m
     [33m[2m✓[22m[39m rejects missing rate-limit table or index before PostgreSQL startup [33m 823[2mms[22m[39m
     [33m[2m✓[22m[39m blocks serving boot after fencing constraint moved to another table [33m 901[2mms[22m[39m
     [33m[2m✓[22m[39m blocks serving boot after fencing CHECK replaced by true [33m 950[2mms[22m[39m
     [33m[2m✓[22m[39m blocks serving boot after generation CHECK becomes permissive [33m 920[2mms[22m[39m
     [33m[2m✓[22m[39m blocks serving boot after fencing CHECK is NOT VALID [33m 934[2mms[22m[39m
     [33m[2m✓[22m[39m blocks serving boot after event key CHECK becomes permissive [33m 921[2mms[22m[39m
     [33m[2m✓[22m[39m blocks serving boot after status CHECK becomes permissive [33m 900[2mms[22m[39m
     [33m[2m✓[22m[39m blocks serving boot after created_at becomes nullable [33m 944[2mms[22m[39m
     [33m[2m✓[22m[39m blocks serving boot after created_at default disappears [33m 875[2mms[22m[39m
     [33m[2m✓[22m[39m blocks serving boot after lease_generation becomes nullable [33m 914[2mms[22m[39m
     [33m[2m✓[22m[39m blocks serving boot after lease_generation default disappears [33m 890[2mms[22m[39m
     [33m[2m✓[22m[39m blocks serving boot after lease token type changes [33m 942[2mms[22m[39m
     [33m[2m✓[22m[39m blocks serving boot after unexpected NOT NULL column blocks reservations [33m 909[2mms[22m[39m
     [33m[2m✓[22m[39m blocks serving boot after PK becomes deferrable [33m 972[2mms[22m[39m
     [33m[2m✓[22m[39m blocks serving boot after table becomes unlogged [33m 935[2mms[22m[39m
     [33m[2m✓[22m[39m blocks serving boot after table inherits another table [33m 908[2mms[22m[39m
     [33m[2m✓[22m[39m blocks serving boot after expiry index is on the wrong column [33m 940[2mms[22m[39m
     [33m[2m✓[22m[39m blocks serving boot after expiry index has a predicate [33m 893[2mms[22m[39m
     [33m[2m✓[22m[39m blocks serving boot after expiry index is unique [33m 958[2mms[22m[39m
     [33m[2m✓[22m[39m blocks serving boot after extra unique index changes replay writes [33m 925[2mms[22m[39m
     [33m[2m✓[22m[39m blocks serving boot after expiry index name exists on another table [33m 939[2mms[22m[39m
     [33m[2m✓[22m[39m blocks serving boot after user trigger suppresses reservation [33m 946[2mms[22m[39m
     [33m[2m✓[22m[39m blocks serving boot after rewrite rule suppresses reservation [33m 920[2mms[22m[39m
     [33m[2m✓[22m[39m blocks serving boot after cross-schema FK references replay state [33m 924[2mms[22m[39m
     [33m[2m✓[22m[39m blocks serving boot after RLS policy is installed [33m 923[2mms[22m[39m
     [33m[2m✓[22m[39m blocks an invalid expiry index left by a failed concurrent build [33m 941[2mms[22m[39m
     [33m[2m✓[22m[39m blocks a CHECK bound to an application function [33m 920[2mms[22m[39m
 [32m✓[39m apps/api/src/__tests__/approval-decision-atomicity-postgres.test.ts [2m([22m[2m8 tests[22m[2m)[22m[33m 6717[2mms[22m[39m
     [33m[2m✓[22m[39m applies migration 0021 exactly-once guard [33m 789[2mms[22m[39m
     [33m[2m✓[22m[39m blocks migration 0021 when legacy duplicate decision keys exist [33m 825[2mms[22m[39m
     [33m[2m✓[22m[39m rejects a valid-looking index with the wrong definition [33m 795[2mms[22m[39m
     [33m[2m✓[22m[39m rejects an invalid and not-ready unique index [33m 777[2mms[22m[39m
     [33m[2m✓[22m[39m converges concurrent applications of migration 0021 [33m 835[2mms[22m[39m
     [33m[2m✓[22m[39m retries converge with exactly one audit event after an injected crash [33m 928[2mms[22m[39m
     [33m[2m✓[22m[39m identical concurrent decisions keep one winner and one audit event [33m 876[2mms[22m[39m
     [33m[2m✓[22m[39m worker recovery preserves the decision envelope after audit failure [33m 891[2mms[22m[39m
 [32m✓[39m apps/worker/src/__tests__/operational-harness-homolog.integration.test.ts [2m([22m[2m3 tests[22m[2m)[22m[33m 6106[2mms[22m[39m
     [33m[2m✓[22m[39m reclaims a SIGKILLed claim in a second process with one terminal outcome [33m 3783[2mms[22m[39m
     [33m[2m✓[22m[39m refuses to start without arming, database or outside homolog scope [33m 946[2mms[22m[39m
     [33m[2m✓[22m[39m drains cleanly on SIGTERM with no work pending [33m 1376[2mms[22m[39m
 [32m✓[39m apps/api/src/__tests__/rate-limit-distributed-postgres.test.ts [2m([22m[2m9 tests[22m[2m)[22m[33m 5142[2mms[22m[39m
     [33m[2m✓[22m[39m shares one budget across instances and restarts [33m 802[2mms[22m[39m
     [33m[2m✓[22m[39m resets the budget when the window expires [33m 1171[2mms[22m[39m
     [33m[2m✓[22m[39m serializes concurrent first checks for one logical budget [33m 794[2mms[22m[39m
     [33m[2m✓[22m[39m fails closed at active capacity without evicting an existing budget [33m 839[2mms[22m[39m
     [33m[2m✓[22m[39m enforces the shared budget at the HTTP boundary [33m 1531[2mms[22m[39m
 [32m✓[39m packages/persistence/src/__tests__/platform-postgres-smoke.test.ts [2m([22m[2m5 tests[22m[2m)[22m[33m 3955[2mms[22m[39m
     [33m[2m✓[22m[39m persists an immutable published version and a tenant-scoped trace [33m 835[2mms[22m[39m
     [33m[2m✓[22m[39m persists versioned suites and redacted A/B run metadata under tenant RLS [33m 799[2mms[22m[39m
     [33m[2m✓[22m[39m persists tenant-scoped plugin metadata with immutable identity and guarded status [33m 766[2mms[22m[39m
     [33m[2m✓[22m[39m persists tenant-scoped knowledge source metadata without content or lifecycle bypass [33m 764[2mms[22m[39m
     [33m[2m✓[22m[39m persists a validated release-candidate evidence ledger without mutating the version [33m 788[2mms[22m[39m
 [32m✓[39m apps/worker/src/__tests__/operational-harness-capability-postgres.integration.test.ts [2m([22m[2m4 tests[22m[2m)[22m[33m 3525[2mms[22m[39m
     [33m[2m✓[22m[39m replays a confirmed capability effect after a fresh pool/composition and isolates tenants [33m 854[2mms[22m[39m
     [33m[2m✓[22m[39m persists an uncertain capability effect and rejects retry after fresh composition [33m 892[2mms[22m[39m
     [33m[2m✓[22m[39m executes the capability through the durable PostgreSQL worker path for isolated tenants [33m 885[2mms[22m[39m
     [33m[2m✓[22m[39m recovers a durable approval and executes the capability after fresh worker composition [33m 893[2mms[22m[39m
{"event":"worker.started","level":"info","timestamp":"2026-09-30T07:57:49.475Z","workerId":"worker-pg-continuous-192-a","concurrency":2,"pollIntervalMs":5,"idleMaxBackoffMs":5000,"errorBackoffMs":500,"errorMaxBackoffMs":30000,"leaseMs":1000,"heartbeatIntervalMs":333,"drainMs":5000,"backlogProbe":true,"sweeps":false,"externalEffects":false,"durable":true}
{"event":"worker.outbox.summary","level":"info","timestamp":"2026-09-30T07:57:49.475Z","workerId":"worker-pg-continuous-192-a","reason":"start","claimed":0,"processed":0,"failed":0,"deadLettered":0,"handoffs":0,"errors":0,"claimFailures":0,"leaseLost":0,"heartbeats":0,"idlePolls":0,"released":0,"lag":null,"inFlight":0}
{"event":"worker.metric","name":"worker_outbox_lag","value":0,"attributes":{"operation":"outbox"},"timestamp":"2026-09-30T07:57:49.495Z"}
{"event":"worker.idle_backoff","level":"debug","timestamp":"2026-09-30T07:57:49.496Z","workerId":"worker-pg-continuous-192-a","backoffMs":5,"lag":0}
{"event":"worker.idle_backoff","level":"debug","timestamp":"2026-09-30T07:57:49.503Z","workerId":"worker-pg-continuous-192-a","backoffMs":10,"lag":0}
{"event":"worker.metric","name":"worker_outbox_processed_total","value":1,"attributes":{"status":"processed"},"timestamp":"2026-09-30T07:57:49.508Z"}
{"event":"worker.outbox.processed","level":"info","timestamp":"2026-09-30T07:57:49.508Z","eventId":"outbox_66951709-f0ad-4dfa-834a-3ff4c08a4945","workerId":"worker-pg-continuous-192-a","status":"processed","attempt":1,"leaseLost":false,"operation":"outbox"}
{"event":"worker.idle_backoff","level":"debug","timestamp":"2026-09-30T07:57:49.517Z","workerId":"worker-pg-continuous-192-a","backoffMs":20,"lag":0}
{"event":"worker.outbox.summary","level":"info","timestamp":"2026-09-30T07:57:49.530Z","workerId":"worker-pg-continuous-192-a","reason":"stop","claimed":1,"processed":1,"failed":0,"deadLettered":0,"handoffs":0,"errors":0,"claimFailures":0,"leaseLost":0,"heartbeats":0,"idlePolls":3,"released":0,"lag":0,"inFlight":0}
{"event":"worker.stopped","level":"info","timestamp":"2026-09-30T07:57:49.530Z","workerId":"worker-pg-continuous-192-a","drained":true,"released":0,"releaseFailed":0,"processed":1,"failed":0,"deadLettered":0,"lag":0}
{"event":"worker.started","level":"info","timestamp":"2026-09-30T07:57:49.537Z","workerId":"worker-pg-continuous-192-b","concurrency":2,"pollIntervalMs":5,"idleMaxBackoffMs":5000,"errorBackoffMs":500,"errorMaxBackoffMs":30000,"leaseMs":1000,"heartbeatIntervalMs":333,"drainMs":5000,"backlogProbe":true,"sweeps":false,"externalEffects":false,"durable":true}
{"event":"worker.outbox.summary","level":"info","timestamp":"2026-09-30T07:57:49.537Z","workerId":"worker-pg-continuous-192-b","reason":"start","claimed":0,"processed":0,"failed":0,"deadLettered":0,"handoffs":0,"errors":0,"claimFailures":0,"leaseLost":0,"heartbeats":0,"idlePolls":0,"released":0,"lag":null,"inFlight":0}
{"event":"worker.metric","name":"worker_outbox_lag","value":0,"attributes":{"operation":"outbox"},"timestamp":"2026-09-30T07:57:49.559Z"}
{"event":"worker.metric","name":"worker_outbox_dead_lettered_total","value":1,"attributes":{"status":"dead_letter"},"timestamp":"2026-09-30T07:57:49.567Z"}
{"event":"worker.outbox.dead_letter","level":"info","timestamp":"2026-09-30T07:57:49.567Z","eventId":"outbox_325da5bd-679c-4bb6-bae3-c69542e51fa8","workerId":"worker-pg-continuous-192-b","status":"dead_letter","attempt":1,"leaseLost":false,"error":"[redacted-outbox-error]","operation":"outbox"}
{"event":"worker.idle_backoff","level":"debug","timestamp":"2026-09-30T07:57:49.575Z","workerId":"worker-pg-continuous-192-b","backoffMs":5,"lag":0}
{"event":"worker.metric","name":"worker_outbox_processed_total","value":1,"attributes":{"status":"processed"},"timestamp":"2026-09-30T07:57:49.576Z"}
{"event":"worker.outbox.processed","level":"info","timestamp":"2026-09-30T07:57:49.576Z","eventId":"outbox_2aee596b-cd3e-4e1b-90f5-b0f28eb539a0","workerId":"worker-pg-continuous-192-b","status":"processed","attempt":1,"leaseLost":false,"operation":"outbox"}
{"event":"worker.idle_backoff","level":"debug","timestamp":"2026-09-30T07:57:49.585Z","workerId":"worker-pg-continuous-192-b","backoffMs":10,"lag":0}
{"event":"worker.outbox.summary","level":"info","timestamp":"2026-09-30T07:57:49.592Z","workerId":"worker-pg-continuous-192-b","reason":"stop","claimed":2,"processed":1,"failed":0,"deadLettered":1,"handoffs":0,"errors":0,"claimFailures":0,"leaseLost":0,"heartbeats":0,"idlePolls":2,"released":0,"lag":0,"inFlight":0}
{"event":"worker.stopped","level":"info","timestamp":"2026-09-30T07:57:49.592Z","workerId":"worker-pg-continuous-192-b","drained":true,"released":0,"releaseFailed":0,"processed":1,"failed":0,"deadLettered":1,"lag":0}
{"event":"worker.started","level":"info","timestamp":"2026-09-30T07:57:50.632Z","workerId":"worker-pg-continuous-192-d","concurrency":2,"pollIntervalMs":5,"idleMaxBackoffMs":5000,"errorBackoffMs":500,"errorMaxBackoffMs":30000,"leaseMs":1000,"heartbeatIntervalMs":333,"drainMs":5000,"backlogProbe":true,"sweeps":false,"externalEffects":false,"durable":true}
{"event":"worker.outbox.summary","level":"info","timestamp":"2026-09-30T07:57:50.632Z","workerId":"worker-pg-continuous-192-d","reason":"start","claimed":0,"processed":0,"failed":0,"deadLettered":0,"handoffs":0,"errors":0,"claimFailures":0,"leaseLost":0,"heartbeats":0,"idlePolls":0,"released":0,"lag":null,"inFlight":0}
{"event":"worker.metric","name":"worker_outbox_lag","value":0,"attributes":{"operation":"outbox"},"timestamp":"2026-09-30T07:57:50.649Z"}
{"event":"worker.metric","name":"worker_outbox_processed_total","value":1,"attributes":{"status":"processed"},"timestamp":"2026-09-30T07:57:50.660Z"}
{"event":"worker.outbox.processed","level":"info","timestamp":"2026-09-30T07:57:50.660Z","eventId":"outbox_fab495fb-2b23-4933-95e9-5cf535887dcf","workerId":"worker-pg-continuous-192-d","status":"processed","attempt":1,"leaseLost":false,"operation":"outbox"}
{"event":"worker.metric","name":"worker_outbox_processed_total","value":1,"attributes":{"status":"processed"},"timestamp":"2026-09-30T07:57:50.662Z"}
{"event":"worker.outbox.processed","level":"info","timestamp":"2026-09-30T07:57:50.662Z","eventId":"outbox_2baea7ba-faf4-4361-99e3-d41311ed8e5a","workerId":"worker-pg-continuous-192-d","status":"processed","attempt":1,"leaseLost":false,"operation":"outbox"}
{"event":"worker.idle_backoff","level":"debug","timestamp":"2026-09-30T07:57:50.668Z","workerId":"worker-pg-continuous-192-d","backoffMs":5,"lag":0}
{"event":"worker.idle_backoff","level":"debug","timestamp":"2026-09-30T07:57:50.675Z","workerId":"worker-pg-continuous-192-d","backoffMs":10,"lag":0}
{"event":"worker.outbox.summary","level":"info","timestamp":"2026-09-30T07:57:50.683Z","workerId":"worker-pg-continuous-192-d","reason":"stop","claimed":2,"processed":2,"failed":0,"deadLettered":0,"handoffs":0,"errors":0,"claimFailures":0,"leaseLost":0,"heartbeats":0,"idlePolls":2,"released":0,"lag":0,"inFlight":0}
{"event":"worker.stopped","level":"info","timestamp":"2026-09-30T07:57:50.683Z","workerId":"worker-pg-continuous-192-d","drained":true,"released":0,"releaseFailed":0,"processed":2,"failed":0,"deadLettered":0,"lag":0}
{"event":"worker.started","level":"info","timestamp":"2026-09-30T07:57:50.687Z","workerId":"worker-pg-continuous-192-e","concurrency":1,"pollIntervalMs":5,"idleMaxBackoffMs":5000,"errorBackoffMs":500,"errorMaxBackoffMs":30000,"leaseMs":1000,"heartbeatIntervalMs":333,"drainMs":5000,"backlogProbe":true,"sweeps":false,"externalEffects":false,"durable":true}
{"event":"worker.outbox.summary","level":"info","timestamp":"2026-09-30T07:57:50.687Z","workerId":"worker-pg-continuous-192-e","reason":"start","claimed":0,"processed":0,"failed":0,"deadLettered":0,"handoffs":0,"errors":0,"claimFailures":0,"leaseLost":0,"heartbeats":0,"idlePolls":0,"released":0,"lag":null,"inFlight":0}
{"event":"worker.metric","name":"worker_outbox_lag","value":0,"attributes":{"operation":"outbox"},"timestamp":"2026-09-30T07:57:50.702Z"}
{"event":"worker.shutdown_release","level":"warn","timestamp":"2026-09-30T07:57:50.744Z","eventId":"outbox_26cc6571-51df-46d9-adf7-ecdda99f1d3b","workerId":"worker-pg-continuous-192-e","operation":"outbox"}
{"event":"worker.metric","name":"worker_outbox_shutdown_releases_total","value":1,"attributes":{"outcome":"released"},"timestamp":"2026-09-30T07:57:50.744Z"}
{"event":"worker.outbox.summary","level":"info","timestamp":"2026-09-30T07:57:50.744Z","workerId":"worker-pg-continuous-192-e","reason":"stop","claimed":1,"processed":0,"failed":0,"deadLettered":0,"handoffs":0,"errors":0,"claimFailures":0,"leaseLost":0,"heartbeats":0,"idlePolls":0,"released":1,"lag":0,"inFlight":1}
{"event":"worker.stopped","level":"info","timestamp":"2026-09-30T07:57:50.744Z","workerId":"worker-pg-continuous-192-e","drained":false,"released":1,"releaseFailed":0,"processed":0,"failed":0,"deadLettered":0,"lag":0}
{"event":"worker.event_error","level":"error","timestamp":"2026-09-30T07:57:50.747Z","eventId":"outbox_26cc6571-51df-46d9-adf7-ecdda99f1d3b","workerId":"worker-pg-continuous-192-e","attempt":1,"error":"outbox_error:conflict","operation":"outbox"}
{"event":"worker.metric","name":"worker_outbox_errors_total","value":1,"attributes":{"outcome":"error"},"timestamp":"2026-09-30T07:57:50.747Z"}
{"event":"worker.started","level":"info","timestamp":"2026-09-30T07:57:50.750Z","workerId":"worker-pg-continuous-192-f","concurrency":2,"pollIntervalMs":5,"idleMaxBackoffMs":5000,"errorBackoffMs":500,"errorMaxBackoffMs":30000,"leaseMs":1000,"heartbeatIntervalMs":333,"drainMs":5000,"backlogProbe":true,"sweeps":false,"externalEffects":false,"durable":true}
{"event":"worker.outbox.summary","level":"info","timestamp":"2026-09-30T07:57:50.750Z","workerId":"worker-pg-continuous-192-f","reason":"start","claimed":0,"processed":0,"failed":0,"deadLettered":0,"handoffs":0,"errors":0,"claimFailures":0,"leaseLost":0,"heartbeats":0,"idlePolls":0,"released":0,"lag":null,"inFlight":0}
{"event":"worker.metric","name":"worker_outbox_lag","value":0,"attributes":{"operation":"outbox"},"timestamp":"2026-09-30T07:57:50.763Z"}
{"event":"worker.idle_backoff","level":"debug","timestamp":"2026-09-30T07:57:50.763Z","workerId":"worker-pg-continuous-192-f","backoffMs":5,"lag":0}
{"event":"worker.idle_backoff","level":"debug","timestamp":"2026-09-30T07:57:50.771Z","workerId":"worker-pg-continuous-192-f","backoffMs":10,"lag":0}
{"event":"worker.idle_backoff","level":"debug","timestamp":"2026-09-30T07:57:50.783Z","workerId":"worker-pg-continuous-192-f","backoffMs":20,"lag":0}
{"event":"worker.idle_backoff","level":"debug","timestamp":"2026-09-30T07:57:50.806Z","workerId":"worker-pg-continuous-192-f","backoffMs":40,"lag":0}
{"event":"worker.idle_backoff","level":"debug","timestamp":"2026-09-30T07:57:50.849Z","workerId":"worker-pg-continuous-192-f","backoffMs":80,"lag":0}
{"event":"worker.idle_backoff","level":"debug","timestamp":"2026-09-30T07:57:50.932Z","workerId":"worker-pg-continuous-192-f","backoffMs":160,"lag":0}
{"event":"worker.idle_backoff","level":"debug","timestamp":"2026-09-30T07:57:51.094Z","workerId":"worker-pg-continuous-192-f","backoffMs":320,"lag":0}
{"event":"worker.idle_backoff","level":"debug","timestamp":"2026-09-30T07:57:51.417Z","workerId":"worker-pg-continuous-192-f","backoffMs":640,"lag":0}
{"event":"worker.outbox.summary","level":"info","timestamp":"2026-09-30T07:57:51.750Z","workerId":"worker-pg-continuous-192-f","reason":"interval","claimed":0,"processed":0,"failed":0,"deadLettered":0,"handoffs":0,"errors":0,"claimFailures":0,"leaseLost":0,"heartbeats":0,"idlePolls":8,"released":0,"lag":0,"inFlight":0}
{"event":"worker.metric","name":"worker_outbox_lag","value":0,"attributes":{"operation":"outbox"},"timestamp":"2026-09-30T07:57:52.078Z"}
{"event":"worker.idle_backoff","level":"debug","timestamp":"2026-09-30T07:57:52.078Z","workerId":"worker-pg-continuous-192-f","backoffMs":5,"lag":0}
{"event":"worker.idle_backoff","level":"debug","timestamp":"2026-09-30T07:57:52.085Z","workerId":"worker-pg-continuous-192-f","backoffMs":10,"lag":0}
{"event":"worker.metric","name":"worker_outbox_processed_total","value":1,"attributes":{"status":"processed"},"timestamp":"2026-09-30T07:57:52.092Z"}
{"event":"worker.outbox.processed","level":"info","timestamp":"2026-09-30T07:57:52.092Z","eventId":"outbox_26cc6571-51df-46d9-adf7-ecdda99f1d3b","workerId":"worker-pg-continuous-192-f","status":"processed","attempt":2,"leaseLost":false,"operation":"outbox"}
{"event":"worker.idle_backoff","level":"debug","timestamp":"2026-09-30T07:57:52.099Z","workerId":"worker-pg-continuous-192-f","backoffMs":20,"lag":0}
{"event":"worker.outbox.summary","level":"info","timestamp":"2026-09-30T07:57:52.111Z","workerId":"worker-pg-continuous-192-f","reason":"stop","claimed":1,"processed":1,"failed":0,"deadLettered":0,"handoffs":0,"errors":0,"claimFailures":0,"leaseLost":0,"heartbeats":0,"idlePolls":11,"released":0,"lag":0,"inFlight":0}
{"event":"worker.stopped","level":"info","timestamp":"2026-09-30T07:57:52.111Z","workerId":"worker-pg-continuous-192-f","drained":true,"released":0,"releaseFailed":0,"processed":1,"failed":0,"deadLettered":0,"lag":0}
 [32m✓[39m apps/worker/src/__tests__/continuous-worker-postgres.integration.test.ts [2m([22m[2m2 tests[22m[2m)[22m[33m 3451[2mms[22m[39m
     [33m[2m✓[22m[39m consumes events across a simulated restart and dead-letters a poison event [33m 939[2mms[22m[39m
     [33m[2m✓[22m[39m observes queue lag, completes in-flight work on shutdown and releases bounded leases [33m 2510[2mms[22m[39m
 [32m✓[39m apps/api/src/__tests__/tenant-schema-inventory-postgres.test.ts [2m([22m[2m4 tests[22m[2m)[22m[33m 3272[2mms[22m[39m
     [33m[2m✓[22m[39m every tenant_id table in the catalog is inventoried and verified [33m 857[2mms[22m[39m
     [33m[2m✓[22m[39m fails when a tenant-scoped table is removed [33m 783[2mms[22m[39m
     [33m[2m✓[22m[39m fails when migration 0022 is not applied [33m 802[2mms[22m[39m
     [33m[2m✓[22m[39m fails a least-privilege role without grants on new tables [33m 828[2mms[22m[39m
 [32m✓[39m packages/persistence/src/__tests__/outbox-durability.test.ts [2m([22m[2m6 tests[22m[2m)[22m[33m 2604[2mms[22m[39m
     [33m[2m✓[22m[39m backfills a legacy processed row while RLS is already forced [33m 469[2mms[22m[39m
     [33m[2m✓[22m[39m redacts legacy rows without making routable pending work disappear [33m 494[2mms[22m[39m
     [33m[2m✓[22m[39m claims once across two connections, journals at-least-once ack, retries and requeues in-place [33m 841[2mms[22m[39m
     [33m[2m✓[22m[39m commits inbound message and durable intent together [33m 796[2mms[22m[39m
 [32m✓[39m packages/persistence/src/__tests__/outbox-content-binding-postgres.test.ts [2m([22m[2m3 tests[22m[2m)[22m[33m 2535[2mms[22m[39m
     [33m[2m✓[22m[39m returns the same record for an identical replay across instances [33m 857[2mms[22m[39m
     [33m[2m✓[22m[39m rejects divergent type/payload/version without mutating the winner [33m 841[2mms[22m[39m
     [33m[2m✓[22m[39m lets one concurrent divergent writer win and rejects the other [33m 835[2mms[22m[39m
 [32m✓[39m apps/api/src/__tests__/journeys-api-postgres.test.ts [2m([22m[2m10 tests[22m[2m)[22m[33m 2059[2mms[22m[39m
     [33m[2m✓[22m[39m applies migration 0014 during postgres startup before serving journeys [33m 862[2mms[22m[39m
 [32m✓[39m legacy/packages/secretary-journeys/src/__tests__/journeys-postgres.test.ts [2m([22m[2m24 tests[22m[2m)[22m[33m 2013[2mms[22m[39m
     [33m[2m✓[22m[39m applies 0014 additively over a 0013 database and preserves prior data [33m 911[2mms[22m[39m
 [32m✓[39m packages/persistence/src/__tests__/runtime-approval-store-postgres.test.ts [2m([22m[2m11 tests[22m[2m)[22m[33m 1929[2mms[22m[39m
     [33m[2m✓[22m[39m applies 0015 additively over 0014 with the checksum guard [33m 881[2mms[22m[39m
 [32m✓[39m packages/persistence/src/__tests__/tenant-isolation.test.ts [2m([22m[2m14 tests[22m[2m)[22m[33m 1908[2mms[22m[39m
     [33m[2m✓[22m[39m enforces cross-tenant isolation with a non-BYPASSRLS role and resets pooled context [33m 915[2mms[22m[39m
     [33m[2m✓[22m[39m quarantines legacy tenant mismatches before enabling RLS [33m 966[2mms[22m[39m
 [32m✓[39m apps/worker/src/__tests__/operational-harness-process-restart.integration.test.ts [2m([22m[2m1 test[22m[2m)[22m[33m 1894[2mms[22m[39m
     [33m[2m✓[22m[39m reclaims a child-process claim after fault and completes with competing worker authority [33m 1892[2mms[22m[39m
 [32m✓[39m packages/persistence/src/__tests__/platform-approval-postgres.test.ts [2m([22m[2m2 tests[22m[2m)[22m[33m 1822[2mms[22m[39m
     [33m[2m✓[22m[39m persists bindings and consumes approvals atomically exactly once [33m 1024[2mms[22m[39m
     [33m[2m✓[22m[39m enforces tenant visibility for the durable approval table under FORCE RLS [33m 796[2mms[22m[39m
 [32m✓[39m apps/api/src/__tests__/trusted-replay-distributed-postgres.test.ts [2m([22m[2m2 tests[22m[2m)[22m[33m 1794[2mms[22m[39m
     [33m[2m✓[22m[39m rejects the same token on a second process and after restart [33m 1023[2mms[22m[39m
     [33m[2m✓[22m[39m fails closed when the replay store is unavailable [33m 769[2mms[22m[39m
 [32m✓[39m apps/worker/src/__tests__/kernel-composition-postgres.integration.test.ts [2m([22m[2m10 tests[22m[2m)[22m[33m 1369[2mms[22m[39m
 [32m✓[39m apps/worker/src/__tests__/postgres-role-preflight.test.ts [2m([22m[2m13 tests[22m[2m)[22m[33m 1198[2mms[22m[39m
 [32m✓[39m apps/worker/src/__tests__/postgres-outbox-bridge.integration.test.ts [2m([22m[2m2 tests[22m[2m)[22m[33m 1112[2mms[22m[39m
     [33m[2m✓[22m[39m consumes the event written by the API through a separate worker pool [33m 1110[2mms[22m[39m
 [32m✓[39m apps/worker/src/__tests__/operational-harness-iterative-postgres.integration.test.ts [2m([22m[2m1 test[22m[2m)[22m[33m 1058[2mms[22m[39m
     [33m[2m✓[22m[39m persists steps/checkpoints, isolates tenants, and resumes WAITING_USER on a fresh pool [33m 1057[2mms[22m[39m
 [32m✓[39m apps/api/src/__tests__/homolog-correlation-postgres.test.ts [2m([22m[2m1 test[22m[2m)[22m[33m 1007[2mms[22m[39m
     [33m[2m✓[22m[39m binds the response correlation to one PII-free audit event [33m 1006[2mms[22m[39m
 [32m✓[39m apps/worker/src/__tests__/operational-harness-synthetic-effect-postgres.integration.test.ts [2m([22m[2m1 test[22m[2m)[22m[33m 1007[2mms[22m[39m
     [33m[2m✓[22m[39m persists HTTP acceptance, one journaled synthetic effect, replay, and status [33m 1006[2mms[22m[39m
 [32m✓[39m packages/persistence/src/__tests__/channel-effect-journal-postgres.test.ts [2m([22m[2m12 tests[22m[2m)[22m[33m 941[2mms[22m[39m
 [32m✓[39m packages/persistence/src/__tests__/effect-journal-postgres.test.ts [2m([22m[2m10 tests[22m[2m)[22m[33m 878[2mms[22m[39m
 [32m✓[39m legacy/packages/secretary-journeys/src/__tests__/journey-task-atomicity.test.ts [2m([22m[2m8 tests[22m[2m)[22m[33m 909[2mms[22m[39m
 [32m✓[39m packages/persistence/src/__tests__/operational-execution-postgres.test.ts [2m([22m[2m4 tests[22m[2m)[22m[33m 907[2mms[22m[39m
 [32m✓[39m apps/worker/src/__tests__/homolog-health-postgres.test.ts [2m([22m[2m5 tests[22m[2m)[22m[33m 772[2mms[22m[39m
     [33m[2m✓[22m[39m reports healthy dependencies with queue depth [33m 764[2mms[22m[39m
 [32m✓[39m packages/persistence/src/__tests__/attendance-approval-postgres.test.ts [2m([22m[2m1 test[22m[2m)[22m[33m 850[2mms[22m[39m
     [33m[2m✓[22m[39m forces two connections past the same pending read and rolls back failed audit [33m 849[2mms[22m[39m
 [32m✓[39m packages/persistence/src/__tests__/session-version-pinning-postgres.test.ts [2m([22m[2m2 tests[22m[2m)[22m[33m 798[2mms[22m[39m
     [33m[2m✓[22m[39m binds sessions atomically under the tenant-aware migration and never replaces the pin [33m 793[2mms[22m[39m
 [32m✓[39m apps/api/src/__tests__/webhook-security.test.ts [2m([22m[2m20 tests[22m[2m)[22m[33m 312[2mms[22m[39m
 [32m✓[39m packages/persistence/src/__tests__/postgres-migration-smoke.test.ts [2m([22m[2m10 tests[22m[2m)[22m[32m 209[2mms[22m[39m
 [32m✓[39m apps/worker/src/__tests__/operational-harness-iterative.test.ts [2m([22m[2m5 tests[22m[2m)[22m[32m 225[2mms[22m[39m
 [32m✓[39m packages/chaos/src/__tests__/chaos-postgres.test.ts [2m([22m[2m2 tests[22m[2m)[22m[32m 51[2mms[22m[39m
 [32m✓[39m packages/persistence/src/__tests__/audit-evidence-checkpoint-postgres.test.ts [2m([22m[2m2 tests[22m[2m)[22m[32m 17[2mms[22m[39m

[2m Test Files [22m [1m[32m35 passed[39m[22m[90m (35)[39m
[2m      Tests [22m [1m[32m288 passed[39m[22m[90m (288)[39m
[2m   Start at [22m 04:56:48
[2m   Duration [22m 121.81s[2m (transform 1.38s, setup 0ms, import 8.11s, tests 91.94s, environment 18.32s)[22m

JSON report written to /tmp/cvg-up91-exec-20260930/repo/certification/postgres-test-report.json
