$ npm run test:postgres -- --reporter=default --reporter=json --outputFile=certification/postgres-test-report.json
# runId=run-aud0578-rebound-20260927 candidateId=b1189914d12910b3012a2d1ac000ac138437ba046ef195b93fd9d17f12b37582 gate=postgres command=npm run test:postgres -- --reporter=default --reporter=json --outputFile=certification/postgres-test-report.json
# exitCode=0 durationMs=115714


> cvg-operational-harness@1.0.0 test:postgres
> vitest run --testTimeout=60000 --no-file-parallelism packages/persistence/src/__tests__/postgres-migration-smoke.test.ts packages/persistence/src/__tests__/tenant-isolation.test.ts packages/persistence/src/__tests__/platform-postgres-smoke.test.ts packages/persistence/src/__tests__/platform-approval-postgres.test.ts packages/persistence/src/__tests__/audit-evidence-checkpoint-postgres.test.ts packages/persistence/src/__tests__/session-version-pinning-postgres.test.ts packages/persistence/src/__tests__/outbox-durability.test.ts packages/persistence/src/__tests__/effect-journal-postgres.test.ts packages/persistence/src/__tests__/channel-effect-journal-postgres.test.ts apps/api/src/__tests__/postgres-persistence-mode.test.ts apps/api/src/__tests__/webhook-security.test.ts apps/api/src/__tests__/journeys-api-postgres.test.ts apps/worker/src/__tests__/postgres-outbox-bridge.integration.test.ts packages/chaos/src/__tests__/chaos-postgres.test.ts packages/persistence/src/__tests__/journeys-postgres.test.ts apps/worker/src/__tests__/continuous-worker-postgres.integration.test.ts apps/worker/src/__tests__/postgres-role-preflight.test.ts packages/persistence/src/__tests__/attendance-approval-postgres.test.ts packages/persistence/src/__tests__/journey-task-atomicity.test.ts packages/persistence/src/__tests__/runtime-approval-store-postgres.test.ts packages/persistence/src/__tests__/operational-execution-postgres.test.ts apps/worker/src/__tests__/operational-harness-process-restart.integration.test.ts apps/worker/src/__tests__/operational-harness-synthetic-effect-postgres.integration.test.ts apps/worker/src/__tests__/operational-harness-capability-postgres.integration.test.ts apps/worker/src/__tests__/kernel-composition-postgres.integration.test.ts apps/worker/src/__tests__/operational-harness-iterative.test.ts apps/worker/src/__tests__/operational-harness-iterative-postgres.integration.test.ts apps/api/src/__tests__/approval-decision-atomicity-postgres.test.ts packages/persistence/src/__tests__/outbox-content-binding-postgres.test.ts apps/api/src/__tests__/tenant-schema-inventory-postgres.test.ts apps/api/src/__tests__/trusted-replay-distributed-postgres.test.ts apps/api/src/__tests__/rate-limit-distributed-postgres.test.ts apps/worker/src/__tests__/operational-harness-homolog.integration.test.ts apps/api/src/__tests__/homolog-correlation-postgres.test.ts apps/worker/src/__tests__/homolog-health-postgres.test.ts --reporter=default --reporter=json --outputFile=certification/postgres-test-report.json


 RUN  v4.1.11 /tmp/cvg-aud0578-cert-20260927

 ✓ apps/api/src/__tests__/approval-decision-atomicity-postgres.test.ts (8 tests) 7867ms
     ✓ applies migration 0021 exactly-once guard  934ms
     ✓ blocks migration 0021 when legacy duplicate decision keys exist  1011ms
     ✓ rejects a valid-looking index with the wrong definition  900ms
     ✓ rejects an invalid and not-ready unique index  915ms
     ✓ converges concurrent applications of migration 0021  966ms
     ✓ retries converge with exactly one audit event after an injected crash  1118ms
     ✓ identical concurrent decisions keep one winner and one audit event  1022ms
     ✓ worker recovery preserves the decision envelope after audit failure  998ms
 ✓ apps/worker/src/__tests__/operational-harness-homolog.integration.test.ts (3 tests) 7036ms
     ✓ reclaims a SIGKILLed claim in a second process with one terminal outcome  4307ms
     ✓ refuses to start without arming, database or outside homolog scope  1106ms
     ✓ drains cleanly on SIGTERM with no work pending  1621ms
 ✓ apps/api/src/__tests__/rate-limit-distributed-postgres.test.ts (9 tests) 6276ms
     ✓ shares one budget across instances and restarts  947ms
     ✓ resets the budget when the window expires  1284ms
     ✓ serializes concurrent first checks for one logical budget  915ms
     ✓ fails closed at active capacity without evicting an existing budget  922ms
     ✓ enforces the shared budget at the HTTP boundary  2199ms
 ✓ packages/persistence/src/__tests__/outbox-durability.test.ts (6 tests) 2927ms
     ✓ backfills a legacy processed row while RLS is already forced  509ms
     ✓ redacts legacy rows without making routable pending work disappear  513ms
     ✓ claims once across two connections, journals at-least-once ack, retries and requeues in-place  925ms
     ✓ commits inbound message and durable intent together  976ms
 ✓ packages/persistence/src/__tests__/platform-postgres-smoke.test.ts (5 tests) 4755ms
     ✓ persists an immutable published version and a tenant-scoped trace  1001ms
     ✓ persists versioned suites and redacted A/B run metadata under tenant RLS  962ms
     ✓ persists tenant-scoped plugin metadata with immutable identity and guarded status  916ms
     ✓ persists tenant-scoped knowledge source metadata without content or lifecycle bypass  928ms
     ✓ persists a validated release-candidate evidence ledger without mutating the version  946ms
 ✓ apps/api/src/__tests__/tenant-schema-inventory-postgres.test.ts (4 tests) 3826ms
     ✓ every tenant_id table in the catalog is inventoried and verified  1013ms
     ✓ fails when a tenant-scoped table is removed  934ms
     ✓ fails when migration 0022 is not applied  950ms
     ✓ fails a least-privilege role without grants on new tables  927ms
 ✓ apps/api/src/__tests__/postgres-persistence-mode.test.ts (45 tests) 4294ms
     ✓ commits and rolls back the tenant-scoped runtime finalizer atomically  998ms
     ✓ validates tenant-scoped startup with separate migration and runtime roles  1273ms
     ✓ rejects missing rate-limit table or index before PostgreSQL startup  1014ms
 ✓ apps/api/src/__tests__/journeys-api-postgres.test.ts (10 tests) 2289ms
     ✓ applies migration 0014 during postgres startup before serving journeys  916ms
 ✓ apps/worker/src/__tests__/operational-harness-capability-postgres.integration.test.ts (4 tests) 4712ms
     ✓ replays a confirmed capability effect after a fresh pool/composition and isolates tenants  1040ms
     ✓ persists an uncertain capability effect and rejects retry after fresh composition  1091ms
     ✓ executes the capability through the durable PostgreSQL worker path for isolated tenants  1304ms
     ✓ recovers a durable approval and executes the capability after fresh worker composition  1275ms
{"event":"worker.started","level":"info","timestamp":"2026-09-27T06:19:27.092Z","workerId":"worker-pg-continuous-192-a","concurrency":2,"pollIntervalMs":5,"idleMaxBackoffMs":5000,"errorBackoffMs":500,"errorMaxBackoffMs":30000,"leaseMs":1000,"heartbeatIntervalMs":333,"drainMs":5000,"backlogProbe":true,"sweeps":false,"externalEffects":false,"durable":true}
{"event":"worker.outbox.summary","level":"info","timestamp":"2026-09-27T06:19:27.094Z","workerId":"worker-pg-continuous-192-a","reason":"start","claimed":0,"processed":0,"failed":0,"deadLettered":0,"handoffs":0,"errors":0,"claimFailures":0,"leaseLost":0,"heartbeats":0,"idlePolls":0,"released":0,"lag":null,"inFlight":0}
{"event":"worker.metric","name":"worker_outbox_lag","value":0,"attributes":{"operation":"outbox"},"timestamp":"2026-09-27T06:19:27.125Z"}
{"event":"worker.idle_backoff","level":"debug","timestamp":"2026-09-27T06:19:27.125Z","workerId":"worker-pg-continuous-192-a","backoffMs":5,"lag":0}
{"event":"worker.idle_backoff","level":"debug","timestamp":"2026-09-27T06:19:27.136Z","workerId":"worker-pg-continuous-192-a","backoffMs":10,"lag":0}
{"event":"worker.idle_backoff","level":"debug","timestamp":"2026-09-27T06:19:27.150Z","workerId":"worker-pg-continuous-192-a","backoffMs":20,"lag":0}
{"event":"worker.metric","name":"worker_outbox_processed_total","value":1,"attributes":{"status":"processed"},"timestamp":"2026-09-27T06:19:27.151Z"}
{"event":"worker.outbox.processed","level":"info","timestamp":"2026-09-27T06:19:27.152Z","eventId":"outbox_30f579cc-34d6-43ee-8535-43783e68b4d1","workerId":"worker-pg-continuous-192-a","status":"processed","attempt":1,"leaseLost":false,"operation":"outbox"}
{"event":"worker.idle_backoff","level":"debug","timestamp":"2026-09-27T06:19:27.175Z","workerId":"worker-pg-continuous-192-a","backoffMs":40,"lag":0}
{"event":"worker.outbox.summary","level":"info","timestamp":"2026-09-27T06:19:27.176Z","workerId":"worker-pg-continuous-192-a","reason":"stop","claimed":1,"processed":1,"failed":0,"deadLettered":0,"handoffs":0,"errors":0,"claimFailures":0,"leaseLost":0,"heartbeats":0,"idlePolls":4,"released":0,"lag":0,"inFlight":0}
{"event":"worker.stopped","level":"info","timestamp":"2026-09-27T06:19:27.176Z","workerId":"worker-pg-continuous-192-a","drained":true,"released":0,"releaseFailed":0,"processed":1,"failed":0,"deadLettered":0,"lag":0}
{"event":"worker.started","level":"info","timestamp":"2026-09-27T06:19:27.184Z","workerId":"worker-pg-continuous-192-b","concurrency":2,"pollIntervalMs":5,"idleMaxBackoffMs":5000,"errorBackoffMs":500,"errorMaxBackoffMs":30000,"leaseMs":1000,"heartbeatIntervalMs":333,"drainMs":5000,"backlogProbe":true,"sweeps":false,"externalEffects":false,"durable":true}
{"event":"worker.outbox.summary","level":"info","timestamp":"2026-09-27T06:19:27.184Z","workerId":"worker-pg-continuous-192-b","reason":"start","claimed":0,"processed":0,"failed":0,"deadLettered":0,"handoffs":0,"errors":0,"claimFailures":0,"leaseLost":0,"heartbeats":0,"idlePolls":0,"released":0,"lag":null,"inFlight":0}
{"event":"worker.metric","name":"worker_outbox_lag","value":0,"attributes":{"operation":"outbox"},"timestamp":"2026-09-27T06:19:27.215Z"}
{"event":"worker.metric","name":"worker_outbox_dead_lettered_total","value":1,"attributes":{"status":"dead_letter"},"timestamp":"2026-09-27T06:19:27.227Z"}
{"event":"worker.outbox.dead_letter","level":"info","timestamp":"2026-09-27T06:19:27.227Z","eventId":"outbox_9b2022eb-ece0-40b2-9cf7-dc505ca26758","workerId":"worker-pg-continuous-192-b","status":"dead_letter","attempt":1,"leaseLost":false,"error":"[redacted-outbox-error]","operation":"outbox"}
{"event":"worker.metric","name":"worker_outbox_processed_total","value":1,"attributes":{"status":"processed"},"timestamp":"2026-09-27T06:19:27.233Z"}
{"event":"worker.outbox.processed","level":"info","timestamp":"2026-09-27T06:19:27.234Z","eventId":"outbox_4d1cd82f-61e3-4791-9fae-235baa7a366f","workerId":"worker-pg-continuous-192-b","status":"processed","attempt":1,"leaseLost":false,"operation":"outbox"}
{"event":"worker.idle_backoff","level":"debug","timestamp":"2026-09-27T06:19:27.235Z","workerId":"worker-pg-continuous-192-b","backoffMs":5,"lag":0}
{"event":"worker.idle_backoff","level":"debug","timestamp":"2026-09-27T06:19:27.243Z","workerId":"worker-pg-continuous-192-b","backoffMs":10,"lag":0}
{"event":"worker.outbox.summary","level":"info","timestamp":"2026-09-27T06:19:27.243Z","workerId":"worker-pg-continuous-192-b","reason":"stop","claimed":2,"processed":1,"failed":0,"deadLettered":1,"handoffs":0,"errors":0,"claimFailures":0,"leaseLost":0,"heartbeats":0,"idlePolls":2,"released":0,"lag":0,"inFlight":0}
{"event":"worker.stopped","level":"info","timestamp":"2026-09-27T06:19:27.243Z","workerId":"worker-pg-continuous-192-b","drained":true,"released":0,"releaseFailed":0,"processed":1,"failed":0,"deadLettered":1,"lag":0}
{"event":"worker.started","level":"info","timestamp":"2026-09-27T06:19:28.410Z","workerId":"worker-pg-continuous-192-d","concurrency":2,"pollIntervalMs":5,"idleMaxBackoffMs":5000,"errorBackoffMs":500,"errorMaxBackoffMs":30000,"leaseMs":1000,"heartbeatIntervalMs":333,"drainMs":5000,"backlogProbe":true,"sweeps":false,"externalEffects":false,"durable":true}
{"event":"worker.outbox.summary","level":"info","timestamp":"2026-09-27T06:19:28.410Z","workerId":"worker-pg-continuous-192-d","reason":"start","claimed":0,"processed":0,"failed":0,"deadLettered":0,"handoffs":0,"errors":0,"claimFailures":0,"leaseLost":0,"heartbeats":0,"idlePolls":0,"released":0,"lag":null,"inFlight":0}
{"event":"worker.metric","name":"worker_outbox_lag","value":0,"attributes":{"operation":"outbox"},"timestamp":"2026-09-27T06:19:28.437Z"}
{"event":"worker.metric","name":"worker_outbox_processed_total","value":1,"attributes":{"status":"processed"},"timestamp":"2026-09-27T06:19:28.451Z"}
{"event":"worker.outbox.processed","level":"info","timestamp":"2026-09-27T06:19:28.451Z","eventId":"outbox_5a604937-20b3-488a-8102-3cb2e5189546","workerId":"worker-pg-continuous-192-d","status":"processed","attempt":1,"leaseLost":false,"operation":"outbox"}
{"event":"worker.metric","name":"worker_outbox_processed_total","value":1,"attributes":{"status":"processed"},"timestamp":"2026-09-27T06:19:28.456Z"}
{"event":"worker.outbox.processed","level":"info","timestamp":"2026-09-27T06:19:28.456Z","eventId":"outbox_eb4deaac-556f-4e0d-9dbf-1d0a0857bc81","workerId":"worker-pg-continuous-192-d","status":"processed","attempt":1,"leaseLost":false,"operation":"outbox"}
{"event":"worker.idle_backoff","level":"debug","timestamp":"2026-09-27T06:19:28.458Z","workerId":"worker-pg-continuous-192-d","backoffMs":5,"lag":0}
{"event":"worker.outbox.summary","level":"info","timestamp":"2026-09-27T06:19:28.461Z","workerId":"worker-pg-continuous-192-d","reason":"stop","claimed":2,"processed":2,"failed":0,"deadLettered":0,"handoffs":0,"errors":0,"claimFailures":0,"leaseLost":0,"heartbeats":0,"idlePolls":1,"released":0,"lag":0,"inFlight":0}
{"event":"worker.stopped","level":"info","timestamp":"2026-09-27T06:19:28.462Z","workerId":"worker-pg-continuous-192-d","drained":true,"released":0,"releaseFailed":0,"processed":2,"failed":0,"deadLettered":0,"lag":0}
{"event":"worker.started","level":"info","timestamp":"2026-09-27T06:19:28.467Z","workerId":"worker-pg-continuous-192-e","concurrency":1,"pollIntervalMs":5,"idleMaxBackoffMs":5000,"errorBackoffMs":500,"errorMaxBackoffMs":30000,"leaseMs":1000,"heartbeatIntervalMs":333,"drainMs":5000,"backlogProbe":true,"sweeps":false,"externalEffects":false,"durable":true}
{"event":"worker.outbox.summary","level":"info","timestamp":"2026-09-27T06:19:28.467Z","workerId":"worker-pg-continuous-192-e","reason":"start","claimed":0,"processed":0,"failed":0,"deadLettered":0,"handoffs":0,"errors":0,"claimFailures":0,"leaseLost":0,"heartbeats":0,"idlePolls":0,"released":0,"lag":null,"inFlight":0}
{"event":"worker.metric","name":"worker_outbox_lag","value":0,"attributes":{"operation":"outbox"},"timestamp":"2026-09-27T06:19:28.493Z"}
{"event":"worker.shutdown_release","level":"warn","timestamp":"2026-09-27T06:19:28.537Z","eventId":"outbox_6008509f-3f33-419c-9941-1b1499d41968","workerId":"worker-pg-continuous-192-e","operation":"outbox"}
{"event":"worker.metric","name":"worker_outbox_shutdown_releases_total","value":1,"attributes":{"outcome":"released"},"timestamp":"2026-09-27T06:19:28.537Z"}
{"event":"worker.outbox.summary","level":"info","timestamp":"2026-09-27T06:19:28.537Z","workerId":"worker-pg-continuous-192-e","reason":"stop","claimed":1,"processed":0,"failed":0,"deadLettered":0,"handoffs":0,"errors":0,"claimFailures":0,"leaseLost":0,"heartbeats":0,"idlePolls":0,"released":1,"lag":0,"inFlight":1}
{"event":"worker.stopped","level":"info","timestamp":"2026-09-27T06:19:28.538Z","workerId":"worker-pg-continuous-192-e","drained":false,"released":1,"releaseFailed":0,"processed":0,"failed":0,"deadLettered":0,"lag":0}
{"event":"worker.event_error","level":"error","timestamp":"2026-09-27T06:19:28.557Z","eventId":"outbox_6008509f-3f33-419c-9941-1b1499d41968","workerId":"worker-pg-continuous-192-e","attempt":1,"error":"outbox_error:conflict","operation":"outbox"}
{"event":"worker.metric","name":"worker_outbox_errors_total","value":1,"attributes":{"outcome":"error"},"timestamp":"2026-09-27T06:19:28.558Z"}
{"event":"worker.started","level":"info","timestamp":"2026-09-27T06:19:28.562Z","workerId":"worker-pg-continuous-192-f","concurrency":2,"pollIntervalMs":5,"idleMaxBackoffMs":5000,"errorBackoffMs":500,"errorMaxBackoffMs":30000,"leaseMs":1000,"heartbeatIntervalMs":333,"drainMs":5000,"backlogProbe":true,"sweeps":false,"externalEffects":false,"durable":true}
{"event":"worker.outbox.summary","level":"info","timestamp":"2026-09-27T06:19:28.563Z","workerId":"worker-pg-continuous-192-f","reason":"start","claimed":0,"processed":0,"failed":0,"deadLettered":0,"handoffs":0,"errors":0,"claimFailures":0,"leaseLost":0,"heartbeats":0,"idlePolls":0,"released":0,"lag":null,"inFlight":0}
{"event":"worker.metric","name":"worker_outbox_lag","value":0,"attributes":{"operation":"outbox"},"timestamp":"2026-09-27T06:19:28.587Z"}
{"event":"worker.idle_backoff","level":"debug","timestamp":"2026-09-27T06:19:28.588Z","workerId":"worker-pg-continuous-192-f","backoffMs":5,"lag":0}
{"event":"worker.idle_backoff","level":"debug","timestamp":"2026-09-27T06:19:28.596Z","workerId":"worker-pg-continuous-192-f","backoffMs":10,"lag":0}
{"event":"worker.idle_backoff","level":"debug","timestamp":"2026-09-27T06:19:28.610Z","workerId":"worker-pg-continuous-192-f","backoffMs":20,"lag":0}
{"event":"worker.idle_backoff","level":"debug","timestamp":"2026-09-27T06:19:28.633Z","workerId":"worker-pg-continuous-192-f","backoffMs":40,"lag":0}
{"event":"worker.idle_backoff","level":"debug","timestamp":"2026-09-27T06:19:28.676Z","workerId":"worker-pg-continuous-192-f","backoffMs":80,"lag":0}
{"event":"worker.idle_backoff","level":"debug","timestamp":"2026-09-27T06:19:28.759Z","workerId":"worker-pg-continuous-192-f","backoffMs":160,"lag":0}
{"event":"worker.idle_backoff","level":"debug","timestamp":"2026-09-27T06:19:28.923Z","workerId":"worker-pg-continuous-192-f","backoffMs":320,"lag":0}
{"event":"worker.idle_backoff","level":"debug","timestamp":"2026-09-27T06:19:29.244Z","workerId":"worker-pg-continuous-192-f","backoffMs":640,"lag":0}
{"event":"worker.outbox.summary","level":"info","timestamp":"2026-09-27T06:19:29.563Z","workerId":"worker-pg-continuous-192-f","reason":"interval","claimed":0,"processed":0,"failed":0,"deadLettered":0,"handoffs":0,"errors":0,"claimFailures":0,"leaseLost":0,"heartbeats":0,"idlePolls":8,"released":0,"lag":0,"inFlight":0}
{"event":"worker.metric","name":"worker_outbox_lag","value":0,"attributes":{"operation":"outbox"},"timestamp":"2026-09-27T06:19:29.898Z"}
{"event":"worker.idle_backoff","level":"debug","timestamp":"2026-09-27T06:19:29.898Z","workerId":"worker-pg-continuous-192-f","backoffMs":5,"lag":0}
{"event":"worker.idle_backoff","level":"debug","timestamp":"2026-09-27T06:19:29.910Z","workerId":"worker-pg-continuous-192-f","backoffMs":10,"lag":0}
{"event":"worker.metric","name":"worker_outbox_processed_total","value":1,"attributes":{"status":"processed"},"timestamp":"2026-09-27T06:19:29.918Z"}
{"event":"worker.outbox.processed","level":"info","timestamp":"2026-09-27T06:19:29.918Z","eventId":"outbox_6008509f-3f33-419c-9941-1b1499d41968","workerId":"worker-pg-continuous-192-f","status":"processed","attempt":2,"leaseLost":false,"operation":"outbox"}
{"event":"worker.idle_backoff","level":"debug","timestamp":"2026-09-27T06:19:29.925Z","workerId":"worker-pg-continuous-192-f","backoffMs":20,"lag":0}
{"event":"worker.outbox.summary","level":"info","timestamp":"2026-09-27T06:19:29.925Z","workerId":"worker-pg-continuous-192-f","reason":"stop","claimed":1,"processed":1,"failed":0,"deadLettered":0,"handoffs":0,"errors":0,"claimFailures":0,"leaseLost":0,"heartbeats":0,"idlePolls":11,"released":0,"lag":0,"inFlight":0}
{"event":"worker.stopped","level":"info","timestamp":"2026-09-27T06:19:29.925Z","workerId":"worker-pg-continuous-192-f","drained":true,"released":0,"releaseFailed":0,"processed":1,"failed":0,"deadLettered":0,"lag":0}
 ✓ apps/worker/src/__tests__/continuous-worker-postgres.integration.test.ts (2 tests) 3975ms
     ✓ consumes events across a simulated restart and dead-letters a poison event  1257ms
     ✓ observes queue lag, completes in-flight work on shutdown and releases bounded leases  2716ms
 ✓ packages/persistence/src/__tests__/outbox-content-binding-postgres.test.ts (3 tests) 3023ms
     ✓ returns the same record for an identical replay across instances  1016ms
     ✓ rejects divergent type/payload/version without mutating the winner  958ms
     ✓ lets one concurrent divergent writer win and rejects the other  1047ms
 ✓ apps/api/src/__tests__/trusted-replay-distributed-postgres.test.ts (2 tests) 2139ms
     ✓ rejects the same token on a second process and after restart  1190ms
     ✓ fails closed when the replay store is unavailable  947ms
 ✓ packages/persistence/src/__tests__/journeys-postgres.test.ts (24 tests) 2345ms
     ✓ applies 0014 additively over a 0013 database and preserves prior data  961ms
 ✓ apps/worker/src/__tests__/operational-harness-process-restart.integration.test.ts (1 test) 2256ms
     ✓ reclaims a child-process claim after fault and completes with competing worker authority  2254ms
 ✓ packages/persistence/src/__tests__/runtime-approval-store-postgres.test.ts (11 tests) 2194ms
     ✓ applies 0015 additively over 0014 with the checksum guard  1013ms
 ✓ packages/persistence/src/__tests__/tenant-isolation.test.ts (14 tests) 2142ms
     ✓ enforces cross-tenant isolation with a non-BYPASSRLS role and resets pooled context  1001ms
     ✓ quarantines legacy tenant mismatches before enabling RLS  1106ms
 ✓ packages/persistence/src/__tests__/platform-approval-postgres.test.ts (2 tests) 2109ms
     ✓ persists bindings and consumes approvals atomically exactly once  1099ms
     ✓ enforces tenant visibility for the durable approval table under FORCE RLS  1008ms
 ✓ apps/worker/src/__tests__/kernel-composition-postgres.integration.test.ts (10 tests) 1630ms
     ✓ runs the approved draft write once and replays without a second effect  303ms
 ✓ apps/worker/src/__tests__/postgres-role-preflight.test.ts (13 tests) 1456ms
 ✓ apps/worker/src/__tests__/operational-harness-iterative-postgres.integration.test.ts (1 test) 1290ms
     ✓ persists steps/checkpoints, isolates tenants, and resumes WAITING_USER on a fresh pool  1288ms
 ✓ apps/worker/src/__tests__/postgres-outbox-bridge.integration.test.ts (2 tests) 1328ms
     ✓ consumes the event written by the API through a separate worker pool  1325ms
 ✓ apps/worker/src/__tests__/operational-harness-synthetic-effect-postgres.integration.test.ts (1 test) 1183ms
     ✓ persists HTTP acceptance, one journaled synthetic effect, replay, and status  1182ms
 ✓ apps/api/src/__tests__/homolog-correlation-postgres.test.ts (1 test) 1235ms
     ✓ binds the response correlation to one PII-free audit event  1234ms
 ✓ packages/persistence/src/__tests__/channel-effect-journal-postgres.test.ts (12 tests) 1136ms
 ✓ packages/persistence/src/__tests__/operational-execution-postgres.test.ts (4 tests) 1194ms
 ✓ packages/persistence/src/__tests__/effect-journal-postgres.test.ts (10 tests) 1082ms
 ✓ packages/persistence/src/__tests__/attendance-approval-postgres.test.ts (1 test) 1098ms
     ✓ forces two connections past the same pending read and rolls back failed audit  1096ms
 ✓ apps/worker/src/__tests__/homolog-health-postgres.test.ts (5 tests) 983ms
     ✓ reports healthy dependencies with queue depth  974ms
 ✓ packages/persistence/src/__tests__/journey-task-atomicity.test.ts (8 tests) 1145ms
 ✓ packages/persistence/src/__tests__/session-version-pinning-postgres.test.ts (2 tests) 950ms
     ✓ binds sessions atomically under the tenant-aware migration and never replaces the pin  946ms
 ✓ apps/api/src/__tests__/webhook-security.test.ts (16 tests) 372ms
 ✓ apps/worker/src/__tests__/operational-harness-iterative.test.ts (5 tests) 204ms
 ✓ packages/persistence/src/__tests__/postgres-migration-smoke.test.ts (10 tests) 228ms
 ✓ packages/chaos/src/__tests__/chaos-postgres.test.ts (2 tests) 71ms
 ✓ packages/persistence/src/__tests__/audit-evidence-checkpoint-postgres.test.ts (2 tests) 21ms

 Test Files  35 passed (35)
      Tests  258 passed (258)
   Start at  03:18:31
   Duration  115.20s (transform 1.74s, setup 0ms, import 9.51s, tests 80.77s, environment 20.83s)

JSON report written to /tmp/cvg-aud0578-cert-20260927/certification/postgres-test-report.json
