$ npm test -- --reporter=default --reporter=json --outputFile=certification/unit-test-report.json
# runId=run-rem21-019-final-3 candidateId=8a889682d378c1d3e82a71c079c00390e98307ce4d6e5314f69f02c7c8cf3132 gate=unit command=npm test -- --reporter=default --reporter=json --outputFile=certification/unit-test-report.json
# exitCode=0 durationMs=493305


> cvg-operational-harness@1.0.0 test
> vitest run --no-file-parallelism --maxWorkers=2 --reporter=default --reporter=json --outputFile=certification/unit-test-report.json


 RUN  v4.1.11 /home/ricardo/Área de trabalho/cvg-operational-harness

 ✓ apps/api/src/__tests__/rate-limit.test.ts (6 tests) 387ms
     ✓ returns a stable 429 envelope after the API window is exhausted  375ms
 ✓ packages/shared/src/__tests__/ssrf-egress.test.ts (16 tests) 51ms
 ✓ packages/approval-engine/src/__tests__/approval-engine.test.ts (10 tests) 26ms
 ✓ packages/policy-engine/src/__tests__/policy-engine-branch-hardening.test.ts (9 tests) 18ms
 ✓ apps/api/src/__tests__/trusted-operator-identity.test.ts (13 tests) 32ms
 ✓ packages/persistence/src/__tests__/outbox-content-binding.test.ts (6 tests) 14ms
 ✓ packages/shared/src/__tests__/ssrf.test.ts (34 tests) 13ms
 ✓ apps/worker/src/__tests__/operational-harness-homolog.integration.test.ts (3 tests) 9840ms
     ✓ reclaims a SIGKILLed claim in a second process with one terminal outcome  5191ms
     ✓ refuses to start without arming, database or outside homolog scope  1787ms
     ✓ drains cleanly on SIGTERM with no work pending  2859ms
 ✓ apps/api/src/__tests__/approval-decision-atomicity-postgres.test.ts (8 tests) 12559ms
     ✓ applies migration 0021 exactly-once guard  1501ms
     ✓ blocks migration 0021 when legacy duplicate decision keys exist  1491ms
     ✓ rejects a valid-looking index with the wrong definition  1479ms
     ✓ rejects an invalid and not-ready unique index  1544ms
     ✓ converges concurrent applications of migration 0021  1556ms
     ✓ retries converge with exactly one audit event after an injected crash  1866ms
     ✓ identical concurrent decisions keep one winner and one audit event  1509ms
     ✓ worker recovery preserves the decision envelope after audit failure  1607ms
 ✓ apps/api/src/__tests__/rate-limit-distributed-postgres.test.ts (9 tests) 9530ms
     ✓ shares one budget across instances and restarts  1526ms
     ✓ resets the budget when the window expires  1829ms
     ✓ serializes concurrent first checks for one logical budget  1625ms
     ✓ fails closed at active capacity without evicting an existing budget  1377ms
     ✓ enforces the shared budget at the HTTP boundary  3163ms
 ✓ packages/persistence/src/__tests__/platform-postgres-smoke.test.ts (5 tests) 6969ms
     ✓ persists an immutable published version and a tenant-scoped trace  1402ms
     ✓ persists versioned suites and redacted A/B run metadata under tenant RLS  1394ms
     ✓ persists tenant-scoped plugin metadata with immutable identity and guarded status  1420ms
     ✓ persists tenant-scoped knowledge source metadata without content or lifecycle bypass  1423ms
     ✓ persists a validated release-candidate evidence ledger without mutating the version  1325ms
 ✓ apps/api/src/__tests__/postgres-persistence-mode.test.ts (45 tests) 6600ms
     ✓ commits and rolls back the tenant-scoped runtime finalizer atomically  1532ms
     ✓ validates tenant-scoped startup with separate migration and runtime roles  2063ms
     ✓ rejects missing rate-limit table or index before PostgreSQL startup  1412ms
     ✓ runs inbound, timeline, task, approval and audit endpoints against PostgreSQL when configured  441ms
     ✓ keeps PostgreSQL inbound idempotency isolated by tenant  362ms
     ✓ keeps human takeover and session continuation fail-closed on PostgreSQL  411ms
 ✓ apps/worker/src/__tests__/continuous-worker-entrypoint.integration.test.ts (2 tests) 6591ms
     ✓ consumes events around a restart and drains on a real SIGTERM without loss or duplication  4026ms
     ✓ runs the role preflight before the first claim and leaves the queue untouched on rejection  2562ms
 ✓ apps/worker/src/__tests__/operational-harness-capability-postgres.integration.test.ts (4 tests) 6687ms
     ✓ replays a confirmed capability effect after a fresh pool/composition and isolates tenants  1627ms
     ✓ persists an uncertain capability effect and rejects retry after fresh composition  1551ms
     ✓ executes the capability through the durable PostgreSQL worker path for isolated tenants  1690ms
     ✓ recovers a durable approval and executes the capability after fresh worker composition  1816ms
{"event":"worker.started","level":"info","timestamp":"2026-09-22T13:12:47.997Z","workerId":"worker-pg-continuous-192-a","concurrency":2,"pollIntervalMs":5,"idleMaxBackoffMs":5000,"errorBackoffMs":500,"errorMaxBackoffMs":30000,"leaseMs":1000,"heartbeatIntervalMs":333,"drainMs":5000,"backlogProbe":true,"sweeps":false,"externalEffects":false,"durable":true}
{"event":"worker.outbox.summary","level":"info","timestamp":"2026-09-22T13:12:47.998Z","workerId":"worker-pg-continuous-192-a","reason":"start","claimed":0,"processed":0,"failed":0,"deadLettered":0,"handoffs":0,"errors":0,"claimFailures":0,"leaseLost":0,"heartbeats":0,"idlePolls":0,"released":0,"lag":null,"inFlight":0}
{"event":"worker.metric","name":"worker_outbox_lag","value":0,"attributes":{"operation":"outbox"},"timestamp":"2026-09-22T13:12:48.037Z"}
{"event":"worker.idle_backoff","level":"debug","timestamp":"2026-09-22T13:12:48.037Z","workerId":"worker-pg-continuous-192-a","backoffMs":5,"lag":0}
{"event":"worker.idle_backoff","level":"debug","timestamp":"2026-09-22T13:12:48.055Z","workerId":"worker-pg-continuous-192-a","backoffMs":10,"lag":0}
{"event":"worker.idle_backoff","level":"debug","timestamp":"2026-09-22T13:12:48.078Z","workerId":"worker-pg-continuous-192-a","backoffMs":20,"lag":0}
{"event":"worker.metric","name":"worker_outbox_processed_total","value":1,"attributes":{"status":"processed"},"timestamp":"2026-09-22T13:12:48.086Z"}
{"event":"worker.outbox.processed","level":"info","timestamp":"2026-09-22T13:12:48.086Z","eventId":"outbox_69025f72-dcd5-45b2-8639-5dbfe40ab87a","workerId":"worker-pg-continuous-192-a","status":"processed","attempt":1,"leaseLost":false,"operation":"outbox"}
{"event":"worker.idle_backoff","level":"debug","timestamp":"2026-09-22T13:12:48.107Z","workerId":"worker-pg-continuous-192-a","backoffMs":40,"lag":0}
{"event":"worker.outbox.summary","level":"info","timestamp":"2026-09-22T13:12:48.107Z","workerId":"worker-pg-continuous-192-a","reason":"stop","claimed":1,"processed":1,"failed":0,"deadLettered":0,"handoffs":0,"errors":0,"claimFailures":0,"leaseLost":0,"heartbeats":0,"idlePolls":4,"released":0,"lag":0,"inFlight":0}
{"event":"worker.stopped","level":"info","timestamp":"2026-09-22T13:12:48.108Z","workerId":"worker-pg-continuous-192-a","drained":true,"released":0,"releaseFailed":0,"processed":1,"failed":0,"deadLettered":0,"lag":0}
{"event":"worker.started","level":"info","timestamp":"2026-09-22T13:12:48.128Z","workerId":"worker-pg-continuous-192-b","concurrency":2,"pollIntervalMs":5,"idleMaxBackoffMs":5000,"errorBackoffMs":500,"errorMaxBackoffMs":30000,"leaseMs":1000,"heartbeatIntervalMs":333,"drainMs":5000,"backlogProbe":true,"sweeps":false,"externalEffects":false,"durable":true}
{"event":"worker.outbox.summary","level":"info","timestamp":"2026-09-22T13:12:48.128Z","workerId":"worker-pg-continuous-192-b","reason":"start","claimed":0,"processed":0,"failed":0,"deadLettered":0,"handoffs":0,"errors":0,"claimFailures":0,"leaseLost":0,"heartbeats":0,"idlePolls":0,"released":0,"lag":null,"inFlight":0}
{"event":"worker.metric","name":"worker_outbox_lag","value":0,"attributes":{"operation":"outbox"},"timestamp":"2026-09-22T13:12:48.189Z"}
{"event":"worker.metric","name":"worker_outbox_dead_lettered_total","value":1,"attributes":{"status":"dead_letter"},"timestamp":"2026-09-22T13:12:48.210Z"}
{"event":"worker.outbox.dead_letter","level":"info","timestamp":"2026-09-22T13:12:48.211Z","eventId":"outbox_ceae21df-0b86-4162-8049-278bc1c0ff23","workerId":"worker-pg-continuous-192-b","status":"dead_letter","attempt":1,"leaseLost":false,"error":"[redacted-outbox-error]","operation":"outbox"}
{"event":"worker.idle_backoff","level":"debug","timestamp":"2026-09-22T13:12:48.225Z","workerId":"worker-pg-continuous-192-b","backoffMs":5,"lag":0}
{"event":"worker.metric","name":"worker_outbox_processed_total","value":1,"attributes":{"status":"processed"},"timestamp":"2026-09-22T13:12:48.229Z"}
{"event":"worker.outbox.processed","level":"info","timestamp":"2026-09-22T13:12:48.229Z","eventId":"outbox_5abf9580-1e0f-4688-a96d-05e5750ada41","workerId":"worker-pg-continuous-192-b","status":"processed","attempt":1,"leaseLost":false,"operation":"outbox"}
{"event":"worker.idle_backoff","level":"debug","timestamp":"2026-09-22T13:12:48.244Z","workerId":"worker-pg-continuous-192-b","backoffMs":10,"lag":0}
{"event":"worker.outbox.summary","level":"info","timestamp":"2026-09-22T13:12:48.245Z","workerId":"worker-pg-continuous-192-b","reason":"stop","claimed":2,"processed":1,"failed":0,"deadLettered":1,"handoffs":0,"errors":0,"claimFailures":0,"leaseLost":0,"heartbeats":0,"idlePolls":2,"released":0,"lag":0,"inFlight":0}
{"event":"worker.stopped","level":"info","timestamp":"2026-09-22T13:12:48.246Z","workerId":"worker-pg-continuous-192-b","drained":true,"released":0,"releaseFailed":0,"processed":1,"failed":0,"deadLettered":1,"lag":0}
{"event":"worker.started","level":"info","timestamp":"2026-09-22T13:12:49.990Z","workerId":"worker-pg-continuous-192-d","concurrency":2,"pollIntervalMs":5,"idleMaxBackoffMs":5000,"errorBackoffMs":500,"errorMaxBackoffMs":30000,"leaseMs":1000,"heartbeatIntervalMs":333,"drainMs":5000,"backlogProbe":true,"sweeps":false,"externalEffects":false,"durable":true}
{"event":"worker.outbox.summary","level":"info","timestamp":"2026-09-22T13:12:49.990Z","workerId":"worker-pg-continuous-192-d","reason":"start","claimed":0,"processed":0,"failed":0,"deadLettered":0,"handoffs":0,"errors":0,"claimFailures":0,"leaseLost":0,"heartbeats":0,"idlePolls":0,"released":0,"lag":null,"inFlight":0}
{"event":"worker.metric","name":"worker_outbox_lag","value":0,"attributes":{"operation":"outbox"},"timestamp":"2026-09-22T13:12:50.032Z"}
{"event":"worker.metric","name":"worker_outbox_processed_total","value":1,"attributes":{"status":"processed"},"timestamp":"2026-09-22T13:12:50.058Z"}
{"event":"worker.outbox.processed","level":"info","timestamp":"2026-09-22T13:12:50.058Z","eventId":"outbox_2f98fe70-8a42-4c72-8324-59894e9bf923","workerId":"worker-pg-continuous-192-d","status":"processed","attempt":1,"leaseLost":false,"operation":"outbox"}
{"event":"worker.metric","name":"worker_outbox_processed_total","value":1,"attributes":{"status":"processed"},"timestamp":"2026-09-22T13:12:50.058Z"}
{"event":"worker.outbox.processed","level":"info","timestamp":"2026-09-22T13:12:50.058Z","eventId":"outbox_2abff131-50e2-4367-b8e8-e64c007a0082","workerId":"worker-pg-continuous-192-d","status":"processed","attempt":1,"leaseLost":false,"operation":"outbox"}
{"event":"worker.idle_backoff","level":"debug","timestamp":"2026-09-22T13:12:50.074Z","workerId":"worker-pg-continuous-192-d","backoffMs":5,"lag":0}
{"event":"worker.outbox.summary","level":"info","timestamp":"2026-09-22T13:12:50.075Z","workerId":"worker-pg-continuous-192-d","reason":"stop","claimed":2,"processed":2,"failed":0,"deadLettered":0,"handoffs":0,"errors":0,"claimFailures":0,"leaseLost":0,"heartbeats":0,"idlePolls":1,"released":0,"lag":0,"inFlight":0}
{"event":"worker.stopped","level":"info","timestamp":"2026-09-22T13:12:50.075Z","workerId":"worker-pg-continuous-192-d","drained":true,"released":0,"releaseFailed":0,"processed":2,"failed":0,"deadLettered":0,"lag":0}
{"event":"worker.started","level":"info","timestamp":"2026-09-22T13:12:50.090Z","workerId":"worker-pg-continuous-192-e","concurrency":1,"pollIntervalMs":5,"idleMaxBackoffMs":5000,"errorBackoffMs":500,"errorMaxBackoffMs":30000,"leaseMs":1000,"heartbeatIntervalMs":333,"drainMs":5000,"backlogProbe":true,"sweeps":false,"externalEffects":false,"durable":true}
{"event":"worker.outbox.summary","level":"info","timestamp":"2026-09-22T13:12:50.090Z","workerId":"worker-pg-continuous-192-e","reason":"start","claimed":0,"processed":0,"failed":0,"deadLettered":0,"handoffs":0,"errors":0,"claimFailures":0,"leaseLost":0,"heartbeats":0,"idlePolls":0,"released":0,"lag":null,"inFlight":0}
{"event":"worker.metric","name":"worker_outbox_lag","value":0,"attributes":{"operation":"outbox"},"timestamp":"2026-09-22T13:12:50.122Z"}
{"event":"worker.shutdown_release","level":"warn","timestamp":"2026-09-22T13:12:50.165Z","eventId":"outbox_3b8e13c0-9691-4a61-80ca-e9ebc7e71c36","workerId":"worker-pg-continuous-192-e","operation":"outbox"}
{"event":"worker.metric","name":"worker_outbox_shutdown_releases_total","value":1,"attributes":{"outcome":"released"},"timestamp":"2026-09-22T13:12:50.165Z"}
{"event":"worker.outbox.summary","level":"info","timestamp":"2026-09-22T13:12:50.165Z","workerId":"worker-pg-continuous-192-e","reason":"stop","claimed":1,"processed":0,"failed":0,"deadLettered":0,"handoffs":0,"errors":0,"claimFailures":0,"leaseLost":0,"heartbeats":0,"idlePolls":0,"released":1,"lag":0,"inFlight":1}
{"event":"worker.stopped","level":"info","timestamp":"2026-09-22T13:12:50.165Z","workerId":"worker-pg-continuous-192-e","drained":false,"released":1,"releaseFailed":0,"processed":0,"failed":0,"deadLettered":0,"lag":0}
{"event":"worker.event_error","level":"error","timestamp":"2026-09-22T13:12:50.173Z","eventId":"outbox_3b8e13c0-9691-4a61-80ca-e9ebc7e71c36","workerId":"worker-pg-continuous-192-e","attempt":1,"error":"outbox_error:conflict","operation":"outbox"}
{"event":"worker.metric","name":"worker_outbox_errors_total","value":1,"attributes":{"outcome":"error"},"timestamp":"2026-09-22T13:12:50.173Z"}
{"event":"worker.started","level":"info","timestamp":"2026-09-22T13:12:50.177Z","workerId":"worker-pg-continuous-192-f","concurrency":2,"pollIntervalMs":5,"idleMaxBackoffMs":5000,"errorBackoffMs":500,"errorMaxBackoffMs":30000,"leaseMs":1000,"heartbeatIntervalMs":333,"drainMs":5000,"backlogProbe":true,"sweeps":false,"externalEffects":false,"durable":true}
{"event":"worker.outbox.summary","level":"info","timestamp":"2026-09-22T13:12:50.177Z","workerId":"worker-pg-continuous-192-f","reason":"start","claimed":0,"processed":0,"failed":0,"deadLettered":0,"handoffs":0,"errors":0,"claimFailures":0,"leaseLost":0,"heartbeats":0,"idlePolls":0,"released":0,"lag":null,"inFlight":0}
{"event":"worker.metric","name":"worker_outbox_lag","value":0,"attributes":{"operation":"outbox"},"timestamp":"2026-09-22T13:12:50.197Z"}
{"event":"worker.idle_backoff","level":"debug","timestamp":"2026-09-22T13:12:50.197Z","workerId":"worker-pg-continuous-192-f","backoffMs":5,"lag":0}
{"event":"worker.idle_backoff","level":"debug","timestamp":"2026-09-22T13:12:50.209Z","workerId":"worker-pg-continuous-192-f","backoffMs":10,"lag":0}
{"event":"worker.idle_backoff","level":"debug","timestamp":"2026-09-22T13:12:50.223Z","workerId":"worker-pg-continuous-192-f","backoffMs":20,"lag":0}
{"event":"worker.idle_backoff","level":"debug","timestamp":"2026-09-22T13:12:50.248Z","workerId":"worker-pg-continuous-192-f","backoffMs":40,"lag":0}
{"event":"worker.idle_backoff","level":"debug","timestamp":"2026-09-22T13:12:50.294Z","workerId":"worker-pg-continuous-192-f","backoffMs":80,"lag":0}
{"event":"worker.idle_backoff","level":"debug","timestamp":"2026-09-22T13:12:50.380Z","workerId":"worker-pg-continuous-192-f","backoffMs":160,"lag":0}
{"event":"worker.idle_backoff","level":"debug","timestamp":"2026-09-22T13:12:50.545Z","workerId":"worker-pg-continuous-192-f","backoffMs":320,"lag":0}
{"event":"worker.idle_backoff","level":"debug","timestamp":"2026-09-22T13:12:50.871Z","workerId":"worker-pg-continuous-192-f","backoffMs":640,"lag":0}
{"event":"worker.outbox.summary","level":"info","timestamp":"2026-09-22T13:12:51.177Z","workerId":"worker-pg-continuous-192-f","reason":"interval","claimed":0,"processed":0,"failed":0,"deadLettered":0,"handoffs":0,"errors":0,"claimFailures":0,"leaseLost":0,"heartbeats":0,"idlePolls":8,"released":0,"lag":0,"inFlight":0}
{"event":"worker.metric","name":"worker_outbox_lag","value":0,"attributes":{"operation":"outbox"},"timestamp":"2026-09-22T13:12:51.533Z"}
{"event":"worker.idle_backoff","level":"debug","timestamp":"2026-09-22T13:12:51.533Z","workerId":"worker-pg-continuous-192-f","backoffMs":5,"lag":0}
{"event":"worker.idle_backoff","level":"debug","timestamp":"2026-09-22T13:12:51.543Z","workerId":"worker-pg-continuous-192-f","backoffMs":10,"lag":0}
{"event":"worker.metric","name":"worker_outbox_processed_total","value":1,"attributes":{"status":"processed"},"timestamp":"2026-09-22T13:12:51.559Z"}
{"event":"worker.outbox.processed","level":"info","timestamp":"2026-09-22T13:12:51.559Z","eventId":"outbox_3b8e13c0-9691-4a61-80ca-e9ebc7e71c36","workerId":"worker-pg-continuous-192-f","status":"processed","attempt":2,"leaseLost":false,"operation":"outbox"}
{"event":"worker.idle_backoff","level":"debug","timestamp":"2026-09-22T13:12:51.560Z","workerId":"worker-pg-continuous-192-f","backoffMs":20,"lag":0}
{"event":"worker.outbox.summary","level":"info","timestamp":"2026-09-22T13:12:51.561Z","workerId":"worker-pg-continuous-192-f","reason":"stop","claimed":1,"processed":1,"failed":0,"deadLettered":0,"handoffs":0,"errors":0,"claimFailures":0,"leaseLost":0,"heartbeats":0,"idlePolls":11,"released":0,"lag":0,"inFlight":0}
{"event":"worker.stopped","level":"info","timestamp":"2026-09-22T13:12:51.561Z","workerId":"worker-pg-continuous-192-f","drained":true,"released":0,"releaseFailed":0,"processed":1,"failed":0,"deadLettered":0,"lag":0}
 ✓ apps/worker/src/__tests__/continuous-worker-postgres.integration.test.ts (2 tests) 5092ms
     ✓ consumes events across a simulated restart and dead-letters a poison event  1758ms
     ✓ observes queue lag, completes in-flight work on shutdown and releases bounded leases  3332ms
 ✓ apps/api/src/__tests__/tenant-schema-inventory-postgres.test.ts (4 tests) 6611ms
     ✓ every tenant_id table in the catalog is inventoried and verified  1706ms
     ✓ fails when a tenant-scoped table is removed  1732ms
     ✓ fails when migration 0022 is not applied  1538ms
     ✓ fails a least-privilege role without grants on new tables  1627ms
 ✓ apps/api/src/__tests__/readiness.test.ts (11 tests) 3037ms
     ✓ returns 503 when destruction rejects the timed out query  926ms
     ✓ bounds pending pool admission and destroys a late client exactly once  931ms
     ✓ ignores late query success and recovers after the outstanding operation settles  942ms
 ✓ packages/persistence/src/__tests__/outbox-durability.test.ts (6 tests) 4816ms
     ✓ backfills a legacy processed row while RLS is already forced  837ms
     ✓ redacts legacy rows without making routable pending work disappear  819ms
     ✓ claims once across two connections, journals at-least-once ack, retries and requeues in-place  1763ms
     ✓ commits inbound message and durable intent together  1389ms
 ✓ packages/persistence/src/__tests__/outbox-content-binding-postgres.test.ts (3 tests) 4340ms
     ✓ returns the same record for an identical replay across instances  1586ms
     ✓ rejects divergent type/payload/version without mutating the winner  1357ms
     ✓ lets one concurrent divergent writer win and rejects the other  1394ms
 ✓ apps/api/src/__tests__/journeys-api-postgres.test.ts (10 tests) 3142ms
     ✓ applies migration 0014 during postgres startup before serving journeys  1179ms
 ✓ packages/persistence/src/__tests__/journeys-postgres.test.ts (24 tests) 3612ms
     ✓ applies 0014 additively over a 0013 database and preserves prior data  1545ms
 ✓ apps/worker/src/__tests__/operational-harness-process-restart.integration.test.ts (1 test) 3362ms
     ✓ reclaims a child-process claim after fault and completes with competing worker authority  3360ms
 ✓ packages/persistence/src/__tests__/platform-approval-postgres.test.ts (2 tests) 2773ms
     ✓ persists bindings and consumes approvals atomically exactly once  1479ms
     ✓ enforces tenant visibility for the durable approval table under FORCE RLS  1292ms
 ✓ packages/persistence/src/__tests__/tenant-isolation.test.ts (14 tests) 3332ms
     ✓ enforces cross-tenant isolation with a non-BYPASSRLS role and resets pooled context  1519ms
     ✓ quarantines legacy tenant mismatches before enabling RLS  1769ms
 ✓ packages/persistence/src/__tests__/runtime-approval-store-postgres.test.ts (11 tests) 3381ms
     ✓ applies 0015 additively over 0014 with the checksum guard  1514ms
 ✓ packages/conversation/src/__tests__/postgres-conversation.integration.test.ts (1 test) 3680ms
     ✓ replays durable turns, coalesces claims, and isolates tenants on a disposable database  3678ms
 ✓ apps/api/src/__tests__/trusted-replay-distributed-postgres.test.ts (2 tests) 3073ms
     ✓ rejects the same token on a second process and after restart  1727ms
     ✓ fails closed when the replay store is unavailable  1344ms
 ✓ apps/web/src/__tests__/app.test.tsx (15 tests) 2323ms
     ✓ does not apply an in-flight approval refresh after the tenant changes  467ms
 ✓ apps/web/src/features/platform/multi-agent-creation.test.tsx (6 tests) 2306ms
     ✓ creates Agent A and Agent B in one tenant-scoped session with isolated drafts  1086ms
     ✓ shows only the selected agent traces in the tenant-scoped Trace Viewer  417ms
 ✓ apps/worker/src/__tests__/kernel-composition-postgres.integration.test.ts (10 tests) 2357ms
     ✓ runs the approved draft write once and replays without a second effect  499ms
 ✓ apps/web/src/__tests__/platform-panel.test.tsx (6 tests) 1894ms
     ✓ lists and transitions metadata-only plugin catalog entries with tenant scope  785ms
     ✓ rejects invalid plugin metadata locally before sending it to the API  389ms
 ✓ apps/worker/src/__tests__/operational-harness-iterative-postgres.integration.test.ts (1 test) 2000ms
     ✓ persists steps/checkpoints, isolates tenants, and resumes WAITING_USER on a fresh pool  1996ms
 ✓ apps/worker/src/__tests__/postgres-role-preflight.test.ts (13 tests) 2235ms
 ✓ apps/worker/src/__tests__/postgres-outbox-bridge.integration.test.ts (2 tests) 2058ms
     ✓ consumes the event written by the API through a separate worker pool  2051ms
 ✓ apps/web/src/__tests__/journeys-identity-race.test.tsx (13 tests) 1476ms
 ✓ apps/worker/src/__tests__/homolog-worker-lifecycle.test.ts (4 tests) 1748ms
     ✓ fails the real process before ready when PostgreSQL is unavailable  865ms
     ✓ emits controlled-memory readiness before the drain result  870ms
 ✓ apps/api/src/__tests__/homolog-correlation-postgres.test.ts (1 test) 1811ms
     ✓ binds the response correlation to one PII-free audit event  1808ms
 ✓ apps/worker/src/__tests__/operational-harness-synthetic-effect-postgres.integration.test.ts (1 test) 1834ms
     ✓ persists HTTP acceptance, one journaled synthetic effect, replay, and status  1831ms
 ✓ packages/persistence/src/__tests__/operational-execution-postgres.test.ts (4 tests) 1683ms
 ✓ packages/persistence/src/__tests__/effect-journal-postgres.test.ts (10 tests) 1679ms
 ✓ packages/persistence/src/__tests__/channel-effect-journal-postgres.test.ts (12 tests) 1743ms
 ✓ packages/persistence/src/__tests__/journey-task-atomicity.test.ts (8 tests) 1589ms
 ✓ packages/persistence/src/__tests__/session-version-pinning-postgres.test.ts (2 tests) 1394ms
     ✓ binds sessions atomically under the tenant-aware migration and never replaces the pin  1386ms
 ✓ apps/worker/src/__tests__/homolog-health-postgres.test.ts (5 tests) 1369ms
     ✓ reports healthy dependencies with queue depth  1353ms
 ✓ packages/persistence/src/__tests__/attendance-approval-postgres.test.ts (1 test) 1557ms
     ✓ forces two connections past the same pending read and rolls back failed audit  1554ms
{"event":"worker.started","level":"info","timestamp":"2026-09-22T13:14:58.684Z","workerId":"worker-restart-190-a","concurrency":2,"pollIntervalMs":5,"idleMaxBackoffMs":5000,"errorBackoffMs":500,"errorMaxBackoffMs":30000,"leaseMs":1000,"heartbeatIntervalMs":333,"drainMs":10000,"backlogProbe":true,"sweeps":false,"externalEffects":false,"durable":true}
{"event":"worker.outbox.summary","level":"info","timestamp":"2026-09-22T13:14:58.686Z","workerId":"worker-restart-190-a","reason":"start","claimed":0,"processed":0,"failed":0,"deadLettered":0,"handoffs":0,"errors":0,"claimFailures":0,"leaseLost":0,"heartbeats":0,"idlePolls":0,"released":0,"lag":null,"inFlight":0}
{"event":"worker.metric","name":"worker_outbox_lag","value":0,"attributes":{"operation":"outbox"},"timestamp":"2026-09-22T13:14:58.687Z"}
{"event":"worker.metric","name":"worker_outbox_processed_total","value":1,"attributes":{"status":"processed"},"timestamp":"2026-09-22T13:14:58.687Z"}
{"event":"worker.outbox.processed","level":"info","timestamp":"2026-09-22T13:14:58.687Z","eventId":"outbox_9d80e9e9-a7f7-4c6f-8210-35e08eade502","workerId":"worker-restart-190-a","status":"processed","attempt":1,"leaseLost":false,"operation":"outbox"}
{"event":"worker.idle_backoff","level":"debug","timestamp":"2026-09-22T13:14:58.687Z","workerId":"worker-restart-190-a","backoffMs":5,"lag":0}
{"event":"worker.outbox.summary","level":"info","timestamp":"2026-09-22T13:14:58.692Z","workerId":"worker-restart-190-a","reason":"stop","claimed":1,"processed":1,"failed":0,"deadLettered":0,"handoffs":0,"errors":0,"claimFailures":0,"leaseLost":0,"heartbeats":0,"idlePolls":1,"released":0,"lag":0,"inFlight":0}
{"event":"worker.stopped","level":"info","timestamp":"2026-09-22T13:14:58.692Z","workerId":"worker-restart-190-a","drained":true,"released":0,"releaseFailed":0,"processed":1,"failed":0,"deadLettered":0,"lag":0}
{"event":"worker.started","level":"info","timestamp":"2026-09-22T13:14:58.693Z","workerId":"worker-restart-190-b","concurrency":2,"pollIntervalMs":5,"idleMaxBackoffMs":5000,"errorBackoffMs":500,"errorMaxBackoffMs":30000,"leaseMs":1000,"heartbeatIntervalMs":333,"drainMs":10000,"backlogProbe":true,"sweeps":false,"externalEffects":false,"durable":true}
{"event":"worker.outbox.summary","level":"info","timestamp":"2026-09-22T13:14:58.693Z","workerId":"worker-restart-190-b","reason":"start","claimed":0,"processed":0,"failed":0,"deadLettered":0,"handoffs":0,"errors":0,"claimFailures":0,"leaseLost":0,"heartbeats":0,"idlePolls":0,"released":0,"lag":null,"inFlight":0}
{"event":"worker.metric","name":"worker_outbox_lag","value":0,"attributes":{"operation":"outbox"},"timestamp":"2026-09-22T13:14:58.695Z"}
{"event":"worker.metric","name":"worker_outbox_processed_total","value":1,"attributes":{"status":"processed"},"timestamp":"2026-09-22T13:14:58.695Z"}
{"event":"worker.outbox.processed","level":"info","timestamp":"2026-09-22T13:14:58.695Z","eventId":"outbox_f9af6e48-bd0d-42f4-b10c-1caecaa5b9e3","workerId":"worker-restart-190-b","status":"processed","attempt":1,"leaseLost":false,"operation":"outbox"}
{"event":"worker.idle_backoff","level":"debug","timestamp":"2026-09-22T13:14:58.696Z","workerId":"worker-restart-190-b","backoffMs":5,"lag":0}
{"event":"worker.outbox.summary","level":"info","timestamp":"2026-09-22T13:14:58.700Z","workerId":"worker-restart-190-b","reason":"stop","claimed":1,"processed":1,"failed":0,"deadLettered":0,"handoffs":0,"errors":0,"claimFailures":0,"leaseLost":0,"heartbeats":0,"idlePolls":1,"released":0,"lag":0,"inFlight":0}
{"event":"worker.stopped","level":"info","timestamp":"2026-09-22T13:14:58.700Z","workerId":"worker-restart-190-b","drained":true,"released":0,"releaseFailed":0,"processed":1,"failed":0,"deadLettered":0,"lag":0}
{"event":"worker.started","level":"info","timestamp":"2026-09-22T13:14:58.719Z","workerId":"worker-retry-190","concurrency":2,"pollIntervalMs":5,"idleMaxBackoffMs":5000,"errorBackoffMs":500,"errorMaxBackoffMs":30000,"leaseMs":1000,"heartbeatIntervalMs":333,"drainMs":10000,"backlogProbe":true,"sweeps":false,"externalEffects":false,"durable":true}
{"event":"worker.outbox.summary","level":"info","timestamp":"2026-09-22T13:14:58.719Z","workerId":"worker-retry-190","reason":"start","claimed":0,"processed":0,"failed":0,"deadLettered":0,"handoffs":0,"errors":0,"claimFailures":0,"leaseLost":0,"heartbeats":0,"idlePolls":0,"released":0,"lag":null,"inFlight":0}
{"event":"worker.metric","name":"worker_outbox_lag","value":0,"attributes":{"operation":"outbox"},"timestamp":"2026-09-22T13:14:58.720Z"}
{"event":"worker.metric","name":"worker_outbox_failed_total","value":1,"attributes":{"status":"failed"},"timestamp":"2026-09-22T13:14:58.720Z"}
{"event":"worker.outbox.failed","level":"info","timestamp":"2026-09-22T13:14:58.720Z","eventId":"outbox_774f180e-ca4d-444e-820b-52e91f8fcccf","workerId":"worker-retry-190","status":"failed","attempt":1,"leaseLost":false,"error":"[redacted-outbox-error]","operation":"outbox"}
{"event":"worker.idle_backoff","level":"debug","timestamp":"2026-09-22T13:14:58.721Z","workerId":"worker-retry-190","backoffMs":5,"lag":0}
{"event":"worker.idle_backoff","level":"debug","timestamp":"2026-09-22T13:14:58.726Z","workerId":"worker-retry-190","backoffMs":5,"lag":0}
{"event":"worker.metric","name":"worker_outbox_processed_total","value":1,"attributes":{"status":"processed"},"timestamp":"2026-09-22T13:14:58.726Z"}
{"event":"worker.outbox.processed","level":"info","timestamp":"2026-09-22T13:14:58.726Z","eventId":"outbox_774f180e-ca4d-444e-820b-52e91f8fcccf","workerId":"worker-retry-190","status":"processed","attempt":2,"leaseLost":false,"operation":"outbox"}
{"event":"worker.outbox.summary","level":"info","timestamp":"2026-09-22T13:14:58.731Z","workerId":"worker-retry-190","reason":"stop","claimed":2,"processed":1,"failed":1,"deadLettered":0,"handoffs":0,"errors":0,"claimFailures":0,"leaseLost":0,"heartbeats":0,"idlePolls":2,"released":0,"lag":0,"inFlight":0}
{"event":"worker.stopped","level":"info","timestamp":"2026-09-22T13:14:58.731Z","workerId":"worker-retry-190","drained":true,"released":0,"releaseFailed":0,"processed":1,"failed":1,"deadLettered":0,"lag":0}
{"event":"worker.started","level":"info","timestamp":"2026-09-22T13:14:58.732Z","workerId":"worker-poison-190","concurrency":1,"pollIntervalMs":5,"idleMaxBackoffMs":5000,"errorBackoffMs":500,"errorMaxBackoffMs":30000,"leaseMs":1000,"heartbeatIntervalMs":333,"drainMs":10000,"backlogProbe":true,"sweeps":false,"externalEffects":false,"durable":true}
{"event":"worker.outbox.summary","level":"info","timestamp":"2026-09-22T13:14:58.732Z","workerId":"worker-poison-190","reason":"start","claimed":0,"processed":0,"failed":0,"deadLettered":0,"handoffs":0,"errors":0,"claimFailures":0,"leaseLost":0,"heartbeats":0,"idlePolls":0,"released":0,"lag":null,"inFlight":0}
{"event":"worker.metric","name":"worker_outbox_lag","value":1,"attributes":{"operation":"outbox"},"timestamp":"2026-09-22T13:14:58.733Z"}
{"event":"worker.metric","name":"worker_outbox_dead_lettered_total","value":1,"attributes":{"status":"dead_letter"},"timestamp":"2026-09-22T13:14:58.733Z"}
{"event":"worker.outbox.dead_letter","level":"info","timestamp":"2026-09-22T13:14:58.733Z","eventId":"outbox_7c519b3a-2ef3-4208-bd18-97aa495a6905","workerId":"worker-poison-190","status":"dead_letter","attempt":1,"leaseLost":false,"error":"[redacted-outbox-error]","operation":"outbox"}
{"event":"worker.metric","name":"worker_outbox_processed_total","value":1,"attributes":{"status":"processed"},"timestamp":"2026-09-22T13:14:58.739Z"}
{"event":"worker.outbox.processed","level":"info","timestamp":"2026-09-22T13:14:58.740Z","eventId":"outbox_68c8beb1-c7a9-4cc9-8329-e00c57d31a64","workerId":"worker-poison-190","status":"processed","attempt":1,"leaseLost":false,"operation":"outbox"}
{"event":"worker.outbox.summary","level":"info","timestamp":"2026-09-22T13:14:58.743Z","workerId":"worker-poison-190","reason":"stop","claimed":2,"processed":1,"failed":0,"deadLettered":1,"handoffs":0,"errors":0,"claimFailures":0,"leaseLost":0,"heartbeats":0,"idlePolls":0,"released":0,"lag":1,"inFlight":0}
{"event":"worker.stopped","level":"info","timestamp":"2026-09-22T13:14:58.744Z","workerId":"worker-poison-190","drained":true,"released":0,"releaseFailed":0,"processed":1,"failed":0,"deadLettered":1,"lag":1}
{"event":"worker.started","level":"info","timestamp":"2026-09-22T13:14:58.745Z","workerId":"worker-requeue-190-a","concurrency":1,"pollIntervalMs":5,"idleMaxBackoffMs":5000,"errorBackoffMs":500,"errorMaxBackoffMs":30000,"leaseMs":1000,"heartbeatIntervalMs":333,"drainMs":10000,"backlogProbe":true,"sweeps":false,"externalEffects":false,"durable":true}
{"event":"worker.outbox.summary","level":"info","timestamp":"2026-09-22T13:14:58.745Z","workerId":"worker-requeue-190-a","reason":"start","claimed":0,"processed":0,"failed":0,"deadLettered":0,"handoffs":0,"errors":0,"claimFailures":0,"leaseLost":0,"heartbeats":0,"idlePolls":0,"released":0,"lag":null,"inFlight":0}
{"event":"worker.metric","name":"worker_outbox_lag","value":0,"attributes":{"operation":"outbox"},"timestamp":"2026-09-22T13:14:58.746Z"}
{"event":"worker.metric","name":"worker_outbox_dead_lettered_total","value":1,"attributes":{"status":"dead_letter"},"timestamp":"2026-09-22T13:14:58.746Z"}
{"event":"worker.outbox.dead_letter","level":"info","timestamp":"2026-09-22T13:14:58.746Z","eventId":"outbox_4924d8fb-721f-4670-88b1-6d9e20339d19","workerId":"worker-requeue-190-a","status":"dead_letter","attempt":1,"leaseLost":false,"error":"[redacted-outbox-error]","operation":"outbox"}
{"event":"worker.outbox.summary","level":"info","timestamp":"2026-09-22T13:14:58.751Z","workerId":"worker-requeue-190-a","reason":"stop","claimed":1,"processed":0,"failed":0,"deadLettered":1,"handoffs":0,"errors":0,"claimFailures":0,"leaseLost":0,"heartbeats":0,"idlePolls":0,"released":0,"lag":0,"inFlight":0}
{"event":"worker.stopped","level":"info","timestamp":"2026-09-22T13:14:58.752Z","workerId":"worker-requeue-190-a","drained":true,"released":0,"releaseFailed":0,"processed":0,"failed":0,"deadLettered":1,"lag":0}
{"event":"worker.started","level":"info","timestamp":"2026-09-22T13:14:58.753Z","workerId":"worker-requeue-190-b","concurrency":1,"pollIntervalMs":5,"idleMaxBackoffMs":5000,"errorBackoffMs":500,"errorMaxBackoffMs":30000,"leaseMs":1000,"heartbeatIntervalMs":333,"drainMs":10000,"backlogProbe":true,"sweeps":false,"externalEffects":false,"durable":true}
{"event":"worker.outbox.summary","level":"info","timestamp":"2026-09-22T13:14:58.753Z","workerId":"worker-requeue-190-b","reason":"start","claimed":0,"processed":0,"failed":0,"deadLettered":0,"handoffs":0,"errors":0,"claimFailures":0,"leaseLost":0,"heartbeats":0,"idlePolls":0,"released":0,"lag":null,"inFlight":0}
{"event":"worker.metric","name":"worker_outbox_lag","value":0,"attributes":{"operation":"outbox"},"timestamp":"2026-09-22T13:14:58.754Z"}
{"event":"worker.metric","name":"worker_outbox_processed_total","value":1,"attributes":{"status":"processed"},"timestamp":"2026-09-22T13:14:58.755Z"}
{"event":"worker.outbox.processed","level":"info","timestamp":"2026-09-22T13:14:58.755Z","eventId":"outbox_4924d8fb-721f-4670-88b1-6d9e20339d19","workerId":"worker-requeue-190-b","status":"processed","attempt":1,"leaseLost":false,"operation":"outbox"}
{"event":"worker.outbox.summary","level":"info","timestamp":"2026-09-22T13:14:58.759Z","workerId":"worker-requeue-190-b","reason":"stop","claimed":1,"processed":1,"failed":0,"deadLettered":0,"handoffs":0,"errors":0,"claimFailures":0,"leaseLost":0,"heartbeats":0,"idlePolls":0,"released":0,"lag":0,"inFlight":0}
{"event":"worker.stopped","level":"info","timestamp":"2026-09-22T13:14:58.759Z","workerId":"worker-requeue-190-b","drained":true,"released":0,"releaseFailed":0,"processed":1,"failed":0,"deadLettered":0,"lag":0}
{"event":"worker.started","level":"info","timestamp":"2026-09-22T13:14:58.787Z","workerId":"worker-sigterm-190","concurrency":2,"pollIntervalMs":5,"idleMaxBackoffMs":5000,"errorBackoffMs":500,"errorMaxBackoffMs":30000,"leaseMs":1000,"heartbeatIntervalMs":333,"drainMs":10000,"backlogProbe":true,"sweeps":false,"externalEffects":false,"durable":true}
{"event":"worker.outbox.summary","level":"info","timestamp":"2026-09-22T13:14:58.787Z","workerId":"worker-sigterm-190","reason":"start","claimed":0,"processed":0,"failed":0,"deadLettered":0,"handoffs":0,"errors":0,"claimFailures":0,"leaseLost":0,"heartbeats":0,"idlePolls":0,"released":0,"lag":null,"inFlight":0}
{"event":"worker.metric","name":"worker_outbox_lag","value":0,"attributes":{"operation":"outbox"},"timestamp":"2026-09-22T13:14:58.788Z"}
{"event":"worker.idle_backoff","level":"debug","timestamp":"2026-09-22T13:14:58.788Z","workerId":"worker-sigterm-190","backoffMs":5,"lag":0}
{"event":"worker.metric","name":"worker_outbox_processed_total","value":1,"attributes":{"status":"processed"},"timestamp":"2026-09-22T13:14:58.813Z"}
{"event":"worker.outbox.processed","level":"info","timestamp":"2026-09-22T13:14:58.815Z","eventId":"outbox_4de59c17-8cd4-4437-a65f-2f27aa358117","workerId":"worker-sigterm-190","status":"processed","attempt":1,"leaseLost":false,"operation":"outbox"}
{"event":"worker.outbox.summary","level":"info","timestamp":"2026-09-22T13:14:58.815Z","workerId":"worker-sigterm-190","reason":"stop","claimed":1,"processed":1,"failed":0,"deadLettered":0,"handoffs":0,"errors":0,"claimFailures":0,"leaseLost":0,"heartbeats":0,"idlePolls":1,"released":0,"lag":0,"inFlight":0}
{"event":"worker.stopped","level":"info","timestamp":"2026-09-22T13:14:58.815Z","workerId":"worker-sigterm-190","drained":true,"released":0,"releaseFailed":0,"processed":1,"failed":0,"deadLettered":0,"lag":0}
{"event":"worker.started","level":"info","timestamp":"2026-09-22T13:14:58.817Z","workerId":"worker-release-190-a","concurrency":2,"pollIntervalMs":5,"idleMaxBackoffMs":5000,"errorBackoffMs":500,"errorMaxBackoffMs":30000,"leaseMs":1000,"heartbeatIntervalMs":333,"drainMs":10000,"backlogProbe":true,"sweeps":false,"externalEffects":false,"durable":true}
{"event":"worker.outbox.summary","level":"info","timestamp":"2026-09-22T13:14:58.817Z","workerId":"worker-release-190-a","reason":"start","claimed":0,"processed":0,"failed":0,"deadLettered":0,"handoffs":0,"errors":0,"claimFailures":0,"leaseLost":0,"heartbeats":0,"idlePolls":0,"released":0,"lag":null,"inFlight":0}
{"event":"worker.metric","name":"worker_outbox_lag","value":0,"attributes":{"operation":"outbox"},"timestamp":"2026-09-22T13:14:58.818Z"}
{"event":"worker.idle_backoff","level":"debug","timestamp":"2026-09-22T13:14:58.818Z","workerId":"worker-release-190-a","backoffMs":5,"lag":0}
{"event":"worker.shutdown_release","level":"warn","timestamp":"2026-09-22T13:14:58.856Z","eventId":"outbox_97d43af2-4a21-4a27-9619-29afa3a9210d","workerId":"worker-release-190-a","operation":"outbox"}
{"event":"worker.metric","name":"worker_outbox_shutdown_releases_total","value":1,"attributes":{"outcome":"released"},"timestamp":"2026-09-22T13:14:58.856Z"}
{"event":"worker.outbox.summary","level":"info","timestamp":"2026-09-22T13:14:58.856Z","workerId":"worker-release-190-a","reason":"stop","claimed":1,"processed":0,"failed":0,"deadLettered":0,"handoffs":0,"errors":0,"claimFailures":0,"leaseLost":0,"heartbeats":0,"idlePolls":1,"released":1,"lag":0,"inFlight":1}
{"event":"worker.stopped","level":"info","timestamp":"2026-09-22T13:14:58.856Z","workerId":"worker-release-190-a","drained":false,"released":1,"releaseFailed":0,"processed":0,"failed":0,"deadLettered":0,"lag":0}
{"event":"worker.started","level":"info","timestamp":"2026-09-22T13:14:58.857Z","workerId":"worker-release-190-b","concurrency":2,"pollIntervalMs":5,"idleMaxBackoffMs":5000,"errorBackoffMs":500,"errorMaxBackoffMs":30000,"leaseMs":1000,"heartbeatIntervalMs":333,"drainMs":10000,"backlogProbe":true,"sweeps":false,"externalEffects":false,"durable":true}
{"event":"worker.outbox.summary","level":"info","timestamp":"2026-09-22T13:14:58.857Z","workerId":"worker-release-190-b","reason":"start","claimed":0,"processed":0,"failed":0,"deadLettered":0,"handoffs":0,"errors":0,"claimFailures":0,"leaseLost":0,"heartbeats":0,"idlePolls":0,"released":0,"lag":null,"inFlight":0}
{"event":"worker.metric","name":"worker_outbox_lag","value":0,"attributes":{"operation":"outbox"},"timestamp":"2026-09-22T13:14:58.857Z"}
{"event":"worker.idle_backoff","level":"debug","timestamp":"2026-09-22T13:14:58.857Z","workerId":"worker-release-190-b","backoffMs":5,"lag":0}
{"event":"worker.idle_backoff","level":"debug","timestamp":"2026-09-22T13:14:58.864Z","workerId":"worker-release-190-b","backoffMs":5,"lag":0}
{"event":"worker.metric","name":"worker_outbox_processed_total","value":1,"attributes":{"status":"processed"},"timestamp":"2026-09-22T13:14:58.864Z"}
{"event":"worker.outbox.processed","level":"info","timestamp":"2026-09-22T13:14:58.864Z","eventId":"outbox_97d43af2-4a21-4a27-9619-29afa3a9210d","workerId":"worker-release-190-b","status":"processed","attempt":2,"leaseLost":false,"operation":"outbox"}
{"event":"worker.outbox.summary","level":"info","timestamp":"2026-09-22T13:14:58.867Z","workerId":"worker-release-190-b","reason":"stop","claimed":1,"processed":1,"failed":0,"deadLettered":0,"handoffs":0,"errors":0,"claimFailures":0,"leaseLost":0,"heartbeats":0,"idlePolls":2,"released":0,"lag":0,"inFlight":0}
{"event":"worker.stopped","level":"info","timestamp":"2026-09-22T13:14:58.867Z","workerId":"worker-release-190-b","drained":true,"released":0,"releaseFailed":0,"processed":1,"failed":0,"deadLettered":0,"lag":0}
{"event":"worker.event_error","level":"error","timestamp":"2026-09-22T13:14:58.868Z","eventId":"outbox_97d43af2-4a21-4a27-9619-29afa3a9210d","workerId":"worker-release-190-a","attempt":1,"error":"outbox_error:conflict","operation":"outbox"}
{"event":"worker.metric","name":"worker_outbox_errors_total","value":1,"attributes":{"outcome":"error"},"timestamp":"2026-09-22T13:14:58.868Z"}
{"event":"worker.started","level":"info","timestamp":"2026-09-22T13:14:58.890Z","workerId":"worker-heartbeat-renew-190","concurrency":2,"pollIntervalMs":5,"idleMaxBackoffMs":5000,"errorBackoffMs":500,"errorMaxBackoffMs":30000,"leaseMs":1000,"heartbeatIntervalMs":10,"drainMs":10000,"backlogProbe":true,"sweeps":false,"externalEffects":false,"durable":true}
{"event":"worker.outbox.summary","level":"info","timestamp":"2026-09-22T13:14:58.891Z","workerId":"worker-heartbeat-renew-190","reason":"start","claimed":0,"processed":0,"failed":0,"deadLettered":0,"handoffs":0,"errors":0,"claimFailures":0,"leaseLost":0,"heartbeats":0,"idlePolls":0,"released":0,"lag":null,"inFlight":0}
{"event":"worker.metric","name":"worker_outbox_lag","value":0,"attributes":{"operation":"outbox"},"timestamp":"2026-09-22T13:14:58.891Z"}
{"event":"worker.idle_backoff","level":"debug","timestamp":"2026-09-22T13:14:58.892Z","workerId":"worker-heartbeat-renew-190","backoffMs":5,"lag":0}
{"event":"worker.idle_backoff","level":"debug","timestamp":"2026-09-22T13:14:58.897Z","workerId":"worker-heartbeat-renew-190","backoffMs":10,"lag":0}
{"event":"worker.metric","name":"worker_outbox_heartbeats_total","value":1,"attributes":{"outcome":"renewed"},"timestamp":"2026-09-22T13:14:58.902Z"}
{"event":"worker.metric","name":"worker_outbox_processed_total","value":1,"attributes":{"status":"processed"},"timestamp":"2026-09-22T13:14:58.902Z"}
{"event":"worker.outbox.processed","level":"info","timestamp":"2026-09-22T13:14:58.902Z","eventId":"outbox_aaa7a811-65b0-4f43-a866-91fdd4ac0909","workerId":"worker-heartbeat-renew-190","status":"processed","attempt":1,"leaseLost":false,"operation":"outbox"}
{"event":"worker.idle_backoff","level":"debug","timestamp":"2026-09-22T13:14:58.908Z","workerId":"worker-heartbeat-renew-190","backoffMs":20,"lag":0}
{"event":"worker.outbox.summary","level":"info","timestamp":"2026-09-22T13:14:58.908Z","workerId":"worker-heartbeat-renew-190","reason":"stop","claimed":1,"processed":1,"failed":0,"deadLettered":0,"handoffs":0,"errors":0,"claimFailures":0,"leaseLost":0,"heartbeats":1,"idlePolls":3,"released":0,"lag":0,"inFlight":0}
{"event":"worker.stopped","level":"info","timestamp":"2026-09-22T13:14:58.909Z","workerId":"worker-heartbeat-renew-190","drained":true,"released":0,"releaseFailed":0,"processed":1,"failed":0,"deadLettered":0,"lag":0}
{"event":"worker.started","level":"info","timestamp":"2026-09-22T13:14:58.935Z","workerId":"worker-handoff-190","concurrency":2,"pollIntervalMs":5,"idleMaxBackoffMs":5000,"errorBackoffMs":500,"errorMaxBackoffMs":30000,"leaseMs":1000,"heartbeatIntervalMs":333,"drainMs":10000,"backlogProbe":true,"sweeps":false,"externalEffects":false,"durable":true}
{"event":"worker.outbox.summary","level":"info","timestamp":"2026-09-22T13:14:58.936Z","workerId":"worker-handoff-190","reason":"start","claimed":0,"processed":0,"failed":0,"deadLettered":0,"handoffs":0,"errors":0,"claimFailures":0,"leaseLost":0,"heartbeats":0,"idlePolls":0,"released":0,"lag":null,"inFlight":0}
{"event":"worker.metric","name":"worker_outbox_lag","value":0,"attributes":{"operation":"outbox"},"timestamp":"2026-09-22T13:14:58.937Z"}
{"event":"worker.outbox.handoff","level":"warn","timestamp":"2026-09-22T13:14:58.937Z","eventId":"outbox_f3466ea2-00b9-4ad0-94ca-abf04289adae","workerId":"worker-handoff-190","status":"handoff","operation":"outbox"}
{"event":"worker.metric","name":"worker_outbox_handoffs_total","value":1,"attributes":{"outcome":"handoff"},"timestamp":"2026-09-22T13:14:58.937Z"}
{"event":"worker.idle_backoff","level":"debug","timestamp":"2026-09-22T13:14:58.937Z","workerId":"worker-handoff-190","backoffMs":5,"lag":0}
{"event":"worker.outbox.summary","level":"info","timestamp":"2026-09-22T13:14:58.942Z","workerId":"worker-handoff-190","reason":"stop","claimed":1,"processed":0,"failed":0,"deadLettered":0,"handoffs":1,"errors":0,"claimFailures":0,"leaseLost":0,"heartbeats":0,"idlePolls":1,"released":0,"lag":0,"inFlight":0}
{"event":"worker.stopped","level":"info","timestamp":"2026-09-22T13:14:58.942Z","workerId":"worker-handoff-190","drained":true,"released":0,"releaseFailed":0,"processed":0,"failed":0,"deadLettered":0,"lag":0}
{"event":"worker.started","level":"info","timestamp":"2026-09-22T13:14:58.974Z","workerId":"worker-stop-190","concurrency":2,"pollIntervalMs":5,"idleMaxBackoffMs":5000,"errorBackoffMs":500,"errorMaxBackoffMs":30000,"leaseMs":1000,"heartbeatIntervalMs":333,"drainMs":10000,"backlogProbe":true,"sweeps":false,"externalEffects":false,"durable":true}
{"event":"worker.outbox.summary","level":"info","timestamp":"2026-09-22T13:14:58.974Z","workerId":"worker-stop-190","reason":"start","claimed":0,"processed":0,"failed":0,"deadLettered":0,"handoffs":0,"errors":0,"claimFailures":0,"leaseLost":0,"heartbeats":0,"idlePolls":0,"released":0,"lag":null,"inFlight":0}
{"event":"worker.metric","name":"worker_outbox_lag","value":0,"attributes":{"operation":"outbox"},"timestamp":"2026-09-22T13:14:58.974Z"}
{"event":"worker.idle_backoff","level":"debug","timestamp":"2026-09-22T13:14:58.974Z","workerId":"worker-stop-190","backoffMs":5,"lag":0}
{"event":"worker.outbox.summary","level":"info","timestamp":"2026-09-22T13:14:58.975Z","workerId":"worker-stop-190","reason":"stop","claimed":0,"processed":0,"failed":0,"deadLettered":0,"handoffs":0,"errors":0,"claimFailures":0,"leaseLost":0,"heartbeats":0,"idlePolls":1,"released":0,"lag":0,"inFlight":0}
{"event":"worker.stopped","level":"info","timestamp":"2026-09-22T13:14:58.975Z","workerId":"worker-stop-190","drained":true,"released":0,"releaseFailed":0,"processed":0,"failed":0,"deadLettered":0,"lag":0}
 ✓ apps/worker/src/__tests__/continuous-worker.test.ts (25 tests) 1332ms
     ✓ exits non-zero when the real entrypoint starts without required config  936ms
 ✓ apps/api/src/__tests__/identity-composition-wiring.test.ts (11 tests) 1367ms
     ✓ fails the real entrypoint closed in production without a configured resolver  991ms
 ✓ apps/web/src/features/platform/release-candidate-ledger.test.tsx (1 test) 1038ms
     ✓ records and validates controlled evidence without mutating the version  1036ms
 ✓ tests/worker-controlled-smoke.test.js (1 test) 1244ms
     ✓ proves the configured local composition claims and acknowledges one event  1241ms
 ✓ packages/model-gateway/src/__tests__/gateway.test.ts (16 tests) 647ms
     ✓ enforces a real deadline and retries only bounded times  604ms
 ✓ tests/worker-startup-smoke.test.js (1 test) 1077ms
     ✓ proves the real entrypoint fails closed without a queue adapter  1075ms
 ✓ packages/conversation/src/__tests__/service.integration.test.ts (22 tests) 643ms
     ✓ keeps an in-flight duplicate retryable until the governed outcome is durable  408ms
 ✓ apps/web/src/features/platform/platform.test.tsx (3 tests) 890ms
     ✓ creates a declarative draft without exposing provider secrets  507ms
 ✓ apps/web/src/features/platform/knowledge-source-catalog.test.tsx (1 test) 721ms
     ✓ loads, creates and approves metadata without editing an agent snapshot  720ms
 ✓ apps/web/src/__tests__/trusted-session-app.test.tsx (5 tests) 684ms
     ✓ clears the trusted snapshot on logout and stays locked without a fallback form  306ms
 ✓ apps/web/src/features/journeys/journeys.test.tsx (1 test) 742ms
     ✓ walks identify, draft, link and approval-blocked scheduling steps  740ms
 ✓ apps/web/src/features/platform/handoff-policy-control-center.test.tsx (2 tests) 715ms
     ✓ edits thresholds, destinations and priority through a new version  516ms
 ✓ apps/api/src/__tests__/platform-control-plane.test.ts (9 tests) 654ms
     ✓ lets an Admin create, publish and list an agent within its tenant  303ms
 ✓ apps/web/src/__tests__/attendance-approval-conflict.test.tsx (2 tests) 581ms
     ✓ refreshes the queue and shows the winning state with a recovery message  421ms
 ✓ apps/web/src/features/platform/prompt-profile-control-center.test.tsx (1 test) 548ms
     ✓ clones edited blocks/templates and preserves the kernel block  546ms
 ✓ apps/api/src/__tests__/platform-admin-routes-coverage.test.ts (7 tests) 576ms
 ✓ apps/web/src/__tests__/audit-checkpoint-app.test.tsx (1 test) 550ms
     ✓ seals the loaded evidence page and archives it with CAS  547ms
 ✓ packages/harness/src/__tests__/execution-spine.test.ts (22 tests) 336ms
 ✓ apps/api/src/__tests__/server-boundary-envelope.test.ts (12 tests) 474ms
 ✓ apps/api/src/__tests__/execution-spine.test.ts (6 tests) 498ms
 ✓ apps/api/src/__tests__/webhook-security.test.ts (16 tests) 541ms
 ✓ apps/api/src/__tests__/homolog-observability.test.ts (5 tests) 346ms
 ✓ apps/api/src/__tests__/inbound-runtime-edges.test.ts (5 tests) 421ms
 ✓ apps/api/src/__tests__/published-runtime-integration.test.ts (6 tests) 422ms
 ✓ apps/api/src/__tests__/operator-session.test.ts (7 tests) 309ms
 ✓ apps/api/src/__tests__/publish-evidence-authority.test.ts (3 tests) 340ms
 ✓ apps/api/src/__tests__/identity-trusted-resolver.test.ts (7 tests) 336ms
 ✓ apps/api/src/__tests__/operator-identity-rbac.test.ts (6 tests) 339ms
 ✓ apps/api/src/__tests__/production-boundary.test.ts (9 tests) 357ms
 ✓ apps/api/src/__tests__/journey-routes-coverage.test.ts (4 tests) 352ms
 ✓ apps/api/src/http-security.test.ts (10 tests) 242ms
 ✓ apps/api/src/__tests__/approval-decision-atomicity.test.ts (7 tests) 189ms
 ✓ apps/api/src/__tests__/build-server-from-env-boundary.test.ts (7 tests) 237ms
 ✓ packages/persistence/src/__tests__/postgres-migration-smoke.test.ts (10 tests) 362ms
     ✓ applies the migration and persists runtime evidence in an isolated PostgreSQL schema  313ms
 ✓ apps/api/src/__tests__/attendance-approval-atomic.test.ts (6 tests) 292ms
 ✓ apps/api/src/__tests__/tenant-inbound-isolation.test.ts (4 tests) 306ms
 ✓ apps/api/src/__tests__/capability-approval-api.test.ts (4 tests) 296ms
 ✓ apps/api/src/http-target-boundary.test.ts (8 tests) 283ms
 ✓ apps/api/src/internal-task-field-boundary.test.ts (7 tests) 259ms
 ✓ apps/worker/src/__tests__/operational-harness-iterative.test.ts (5 tests) 254ms
 ✓ packages/chaos/src/__tests__/chaos.test.ts (15 tests) 189ms
 ✓ apps/api/src/__tests__/audit-evidence.test.ts (4 tests) 219ms
 ✓ apps/api/src/__tests__/test-suite-catalog.test.ts (1 test) 197ms
 ✓ apps/api/src/audit-filter-duplicate-boundary.test.ts (6 tests) 214ms
 ✓ packages/agent-runtime/src/__tests__/runtime-execution-recovery.test.ts (76 tests) 226ms
 ✓ apps/api/src/rem-risk-boundary.test.ts (2 tests) 180ms
 ✓ apps/api/src/response-correlation.test.ts (6 tests) 176ms
 ✓ apps/api/src/__tests__/secretary-bootstrap.test.ts (2 tests) 193ms
 ✓ apps/api/src/__tests__/knowledge-input-boundary.test.ts (2 tests) 165ms
 ✓ apps/api/src/__tests__/durable-inbound.test.ts (3 tests) 150ms
 ✓ apps/api/src/pagination-boundary.test.ts (5 tests) 159ms
 ✓ apps/api/src/__tests__/audit-evidence-checkpoint-boundary.test.ts (2 tests) 155ms
 ✓ apps/api/src/__tests__/task-lifecycle.test.ts (3 tests) 168ms
 ✓ apps/api/src/__tests__/http-security-edge-branches.test.ts (4 tests) 164ms
 ✓ apps/api/src/approval-request-field-boundary.test.ts (5 tests) 157ms
 ✓ apps/api/src/http-request-boundary.test.ts (8 tests) 148ms
 ✓ apps/web/src/features/platform/trace-viewer.test.tsx (2 tests) 142ms
 ✓ apps/api/src/__tests__/audit-evidence-checkpoint.test.ts (2 tests) 148ms
 ✓ apps/api/src/__tests__/release-candidate-ledger.test.ts (2 tests) 158ms
 ✓ apps/api/src/metrics-exposure.test.ts (2 tests) 163ms
 ✓ apps/api/src/__tests__/health.test.ts (2 tests) 146ms
 ✓ packages/model-gateway/src/__tests__/local-http-providers.test.ts (12 tests) 158ms
 ✓ apps/api/src/__tests__/observability.test.ts (2 tests) 136ms
 ✓ packages/channel-gateway/src/__tests__/channel-effect-malformed-version.test.ts (6 tests) 144ms
 ✓ apps/api/src/__tests__/conversation-list.test.ts (2 tests) 141ms
 ✓ apps/web/src/features/approvals/approvals.test.tsx (1 test) 152ms
 ✓ apps/api/src/prompt-profile-error-boundary.test.ts (4 tests) 129ms
 ✓ apps/api/src/approval-decision-note-field-boundary.test.ts (3 tests) 135ms
 ✓ apps/web/src/features/tasks/tasks.test.tsx (1 test) 120ms
 ✓ apps/api/src/__tests__/small-module-boundaries.test.ts (8 tests) 122ms
 ✓ apps/api/src/__tests__/plugin-catalog.test.ts (1 test) 134ms
 ✓ apps/worker/src/__tests__/operational-harness-synthetic-effect.test.ts (2 tests) 121ms
 ✓ apps/api/src/__tests__/knowledge-source-catalog.test.ts (1 test) 121ms
 ✓ packages/platform/src/__tests__/critical-safety-preflight.test.ts (9 tests) 134ms
 ✓ apps/api/src/request-metrics.test.ts (3 tests) 132ms
 ✓ apps/api/src/__tests__/journeys-api.test.ts (1 test) 112ms
{"event":"worker.sweep_tick","level":"info","timestamp":"2026-09-22T13:16:59.421Z","now":"2026-09-13T00:00:00.000Z","journalReleased":1,"approvalsReleased":2,"approvalsUncertain":1,"durationMs":0,"operation":"sweep"}
{"event":"worker.metric","name":"worker_sweep_journal_released_total","value":1,"attributes":{"operation":"sweep"},"timestamp":"2026-09-22T13:16:59.422Z"}
{"event":"worker.metric","name":"worker_sweep_approvals_released_total","value":2,"attributes":{"status":"released"},"timestamp":"2026-09-22T13:16:59.422Z"}
{"event":"worker.metric","name":"worker_sweep_approvals_uncertain_total","value":1,"attributes":{"status":"uncertain"},"timestamp":"2026-09-22T13:16:59.422Z"}
{"event":"worker.started","level":"info","timestamp":"2026-09-22T13:16:59.424Z","workerId":"worker-sweeps-191","concurrency":2,"pollIntervalMs":5,"idleMaxBackoffMs":5000,"errorBackoffMs":500,"errorMaxBackoffMs":30000,"leaseMs":1000,"heartbeatIntervalMs":333,"drainMs":10000,"backlogProbe":true,"sweeps":true,"externalEffects":false,"durable":true}
{"event":"worker.sweep_started","level":"info","timestamp":"2026-09-22T13:16:59.424Z","intervalMs":10,"operation":"sweep"}
{"event":"worker.outbox.summary","level":"info","timestamp":"2026-09-22T13:16:59.424Z","workerId":"worker-sweeps-191","reason":"start","claimed":0,"processed":0,"failed":0,"deadLettered":0,"handoffs":0,"errors":0,"claimFailures":0,"leaseLost":0,"heartbeats":0,"idlePolls":0,"released":0,"lag":null,"inFlight":0}
{"event":"worker.metric","name":"worker_outbox_lag","value":0,"attributes":{"operation":"outbox"},"timestamp":"2026-09-22T13:16:59.424Z"}
{"event":"worker.idle_backoff","level":"debug","timestamp":"2026-09-22T13:16:59.424Z","workerId":"worker-sweeps-191","backoffMs":5,"lag":0}
{"event":"worker.idle_backoff","level":"debug","timestamp":"2026-09-22T13:16:59.430Z","workerId":"worker-sweeps-191","backoffMs":10,"lag":0}
{"event":"worker.sweep_tick","level":"info","timestamp":"2026-09-22T13:16:59.434Z","now":"2026-09-22T13:16:59.434Z","journalReleased":0,"approvalsReleased":0,"approvalsUncertain":0,"durationMs":0,"operation":"sweep"}
{"event":"worker.metric","name":"worker_sweep_journal_released_total","value":0,"attributes":{"operation":"sweep"},"timestamp":"2026-09-22T13:16:59.435Z"}
{"event":"worker.metric","name":"worker_sweep_approvals_released_total","value":0,"attributes":{"status":"released"},"timestamp":"2026-09-22T13:16:59.435Z"}
{"event":"worker.metric","name":"worker_sweep_approvals_uncertain_total","value":0,"attributes":{"status":"uncertain"},"timestamp":"2026-09-22T13:16:59.435Z"}
{"event":"worker.sweep_stopped","level":"info","timestamp":"2026-09-22T13:16:59.435Z","operation":"sweep"}
{"event":"worker.outbox.summary","level":"info","timestamp":"2026-09-22T13:16:59.435Z","workerId":"worker-sweeps-191","reason":"stop","claimed":0,"processed":0,"failed":0,"deadLettered":0,"handoffs":0,"errors":0,"claimFailures":0,"leaseLost":0,"heartbeats":0,"idlePolls":2,"released":0,"lag":0,"inFlight":0}
{"event":"worker.stopped","level":"info","timestamp":"2026-09-22T13:16:59.435Z","workerId":"worker-sweeps-191","drained":true,"released":0,"releaseFailed":0,"processed":0,"failed":0,"deadLettered":0,"lag":0}
 ✓ apps/worker/src/__tests__/worker-sweeps.test.ts (5 tests) 122ms
 ✓ apps/api/src/__tests__/audit-route.integration.test.ts (1 test) 113ms
 ✓ apps/web/src/features/audit/audit-checkpoint.test.tsx (1 test) 121ms
 ✓ tests/docs-check-links.test.js (4 tests) 120ms
 ✓ tests/e2e/critical-flows.test.ts (1 test) 125ms
 ✓ apps/api/src/__tests__/approval-actions.test.ts (1 test) 123ms
 ✓ apps/api/src/__tests__/correlation.test.ts (1 test) 112ms
 ✓ packages/platform/src/__tests__/platform-foundation.test.ts (20 tests) 109ms
 ✓ packages/channel-gateway/src/__tests__/channel-effect-journal-edges.test.ts (9 tests) 106ms
 ✓ packages/harness/src/__tests__/iterative-runtime.test.ts (47 tests) 85ms
 ✓ packages/platform/src/__tests__/safety-assessment.test.ts (29 tests) 88ms
 ✓ packages/agent-runtime/src/__tests__/runtime-journal.test.ts (18 tests) 78ms
 ✓ packages/harness/src/__tests__/runtime.test.ts (12 tests) 81ms
 ✓ apps/worker/src/__tests__/postgres-controlled-hardening.test.ts (8 tests) 73ms
 ✓ packages/shared/src/__tests__/shared-branches-hardening.test.ts (15 tests) 70ms
 ✓ packages/channel-gateway/src/__tests__/channel-coverage-gateway-journal-paths.test.ts (16 tests) 68ms
 ✓ packages/channel-gateway/src/__tests__/channel-coverage-journal-hardening.test.ts (12 tests) 68ms
 ✓ packages/agent-runtime/src/__tests__/runtime-kernel-coverage.test.ts (40 tests) 77ms
 ✓ tests/phase4a/conversation-adversarial.test.ts (11 tests) 64ms
 ✓ packages/chaos/src/__tests__/chaos-postgres.test.ts (2 tests) 77ms
 ✓ packages/agent-runtime/src/__tests__/effect-journal.test.ts (41 tests) 58ms
 ✓ apps/web/src/api/resilient-client.test.ts (10 tests) 59ms
 ✓ packages/shared/src/__tests__/lifecycle.test.ts (4 tests) 59ms
 ✓ apps/worker/src/__tests__/worker.test.ts (1 test) 52ms
 ✓ packages/platform/src/__tests__/output-policy.test.ts (35 tests) 43ms
 ✓ packages/agent-runtime/src/__tests__/runtime-binding.test.ts (17 tests) 58ms
 ✓ packages/channel-gateway/src/__tests__/channel-coverage-gateway-hardening.test.ts (10 tests) 50ms
 ✓ apps/worker/src/__tests__/postgres-controlled.test.ts (5 tests) 50ms
 ✓ packages/agent-core/src/__tests__/published-agent-runtime.test.ts (9 tests) 52ms
 ✓ packages/agent-runtime/src/__tests__/runtime-legacy-rearm.test.ts (8 tests) 58ms
 ✓ packages/policy-engine/src/__tests__/execution-contract-matrix.test.ts (10 tests) 42ms
 ✓ packages/channel-gateway/src/__tests__/channel-effect-journal.test.ts (11 tests) 50ms
 ✓ packages/agent-runtime/src/__tests__/runtime-limits.test.ts (16 tests) 55ms
 ✓ apps/worker/src/__tests__/published-worker-runtime.test.ts (10 tests) 45ms
 ✓ packages/platform/src/__tests__/prompt-profile.test.ts (8 tests) 45ms
 ✓ packages/platform/src/__tests__/plugin-gateway-hardening.test.ts (12 tests) 44ms
 ✓ packages/channel-gateway/src/__tests__/channel-gateway.test.ts (15 tests) 35ms
 ✓ tests/phase4a/security-boundary.test.ts (13 tests) 44ms
 ✓ packages/persistence/src/__tests__/platform-control-plane-repository.test.ts (9 tests) 49ms
 ✓ packages/platform/src/__tests__/secretary-preset.test.ts (2 tests) 47ms
 ✓ apps/worker/src/__tests__/published-worker-knowledge-boundary.test.ts (5 tests) 35ms
 ✓ packages/platform/src/__tests__/controlled-tool-registry.test.ts (5 tests) 36ms
 ✓ apps/web/src/features/audit/audit-view.test.tsx (1 test) 37ms
 ✓ packages/platform/src/__tests__/test-lab-events.test.ts (5 tests) 37ms
 ✓ packages/platform/src/__tests__/handoff-policy.test.ts (3 tests) 33ms
 ✓ tests/rem21-findings.test.js (9 tests) 42ms
 ✓ packages/agent-runtime/src/__tests__/agent-runtime.test.ts (9 tests) 39ms
 ✓ packages/persistence/src/__tests__/restore-integrity.test.ts (12 tests) 37ms
 ✓ packages/agent-runtime/src/__tests__/runtime-sweep-operation-key.test.ts (7 tests) 44ms
 ✓ apps/web/src/features/conversations/conversations.test.tsx (1 test) 36ms
 ✓ packages/channel-gateway/src/__tests__/channel-effect-reconciliation-actor.test.ts (6 tests) 21ms
 ✓ packages/harness/src/__tests__/capability-boundary.test.ts (20 tests) 32ms
 ✓ tests/phase4a/service-desk-journey.test.ts (1 test) 31ms
 ✓ packages/platform/src/__tests__/test-suite-catalog.test.ts (2 tests) 34ms
 ✓ apps/web/src/features/conversations/timeline.test.tsx (1 test) 31ms
 ✓ tests/phase4-public-consumer.test.ts (2 tests) 39ms
 ✓ packages/platform/src/__tests__/tool-invocation-boundary.test.ts (14 tests) 32ms
 ✓ packages/conversation/src/__tests__/conversation.test.ts (11 tests) 30ms
 ✓ packages/platform/src/__tests__/knowledge-input-boundary.test.ts (3 tests) 25ms
 ✓ packages/model-gateway/src/__tests__/gateway-hardening.test.ts (36 tests) 29ms
 ✓ tests/workspace-dependency-manifest.test.js (1 test) 25ms
 ✓ packages/platform/src/__tests__/knowledge-resolver.test.ts (1 test) 24ms
 ✓ packages/channel-gateway/src/__tests__/channel-effect-hash-version.test.ts (9 tests) 27ms
 ✓ packages/persistence/src/__tests__/runtime-approval-store.unit.test.ts (4 tests) 25ms
 ✓ packages/approval-engine/src/__tests__/approval-critical-coverage.test.ts (36 tests) 27ms
 ✓ packages/approval-engine/src/__tests__/approval-coverage-closure.test.ts (14 tests) 22ms
 ✓ packages/agent-runtime/src/__tests__/effect-journal-edges.test.ts (19 tests) 22ms
 ✓ packages/observability/src/__tests__/observability.test.ts (12 tests) 22ms
 ✓ packages/platform/src/__tests__/plugin-registry-versioning.test.ts (3 tests) 23ms
 ✓ packages/agent-runtime/src/__tests__/capability-action-binding.test.ts (3 tests) 20ms
 ✓ packages/persistence/src/__tests__/platform-approval-repository.test.ts (3 tests) 21ms
 ✓ packages/persistence/src/__tests__/outbox-edge.test.ts (22 tests) 22ms
 ✓ packages/platform/src/__tests__/event-bus-hardening.test.ts (7 tests) 24ms
 ✓ packages/platform/src/__tests__/trace-governance.test.ts (14 tests) 20ms
 ✓ packages/approval-engine/src/__tests__/approval-lifecycle.test.ts (19 tests) 21ms
 ✓ packages/agent-evals/src/__tests__/agent-evals.test.ts (9 tests) 18ms
 ✓ packages/persistence/src/__tests__/repository-error-paths.test.ts (6 tests) 20ms
 ✓ packages/harness/src/__tests__/agent-loop-evals.test.ts (2 tests) 20ms
 ✓ packages/persistence/src/__tests__/outbox.test.ts (6 tests) 15ms
 ✓ packages/persistence/src/__tests__/audit-evidence-checkpoint.test.ts (3 tests) 18ms
 ✓ packages/platform/src/__tests__/capability-approval-gateway.test.ts (4 tests) 22ms
 ✓ packages/platform/src/__tests__/malformed-model-output.test.ts (1 test) 17ms
 ✓ packages/observability/src/__tests__/observability-coverage.test.ts (5 tests) 17ms
 ✓ tests/architecture/dependency-direction.test.ts (4 tests) 17ms
 ✓ tests/phase4a/golden-corpus.test.ts (2 tests) 19ms
 ✓ packages/platform/src/__tests__/release-candidate-ledger.test.ts (5 tests) 19ms
 ✓ packages/conversation/src/__tests__/state.test.ts (15 tests) 19ms
 ✓ packages/rag/src/__tests__/institutional-rag-hardening.test.ts (8 tests) 15ms
 ✓ packages/platform/src/__tests__/publish-evidence-authority.test.ts (4 tests) 17ms
 ✓ packages/platform/src/__tests__/secretary-preset-hardening.test.ts (3 tests) 17ms
 ✓ packages/platform/src/__tests__/approval-authority.test.ts (6 tests) 17ms
 ✓ packages/persistence/src/__tests__/audit-evidence-checkpoint-postgres.test.ts (2 tests) 17ms
 ✓ packages/platform/src/__tests__/event-bus.test.ts (8 tests) 15ms
 ✓ packages/model-gateway/src/__tests__/providers.test.ts (15 tests) 18ms
 ✓ packages/channel-gateway/src/__tests__/channel-coverage-inbound-adapters.test.ts (12 tests) 16ms
 ✓ packages/platform/src/__tests__/plugin-catalog.test.ts (1 test) 14ms
 ✓ packages/platform/src/__tests__/platform-misc-hardening.test.ts (6 tests) 16ms
 ✓ packages/harness/src/__tests__/runtime-selection.test.ts (4 tests) 12ms
 ✓ packages/channel-gateway/src/__tests__/channel-coverage.test.ts (6 tests) 16ms
 ✓ packages/approval-engine/src/__tests__/approval-lifecycle-fencing.test.ts (6 tests) 15ms
 ✓ tests/phase4a/knowledge-assistant-journey.test.ts (2 tests) 15ms
 ✓ packages/approval-engine/src/__tests__/approval-lifecycle-edges.test.ts (10 tests) 16ms
 ✓ packages/persistence/src/__tests__/conversation-repository.test.ts (13 tests) 18ms
 ✓ packages/channel-gateway/src/__tests__/channel-effect-race.test.ts (2 tests) 14ms
 ✓ packages/shared/src/__tests__/shared-contracts.test.ts (11 tests) 14ms
 ✓ apps/worker/src/__tests__/controlled-worker-hardening.test.ts (7 tests) 14ms
 ✓ packages/platform/src/__tests__/model-provider-boundary.test.ts (4 tests) 12ms
 ✓ packages/policy-engine/src/__tests__/policy-engine.test.ts (14 tests) 16ms
 ✓ packages/persistence/src/__tests__/runtime-trace-correlation.test.ts (2 tests) 13ms
 ✓ apps/worker/src/__tests__/operational-harness-worker.test.ts (8 tests) 12ms
 ✓ apps/api/src/startup-failure.test.ts (8 tests) 11ms
 ✓ tests/docs-readiness.test.js (7 tests) 12ms
 ✓ packages/persistence/src/__tests__/release-candidate-repository.test.ts (3 tests) 11ms
 ✓ packages/approval-engine/src/__tests__/approval-operation-key.test.ts (7 tests) 17ms
 ✓ packages/agent-core/src/__tests__/receive-inbound-message.test.ts (6 tests) 11ms
 ✓ packages/persistence/src/__tests__/attendance-approval-atomic.test.ts (6 tests) 11ms
 ✓ packages/persistence/src/__tests__/persistence-schema.test.ts (7 tests) 12ms
 ✓ packages/persistence/src/__tests__/outbox-memory.test.ts (4 tests) 15ms
 ✓ packages/persistence/src/__tests__/restore.test.ts (5 tests) 11ms
 ✓ apps/web/src/features/platform/prompt-profile.test.ts (5 tests) 13ms
 ✓ tests/skip-governance.test.js (9 tests) 12ms
 ✓ packages/persistence/src/__tests__/journeys.test.ts (2 tests) 11ms
 ✓ packages/tools/src/__tests__/platform-adapter.test.ts (1 test) 12ms
 ✓ packages/model-gateway/src/__tests__/edge-coverage.test.ts (15 tests) 12ms
 ✓ packages/policy-engine/src/__tests__/policy-coverage.test.ts (6 tests) 12ms
 ✓ apps/web/src/api/audit-evidence-checkpoint-client.test.ts (3 tests) 10ms
 ✓ tests/ci-bar-contract.test.js (4 tests) 11ms
 ✓ packages/persistence/src/__tests__/plugin-catalog-repository.test.ts (1 test) 10ms
 ✓ packages/platform/src/__tests__/knowledge-source-catalog.test.ts (2 tests) 9ms
 ✓ tests/mutation-guard.test.js (3 tests) 10ms
 ✓ tests/rem21-018-config.test.ts (6 tests) 10ms
 ✓ apps/api/src/__tests__/identity-key-ring-rotation.test.ts (8 tests) 14ms
 ✓ packages/policy-engine/src/__tests__/capability-scope.test.ts (15 tests) 12ms
 ✓ apps/web/src/api/release-candidate-client.test.ts (3 tests) 8ms
 ✓ packages/persistence/src/__tests__/audit-repository.test.ts (2 tests) 7ms
 ✓ packages/workflows/src/__tests__/persistent-journey.flow.test.ts (5 tests) 9ms
 ✓ packages/approval-engine/src/__tests__/approval-coverage.test.ts (3 tests) 9ms
 ✓ packages/observability/src/__tests__/operational-observability.test.ts (3 tests) 11ms
 ✓ packages/rag/src/__tests__/institutional-rag.test.ts (3 tests) 6ms
 ✓ apps/worker/src/__tests__/outbox-recovery.test.ts (3 tests) 9ms
 ✓ packages/conversation/src/__tests__/bridge.test.ts (6 tests) 8ms
 ✓ tests/basic-agent.test.ts (8 tests) 7ms
 ✓ apps/worker/src/__tests__/controlled-worker.test.ts (2 tests) 8ms
 ✓ packages/harness/src/__tests__/completion.test.ts (7 tests) 10ms
 ✓ packages/agent-runtime/src/__tests__/proposal-errors.test.ts (10 tests) 9ms
 ✓ packages/persistence/src/__tests__/operational-approval-adapter.test.ts (2 tests) 8ms
 ✓ packages/shared/src/__tests__/audit-governance-hardening.test.ts (9 tests) 9ms
 ✓ packages/tools/src/__tests__/journey-tools.test.ts (2 tests) 8ms
 ✓ tests/repository-structure.test.js (2 tests) 9ms
 ✓ packages/platform/src/__tests__/tool-invocation-boundary-hardening.test.ts (9 tests) 9ms
 ✓ packages/approval-engine/src/__tests__/approval-idempotent-decision.test.ts (4 tests) 8ms
 ✓ tests/phase4a/public-harness-integration.test.ts (1 test) 7ms
 ✓ packages/harness/src/__tests__/context-engine.test.ts (4 tests) 6ms
 ✓ apps/worker/src/__tests__/worker-observability.test.ts (3 tests) 8ms
 ✓ packages/harness/src/__tests__/effect-journal.test.ts (3 tests) 7ms
 ✓ packages/platform/src/__tests__/retention-ledger.test.ts (2 tests) 7ms
 ✓ packages/tools/src/__tests__/local-handlers-hardening.test.ts (5 tests) 8ms
 ✓ packages/agent-core/src/__tests__/conversation-session.integration.test.ts (1 test) 6ms
 ✓ packages/persistence/src/__tests__/session-version-pinning.test.ts (2 tests) 6ms
 ✓ packages/orchestrator/src/__tests__/hybrid-orchestrator.test.ts (6 tests) 6ms
 ✓ packages/chaos/src/__tests__/faults-coverage.test.ts (3 tests) 9ms
 ✓ packages/adapters/src/__tests__/controlled-delivery.test.ts (2 tests) 7ms
 ✓ packages/shared/src/__tests__/http-security-env.test.ts (4 tests) 7ms
 ✓ packages/adapters/src/__tests__/model-adapter.test.ts (3 tests) 6ms
 ✓ packages/platform/src/__tests__/model-provider.test.ts (3 tests) 5ms
 ✓ packages/persistence/src/__tests__/audit-decision-dedupe.test.ts (3 tests) 6ms
 ✓ packages/shared/src/__tests__/ids-hardening.test.ts (3 tests) 6ms
 ✓ apps/worker/src/__tests__/readiness.test.ts (3 tests) 5ms
 ✓ packages/workflows/src/__tests__/intent-workflow.flow.test.ts (5 tests) 7ms
 ✓ packages/platform/src/__tests__/qualification.test.ts (3 tests) 5ms
 ✓ apps/web/src/api/client.test.ts (1 test) 5ms
 ✓ tests/vitest-hermetic.test.ts (1 test) 4ms
 ✓ tests/phase4a-gate-identity.test.ts (6 tests) 6ms
 ✓ packages/shared/src/__tests__/canonical.test.ts (9 tests) 6ms
 ✓ tests/construction-readiness.test.js (4 tests) 4ms
 ✓ tests/runtime-image-contract.test.js (2 tests) 5ms
 ✓ packages/agent-core/src/__tests__/internal-task.integration.test.ts (1 test) 5ms
 ✓ packages/adapters/src/__tests__/fake-whatsapp-adapter.test.ts (2 tests) 5ms
 ✓ tests/release-candidate-boundary.test.js (5 tests) 5ms
 ✓ packages/agent-core/src/__tests__/approval-reconciliation.test.ts (2 tests) 7ms
 ✓ packages/policy/src/__tests__/policy-engine.test.ts (3 tests) 5ms
 ✓ packages/tools/src/__tests__/tool-registry.test.ts (2 tests) 4ms
 ✓ tests/coverage-gate.test.js (3 tests) 5ms
 ✓ packages/shared/src/__tests__/auth-identity-mode.test.ts (3 tests) 5ms
 ✓ tests/rem21-014-browser-proof.test.js (7 tests) 5ms
 ✓ packages/persistence/src/__tests__/conversation-intelligence-migration.test.ts (2 tests) 4ms
 ✓ packages/workflows/src/__tests__/triage-safety.flow.test.ts (1 test) 4ms
 ✓ tests/rem21-011-observability-proof.test.js (3 tests) 4ms
 ✓ packages/shared/src/__tests__/data-classification.test.ts (7 tests) 5ms
 ✓ tests/rem21-010-postgres-proof.test.js (4 tests) 4ms
 ✓ tests/workspace-scripts.test.js (2 tests) 5ms
 ✓ packages/tools/src/__tests__/owner-patient-tools.integration.test.ts (1 test) 5ms
 ✓ tests/contracts.test.ts (2 tests) 4ms
 ✓ packages/workflows/src/__tests__/scheduling-draft.flow.test.ts (1 test) 3ms
 ✓ packages/platform/src/__tests__/handoff.test.ts (2 tests) 3ms
 ✓ packages/policy/src/__tests__/approval-state.integration.test.ts (1 test) 3ms
 ✓ packages/memory/src/__tests__/memory-facts.test.ts (1 test) 3ms
 ✓ packages/workflows/src/__tests__/handoff-summary.unit.test.ts (1 test) 3ms
 ✓ packages/workflows/src/__tests__/institutional-rag-safe.flow.test.ts (1 test) 3ms
 ✓ tests/ci-workflow-contract.test.js (2 tests) 3ms

 Test Files  321 passed (321)
      Tests  2262 passed (2262)
   Start at  10:11:23
   Duration  492.57s (transform 8.18s, setup 0ms, import 63.01s, tests 175.18s, environment 213.42s)

JSON report written to /home/ricardo/Área de trabalho/cvg-operational-harness/certification/unit-test-report.json
