
> cvg-agent-secretary-v2@1.0.0 format:check
> prettier --check .

Checking formatting...
[warn] docs/04_audit/evidence/AAA-20260912-PLAN/review.json
[warn] docs/04_audit/evidence/AAA/AAA-01/npm-audit.json
[warn] docs/04_audit/evidence/AAA/AAA-03/review-request-v2.md
[warn] docs/04_audit/evidence/AAA/AAA-05/manifest-v2.json
[warn] docs/04_audit/evidence/AAA/AAA-05/manifest-v3.json
[warn] docs/04_audit/evidence/AAA/AAA-05/manifest.json
[warn] docs/04_audit/evidence/AAA/AAA-05/review-coordinator-v2/checks.json
[warn] docs/04_audit/evidence/AAA/AAA-07/coverage-closure/coverage-after-summary.json
[warn] docs/04_audit/evidence/AAA/AAA-07/coverage-closure/coverage-before-summary.json
[warn] docs/04_audit/evidence/AAA/AAA-07/coverage-hardening/coverage-after-final.json
[warn] docs/04_audit/evidence/AAA/AAA-07/coverage-hardening/coverage-after-summary.json
[warn] docs/04_audit/evidence/AAA/AAA-07/coverage-hardening/coverage-baseline-final.json
[warn] docs/04_audit/evidence/AAA/AAA-07/coverage-hardening/coverage-baseline-summary.json
[warn] docs/04_audit/evidence/AAA/AAA-07/sweep-callsite/commands.md
[warn] docs/04_audit/evidence/AAA/AAA-07/sweep-callsite/manifest.json
[warn] docs/04_audit/evidence/AAA/AAA-07/sweep-callsite/scenario-map.md
[warn] docs/04_audit/evidence/AAA/AAA-07/sweep-duplicate-fix/adversarial-scenario.md
[warn] docs/04_audit/evidence/AAA/AAA-07/sweep-duplicate-fix/commands.md
[warn] docs/04_audit/evidence/AAA/AAA-07/sweep-duplicate-fix/limitations.md
[warn] docs/04_audit/evidence/AAA/AAA-08/review-coordinator-r2/action-binding-probe.mjs
[warn] docs/04_audit/evidence/AAA/AAA-08/review-coordinator-rework/binding-acceptance.mjs
[warn] docs/04_audit/evidence/AAA/AAA-10/wiring/crash-matrix.md
[warn] docs/04_audit/evidence/AAA/AAA-10/wiring/T-matrix.md
[warn] docs/04_audit/evidence/AAA/AAA-11/builder/span-closure.md
[warn] docs/04_audit/evidence/AAA/AAA-11/builder/T-matrix.md
[warn] docs/04_audit/evidence/AAA/AAA-12/coverage-hardening/after1/coverage-final.json
[warn] docs/04_audit/evidence/AAA/AAA-12/coverage-hardening/after2/coverage-final.json
[warn] docs/04_audit/evidence/AAA/AAA-12/coverage-hardening/after3/coverage-final.json
[warn] docs/04_audit/evidence/AAA/AAA-12/handoff-agent1.md
[warn] docs/04_audit/evidence/AAA/AAA-12/manifest.json
[warn] docs/04_audit/evidence/AAA/AAA-12/mutation-hardening/coverage-after-mutation-tests/coverage-final.json
[warn] docs/04_audit/evidence/AAA/AAA-12/mutation-hardening/results-v1.json
[warn] docs/04_audit/evidence/AAA/AAA-12/mutation-hardening/results-v2.json
[warn] docs/04_audit/evidence/AAA/AAA-12/review-coordinator-hash-version/malformed-version-probe.mjs
[warn] docs/04_audit/evidence/AAA/AAA-13/integration-rehearsal/rehearsal-20260913T023539Z/gate-matrix.md
[warn] docs/04_audit/evidence/AAA/AAA-13/integration-rehearsal/rehearsal-20260913T023539Z/manifest.json
[warn] docs/04_audit/evidence/AAA/AAA-13/integration-rehearsal/rehearsal-20260913T023539Z/REHEARSAL.md
[warn] docs/04_audit/evidence/AAA/AAA-13/integration-rehearsal/rehearsal-20260913T023539Z/run/certification/agent-eval-report.json
[warn] docs/04_audit/evidence/AAA/AAA-13/integration-rehearsal/rehearsal-20260913T023539Z/run/certification/chaos-report.json
[warn] docs/04_audit/evidence/AAA/AAA-13/integration-rehearsal/rehearsal-20260913T023539Z/run/certification/negative-validation.json
[warn] docs/04_audit/evidence/AAA/AAA-13/integration-rehearsal/rehearsal-20260913T043233Z/gate-matrix.md
[warn] docs/04_audit/evidence/AAA/AAA-13/integration-rehearsal/rehearsal-20260913T043233Z/manifest.json
[warn] docs/04_audit/evidence/AAA/AAA-13/integration-rehearsal/rehearsal-20260913T043233Z/REHEARSAL.md
[warn] docs/04_audit/evidence/AAA/AAA-13/integration-rehearsal/rehearsal-20260913T043233Z/run/certification/agent-eval-report.json
[warn] docs/04_audit/evidence/AAA/AAA-13/integration-rehearsal/rehearsal-20260913T043233Z/run/certification/chaos-report.json
[warn] docs/04_audit/evidence/AAA/AAA-13/integration-rehearsal/rehearsal-20260913T043233Z/run/certification/negative-validation.json
[warn] docs/04_audit/evidence/AAA/AAA-13/integration-rehearsal/rehearsal-20260913T052107Z/gate-matrix.md
[warn] docs/04_audit/evidence/AAA/AAA-13/integration-rehearsal/rehearsal-20260913T052107Z/manifest.json
[warn] docs/04_audit/evidence/AAA/AAA-13/integration-rehearsal/rehearsal-20260913T052107Z/REHEARSAL.md
[warn] docs/04_audit/evidence/AAA/AAA-13/integration-rehearsal/rehearsal-20260913T052107Z/run/certification/agent-eval-report.json
[warn] docs/04_audit/evidence/AAA/AAA-13/integration-rehearsal/rehearsal-20260913T052107Z/run/certification/chaos-report.json
[warn] docs/04_audit/evidence/AAA/AAA-13/integration-rehearsal/rehearsal-20260913T052107Z/run/certification/negative-validation.json
[warn] docs/04_audit/evidence/AAA/AAA-13/integration-rehearsal/rehearsal-20260913T062303Z/gate-matrix.md
[warn] docs/04_audit/evidence/AAA/AAA-13/integration-rehearsal/rehearsal-20260913T062303Z/manifest.json
[warn] docs/04_audit/evidence/AAA/AAA-13/integration-rehearsal/rehearsal-20260913T062303Z/REHEARSAL.md
[warn] docs/04_audit/evidence/AAA/AAA-13/integration-rehearsal/rehearsal-20260913T062303Z/run/certification/agent-eval-report.json
[warn] docs/04_audit/evidence/AAA/AAA-13/integration-rehearsal/rehearsal-20260913T062303Z/run/certification/chaos-report.json
[warn] docs/04_audit/evidence/AAA/AAA-13/integration-rehearsal/rehearsal-20260913T062303Z/run/certification/negative-validation.json
[warn] docs/04_audit/evidence/AAA/AAA-13/integration-rehearsal/REHEARSAL-INDEX.md
[warn] docs/04_audit/evidence/AAA/AAA-16/manifest.json
[warn] docs/04_audit/evidence/AAA/AAA-17/builder/COMMANDS.md
[warn] docs/04_audit/evidence/AAA/AAA-17/builder/PARITY_MATRIX.md
[warn] docs/04_audit/evidence/AAA/AAA-18/builder/COMMANDS.md
[warn] docs/04_audit/evidence/AAA/AAA-18/builder/LIMITATIONS.md
[warn] docs/04_audit/evidence/AAA/AAA-18/builder/manifest.json
[warn] docs/04_audit/evidence/AAA/AAA-19/builder/COMMANDS.md
[warn] docs/04_audit/evidence/AAA/AAA-19/builder/SCENARIO_MATRIX.md
[warn] docs/04_audit/evidence/AAA/AAA-34/coverage-agent-runtime/after/coverage-final.json
[warn] docs/04_audit/evidence/AAA/AAA-34/coverage-agent-runtime/after/coverage-summary.json
[warn] docs/04_audit/evidence/AAA/AAA-34/coverage-agent-runtime/before/coverage-final.json
[warn] docs/04_audit/evidence/AAA/AAA-34/coverage-agent-runtime/before/coverage-summary.json
[warn] docs/04_audit/evidence/AAA/AAA-34/coverage-agent-runtime/commands-and-exit-codes.md
[warn] docs/04_audit/evidence/AAA/AAA-34/coverage-agent-runtime/coverage-before-after.json
[warn] docs/04_audit/evidence/AAA/AAA-34/coverage-agent-runtime/critical-branch-table.md
[warn] docs/04_audit/evidence/AAA/AAA-34/coverage-agent-runtime/manifest.json
[warn] docs/04_audit/evidence/AAA/AAA-34/coverage-agent-runtime/SUMMARY.md
[warn] docs/04_audit/evidence/AAA/AAA-34/coverage-apps-api/commands/after-coverage-summary.json
[warn] docs/04_audit/evidence/AAA/AAA-34/coverage-apps-api/commands/before-coverage-summary.json
[warn] docs/04_audit/evidence/AAA/AAA-34/coverage-apps-api/coverage-delta.md
[warn] docs/04_audit/evidence/AAA/AAA-34/coverage-apps-api/manifest.json
[warn] docs/04_audit/evidence/AAA/AAA-34/coverage-persistence-modelgateway/after-full-coverage-summary.json
[warn] docs/04_audit/evidence/AAA/AAA-34/coverage-persistence-modelgateway/after-model-gateway-focused-coverage-summary.json
[warn] docs/04_audit/evidence/AAA/AAA-34/coverage-persistence-modelgateway/after-persistence-focused-coverage-summary.json
[warn] docs/04_audit/evidence/AAA/AAA-34/coverage-persistence-modelgateway/before-after.md
[warn] docs/04_audit/evidence/AAA/AAA-34/coverage-persistence-modelgateway/before-full-coverage-summary.json
[warn] docs/04_audit/evidence/AAA/AAA-34/coverage-persistence-modelgateway/before-model-gateway-focused-coverage-summary.json
[warn] docs/04_audit/evidence/AAA/AAA-34/coverage-persistence-modelgateway/before-persistence-focused-coverage-summary.json
[warn] docs/04_audit/evidence/AAA/AAA-34/coverage-persistence-modelgateway/manifest.json
[warn] docs/04_audit/evidence/AAA/AAA-34/coverage-persistence-modelgateway/README.md
[warn] docs/04_audit/evidence/AAA/AAA-34/coverage-platform-misc/after/platform-coverage-summary.json
[warn] docs/04_audit/evidence/AAA/AAA-34/coverage-platform-misc/after/rag-coverage-summary.json
[warn] docs/04_audit/evidence/AAA/AAA-34/coverage-platform-misc/after/shared-coverage-summary.json
[warn] docs/04_audit/evidence/AAA/AAA-34/coverage-platform-misc/after/tools-coverage-summary.json
[warn] docs/04_audit/evidence/AAA/AAA-34/coverage-platform-misc/after/worker-coverage-summary.json
[warn] docs/04_audit/evidence/AAA/AAA-34/coverage-platform-misc/after/worker-postgres-coverage-summary.json
[warn] docs/04_audit/evidence/AAA/AAA-34/coverage-platform-misc/after/workflows-coverage-summary.json
[warn] docs/04_audit/evidence/AAA/AAA-34/coverage-platform-misc/before/platform-coverage-summary.json
[warn] docs/04_audit/evidence/AAA/AAA-34/coverage-platform-misc/before/rag-coverage-summary.json
[warn] docs/04_audit/evidence/AAA/AAA-34/coverage-platform-misc/before/shared-coverage-summary.json
[warn] docs/04_audit/evidence/AAA/AAA-34/coverage-platform-misc/before/tools-coverage-summary.json
[warn] docs/04_audit/evidence/AAA/AAA-34/coverage-platform-misc/before/worker-coverage-summary.json
[warn] docs/04_audit/evidence/AAA/AAA-34/coverage-platform-misc/before/workflows-coverage-summary.json
[warn] docs/04_audit/evidence/AAA/AAA-34/coverage-platform-misc/limitations.md
[warn] docs/04_audit/evidence/AAA/AAA-34/coverage-platform-misc/manifest.json
[warn] docs/04_audit/evidence/AAA/AAA-34/coverage-platform-misc/summary.md
[warn] docs/04_audit/evidence/AAA/AAA-34/coverage-policy-engine/after/coverage-final.json
[warn] docs/04_audit/evidence/AAA/AAA-34/coverage-policy-engine/after/coverage-summary.json
[warn] docs/04_audit/evidence/AAA/AAA-34/coverage-policy-engine/before/coverage-final.json
[warn] docs/04_audit/evidence/AAA/AAA-34/coverage-policy-engine/before/coverage-summary.json
[warn] docs/04_audit/evidence/AAA/AAA-34/coverage-policy-engine/commands-and-exit-codes.md
[warn] docs/04_audit/evidence/AAA/AAA-34/coverage-policy-engine/limitations.md
[warn] docs/04_audit/evidence/AAA/AAA-34/coverage-policy-engine/matrix-table.md
[warn] docs/04_audit/evidence/AAA/AAA-34/coverage-policy-engine/SUMMARY.md
[warn] docs/04_audit/evidence/AAA/coordinator-batch-review/channel-coverage/coverage-summary.json
[warn] docs/04_audit/evidence/AAA/coordinator-batch-review/channel-only-coverage/coverage-summary.json
[warn] docs/04_audit/evidence/AAA/P1-independent-review-round2/probes/candidate-recompute.mjs
[warn] docs/04_audit/evidence/AAA/P1-independent-review-round2/probes/p12-legacy-active-repro.ts
[warn] docs/04_audit/evidence/AAA/P1-independent-review-round2/probes/p12-sweep-operation-key.ts
[warn] docs/04_audit/evidence/AAA/P1-independent-review-round2/probes/p12r-closure-probe.ts
[warn] docs/04_audit/evidence/AAA/P1-independent-review-round2/probes/p12r-multigen-corner.ts
[warn] docs/04_audit/evidence/AAA/P1-independent-review-round2/probes/policy-matrix-spotcheck.ts
[warn] docs/04_audit/evidence/AAA/P1-independent-review-round2/probes/round1-style/aaa07-approval-lifecycle.ts
[warn] docs/04_audit/evidence/AAA/P1-independent-review-round2/probes/round1-style/aaa08-policy-matrix.ts
[warn] docs/04_audit/evidence/AAA/P1-independent-review-round2/probes/round1-style/f01-payload-binding.ts
[warn] docs/04_audit/evidence/AAA/P1-independent-review-round2/probes/round1-style/f02-preeffect-failure.ts
[warn] docs/04_audit/evidence/AAA/P1-independent-review-round2/probes/round1-style/f03-durable-replay.ts
[warn] docs/04_audit/evidence/AAA/P1-independent-review-round2/probes/round1-style/f04-channel-concurrency.ts
[warn] docs/04_audit/evidence/AAA/P1-independent-review-round2/probes/round1-style/f05-limits.ts
[warn] docs/04_audit/evidence/AAA/P1-independent-review-round2/probes/round1-style/harness.ts
[warn] docs/04_audit/evidence/AAA/P1-independent-review-round2/probes/round1-style/t19-real-effect.ts
[warn] docs/04_audit/evidence/AAA/P1-independent-review-round2/probes/round5-candidate-recompute.mjs
[warn] docs/04_audit/evidence/AAA/P1-independent-review-round2/rebind/probes/aaa08-policy-matrix.ts
[warn] docs/04_audit/evidence/AAA/P1-independent-review-round2/rebind/probes/candidate-recompute.mjs
[warn] docs/04_audit/evidence/AAA/P1-independent-review-round2/rebind/probes/f01-payload-binding.ts
[warn] docs/04_audit/evidence/AAA/P1-independent-review-round2/rebind/probes/f02-preeffect-failure.ts
[warn] docs/04_audit/evidence/AAA/P1-independent-review-round2/rebind/probes/f03-durable-replay.ts
[warn] docs/04_audit/evidence/AAA/P1-independent-review-round2/rebind/probes/f04-channel-concurrency.ts
[warn] docs/04_audit/evidence/AAA/P1-independent-review-round2/rebind/probes/f05-limits.ts
[warn] docs/04_audit/evidence/AAA/P1-independent-review-round2/rebind/probes/harness.ts
[warn] docs/04_audit/evidence/AAA/P1-independent-review-round2/rebind/probes/t19-real-effect.ts
[warn] docs/04_audit/evidence/AAA/P1-independent-review-round2/rebind/REBIND.md
[warn] docs/04_audit/evidence/AAA/P1-independent-review-round2/review.json
[warn] docs/04_audit/evidence/AAA/P1-independent-review-round2/REVIEW.md
[warn] docs/04_audit/evidence/AAA/P1-independent-review/commands/artifact-hashes.json
[warn] docs/04_audit/evidence/AAA/P1-independent-review/commands/restore-license-report.mjs
[warn] docs/04_audit/evidence/AAA/P1-independent-review/probes/aaa07-approval-lifecycle.ts
[warn] docs/04_audit/evidence/AAA/P1-independent-review/probes/aaa08-policy-matrix.ts
[warn] docs/04_audit/evidence/AAA/P1-independent-review/probes/aaa12-hash-binding.ts
[warn] docs/04_audit/evidence/AAA/P1-independent-review/probes/aaa13-consistency.ts
[warn] docs/04_audit/evidence/AAA/P1-independent-review/probes/compute-hashes.ts
[warn] docs/04_audit/evidence/AAA/P1-independent-review/probes/f01-payload-binding.ts
[warn] docs/04_audit/evidence/AAA/P1-independent-review/probes/f02-preeffect-failure.ts
[warn] docs/04_audit/evidence/AAA/P1-independent-review/probes/f03-durable-replay.ts
[warn] docs/04_audit/evidence/AAA/P1-independent-review/probes/f04-channel-concurrency.ts
[warn] docs/04_audit/evidence/AAA/P1-independent-review/probes/f05-limits.ts
[warn] docs/04_audit/evidence/AAA/P1-independent-review/probes/harness.ts
[warn] docs/04_audit/evidence/AAA/P1-independent-review/probes/smoke.ts
[warn] docs/04_audit/evidence/AAA/P1-independent-review/probes/t19-real-effect.ts
[warn] docs/04_audit/evidence/AAA/P1-independent-review/review.json
[warn] docs/04_audit/evidence/AAA/P1-independent-review/REVIEW.md
[warn] docs/04_audit/evidence/AAA/P2-5-evidence-index/note.md
[warn] Code style issues found in 161 files. Run Prettier with --write to fix.
