
 RUN  v4.1.11 /tmp/cvg-docs-audit-20260913-_uu7d641/candidate

{"event":"worker.started","level":"info","timestamp":"2026-09-13T12:51:33.827Z","workerId":"worker-pg-continuous-192-a","concurrency":2,"pollIntervalMs":5,"idleMaxBackoffMs":5000,"errorBackoffMs":500,"errorMaxBackoffMs":30000,"leaseMs":1000,"heartbeatIntervalMs":333,"drainMs":5000,"backlogProbe":true,"sweeps":false,"externalEffects":false,"durable":true}
{"event":"worker.outbox.summary","level":"info","timestamp":"2026-09-13T12:51:33.829Z","workerId":"worker-pg-continuous-192-a","reason":"start","claimed":0,"processed":0,"failed":0,"deadLettered":0,"handoffs":0,"errors":0,"claimFailures":0,"leaseLost":0,"heartbeats":0,"idlePolls":0,"released":0,"lag":null,"inFlight":0}
{"event":"worker.metric","name":"worker_outbox_lag","value":0,"attributes":{"operation":"outbox"},"timestamp":"2026-09-13T12:51:33.844Z"}
{"event":"worker.idle_backoff","level":"debug","timestamp":"2026-09-13T12:51:33.844Z","workerId":"worker-pg-continuous-192-a","backoffMs":5,"lag":0}
{"event":"worker.idle_backoff","level":"debug","timestamp":"2026-09-13T12:51:33.851Z","workerId":"worker-pg-continuous-192-a","backoffMs":10,"lag":0}
{"event":"worker.metric","name":"worker_outbox_processed_total","value":1,"attributes":{"status":"processed"},"timestamp":"2026-09-13T12:51:33.856Z"}
{"event":"worker.outbox.processed","level":"info","timestamp":"2026-09-13T12:51:33.856Z","eventId":"outbox_b273bc21-7292-42b3-afad-3d0c69656f66","workerId":"worker-pg-continuous-192-a","status":"processed","attempt":1,"leaseLost":false,"operation":"outbox"}
{"event":"worker.outbox.summary","level":"info","timestamp":"2026-09-13T12:51:33.858Z","workerId":"worker-pg-continuous-192-a","reason":"stop","claimed":1,"processed":1,"failed":0,"deadLettered":0,"handoffs":0,"errors":0,"claimFailures":0,"leaseLost":0,"heartbeats":0,"idlePolls":2,"released":0,"lag":0,"inFlight":0}
{"event":"worker.stopped","level":"info","timestamp":"2026-09-13T12:51:33.858Z","workerId":"worker-pg-continuous-192-a","drained":true,"released":0,"releaseFailed":0,"processed":1,"failed":0,"deadLettered":0,"lag":0}
{"event":"worker.started","level":"info","timestamp":"2026-09-13T12:51:33.866Z","workerId":"worker-pg-continuous-192-b","concurrency":2,"pollIntervalMs":5,"idleMaxBackoffMs":5000,"errorBackoffMs":500,"errorMaxBackoffMs":30000,"leaseMs":1000,"heartbeatIntervalMs":333,"drainMs":5000,"backlogProbe":true,"sweeps":false,"externalEffects":false,"durable":true}
{"event":"worker.outbox.summary","level":"info","timestamp":"2026-09-13T12:51:33.866Z","workerId":"worker-pg-continuous-192-b","reason":"start","claimed":0,"processed":0,"failed":0,"deadLettered":0,"handoffs":0,"errors":0,"claimFailures":0,"leaseLost":0,"heartbeats":0,"idlePolls":0,"released":0,"lag":null,"inFlight":0}
{"event":"worker.metric","name":"worker_outbox_lag","value":0,"attributes":{"operation":"outbox"},"timestamp":"2026-09-13T12:51:33.880Z"}
{"event":"worker.metric","name":"worker_outbox_dead_lettered_total","value":1,"attributes":{"status":"dead_letter"},"timestamp":"2026-09-13T12:51:33.884Z"}
{"event":"worker.outbox.dead_letter","level":"info","timestamp":"2026-09-13T12:51:33.884Z","eventId":"outbox_009c1b16-a4f9-4659-ada6-4765211b7b4c","workerId":"worker-pg-continuous-192-b","status":"dead_letter","attempt":1,"leaseLost":false,"error":"[redacted-outbox-error]","operation":"outbox"}
{"event":"worker.idle_backoff","level":"debug","timestamp":"2026-09-13T12:51:33.887Z","workerId":"worker-pg-continuous-192-b","backoffMs":5,"lag":0}
{"event":"worker.metric","name":"worker_outbox_processed_total","value":1,"attributes":{"status":"processed"},"timestamp":"2026-09-13T12:51:33.890Z"}
{"event":"worker.outbox.processed","level":"info","timestamp":"2026-09-13T12:51:33.890Z","eventId":"outbox_cdcc2576-901f-4413-972e-ebc9362cd74d","workerId":"worker-pg-continuous-192-b","status":"processed","attempt":1,"leaseLost":false,"operation":"outbox"}
{"event":"worker.idle_backoff","level":"debug","timestamp":"2026-09-13T12:51:33.895Z","workerId":"worker-pg-continuous-192-b","backoffMs":10,"lag":0}
{"event":"worker.outbox.summary","level":"info","timestamp":"2026-09-13T12:51:33.896Z","workerId":"worker-pg-continuous-192-b","reason":"stop","claimed":2,"processed":1,"failed":0,"deadLettered":1,"handoffs":0,"errors":0,"claimFailures":0,"leaseLost":0,"heartbeats":0,"idlePolls":2,"released":0,"lag":0,"inFlight":0}
{"event":"worker.stopped","level":"info","timestamp":"2026-09-13T12:51:33.896Z","workerId":"worker-pg-continuous-192-b","drained":true,"released":0,"releaseFailed":0,"processed":1,"failed":0,"deadLettered":1,"lag":0}
{"event":"worker.started","level":"info","timestamp":"2026-09-13T12:51:34.432Z","workerId":"worker-pg-continuous-192-d","concurrency":2,"pollIntervalMs":5,"idleMaxBackoffMs":5000,"errorBackoffMs":500,"errorMaxBackoffMs":30000,"leaseMs":1000,"heartbeatIntervalMs":333,"drainMs":5000,"backlogProbe":true,"sweeps":false,"externalEffects":false,"durable":true}
{"event":"worker.outbox.summary","level":"info","timestamp":"2026-09-13T12:51:34.432Z","workerId":"worker-pg-continuous-192-d","reason":"start","claimed":0,"processed":0,"failed":0,"deadLettered":0,"handoffs":0,"errors":0,"claimFailures":0,"leaseLost":0,"heartbeats":0,"idlePolls":0,"released":0,"lag":null,"inFlight":0}
{"event":"worker.metric","name":"worker_outbox_lag","value":0,"attributes":{"operation":"outbox"},"timestamp":"2026-09-13T12:51:34.468Z"}
{"event":"worker.metric","name":"worker_outbox_processed_total","value":1,"attributes":{"status":"processed"},"timestamp":"2026-09-13T12:51:34.504Z"}
{"event":"worker.outbox.processed","level":"info","timestamp":"2026-09-13T12:51:34.504Z","eventId":"outbox_a0072b2a-1eea-4231-898b-32f48f7eafae","workerId":"worker-pg-continuous-192-d","status":"processed","attempt":1,"leaseLost":false,"operation":"outbox"}
{"event":"worker.metric","name":"worker_outbox_processed_total","value":1,"attributes":{"status":"processed"},"timestamp":"2026-09-13T12:51:34.509Z"}
{"event":"worker.outbox.processed","level":"info","timestamp":"2026-09-13T12:51:34.509Z","eventId":"outbox_4bf73785-b3b6-4eae-8257-a2c14f36f126","workerId":"worker-pg-continuous-192-d","status":"processed","attempt":1,"leaseLost":false,"operation":"outbox"}
{"event":"worker.idle_backoff","level":"debug","timestamp":"2026-09-13T12:51:34.514Z","workerId":"worker-pg-continuous-192-d","backoffMs":5,"lag":0}
{"event":"worker.idle_backoff","level":"debug","timestamp":"2026-09-13T12:51:34.525Z","workerId":"worker-pg-continuous-192-d","backoffMs":10,"lag":0}
{"event":"worker.outbox.summary","level":"info","timestamp":"2026-09-13T12:51:34.535Z","workerId":"worker-pg-continuous-192-d","reason":"stop","claimed":2,"processed":2,"failed":0,"deadLettered":0,"handoffs":0,"errors":0,"claimFailures":0,"leaseLost":0,"heartbeats":0,"idlePolls":2,"released":0,"lag":0,"inFlight":0}
{"event":"worker.stopped","level":"info","timestamp":"2026-09-13T12:51:34.535Z","workerId":"worker-pg-continuous-192-d","drained":true,"released":0,"releaseFailed":0,"processed":2,"failed":0,"deadLettered":0,"lag":0}
{"event":"worker.started","level":"info","timestamp":"2026-09-13T12:51:34.542Z","workerId":"worker-pg-continuous-192-e","concurrency":1,"pollIntervalMs":5,"idleMaxBackoffMs":5000,"errorBackoffMs":500,"errorMaxBackoffMs":30000,"leaseMs":1000,"heartbeatIntervalMs":333,"drainMs":5000,"backlogProbe":true,"sweeps":false,"externalEffects":false,"durable":true}
{"event":"worker.outbox.summary","level":"info","timestamp":"2026-09-13T12:51:34.542Z","workerId":"worker-pg-continuous-192-e","reason":"start","claimed":0,"processed":0,"failed":0,"deadLettered":0,"handoffs":0,"errors":0,"claimFailures":0,"leaseLost":0,"heartbeats":0,"idlePolls":0,"released":0,"lag":null,"inFlight":0}
{"event":"worker.metric","name":"worker_outbox_lag","value":0,"attributes":{"operation":"outbox"},"timestamp":"2026-09-13T12:51:34.561Z"}
{"event":"worker.shutdown_release","level":"warn","timestamp":"2026-09-13T12:51:34.608Z","eventId":"outbox_fb943e92-f1a4-4975-8159-9447fd4e2aa9","workerId":"worker-pg-continuous-192-e","operation":"outbox"}
{"event":"worker.metric","name":"worker_outbox_shutdown_releases_total","value":1,"attributes":{"outcome":"released"},"timestamp":"2026-09-13T12:51:34.608Z"}
{"event":"worker.outbox.summary","level":"info","timestamp":"2026-09-13T12:51:34.608Z","workerId":"worker-pg-continuous-192-e","reason":"stop","claimed":1,"processed":0,"failed":0,"deadLettered":0,"handoffs":0,"errors":0,"claimFailures":0,"leaseLost":0,"heartbeats":0,"idlePolls":0,"released":1,"lag":0,"inFlight":1}
{"event":"worker.stopped","level":"info","timestamp":"2026-09-13T12:51:34.608Z","workerId":"worker-pg-continuous-192-e","drained":false,"released":1,"releaseFailed":0,"processed":0,"failed":0,"deadLettered":0,"lag":0}
{"event":"worker.event_error","level":"error","timestamp":"2026-09-13T12:51:34.620Z","eventId":"outbox_fb943e92-f1a4-4975-8159-9447fd4e2aa9","workerId":"worker-pg-continuous-192-e","attempt":1,"error":"outbox_error:conflict","operation":"outbox"}
{"event":"worker.metric","name":"worker_outbox_errors_total","value":1,"attributes":{"outcome":"error"},"timestamp":"2026-09-13T12:51:34.620Z"}
{"event":"worker.started","level":"info","timestamp":"2026-09-13T12:51:34.620Z","workerId":"worker-pg-continuous-192-f","concurrency":2,"pollIntervalMs":5,"idleMaxBackoffMs":5000,"errorBackoffMs":500,"errorMaxBackoffMs":30000,"leaseMs":1000,"heartbeatIntervalMs":333,"drainMs":5000,"backlogProbe":true,"sweeps":false,"externalEffects":false,"durable":true}
{"event":"worker.outbox.summary","level":"info","timestamp":"2026-09-13T12:51:34.620Z","workerId":"worker-pg-continuous-192-f","reason":"start","claimed":0,"processed":0,"failed":0,"deadLettered":0,"handoffs":0,"errors":0,"claimFailures":0,"leaseLost":0,"heartbeats":0,"idlePolls":0,"released":0,"lag":null,"inFlight":0}
{"event":"worker.metric","name":"worker_outbox_lag","value":0,"attributes":{"operation":"outbox"},"timestamp":"2026-09-13T12:51:34.638Z"}
{"event":"worker.idle_backoff","level":"debug","timestamp":"2026-09-13T12:51:34.639Z","workerId":"worker-pg-continuous-192-f","backoffMs":5,"lag":0}
{"event":"worker.idle_backoff","level":"debug","timestamp":"2026-09-13T12:51:34.652Z","workerId":"worker-pg-continuous-192-f","backoffMs":10,"lag":0}
{"event":"worker.idle_backoff","level":"debug","timestamp":"2026-09-13T12:51:34.665Z","workerId":"worker-pg-continuous-192-f","backoffMs":20,"lag":0}
{"event":"worker.idle_backoff","level":"debug","timestamp":"2026-09-13T12:51:34.691Z","workerId":"worker-pg-continuous-192-f","backoffMs":40,"lag":0}
{"event":"worker.idle_backoff","level":"debug","timestamp":"2026-09-13T12:51:34.738Z","workerId":"worker-pg-continuous-192-f","backoffMs":80,"lag":0}
{"event":"worker.idle_backoff","level":"debug","timestamp":"2026-09-13T12:51:34.832Z","workerId":"worker-pg-continuous-192-f","backoffMs":160,"lag":0}
{"event":"worker.idle_backoff","level":"debug","timestamp":"2026-09-13T12:51:34.997Z","workerId":"worker-pg-continuous-192-f","backoffMs":320,"lag":0}
{"event":"worker.idle_backoff","level":"debug","timestamp":"2026-09-13T12:51:35.330Z","workerId":"worker-pg-continuous-192-f","backoffMs":640,"lag":0}
{"event":"worker.outbox.summary","level":"info","timestamp":"2026-09-13T12:51:35.623Z","workerId":"worker-pg-continuous-192-f","reason":"interval","claimed":0,"processed":0,"failed":0,"deadLettered":0,"handoffs":0,"errors":0,"claimFailures":0,"leaseLost":0,"heartbeats":0,"idlePolls":8,"released":0,"lag":0,"inFlight":0}
{"event":"worker.metric","name":"worker_outbox_lag","value":0,"attributes":{"operation":"outbox"},"timestamp":"2026-09-13T12:51:35.995Z"}
{"event":"worker.idle_backoff","level":"debug","timestamp":"2026-09-13T12:51:35.995Z","workerId":"worker-pg-continuous-192-f","backoffMs":5,"lag":0}
{"event":"worker.idle_backoff","level":"debug","timestamp":"2026-09-13T12:51:36.013Z","workerId":"worker-pg-continuous-192-f","backoffMs":10,"lag":0}
{"event":"worker.idle_backoff","level":"debug","timestamp":"2026-09-13T12:51:36.053Z","workerId":"worker-pg-continuous-192-f","backoffMs":20,"lag":0}
{"event":"worker.metric","name":"worker_outbox_processed_total","value":1,"attributes":{"status":"processed"},"timestamp":"2026-09-13T12:51:36.054Z"}
{"event":"worker.outbox.processed","level":"info","timestamp":"2026-09-13T12:51:36.054Z","eventId":"outbox_fb943e92-f1a4-4975-8159-9447fd4e2aa9","workerId":"worker-pg-continuous-192-f","status":"processed","attempt":2,"leaseLost":false,"operation":"outbox"}
{"event":"worker.idle_backoff","level":"debug","timestamp":"2026-09-13T12:51:36.083Z","workerId":"worker-pg-continuous-192-f","backoffMs":40,"lag":0}
{"event":"worker.outbox.summary","level":"info","timestamp":"2026-09-13T12:51:36.085Z","workerId":"worker-pg-continuous-192-f","reason":"stop","claimed":1,"processed":1,"failed":0,"deadLettered":0,"handoffs":0,"errors":0,"claimFailures":0,"leaseLost":0,"heartbeats":0,"idlePolls":12,"released":0,"lag":0,"inFlight":0}
{"event":"worker.stopped","level":"info","timestamp":"2026-09-13T12:51:36.085Z","workerId":"worker-pg-continuous-192-f","drained":true,"released":0,"releaseFailed":0,"processed":1,"failed":0,"deadLettered":0,"lag":0}

 Test Files  1 passed (1)
      Tests  2 passed (2)
   Start at  09:51:32
   Duration  4.25s (transform 577ms, setup 0ms, import 819ms, tests 2.79s, environment 515ms)

