
> cvg-operational-harness@1.0.0 build:web
> vite --config vite.config.mts build apps/web

vite v8.2.2 building client environment for production...
transforming...
✓ 171 modules transformed.
rendering chunks...
computing gzip size...
apps/web/dist/index.html                                              0.40 kB │ gzip:   0.27 kB
apps/web/dist/assets/inter-vietnamese-wght-normal-CBcvBZtf.woff2     10.25 kB
apps/web/dist/assets/inter-greek-ext-wght-normal-DlzME5K_.woff2      11.23 kB
apps/web/dist/assets/inter-cyrillic-wght-normal-DqGufNeO.woff2       18.74 kB
apps/web/dist/assets/inter-greek-wght-normal-CkhJZR-_.woff2          18.99 kB
apps/web/dist/assets/inter-cyrillic-ext-wght-normal-BOeWTOD4.woff2   25.96 kB
apps/web/dist/assets/inter-latin-wght-normal-Dx4kXJAl.woff2          48.25 kB
apps/web/dist/assets/inter-latin-ext-wght-normal-DO1Apj_S.woff2      85.06 kB
apps/web/dist/assets/index-BA4ZI1ya.css                              13.12 kB │ gzip:   3.67 kB
apps/web/dist/assets/index-DiTOCGcY.js                              601.96 kB │ gzip: 168.32 kB

✓ built in 260ms
[plugin builtin:vite-reporter] 
(!) Some chunks are larger than 500 kB after minification. Consider:
- Using dynamic import() to code-split the application
- Use build.rolldownOptions.output.codeSplitting to improve chunking: https://rolldown.rs/reference/OutputOptions.codeSplitting
- Adjust chunk size limit for this warning via build.chunkSizeWarningLimit.
