[verify] PASS phase10-result.json matches schema
[verify] PASS manifest.json matches schema
[verify] FAIL CANDIDATE_DRIFT recorded b41f1e2ea6c9f64c45f2599f7bbf67e9003fdadb0e927c584184a4243c1e4418, current 8a0b52f1cbb706535f341683b69097f63cecb381273ccb3cdc6c3d3f2d8b2fca
[verify] drift changed .github/workflows/verify.yml
[verify] drift changed .prettierignore
[verify] drift changed AGENTS.md
[verify] drift changed Dockerfile
[verify] drift changed README.md
[verify] drift changed apps/api/package.json
[verify] drift added apps/api/src/__tests__/execution-input-trajectory-api.test.ts
[verify] drift added apps/api/src/__tests__/oidc-identity.test.ts
[verify] drift added apps/api/src/__tests__/oidc-login-transaction.test.ts
[verify] drift added apps/api/src/__tests__/operator-session-hook.test.ts
[verify] drift added apps/api/src/__tests__/operator-session-postgres.test.ts
[verify] drift added apps/api/src/__tests__/operator-session-public-routes.test.ts
[verify] drift changed apps/api/src/legacy-composition.ts
[verify] drift added apps/api/src/oidc-identity.ts
[verify] drift added apps/api/src/oidc-login-transaction.ts
[verify] drift added apps/api/src/oidc-state-postgres.ts
[verify] drift changed apps/api/src/operator-session-hook.ts
[verify] drift added apps/api/src/operator-session-postgres.ts
[verify] drift added apps/api/src/operator-session-preflight.ts
[verify] drift changed apps/api/src/operator-session.ts
[verify] FAIL findings_stale
[verify] FAIL findings_closure_invalid:registry_missing
[verify] FAIL candidate_drift
[verify] FAIL gate_result_artifact_missing:coverage:coverage/coverage-summary.json
[verify] FAIL gate_status_mismatch:coverage
[verify] FAIL gate_result_artifact_missing:e2e:playwright-results.xml
[verify] FAIL e2e_report_invalid:E2E report binding: missing or duplicate gate log proof
[verify] FAIL gate_status_mismatch:e2e
[verify] FAIL artifact_missing:certification/finding-closure.json
[verify] FAIL artifact_missing:coverage/coverage-summary.json
[verify] PASS decision is coherent: CONDITIONAL_GO
[verify] PASS certification is coherent: AAA_CONTROLLED
[verify] 11 failure(s)
