{
  "auditReportVersion": 2,
  "vulnerabilities": {
    "fast-uri": {
      "name": "fast-uri",
      "severity": "high",
      "isDirect": false,
      "via": [
        {
          "source": 1239943,
          "name": "fast-uri",
          "dependency": "fast-uri",
          "title": "fast-uri vulnerable to authority injection via an unvalidated port in serialize",
          "url": "https://github.com/advisories/GHSA-qw65-cvwx-89v3",
          "severity": "high",
          "cwe": [
            "CWE-116"
          ],
          "cvss": {
            "score": 7.5,
            "vectorString": "CVSS:3.1/AV:N/AC:L/PR:N/UI:N/S:U/C:N/I:H/A:N"
          },
          "range": ">=3.0.0 <3.1.7"
        },
        {
          "source": 1239946,
          "name": "fast-uri",
          "dependency": "fast-uri",
          "title": "fast-uri vulnerable to host confusion via an unclosed bracket in the URI authority",
          "url": "https://github.com/advisories/GHSA-58mr-gqgx-xq4g",
          "severity": "high",
          "cwe": [
            "CWE-436"
          ],
          "cvss": {
            "score": 7.5,
            "vectorString": "CVSS:3.1/AV:N/AC:L/PR:N/UI:N/S:U/C:N/I:H/A:N"
          },
          "range": "=3.1.6"
        }
      ],
      "effects": [],
      "range": "3.0.0 - 3.1.6",
      "nodes": [
        "node_modules/fast-uri"
      ],
      "fixAvailable": true
    },
    "undici": {
      "name": "undici",
      "severity": "moderate",
      "isDirect": false,
      "via": [
        {
          "source": 1239933,
          "name": "undici",
          "dependency": "undici",
          "title": "undici vulnerable to Denial of Service via unhandled error in WebSocket permessage-deflate decompression",
          "url": "https://github.com/advisories/GHSA-3wwx-pv8p-q78v",
          "severity": "moderate",
          "cwe": [
            "CWE-248"
          ],
          "cvss": {
            "score": 5.9,
            "vectorString": "CVSS:3.1/AV:N/AC:H/PR:N/UI:N/S:U/C:N/I:N/A:H"
          },
          "range": ">=7.28.0 <7.29.1"
        }
      ],
      "effects": [],
      "range": "7.28.0 - 7.29.0",
      "nodes": [
        "node_modules/undici"
      ],
      "fixAvailable": true
    }
  },
  "metadata": {
    "vulnerabilities": {
      "info": 0,
      "low": 0,
      "moderate": 1,
      "high": 1,
      "critical": 0,
      "total": 2
    },
    "dependencies": {
      "prod": 137,
      "dev": 267,
      "optional": 56,
      "peer": 10,
      "peerOptional": 0,
      "total": 404
    }
  }
}
