
> cvg-operational-harness@1.0.0 test:e2e
> playwright test

[1A[2K[WebServer] (node:3705348) Warning: The 'NO_COLOR' env is ignored due to the 'FORCE_COLOR' env being set.
[WebServer] (Use `node --trace-warnings ...` to show where the warning was created)

[1A[2K[WebServer] (node:3705362) Warning: The 'NO_COLOR' env is ignored due to the 'FORCE_COLOR' env being set.
[WebServer] (Use `node --trace-warnings ...` to show where the warning was created)

[1A[2K[WebServer] (node:3705711) Warning: The 'NO_COLOR' env is ignored due to the 'FORCE_COLOR' env being set.
[WebServer] (Use `node --trace-warnings ...` to show where the warning was created)


Running 12 tests using 1 worker

[1A[2K(node:3706214) Warning: The 'NO_COLOR' env is ignored due to the 'FORCE_COLOR' env being set.
(Use `node --trace-warnings ...` to show where the warning was created)


[1A[2K(node:3706214) Warning: The 'NO_COLOR' env is ignored due to the 'FORCE_COLOR' env being set.
(Use `node --trace-warnings ...` to show where the warning was created)


[1A[2K[1/12] [chromium] › tests/e2e/audit-evidence-checkpoint.spec.ts:3:5 › seals and archives an audit evidence checkpoint without payload export
[1A[2K[2/12] [chromium] › tests/e2e/http-security.spec.ts:6:5 › API HTTP security boundary enforces origin and preflight policy
[1A[2K[3/12] [chromium] › tests/e2e/platform-control-center.spec.ts:4:5 › configures, publishes and dry-runs an agent through the real web/API boundary
[1A[2K[4/12] [chromium] › tests/e2e/session-version-pinning.spec.ts:44:5 › keeps a browser/API conversation on its first published snapshot
[1A[2K[5/12] [chromium] › tests/e2e/ux-accessibility.spec.ts:15:5 › axe finds no serious or critical violations on identity and console views
[1A[2K[6/12] [chromium] › tests/e2e/ux-accessibility.spec.ts:49:5 › keyboard-only operators reach, activate and see focus on key controls
[1A[2K[7/12] [chromium] › tests/e2e/ux-accessibility.spec.ts:80:5 › empty, loading, error and overflow states stay comprehensible
[1A[2K[8/12] [chromium] › tests/e2e/ux-accessibility.spec.ts:166:5 › switching tenant clears the previous identity data
[1A[2K[9/12] [chromium] › tests/e2e/ux-accessibility.spec.ts:190:5 › authorization and server failures render comprehensible UI
[1A[2K[10/12] [chromium] › tests/e2e/ux-accessibility.spec.ts:228:5 › reduced motion keeps journeys operable
[1A[2K[11/12] [chromium] › tests/e2e/visual-shell.spec.ts:9:5 › console shell preserves layout, focus and control sizing across viewports
[1A[2K[12/12] [chromium] › tests/e2e/visual-shell.spec.ts:58:5 › admin control center remains navigable on a narrow viewport
[1A[2K  12 passed (33.6s)
