
> cvg-operational-harness@1.0.0 test:postgres
> vitest run --testTimeout=60000 --no-file-parallelism packages/persistence/src/__tests__/postgres-migration-smoke.test.ts packages/persistence/src/__tests__/tenant-isolation.test.ts packages/persistence/src/__tests__/platform-postgres-smoke.test.ts packages/persistence/src/__tests__/platform-approval-postgres.test.ts packages/persistence/src/__tests__/audit-evidence-checkpoint-postgres.test.ts packages/persistence/src/__tests__/session-version-pinning-postgres.test.ts packages/persistence/src/__tests__/outbox-durability.test.ts packages/persistence/src/__tests__/effect-journal-postgres.test.ts packages/persistence/src/__tests__/channel-effect-journal-postgres.test.ts apps/api/src/__tests__/postgres-persistence-mode.test.ts apps/api/src/__tests__/webhook-security.test.ts apps/api/src/__tests__/journeys-api-postgres.test.ts apps/worker/src/__tests__/postgres-outbox-bridge.integration.test.ts packages/chaos/src/__tests__/chaos-postgres.test.ts legacy/packages/secretary-journeys/src/__tests__/journeys-postgres.test.ts apps/worker/src/__tests__/continuous-worker-postgres.integration.test.ts apps/worker/src/__tests__/postgres-role-preflight.test.ts packages/persistence/src/__tests__/attendance-approval-postgres.test.ts legacy/packages/secretary-journeys/src/__tests__/journey-task-atomicity.test.ts packages/persistence/src/__tests__/runtime-approval-store-postgres.test.ts packages/persistence/src/__tests__/operational-execution-postgres.test.ts apps/worker/src/__tests__/operational-harness-process-restart.integration.test.ts apps/worker/src/__tests__/operational-harness-synthetic-effect-postgres.integration.test.ts apps/worker/src/__tests__/operational-harness-capability-postgres.integration.test.ts apps/worker/src/__tests__/kernel-composition-postgres.integration.test.ts apps/worker/src/__tests__/operational-harness-iterative.test.ts apps/worker/src/__tests__/operational-harness-iterative-postgres.integration.test.ts apps/api/src/__tests__/approval-decision-atomicity-postgres.test.ts packages/persistence/src/__tests__/outbox-content-binding-postgres.test.ts apps/api/src/__tests__/tenant-schema-inventory-postgres.test.ts apps/api/src/__tests__/trusted-replay-distributed-postgres.test.ts apps/api/src/__tests__/rate-limit-distributed-postgres.test.ts apps/worker/src/__tests__/operational-harness-homolog.integration.test.ts apps/api/src/__tests__/homolog-correlation-postgres.test.ts apps/worker/src/__tests__/homolog-health-postgres.test.ts


 RUN  v4.1.11 /tmp/cvg-aud0590-20260928

 ✓ apps/worker/src/__tests__/operational-harness-homolog.integration.test.ts (3 tests) 5408ms
     ✓ reclaims a SIGKILLed claim in a second process with one terminal outcome  3329ms
     ✓ refuses to start without arming, database or outside homolog scope  1069ms
     ✓ drains cleanly on SIGTERM with no work pending  1008ms
 ✓ apps/api/src/__tests__/approval-decision-atomicity-postgres.test.ts (8 tests) 2499ms
     ✓ retries converge with exactly one audit event after an injected crash  435ms
     ✓ identical concurrent decisions keep one winner and one audit event  356ms
     ✓ worker recovery preserves the decision envelope after audit failure  309ms
 ✓ apps/api/src/__tests__/rate-limit-distributed-postgres.test.ts (9 tests) 3762ms
     ✓ shares one budget across instances and restarts  552ms
     ✓ resets the budget when the window expires  732ms
     ✓ serializes concurrent first checks for one logical budget  469ms
     ✓ fails closed at active capacity without evicting an existing budget  526ms
     ✓ enforces the shared budget at the HTTP boundary  1466ms
{"event":"worker.started","level":"info","timestamp":"2026-09-29T00:54:18.491Z","workerId":"worker-pg-continuous-192-a","concurrency":2,"pollIntervalMs":5,"idleMaxBackoffMs":5000,"errorBackoffMs":500,"errorMaxBackoffMs":30000,"leaseMs":1000,"heartbeatIntervalMs":333,"drainMs":5000,"backlogProbe":true,"sweeps":false,"externalEffects":false,"durable":true}
{"event":"worker.outbox.summary","level":"info","timestamp":"2026-09-29T00:54:18.493Z","workerId":"worker-pg-continuous-192-a","reason":"start","claimed":0,"processed":0,"failed":0,"deadLettered":0,"handoffs":0,"errors":0,"claimFailures":0,"leaseLost":0,"heartbeats":0,"idlePolls":0,"released":0,"lag":null,"inFlight":0}
{"event":"worker.metric","name":"worker_outbox_lag","value":0,"attributes":{"operation":"outbox"},"timestamp":"2026-09-29T00:54:18.527Z"}
{"event":"worker.idle_backoff","level":"debug","timestamp":"2026-09-29T00:54:18.527Z","workerId":"worker-pg-continuous-192-a","backoffMs":5,"lag":0}
{"event":"worker.idle_backoff","level":"debug","timestamp":"2026-09-29T00:54:18.537Z","workerId":"worker-pg-continuous-192-a","backoffMs":10,"lag":0}
{"event":"worker.metric","name":"worker_outbox_processed_total","value":1,"attributes":{"status":"processed"},"timestamp":"2026-09-29T00:54:18.544Z"}
{"event":"worker.outbox.processed","level":"info","timestamp":"2026-09-29T00:54:18.544Z","eventId":"outbox_cdb99def-2d8c-4b98-bc0b-5e9130ce5768","workerId":"worker-pg-continuous-192-a","status":"processed","attempt":1,"leaseLost":false,"operation":"outbox"}
{"event":"worker.idle_backoff","level":"debug","timestamp":"2026-09-29T00:54:18.552Z","workerId":"worker-pg-continuous-192-a","backoffMs":20,"lag":0}
{"event":"worker.outbox.summary","level":"info","timestamp":"2026-09-29T00:54:18.553Z","workerId":"worker-pg-continuous-192-a","reason":"stop","claimed":1,"processed":1,"failed":0,"deadLettered":0,"handoffs":0,"errors":0,"claimFailures":0,"leaseLost":0,"heartbeats":0,"idlePolls":3,"released":0,"lag":0,"inFlight":0}
{"event":"worker.stopped","level":"info","timestamp":"2026-09-29T00:54:18.553Z","workerId":"worker-pg-continuous-192-a","drained":true,"released":0,"releaseFailed":0,"processed":1,"failed":0,"deadLettered":0,"lag":0}
{"event":"worker.started","level":"info","timestamp":"2026-09-29T00:54:18.567Z","workerId":"worker-pg-continuous-192-b","concurrency":2,"pollIntervalMs":5,"idleMaxBackoffMs":5000,"errorBackoffMs":500,"errorMaxBackoffMs":30000,"leaseMs":1000,"heartbeatIntervalMs":333,"drainMs":5000,"backlogProbe":true,"sweeps":false,"externalEffects":false,"durable":true}
{"event":"worker.outbox.summary","level":"info","timestamp":"2026-09-29T00:54:18.568Z","workerId":"worker-pg-continuous-192-b","reason":"start","claimed":0,"processed":0,"failed":0,"deadLettered":0,"handoffs":0,"errors":0,"claimFailures":0,"leaseLost":0,"heartbeats":0,"idlePolls":0,"released":0,"lag":null,"inFlight":0}
{"event":"worker.metric","name":"worker_outbox_lag","value":0,"attributes":{"operation":"outbox"},"timestamp":"2026-09-29T00:54:18.603Z"}
{"event":"worker.metric","name":"worker_outbox_dead_lettered_total","value":1,"attributes":{"status":"dead_letter"},"timestamp":"2026-09-29T00:54:18.611Z"}
{"event":"worker.outbox.dead_letter","level":"info","timestamp":"2026-09-29T00:54:18.611Z","eventId":"outbox_a3677ac9-a95b-4459-bd8b-b71ab2437661","workerId":"worker-pg-continuous-192-b","status":"dead_letter","attempt":1,"leaseLost":false,"error":"[redacted-outbox-error]","operation":"outbox"}
{"event":"worker.idle_backoff","level":"debug","timestamp":"2026-09-29T00:54:18.617Z","workerId":"worker-pg-continuous-192-b","backoffMs":5,"lag":0}
{"event":"worker.metric","name":"worker_outbox_processed_total","value":1,"attributes":{"status":"processed"},"timestamp":"2026-09-29T00:54:18.621Z"}
{"event":"worker.outbox.processed","level":"info","timestamp":"2026-09-29T00:54:18.621Z","eventId":"outbox_4db0c348-801e-4394-a2d3-5d72fb4e8091","workerId":"worker-pg-continuous-192-b","status":"processed","attempt":1,"leaseLost":false,"operation":"outbox"}
{"event":"worker.idle_backoff","level":"debug","timestamp":"2026-09-29T00:54:18.628Z","workerId":"worker-pg-continuous-192-b","backoffMs":10,"lag":0}
{"event":"worker.idle_backoff","level":"debug","timestamp":"2026-09-29T00:54:18.645Z","workerId":"worker-pg-continuous-192-b","backoffMs":20,"lag":0}
{"event":"worker.outbox.summary","level":"info","timestamp":"2026-09-29T00:54:18.648Z","workerId":"worker-pg-continuous-192-b","reason":"stop","claimed":2,"processed":1,"failed":0,"deadLettered":1,"handoffs":0,"errors":0,"claimFailures":0,"leaseLost":0,"heartbeats":0,"idlePolls":3,"released":0,"lag":0,"inFlight":0}
{"event":"worker.stopped","level":"info","timestamp":"2026-09-29T00:54:18.648Z","workerId":"worker-pg-continuous-192-b","drained":true,"released":0,"releaseFailed":0,"processed":1,"failed":0,"deadLettered":1,"lag":0}
{"event":"worker.started","level":"info","timestamp":"2026-09-29T00:54:19.372Z","workerId":"worker-pg-continuous-192-d","concurrency":2,"pollIntervalMs":5,"idleMaxBackoffMs":5000,"errorBackoffMs":500,"errorMaxBackoffMs":30000,"leaseMs":1000,"heartbeatIntervalMs":333,"drainMs":5000,"backlogProbe":true,"sweeps":false,"externalEffects":false,"durable":true}
{"event":"worker.outbox.summary","level":"info","timestamp":"2026-09-29T00:54:19.372Z","workerId":"worker-pg-continuous-192-d","reason":"start","claimed":0,"processed":0,"failed":0,"deadLettered":0,"handoffs":0,"errors":0,"claimFailures":0,"leaseLost":0,"heartbeats":0,"idlePolls":0,"released":0,"lag":null,"inFlight":0}
{"event":"worker.metric","name":"worker_outbox_lag","value":0,"attributes":{"operation":"outbox"},"timestamp":"2026-09-29T00:54:19.406Z"}
{"event":"worker.metric","name":"worker_outbox_processed_total","value":1,"attributes":{"status":"processed"},"timestamp":"2026-09-29T00:54:19.423Z"}
{"event":"worker.outbox.processed","level":"info","timestamp":"2026-09-29T00:54:19.424Z","eventId":"outbox_fad26913-57d4-44ad-ae29-cf0411106a2f","workerId":"worker-pg-continuous-192-d","status":"processed","attempt":1,"leaseLost":false,"operation":"outbox"}
{"event":"worker.metric","name":"worker_outbox_processed_total","value":1,"attributes":{"status":"processed"},"timestamp":"2026-09-29T00:54:19.431Z"}
{"event":"worker.outbox.processed","level":"info","timestamp":"2026-09-29T00:54:19.431Z","eventId":"outbox_ff45d00a-f389-48af-8599-43ad6fb6aca2","workerId":"worker-pg-continuous-192-d","status":"processed","attempt":1,"leaseLost":false,"operation":"outbox"}
{"event":"worker.idle_backoff","level":"debug","timestamp":"2026-09-29T00:54:19.434Z","workerId":"worker-pg-continuous-192-d","backoffMs":5,"lag":0}
{"event":"worker.idle_backoff","level":"debug","timestamp":"2026-09-29T00:54:19.446Z","workerId":"worker-pg-continuous-192-d","backoffMs":10,"lag":0}
{"event":"worker.outbox.summary","level":"info","timestamp":"2026-09-29T00:54:19.450Z","workerId":"worker-pg-continuous-192-d","reason":"stop","claimed":2,"processed":2,"failed":0,"deadLettered":0,"handoffs":0,"errors":0,"claimFailures":0,"leaseLost":0,"heartbeats":0,"idlePolls":2,"released":0,"lag":0,"inFlight":0}
{"event":"worker.stopped","level":"info","timestamp":"2026-09-29T00:54:19.450Z","workerId":"worker-pg-continuous-192-d","drained":true,"released":0,"releaseFailed":0,"processed":2,"failed":0,"deadLettered":0,"lag":0}
{"event":"worker.started","level":"info","timestamp":"2026-09-29T00:54:19.457Z","workerId":"worker-pg-continuous-192-e","concurrency":1,"pollIntervalMs":5,"idleMaxBackoffMs":5000,"errorBackoffMs":500,"errorMaxBackoffMs":30000,"leaseMs":1000,"heartbeatIntervalMs":333,"drainMs":5000,"backlogProbe":true,"sweeps":false,"externalEffects":false,"durable":true}
{"event":"worker.outbox.summary","level":"info","timestamp":"2026-09-29T00:54:19.457Z","workerId":"worker-pg-continuous-192-e","reason":"start","claimed":0,"processed":0,"failed":0,"deadLettered":0,"handoffs":0,"errors":0,"claimFailures":0,"leaseLost":0,"heartbeats":0,"idlePolls":0,"released":0,"lag":null,"inFlight":0}
{"event":"worker.metric","name":"worker_outbox_lag","value":0,"attributes":{"operation":"outbox"},"timestamp":"2026-09-29T00:54:19.481Z"}
{"event":"worker.shutdown_release","level":"warn","timestamp":"2026-09-29T00:54:19.523Z","eventId":"outbox_66b80e79-6d95-465c-9478-b8b4d4975e35","workerId":"worker-pg-continuous-192-e","operation":"outbox"}
{"event":"worker.metric","name":"worker_outbox_shutdown_releases_total","value":1,"attributes":{"outcome":"released"},"timestamp":"2026-09-29T00:54:19.523Z"}
{"event":"worker.outbox.summary","level":"info","timestamp":"2026-09-29T00:54:19.523Z","workerId":"worker-pg-continuous-192-e","reason":"stop","claimed":1,"processed":0,"failed":0,"deadLettered":0,"handoffs":0,"errors":0,"claimFailures":0,"leaseLost":0,"heartbeats":0,"idlePolls":0,"released":1,"lag":0,"inFlight":1}
{"event":"worker.stopped","level":"info","timestamp":"2026-09-29T00:54:19.523Z","workerId":"worker-pg-continuous-192-e","drained":false,"released":1,"releaseFailed":0,"processed":0,"failed":0,"deadLettered":0,"lag":0}
{"event":"worker.event_error","level":"error","timestamp":"2026-09-29T00:54:19.532Z","eventId":"outbox_66b80e79-6d95-465c-9478-b8b4d4975e35","workerId":"worker-pg-continuous-192-e","attempt":1,"error":"outbox_error:conflict","operation":"outbox"}
{"event":"worker.metric","name":"worker_outbox_errors_total","value":1,"attributes":{"outcome":"error"},"timestamp":"2026-09-29T00:54:19.532Z"}
{"event":"worker.started","level":"info","timestamp":"2026-09-29T00:54:19.536Z","workerId":"worker-pg-continuous-192-f","concurrency":2,"pollIntervalMs":5,"idleMaxBackoffMs":5000,"errorBackoffMs":500,"errorMaxBackoffMs":30000,"leaseMs":1000,"heartbeatIntervalMs":333,"drainMs":5000,"backlogProbe":true,"sweeps":false,"externalEffects":false,"durable":true}
{"event":"worker.outbox.summary","level":"info","timestamp":"2026-09-29T00:54:19.536Z","workerId":"worker-pg-continuous-192-f","reason":"start","claimed":0,"processed":0,"failed":0,"deadLettered":0,"handoffs":0,"errors":0,"claimFailures":0,"leaseLost":0,"heartbeats":0,"idlePolls":0,"released":0,"lag":null,"inFlight":0}
{"event":"worker.metric","name":"worker_outbox_lag","value":0,"attributes":{"operation":"outbox"},"timestamp":"2026-09-29T00:54:19.554Z"}
{"event":"worker.idle_backoff","level":"debug","timestamp":"2026-09-29T00:54:19.554Z","workerId":"worker-pg-continuous-192-f","backoffMs":5,"lag":0}
{"event":"worker.idle_backoff","level":"debug","timestamp":"2026-09-29T00:54:19.565Z","workerId":"worker-pg-continuous-192-f","backoffMs":10,"lag":0}
{"event":"worker.idle_backoff","level":"debug","timestamp":"2026-09-29T00:54:19.581Z","workerId":"worker-pg-continuous-192-f","backoffMs":20,"lag":0}
{"event":"worker.idle_backoff","level":"debug","timestamp":"2026-09-29T00:54:19.606Z","workerId":"worker-pg-continuous-192-f","backoffMs":40,"lag":0}
{"event":"worker.idle_backoff","level":"debug","timestamp":"2026-09-29T00:54:19.657Z","workerId":"worker-pg-continuous-192-f","backoffMs":80,"lag":0}
{"event":"worker.idle_backoff","level":"debug","timestamp":"2026-09-29T00:54:19.740Z","workerId":"worker-pg-continuous-192-f","backoffMs":160,"lag":0}
{"event":"worker.idle_backoff","level":"debug","timestamp":"2026-09-29T00:54:19.904Z","workerId":"worker-pg-continuous-192-f","backoffMs":320,"lag":0}
{"event":"worker.idle_backoff","level":"debug","timestamp":"2026-09-29T00:54:20.233Z","workerId":"worker-pg-continuous-192-f","backoffMs":640,"lag":0}
{"event":"worker.outbox.summary","level":"info","timestamp":"2026-09-29T00:54:20.537Z","workerId":"worker-pg-continuous-192-f","reason":"interval","claimed":0,"processed":0,"failed":0,"deadLettered":0,"handoffs":0,"errors":0,"claimFailures":0,"leaseLost":0,"heartbeats":0,"idlePolls":8,"released":0,"lag":0,"inFlight":0}
{"event":"worker.metric","name":"worker_outbox_lag","value":0,"attributes":{"operation":"outbox"},"timestamp":"2026-09-29T00:54:20.893Z"}
{"event":"worker.idle_backoff","level":"debug","timestamp":"2026-09-29T00:54:20.893Z","workerId":"worker-pg-continuous-192-f","backoffMs":5,"lag":0}
{"event":"worker.idle_backoff","level":"debug","timestamp":"2026-09-29T00:54:20.902Z","workerId":"worker-pg-continuous-192-f","backoffMs":10,"lag":0}
{"event":"worker.idle_backoff","level":"debug","timestamp":"2026-09-29T00:54:20.918Z","workerId":"worker-pg-continuous-192-f","backoffMs":20,"lag":0}
{"event":"worker.metric","name":"worker_outbox_processed_total","value":1,"attributes":{"status":"processed"},"timestamp":"2026-09-29T00:54:20.918Z"}
{"event":"worker.outbox.processed","level":"info","timestamp":"2026-09-29T00:54:20.918Z","eventId":"outbox_66b80e79-6d95-465c-9478-b8b4d4975e35","workerId":"worker-pg-continuous-192-f","status":"processed","attempt":2,"leaseLost":false,"operation":"outbox"}
{"event":"worker.outbox.summary","level":"info","timestamp":"2026-09-29T00:54:20.919Z","workerId":"worker-pg-continuous-192-f","reason":"stop","claimed":1,"processed":1,"failed":0,"deadLettered":0,"handoffs":0,"errors":0,"claimFailures":0,"leaseLost":0,"heartbeats":0,"idlePolls":11,"released":0,"lag":0,"inFlight":0}
{"event":"worker.stopped","level":"info","timestamp":"2026-09-29T00:54:20.919Z","workerId":"worker-pg-continuous-192-f","drained":true,"released":0,"releaseFailed":0,"processed":1,"failed":0,"deadLettered":0,"lag":0}
 ✓ apps/worker/src/__tests__/continuous-worker-postgres.integration.test.ts (2 tests) 2993ms
     ✓ consumes events across a simulated restart and dead-letters a poison event  699ms
     ✓ observes queue lag, completes in-flight work on shutdown and releases bounded leases  2292ms
 ✓ apps/api/src/__tests__/postgres-persistence-mode.test.ts (45 tests) 2963ms
     ✓ commits and rolls back the tenant-scoped runtime finalizer atomically  691ms
     ✓ validates tenant-scoped startup with separate migration and runtime roles  890ms
     ✓ rejects missing rate-limit table or index before PostgreSQL startup  483ms
 ✓ packages/persistence/src/__tests__/platform-postgres-smoke.test.ts (5 tests) 2664ms
     ✓ persists an immutable published version and a tenant-scoped trace  581ms
     ✓ persists versioned suites and redacted A/B run metadata under tenant RLS  597ms
     ✓ persists tenant-scoped plugin metadata with immutable identity and guarded status  507ms
     ✓ persists tenant-scoped knowledge source metadata without content or lifecycle bypass  484ms
     ✓ persists a validated release-candidate evidence ledger without mutating the version  492ms
 ✓ apps/worker/src/__tests__/operational-harness-process-restart.integration.test.ts (1 test) 2022ms
     ✓ reclaims a child-process claim after fault and completes with competing worker authority  2018ms
 ✓ apps/worker/src/__tests__/operational-harness-capability-postgres.integration.test.ts (4 tests) 1780ms
     ✓ replays a confirmed capability effect after a fresh pool/composition and isolates tenants  526ms
     ✓ persists an uncertain capability effect and rejects retry after fresh composition  401ms
     ✓ executes the capability through the durable PostgreSQL worker path for isolated tenants  335ms
     ✓ recovers a durable approval and executes the capability after fresh worker composition  516ms
 ✓ apps/api/src/__tests__/tenant-schema-inventory-postgres.test.ts (4 tests) 2070ms
     ✓ every tenant_id table in the catalog is inventoried and verified  412ms
     ✓ fails when a tenant-scoped table is removed  589ms
     ✓ fails when migration 0022 is not applied  518ms
     ✓ fails a least-privilege role without grants on new tables  548ms
 ✓ apps/api/src/__tests__/journeys-api-postgres.test.ts (10 tests) 1679ms
     ✓ applies migration 0014 during postgres startup before serving journeys  572ms
 ✓ packages/persistence/src/__tests__/outbox-content-binding-postgres.test.ts (3 tests) 1158ms
     ✓ returns the same record for an identical replay across instances  447ms
     ✓ rejects divergent type/payload/version without mutating the winner  358ms
     ✓ lets one concurrent divergent writer win and rejects the other  350ms
 ✓ packages/persistence/src/__tests__/outbox-durability.test.ts (6 tests) 1425ms
     ✓ backfills a legacy processed row while RLS is already forced  312ms
     ✓ claims once across two connections, journals at-least-once ack, retries and requeues in-place  481ms
     ✓ commits inbound message and durable intent together  337ms
 ✓ packages/persistence/src/__tests__/runtime-approval-store-postgres.test.ts (11 tests) 1406ms
     ✓ applies 0015 additively over 0014 with the checksum guard  489ms
 ✓ legacy/packages/secretary-journeys/src/__tests__/journeys-postgres.test.ts (24 tests) 1731ms
     ✓ applies 0014 additively over a 0013 database and preserves prior data  661ms
 ✓ apps/worker/src/__tests__/kernel-composition-postgres.integration.test.ts (10 tests) 1199ms
     ✓ runs the approved draft write once and replays without a second effect  383ms
 ✓ apps/api/src/__tests__/trusted-replay-distributed-postgres.test.ts (2 tests) 1065ms
     ✓ rejects the same token on a second process and after restart  594ms
     ✓ fails closed when the replay store is unavailable  469ms
 ✓ packages/persistence/src/__tests__/platform-approval-postgres.test.ts (2 tests) 1031ms
     ✓ persists bindings and consumes approvals atomically exactly once  629ms
     ✓ enforces tenant visibility for the durable approval table under FORCE RLS  400ms
 ✓ apps/worker/src/__tests__/operational-harness-iterative-postgres.integration.test.ts (1 test) 1017ms
     ✓ persists steps/checkpoints, isolates tenants, and resumes WAITING_USER on a fresh pool  1016ms
 ✓ packages/persistence/src/__tests__/tenant-isolation.test.ts (14 tests) 838ms
     ✓ enforces cross-tenant isolation with a non-BYPASSRLS role and resets pooled context  365ms
     ✓ quarantines legacy tenant mismatches before enabling RLS  435ms
 ✓ apps/worker/src/__tests__/postgres-outbox-bridge.integration.test.ts (2 tests) 615ms
     ✓ consumes the event written by the API through a separate worker pool  613ms
 ✓ apps/worker/src/__tests__/postgres-role-preflight.test.ts (13 tests) 663ms
 ✓ apps/worker/src/__tests__/operational-harness-synthetic-effect-postgres.integration.test.ts (1 test) 556ms
     ✓ persists HTTP acceptance, one journaled synthetic effect, replay, and status  555ms
 ✓ apps/api/src/__tests__/homolog-correlation-postgres.test.ts (1 test) 816ms
     ✓ binds the response correlation to one PII-free audit event  814ms
 ✓ packages/persistence/src/__tests__/channel-effect-journal-postgres.test.ts (12 tests) 512ms
 ✓ packages/persistence/src/__tests__/operational-execution-postgres.test.ts (4 tests) 397ms
 ✓ packages/persistence/src/__tests__/effect-journal-postgres.test.ts (10 tests) 412ms
 ✓ packages/persistence/src/__tests__/attendance-approval-postgres.test.ts (1 test) 332ms
     ✓ forces two connections past the same pending read and rolls back failed audit  330ms
 ✓ legacy/packages/secretary-journeys/src/__tests__/journey-task-atomicity.test.ts (8 tests) 374ms
 ✓ apps/worker/src/__tests__/homolog-health-postgres.test.ts (5 tests) 310ms
 ✓ packages/persistence/src/__tests__/session-version-pinning-postgres.test.ts (2 tests) 278ms
 ✓ apps/api/src/__tests__/webhook-security.test.ts (16 tests) 299ms
 ✓ apps/worker/src/__tests__/operational-harness-iterative.test.ts (5 tests) 207ms
 ✓ packages/persistence/src/__tests__/postgres-migration-smoke.test.ts (10 tests) 86ms
 ✓ packages/chaos/src/__tests__/chaos-postgres.test.ts (2 tests) 53ms
 ✓ packages/persistence/src/__tests__/audit-evidence-checkpoint-postgres.test.ts (2 tests) 19ms

 Test Files  35 passed (35)
      Tests  258 passed (258)
   Start at  21:54:00
   Duration  86.14s (transform 1.77s, setup 0ms, import 11.94s, tests 44.64s, environment 24.76s)

