{
  "scope": "synthetic-local-only",
  "realData": false,
  "externalEffects": false,
  "checks": {
    "futureTimestampReplay": {
      "first": true,
      "immediateReplay": false,
      "delayedReplay": true,
      "advanceMs": 301000,
      "signatureFutureSeconds": 299,
      "expectedDelayedReplay": false
    },
    "missingSessionStore": {
      "status": 503,
      "error": {
        "code": "configuration_error",
        "message": "Trusted operator session bootstrap is unavailable"
      },
      "oidcStartRegistered": false,
      "oidcCallbackRegistered": false
    },
    "otelBoundary": {
      "externalSdkInput": [
        {
          "operation": "startSpan",
          "name": "aud0590-probe",
          "attributes": {
            "authorization": "AUD0590_SYNTHETIC_MARKER"
          }
        },
        {
          "operation": "setAttribute",
          "key": "api_key",
          "value": "AUD0590_SYNTHETIC_MARKER"
        }
      ],
      "localFallback": [
        {
          "name": "aud0590-probe",
          "traceId": "00000000000000000000000000000590",
          "spanId": "7c9965a0417f93f7",
          "parentSpanId": "0000000000000590",
          "correlationId": "corr_unknown_span",
          "startedAt": "2026-09-29T00:55:49.567Z",
          "endedAt": "2026-09-29T00:55:49.567Z",
          "durationMs": 0,
          "status": "ok",
          "attributes": {
            "authorization": "AUD0590_SYNTHETIC_MARKER",
            "api_key": "AUD0590_SYNTHETIC_MARKER"
          }
        }
      ],
      "expected": "sensitive keys redacted before every SDK call",
      "defaultApiUsesThisAdapter": false
    },
    "fencingPreflight": {
      "baselineAccepted": true,
      "missingRejected": true,
      "decoyAccepted": true,
      "tautologyAccepted": true,
      "expectedDecoyAccepted": false,
      "expectedTautologyAccepted": false
    }
  },
  "syntheticSchemaRemaining": 0,
  "sources": [
    {
      "path": "apps/api/src/webhook-security.ts",
      "sha256": "dd76b0107ab392fc77d754e7a41aefe51b998c2efe2488bf71a79975fe42db77"
    },
    {
      "path": "apps/api/src/server.ts",
      "sha256": "76a588fbc40640638ede9a6c0f79b0926b7750557a06e9f36659150482fc38fa"
    },
    {
      "path": "apps/api/src/tenant-preflight.ts",
      "sha256": "5b212afac027408bce01b86773045bbef106d9796c24fbc498e00c02441bda94"
    },
    {
      "path": "packages/observability/src/otel.ts",
      "sha256": "0811b07301a1d7b2a8d72bb972c51b2d3c6bb749ba873ad61ea50f27e7bcb1d6"
    },
    {
      "path": "packages/persistence/migrations/0025_webhook_replay_fencing.sql",
      "sha256": "29f8e4a03d82bd6f49f4924b8938f180b67a9124e5ef9f89eec3f24463ea4bf7"
    }
  ]
}
