
 RUN  v4.1.11 /tmp/opencode/aaa12-mutation/work-M14

 ❯ packages/channel-gateway/src/__tests__/channel-effect-journal.test.ts (11 tests | 1 failed) 67ms
     × 9. distinct tenants with the same key do not interfere 10ms

 Test Files  1 failed | 10 passed (11)
      Tests  1 failed | 105 passed (106)
   Start at  21:15:48
   Duration  8.84s (transform 222ms, setup 0ms, import 1.07s, tests 620ms, environment 5.95s)


⎯⎯⎯⎯⎯⎯⎯ Failed Tests 1 ⎯⎯⎯⎯⎯⎯⎯

 FAIL  packages/channel-gateway/src/__tests__/channel-effect-journal.test.ts > channel effect journal contract > 9. distinct tenants with the same key do not interfere
AssertionError: expected [ Array(1) ] to have a length of 2 but got 1

- Expected
+ Received

- 2
+ 1

 ❯ packages/channel-gateway/src/__tests__/channel-effect-journal.test.ts:352:26
    350|     ])
    351|
    352|     expect(adapter.sent).toHaveLength(2)
       |                          ^
    353|     expect(resultA.accepted).toBe(true)
    354|     expect(resultB.accepted).toBe(true)

⎯⎯⎯⎯⎯⎯⎯⎯⎯⎯⎯⎯⎯⎯⎯⎯⎯⎯⎯⎯⎯⎯⎯⎯[1/1]⎯

