
> cvg-agent-secretary-v2@1.0.0 certify
> node scripts/phase10-certify.mjs

[certify] candidate=79a2a0d422e2da7b5348d827f857afc15fc55c73cdf2962f122ddb6ef361710d run=run-79a2a0d422e2-mtyz5kfq files=799 dirty=true
[certify] PASS         format (exit 0, 25245ms)
[certify] PASS         typecheck (exit 0, 16518ms)
[certify] PASS         lint (exit 0, 10864ms)
[certify] PASS         build (exit 0, 18938ms)
[certify] PASS         unit (exit 0, 273995ms)
[certify] PASS         coverage (exit 0, 250831ms)
[certify] PASS         security (exit 0, 699ms)
[certify] PASS         worker_startup (exit 0, 1091ms)
[certify] PASS         postgres (exit 0, 16136ms)
[certify] PASS         e2e (exit 0, 18521ms)
[certify] PASS         evals (exit 0, 561ms)
[certify] PASS         chaos (exit 0, 3644ms)
[certify] PASS         load (exit 0, 17129ms)
[certify] PASS         restore (exit 0, 701ms)
[certify] PASS         sbom (exit 0, 43ms)
[certify] PASS         licenses (exit 0, 42ms)
[certify] started=2026-09-12T22:46:34.016Z decision=CONDITIONAL_GO certification=AAA_CONTROLLED
[certify] PASS         format
[certify] PASS         typecheck
[certify] PASS         lint
[certify] PASS         build
[certify] PASS         unit
[certify] PASS         coverage
[certify] PASS         security
[certify] PASS         worker_startup
[certify] PASS         postgres
[certify] PASS         e2e
[certify] PASS         evals
[certify] PASS         chaos
[certify] PASS         load
[certify] PASS         restore
[certify] PASS         sbom
[certify] PASS         licenses
