
 RUN  v4.1.11 /home/ricardo/cvg-agent-secretary-v2

 ❯ packages/policy-engine/src/__tests__/capability-scope.test.ts (15 tests | 4 failed) 16ms
     × denies sensitive actions smuggled through a draft capability 5ms
     × denies sensitive actions smuggled through create or read capabilities 1ms
     × keeps declared aliases and rejects undeclared ones 1ms
     × does not let tenant policy expand a capability/action mismatch 1ms
 ❯ packages/agent-runtime/src/__tests__/capability-action-binding.test.ts (3 tests | 2 failed) 20ms
     × denies smuggled sensitive actions with zero fake-tool calls 15ms
     × keeps confirm/reschedule denied without grant and cancel behind approval 2ms

⎯⎯⎯⎯⎯⎯⎯ Failed Tests 6 ⎯⎯⎯⎯⎯⎯⎯

 FAIL  packages/agent-runtime/src/__tests__/capability-action-binding.test.ts > AAA08-C1-F01 public boundary: capability/action/resource binding > denies smuggled sensitive actions with zero fake-tool calls
AssertionError: appointment.confirm: expected 'executed' to be 'denied' // Object.is equality

Expected: "denied"
Received: "executed"

 ❯ packages/agent-runtime/src/__tests__/capability-action-binding.test.ts:108:38
    106|         turnInput({ capability: 'appointment.modify', action })
    107|       )
    108|       expect(result.outcome, action).toBe('denied')
       |                                      ^
    109|       expect(result.decision.decision, action).toBe('DENY')
    110|       expect(result.reason, action).toBe('action_capability_mismatch')

⎯⎯⎯⎯⎯⎯⎯⎯⎯⎯⎯⎯⎯⎯⎯⎯⎯⎯⎯⎯⎯⎯⎯⎯[1/6]⎯

 FAIL  packages/agent-runtime/src/__tests__/capability-action-binding.test.ts > AAA08-C1-F01 public boundary: capability/action/resource binding > keeps confirm/reschedule denied without grant and cancel behind approval
AssertionError: expected 'policy_denied' to be 'capability_not_granted' // Object.is equality

Expected: "capability_not_granted"
Received: "policy_denied"

 ❯ packages/agent-runtime/src/__tests__/capability-action-binding.test.ts:132:34
    130|     )
    131|     expect(confirmResult.outcome).toBe('denied')
    132|     expect(confirmResult.reason).toBe('capability_not_granted')
       |                                  ^
    133|     expect(confirm.toolExecutor).not.toHaveBeenCalled()
    134|

⎯⎯⎯⎯⎯⎯⎯⎯⎯⎯⎯⎯⎯⎯⎯⎯⎯⎯⎯⎯⎯⎯⎯⎯[2/6]⎯

 FAIL  packages/policy-engine/src/__tests__/capability-scope.test.ts > AAA08-C1-F01 action/capability binding > denies sensitive actions smuggled through a draft capability
AssertionError: appointment.confirm: expected 'ALLOW' to be 'DENY' // Object.is equality

Expected: "DENY"
Received: "ALLOW"

 ❯ packages/policy-engine/src/__tests__/capability-scope.test.ts:215:41
    213|         })
    214|       )
    215|       expect(decision.decision, action).toBe('DENY')
       |                                         ^
    216|       expect(decision.reason, action).toBe('action_capability_mismatch…
    217|     }

⎯⎯⎯⎯⎯⎯⎯⎯⎯⎯⎯⎯⎯⎯⎯⎯⎯⎯⎯⎯⎯⎯⎯⎯[3/6]⎯

 FAIL  packages/policy-engine/src/__tests__/capability-scope.test.ts > AAA08-C1-F01 action/capability binding > denies sensitive actions smuggled through create or read capabilities
AssertionError: expected 'ALLOW' to be 'DENY' // Object.is equality

Expected: "DENY"
Received: "ALLOW"

 ❯ packages/policy-engine/src/__tests__/capability-scope.test.ts:228:32
    226|       })
    227|     )
    228|     expect(viaCreate.decision).toBe('DENY')
       |                                ^
    229|     expect(viaCreate.reason).toBe('action_capability_mismatch')
    230|

⎯⎯⎯⎯⎯⎯⎯⎯⎯⎯⎯⎯⎯⎯⎯⎯⎯⎯⎯⎯⎯⎯⎯⎯[4/6]⎯

 FAIL  packages/policy-engine/src/__tests__/capability-scope.test.ts > AAA08-C1-F01 action/capability binding > keeps declared aliases and rejects undeclared ones
AssertionError: expected 'ALLOW' to be 'DENY' // Object.is equality

Expected: "DENY"
Received: "ALLOW"

 ❯ packages/policy-engine/src/__tests__/capability-scope.test.ts:260:33
    258|       })
    259|     )
    260|     expect(undeclared.decision).toBe('DENY')
       |                                 ^
    261|     expect(undeclared.reason).toBe('action_capability_mismatch')
    262|   })

⎯⎯⎯⎯⎯⎯⎯⎯⎯⎯⎯⎯⎯⎯⎯⎯⎯⎯⎯⎯⎯⎯⎯⎯[5/6]⎯

 FAIL  packages/policy-engine/src/__tests__/capability-scope.test.ts > AAA08-C1-F01 action/capability binding > does not let tenant policy expand a capability/action mismatch
AssertionError: expected 'ALLOW' to be 'DENY' // Object.is equality

Expected: "DENY"
Received: "ALLOW"

 ❯ packages/policy-engine/src/__tests__/capability-scope.test.ts:293:31
    291|       })
    292|     )
    293|     expect(decision.decision).toBe('DENY')
       |                               ^
    294|     expect(decision.reason).toBe('action_capability_mismatch')
    295|   })

⎯⎯⎯⎯⎯⎯⎯⎯⎯⎯⎯⎯⎯⎯⎯⎯⎯⎯⎯⎯⎯⎯⎯⎯[6/6]⎯


 Test Files  2 failed (2)
      Tests  6 failed | 12 passed (18)
   Start at  18:31:55
   Duration  1.74s (transform 197ms, setup 0ms, import 392ms, tests 36ms, environment 1.08s)

red-rework-exit=1
