{
  "fixture": "synthetic-only; tool records payload in memory",
  "results": [
    {
      "capability": "appointment.modify",
      "action": "appointment.confirm",
      "resourceType": "appointment_draft",
      "outcome": "denied",
      "decision": "DENY",
      "reason": "action_capability_mismatch",
      "toolCalls": 0
    },
    {
      "capability": "appointment.modify",
      "action": "appointment.reschedule",
      "resourceType": "appointment_draft",
      "outcome": "denied",
      "decision": "DENY",
      "reason": "action_capability_mismatch",
      "toolCalls": 0
    },
    {
      "capability": "appointment.modify",
      "action": "appointment.cancel",
      "resourceType": "appointment_draft",
      "outcome": "denied",
      "decision": "DENY",
      "reason": "action_capability_mismatch",
      "toolCalls": 0
    }
  ]
}
