
 RUN  v4.1.11 /home/ricardo/cvg-agent-secretary-v2

 ❯ packages/agent-runtime/src/__tests__/runtime-journal.test.ts (16 tests | 4 failed) 140ms
     × releases an orphaned expired RESERVED reservation to APPROVED at the next turn start 11ms
     × releases an expired reservation without effect evidence to APPROVED 4ms
     × marks an expired reservation with EFFECT_STARTED uncertainty UNCERTAIN 4ms
     × fails closed with approval_sweep_failed and no effect when the approval sweep throws 2ms

⎯⎯⎯⎯⎯⎯⎯ Failed Tests 4 ⎯⎯⎯⎯⎯⎯⎯

 FAIL  packages/agent-runtime/src/__tests__/runtime-journal.test.ts > P2-1: start-of-turn approval releaseExpired sweep > releases an orphaned expired RESERVED reservation to APPROVED at the next turn start
AssertionError: expected 'EXECUTING' to be 'APPROVED' // Object.is equality

Expected: "APPROVED"
Received: "EXECUTING"

 ❯ packages/agent-runtime/src/__tests__/runtime-journal.test.ts:718:62
    716|     expect(result.outcome).toBe('approval_required')
    717|     expect(result.approvalId).not.toBe(approvalId)
    718|     expect(harness.approvals.get(TENANT, approvalId).status).toBe('APP…
       |                                                              ^
    719|     await expect(journal.get(TENANT, operationKey)).resolves.toMatchOb…
    720|       state: 'ABANDONED'

⎯⎯⎯⎯⎯⎯⎯⎯⎯⎯⎯⎯⎯⎯⎯⎯⎯⎯⎯⎯⎯⎯⎯⎯[1/4]⎯

 FAIL  packages/agent-runtime/src/__tests__/runtime-journal.test.ts > P2-1: start-of-turn approval releaseExpired sweep > releases an expired reservation without effect evidence to APPROVED
AssertionError: expected 'EXECUTING' to be 'APPROVED' // Object.is equality

Expected: "APPROVED"
Received: "EXECUTING"

 ❯ packages/agent-runtime/src/__tests__/runtime-journal.test.ts:743:62
    741|
    742|     expect(result.outcome).toBe('approval_required')
    743|     expect(harness.approvals.get(TENANT, approvalId).status).toBe('APP…
       |                                                              ^
    744|     expect(harness.toolExecutor).not.toHaveBeenCalled()
    745|     expect(harness.outbox).not.toHaveBeenCalled()

⎯⎯⎯⎯⎯⎯⎯⎯⎯⎯⎯⎯⎯⎯⎯⎯⎯⎯⎯⎯⎯⎯⎯⎯[2/4]⎯

 FAIL  packages/agent-runtime/src/__tests__/runtime-journal.test.ts > P2-1: start-of-turn approval releaseExpired sweep > marks an expired reservation with EFFECT_STARTED uncertainty UNCERTAIN
AssertionError: expected 'EXECUTING' to be 'UNCERTAIN' // Object.is equality

Expected: "UNCERTAIN"
Received: "EXECUTING"

 ❯ packages/agent-runtime/src/__tests__/runtime-journal.test.ts:778:62
    776|
    777|     expect(result.outcome).toBe('approval_required')
    778|     expect(harness.approvals.get(TENANT, approvalId).status).toBe('UNC…
       |                                                              ^
    779|     await expect(journal.get(TENANT, operationKey)).resolves.toMatchOb…
    780|       state: 'UNCERTAIN'

⎯⎯⎯⎯⎯⎯⎯⎯⎯⎯⎯⎯⎯⎯⎯⎯⎯⎯⎯⎯⎯⎯⎯⎯[3/4]⎯

 FAIL  packages/agent-runtime/src/__tests__/runtime-journal.test.ts > P2-1: start-of-turn approval releaseExpired sweep > fails closed with approval_sweep_failed and no effect when the approval sweep throws
AssertionError: expected 'approval_required' to be 'denied' // Object.is equality

Expected: "denied"
Received: "approval_required"

 ❯ packages/agent-runtime/src/__tests__/runtime-journal.test.ts:797:28
    795|     const result = await harness.runtime.runTurn(turnInput())
    796|
    797|     expect(result.outcome).toBe('denied')
       |                            ^
    798|     expect(result.reason).toBe('approval_sweep_failed')
    799|     expect(harness.providerCalls()).toBe(0)

⎯⎯⎯⎯⎯⎯⎯⎯⎯⎯⎯⎯⎯⎯⎯⎯⎯⎯⎯⎯⎯⎯⎯⎯[4/4]⎯


 Test Files  1 failed (1)
      Tests  4 failed | 12 passed (16)
   Start at  00:34:14
   Duration  1.46s (transform 371ms, setup 0ms, import 544ms, tests 140ms, environment 635ms)

