
> cvg-operational-harness@1.0.0 test:postgres
> vitest run --testTimeout=60000 --no-file-parallelism packages/persistence/src/__tests__/postgres-migration-smoke.test.ts packages/persistence/src/__tests__/tenant-isolation.test.ts packages/persistence/src/__tests__/platform-postgres-smoke.test.ts packages/persistence/src/__tests__/platform-approval-postgres.test.ts packages/persistence/src/__tests__/audit-evidence-checkpoint-postgres.test.ts packages/persistence/src/__tests__/session-version-pinning-postgres.test.ts packages/persistence/src/__tests__/outbox-durability.test.ts packages/persistence/src/__tests__/effect-journal-postgres.test.ts packages/persistence/src/__tests__/channel-effect-journal-postgres.test.ts apps/api/src/__tests__/postgres-persistence-mode.test.ts apps/api/src/__tests__/webhook-security.test.ts apps/api/src/__tests__/journeys-api-postgres.test.ts apps/worker/src/__tests__/postgres-outbox-bridge.integration.test.ts packages/chaos/src/__tests__/chaos-postgres.test.ts packages/persistence/src/__tests__/journeys-postgres.test.ts apps/worker/src/__tests__/continuous-worker-postgres.integration.test.ts apps/worker/src/__tests__/postgres-role-preflight.test.ts packages/persistence/src/__tests__/attendance-approval-postgres.test.ts packages/persistence/src/__tests__/journey-task-atomicity.test.ts packages/persistence/src/__tests__/runtime-approval-store-postgres.test.ts packages/persistence/src/__tests__/operational-execution-postgres.test.ts apps/worker/src/__tests__/operational-harness-process-restart.integration.test.ts apps/worker/src/__tests__/operational-harness-synthetic-effect-postgres.integration.test.ts apps/worker/src/__tests__/operational-harness-capability-postgres.integration.test.ts apps/worker/src/__tests__/kernel-composition-postgres.integration.test.ts apps/worker/src/__tests__/operational-harness-iterative.test.ts apps/worker/src/__tests__/operational-harness-iterative-postgres.integration.test.ts apps/api/src/__tests__/approval-decision-atomicity-postgres.test.ts packages/persistence/src/__tests__/outbox-content-binding-postgres.test.ts apps/api/src/__tests__/tenant-schema-inventory-postgres.test.ts apps/api/src/__tests__/trusted-replay-distributed-postgres.test.ts apps/api/src/__tests__/rate-limit-distributed-postgres.test.ts apps/worker/src/__tests__/operational-harness-homolog.integration.test.ts apps/api/src/__tests__/homolog-correlation-postgres.test.ts apps/worker/src/__tests__/homolog-health-postgres.test.ts --reporter=default --reporter=json --outputFile=docs/04_audit/evidence/AUD-20260920/AUD20-005/postgres-test-report.json


 RUN  v4.1.11 /home/ricardo/Área de trabalho/cvg-operational-harness

 ✓ apps/worker/src/__tests__/operational-harness-homolog.integration.test.ts (3 tests) 7044ms
     ✓ reclaims a SIGKILLed claim in a second process with one terminal outcome  3761ms
     ✓ refuses to start without arming, database or outside homolog scope  973ms
     ✓ drains cleanly on SIGTERM with no work pending  2309ms
 ✓ packages/persistence/src/__tests__/platform-postgres-smoke.test.ts (5 tests) 3502ms
     ✓ persists an immutable published version and a tenant-scoped trace  759ms
     ✓ persists versioned suites and redacted A/B run metadata under tenant RLS  695ms
     ✓ persists tenant-scoped plugin metadata with immutable identity and guarded status  697ms
     ✓ persists tenant-scoped knowledge source metadata without content or lifecycle bypass  664ms
     ✓ persists a validated release-candidate evidence ledger without mutating the version  685ms
{"event":"worker.started","level":"info","timestamp":"2026-09-20T23:48:27.647Z","workerId":"worker-pg-continuous-192-a","concurrency":2,"pollIntervalMs":5,"idleMaxBackoffMs":5000,"errorBackoffMs":500,"errorMaxBackoffMs":30000,"leaseMs":1000,"heartbeatIntervalMs":333,"drainMs":5000,"backlogProbe":true,"sweeps":false,"externalEffects":false,"durable":true}
{"event":"worker.outbox.summary","level":"info","timestamp":"2026-09-20T23:48:27.649Z","workerId":"worker-pg-continuous-192-a","reason":"start","claimed":0,"processed":0,"failed":0,"deadLettered":0,"handoffs":0,"errors":0,"claimFailures":0,"leaseLost":0,"heartbeats":0,"idlePolls":0,"released":0,"lag":null,"inFlight":0}
{"event":"worker.metric","name":"worker_outbox_lag","value":0,"attributes":{"operation":"outbox"},"timestamp":"2026-09-20T23:48:27.676Z"}
{"event":"worker.idle_backoff","level":"debug","timestamp":"2026-09-20T23:48:27.676Z","workerId":"worker-pg-continuous-192-a","backoffMs":5,"lag":0}
{"event":"worker.idle_backoff","level":"debug","timestamp":"2026-09-20T23:48:27.685Z","workerId":"worker-pg-continuous-192-a","backoffMs":10,"lag":0}
{"event":"worker.metric","name":"worker_outbox_processed_total","value":1,"attributes":{"status":"processed"},"timestamp":"2026-09-20T23:48:27.693Z"}
{"event":"worker.outbox.processed","level":"info","timestamp":"2026-09-20T23:48:27.693Z","eventId":"outbox_0b06494c-91e8-49d3-90f5-affde0ee981f","workerId":"worker-pg-continuous-192-a","status":"processed","attempt":1,"leaseLost":false,"operation":"outbox"}
{"event":"worker.idle_backoff","level":"debug","timestamp":"2026-09-20T23:48:27.700Z","workerId":"worker-pg-continuous-192-a","backoffMs":20,"lag":0}
{"event":"worker.outbox.summary","level":"info","timestamp":"2026-09-20T23:48:27.702Z","workerId":"worker-pg-continuous-192-a","reason":"stop","claimed":1,"processed":1,"failed":0,"deadLettered":0,"handoffs":0,"errors":0,"claimFailures":0,"leaseLost":0,"heartbeats":0,"idlePolls":3,"released":0,"lag":0,"inFlight":0}
{"event":"worker.stopped","level":"info","timestamp":"2026-09-20T23:48:27.702Z","workerId":"worker-pg-continuous-192-a","drained":true,"released":0,"releaseFailed":0,"processed":1,"failed":0,"deadLettered":0,"lag":0}
{"event":"worker.started","level":"info","timestamp":"2026-09-20T23:48:27.712Z","workerId":"worker-pg-continuous-192-b","concurrency":2,"pollIntervalMs":5,"idleMaxBackoffMs":5000,"errorBackoffMs":500,"errorMaxBackoffMs":30000,"leaseMs":1000,"heartbeatIntervalMs":333,"drainMs":5000,"backlogProbe":true,"sweeps":false,"externalEffects":false,"durable":true}
{"event":"worker.outbox.summary","level":"info","timestamp":"2026-09-20T23:48:27.712Z","workerId":"worker-pg-continuous-192-b","reason":"start","claimed":0,"processed":0,"failed":0,"deadLettered":0,"handoffs":0,"errors":0,"claimFailures":0,"leaseLost":0,"heartbeats":0,"idlePolls":0,"released":0,"lag":null,"inFlight":0}
{"event":"worker.metric","name":"worker_outbox_lag","value":0,"attributes":{"operation":"outbox"},"timestamp":"2026-09-20T23:48:27.735Z"}
{"event":"worker.metric","name":"worker_outbox_dead_lettered_total","value":1,"attributes":{"status":"dead_letter"},"timestamp":"2026-09-20T23:48:27.745Z"}
{"event":"worker.outbox.dead_letter","level":"info","timestamp":"2026-09-20T23:48:27.745Z","eventId":"outbox_08d0202a-dcb0-4c25-9a95-939639cfbbc2","workerId":"worker-pg-continuous-192-b","status":"dead_letter","attempt":1,"leaseLost":false,"error":"[redacted-outbox-error]","operation":"outbox"}
{"event":"worker.metric","name":"worker_outbox_processed_total","value":1,"attributes":{"status":"processed"},"timestamp":"2026-09-20T23:48:27.752Z"}
{"event":"worker.outbox.processed","level":"info","timestamp":"2026-09-20T23:48:27.752Z","eventId":"outbox_c5bff1cf-4607-4256-8c7d-c3c97eacaef5","workerId":"worker-pg-continuous-192-b","status":"processed","attempt":1,"leaseLost":false,"operation":"outbox"}
{"event":"worker.idle_backoff","level":"debug","timestamp":"2026-09-20T23:48:27.753Z","workerId":"worker-pg-continuous-192-b","backoffMs":5,"lag":0}
{"event":"worker.idle_backoff","level":"debug","timestamp":"2026-09-20T23:48:27.761Z","workerId":"worker-pg-continuous-192-b","backoffMs":10,"lag":0}
{"event":"worker.outbox.summary","level":"info","timestamp":"2026-09-20T23:48:27.768Z","workerId":"worker-pg-continuous-192-b","reason":"stop","claimed":2,"processed":1,"failed":0,"deadLettered":1,"handoffs":0,"errors":0,"claimFailures":0,"leaseLost":0,"heartbeats":0,"idlePolls":2,"released":0,"lag":0,"inFlight":0}
{"event":"worker.stopped","level":"info","timestamp":"2026-09-20T23:48:27.768Z","workerId":"worker-pg-continuous-192-b","drained":true,"released":0,"releaseFailed":0,"processed":1,"failed":0,"deadLettered":1,"lag":0}
{"event":"worker.started","level":"info","timestamp":"2026-09-20T23:48:28.714Z","workerId":"worker-pg-continuous-192-d","concurrency":2,"pollIntervalMs":5,"idleMaxBackoffMs":5000,"errorBackoffMs":500,"errorMaxBackoffMs":30000,"leaseMs":1000,"heartbeatIntervalMs":333,"drainMs":5000,"backlogProbe":true,"sweeps":false,"externalEffects":false,"durable":true}
{"event":"worker.outbox.summary","level":"info","timestamp":"2026-09-20T23:48:28.714Z","workerId":"worker-pg-continuous-192-d","reason":"start","claimed":0,"processed":0,"failed":0,"deadLettered":0,"handoffs":0,"errors":0,"claimFailures":0,"leaseLost":0,"heartbeats":0,"idlePolls":0,"released":0,"lag":null,"inFlight":0}
{"event":"worker.metric","name":"worker_outbox_lag","value":0,"attributes":{"operation":"outbox"},"timestamp":"2026-09-20T23:48:28.737Z"}
{"event":"worker.metric","name":"worker_outbox_processed_total","value":1,"attributes":{"status":"processed"},"timestamp":"2026-09-20T23:48:28.749Z"}
{"event":"worker.outbox.processed","level":"info","timestamp":"2026-09-20T23:48:28.749Z","eventId":"outbox_80b746d8-da6f-4948-a117-2cb2aafa6728","workerId":"worker-pg-continuous-192-d","status":"processed","attempt":1,"leaseLost":false,"operation":"outbox"}
{"event":"worker.metric","name":"worker_outbox_processed_total","value":1,"attributes":{"status":"processed"},"timestamp":"2026-09-20T23:48:28.751Z"}
{"event":"worker.outbox.processed","level":"info","timestamp":"2026-09-20T23:48:28.752Z","eventId":"outbox_b06d8505-76de-4781-a94f-ac8bdf21335c","workerId":"worker-pg-continuous-192-d","status":"processed","attempt":1,"leaseLost":false,"operation":"outbox"}
{"event":"worker.idle_backoff","level":"debug","timestamp":"2026-09-20T23:48:28.756Z","workerId":"worker-pg-continuous-192-d","backoffMs":5,"lag":0}
{"event":"worker.idle_backoff","level":"debug","timestamp":"2026-09-20T23:48:28.764Z","workerId":"worker-pg-continuous-192-d","backoffMs":10,"lag":0}
{"event":"worker.outbox.summary","level":"info","timestamp":"2026-09-20T23:48:28.764Z","workerId":"worker-pg-continuous-192-d","reason":"stop","claimed":2,"processed":2,"failed":0,"deadLettered":0,"handoffs":0,"errors":0,"claimFailures":0,"leaseLost":0,"heartbeats":0,"idlePolls":2,"released":0,"lag":0,"inFlight":0}
{"event":"worker.stopped","level":"info","timestamp":"2026-09-20T23:48:28.764Z","workerId":"worker-pg-continuous-192-d","drained":true,"released":0,"releaseFailed":0,"processed":2,"failed":0,"deadLettered":0,"lag":0}
{"event":"worker.started","level":"info","timestamp":"2026-09-20T23:48:28.767Z","workerId":"worker-pg-continuous-192-e","concurrency":1,"pollIntervalMs":5,"idleMaxBackoffMs":5000,"errorBackoffMs":500,"errorMaxBackoffMs":30000,"leaseMs":1000,"heartbeatIntervalMs":333,"drainMs":5000,"backlogProbe":true,"sweeps":false,"externalEffects":false,"durable":true}
{"event":"worker.outbox.summary","level":"info","timestamp":"2026-09-20T23:48:28.767Z","workerId":"worker-pg-continuous-192-e","reason":"start","claimed":0,"processed":0,"failed":0,"deadLettered":0,"handoffs":0,"errors":0,"claimFailures":0,"leaseLost":0,"heartbeats":0,"idlePolls":0,"released":0,"lag":null,"inFlight":0}
{"event":"worker.metric","name":"worker_outbox_lag","value":0,"attributes":{"operation":"outbox"},"timestamp":"2026-09-20T23:48:28.785Z"}
{"event":"worker.shutdown_release","level":"warn","timestamp":"2026-09-20T23:48:28.825Z","eventId":"outbox_47eb76b4-87be-4c0f-98a9-8496aa9b27a6","workerId":"worker-pg-continuous-192-e","operation":"outbox"}
{"event":"worker.metric","name":"worker_outbox_shutdown_releases_total","value":1,"attributes":{"outcome":"released"},"timestamp":"2026-09-20T23:48:28.825Z"}
{"event":"worker.outbox.summary","level":"info","timestamp":"2026-09-20T23:48:28.825Z","workerId":"worker-pg-continuous-192-e","reason":"stop","claimed":1,"processed":0,"failed":0,"deadLettered":0,"handoffs":0,"errors":0,"claimFailures":0,"leaseLost":0,"heartbeats":0,"idlePolls":0,"released":1,"lag":0,"inFlight":1}
{"event":"worker.stopped","level":"info","timestamp":"2026-09-20T23:48:28.825Z","workerId":"worker-pg-continuous-192-e","drained":false,"released":1,"releaseFailed":0,"processed":0,"failed":0,"deadLettered":0,"lag":0}
{"event":"worker.event_error","level":"error","timestamp":"2026-09-20T23:48:28.829Z","eventId":"outbox_47eb76b4-87be-4c0f-98a9-8496aa9b27a6","workerId":"worker-pg-continuous-192-e","attempt":1,"error":"outbox_error:conflict","operation":"outbox"}
{"event":"worker.metric","name":"worker_outbox_errors_total","value":1,"attributes":{"outcome":"error"},"timestamp":"2026-09-20T23:48:28.829Z"}
{"event":"worker.started","level":"info","timestamp":"2026-09-20T23:48:28.833Z","workerId":"worker-pg-continuous-192-f","concurrency":2,"pollIntervalMs":5,"idleMaxBackoffMs":5000,"errorBackoffMs":500,"errorMaxBackoffMs":30000,"leaseMs":1000,"heartbeatIntervalMs":333,"drainMs":5000,"backlogProbe":true,"sweeps":false,"externalEffects":false,"durable":true}
{"event":"worker.outbox.summary","level":"info","timestamp":"2026-09-20T23:48:28.833Z","workerId":"worker-pg-continuous-192-f","reason":"start","claimed":0,"processed":0,"failed":0,"deadLettered":0,"handoffs":0,"errors":0,"claimFailures":0,"leaseLost":0,"heartbeats":0,"idlePolls":0,"released":0,"lag":null,"inFlight":0}
{"event":"worker.metric","name":"worker_outbox_lag","value":0,"attributes":{"operation":"outbox"},"timestamp":"2026-09-20T23:48:28.848Z"}
{"event":"worker.idle_backoff","level":"debug","timestamp":"2026-09-20T23:48:28.848Z","workerId":"worker-pg-continuous-192-f","backoffMs":5,"lag":0}
{"event":"worker.idle_backoff","level":"debug","timestamp":"2026-09-20T23:48:28.856Z","workerId":"worker-pg-continuous-192-f","backoffMs":10,"lag":0}
{"event":"worker.idle_backoff","level":"debug","timestamp":"2026-09-20T23:48:28.868Z","workerId":"worker-pg-continuous-192-f","backoffMs":20,"lag":0}
{"event":"worker.idle_backoff","level":"debug","timestamp":"2026-09-20T23:48:28.891Z","workerId":"worker-pg-continuous-192-f","backoffMs":40,"lag":0}
{"event":"worker.idle_backoff","level":"debug","timestamp":"2026-09-20T23:48:28.933Z","workerId":"worker-pg-continuous-192-f","backoffMs":80,"lag":0}
{"event":"worker.idle_backoff","level":"debug","timestamp":"2026-09-20T23:48:29.016Z","workerId":"worker-pg-continuous-192-f","backoffMs":160,"lag":0}
{"event":"worker.idle_backoff","level":"debug","timestamp":"2026-09-20T23:48:29.179Z","workerId":"worker-pg-continuous-192-f","backoffMs":320,"lag":0}
{"event":"worker.idle_backoff","level":"debug","timestamp":"2026-09-20T23:48:29.502Z","workerId":"worker-pg-continuous-192-f","backoffMs":640,"lag":0}
{"event":"worker.outbox.summary","level":"info","timestamp":"2026-09-20T23:48:29.833Z","workerId":"worker-pg-continuous-192-f","reason":"interval","claimed":0,"processed":0,"failed":0,"deadLettered":0,"handoffs":0,"errors":0,"claimFailures":0,"leaseLost":0,"heartbeats":0,"idlePolls":8,"released":0,"lag":0,"inFlight":0}
{"event":"worker.metric","name":"worker_outbox_lag","value":0,"attributes":{"operation":"outbox"},"timestamp":"2026-09-20T23:48:30.150Z"}
{"event":"worker.idle_backoff","level":"debug","timestamp":"2026-09-20T23:48:30.150Z","workerId":"worker-pg-continuous-192-f","backoffMs":5,"lag":0}
{"event":"worker.idle_backoff","level":"debug","timestamp":"2026-09-20T23:48:30.157Z","workerId":"worker-pg-continuous-192-f","backoffMs":10,"lag":0}
{"event":"worker.metric","name":"worker_outbox_processed_total","value":1,"attributes":{"status":"processed"},"timestamp":"2026-09-20T23:48:30.165Z"}
{"event":"worker.outbox.processed","level":"info","timestamp":"2026-09-20T23:48:30.165Z","eventId":"outbox_47eb76b4-87be-4c0f-98a9-8496aa9b27a6","workerId":"worker-pg-continuous-192-f","status":"processed","attempt":2,"leaseLost":false,"operation":"outbox"}
{"event":"worker.idle_backoff","level":"debug","timestamp":"2026-09-20T23:48:30.172Z","workerId":"worker-pg-continuous-192-f","backoffMs":20,"lag":0}
{"event":"worker.outbox.summary","level":"info","timestamp":"2026-09-20T23:48:30.172Z","workerId":"worker-pg-continuous-192-f","reason":"stop","claimed":1,"processed":1,"failed":0,"deadLettered":0,"handoffs":0,"errors":0,"claimFailures":0,"leaseLost":0,"heartbeats":0,"idlePolls":11,"released":0,"lag":0,"inFlight":0}
{"event":"worker.stopped","level":"info","timestamp":"2026-09-20T23:48:30.172Z","workerId":"worker-pg-continuous-192-f","drained":true,"released":0,"releaseFailed":0,"processed":1,"failed":0,"deadLettered":0,"lag":0}
 ✓ apps/worker/src/__tests__/continuous-worker-postgres.integration.test.ts (2 tests) 3299ms
     ✓ consumes events across a simulated restart and dead-letters a poison event  896ms
     ✓ observes queue lag, completes in-flight work on shutdown and releases bounded leases  2401ms
 ✓ apps/api/src/__tests__/postgres-persistence-mode.test.ts (36 tests) 3336ms
     ✓ commits and rolls back the tenant-scoped runtime finalizer atomically  769ms
     ✓ validates tenant-scoped startup with separate migration and runtime roles  1004ms
     ✓ rejects missing rate-limit table or index before PostgreSQL startup  752ms
 ✓ apps/worker/src/__tests__/operational-harness-capability-postgres.integration.test.ts (4 tests) 3181ms
     ✓ replays a confirmed capability effect after a fresh pool/composition and isolates tenants  794ms
     ✓ persists an uncertain capability effect and rejects retry after fresh composition  760ms
     ✓ executes the capability through the durable PostgreSQL worker path for isolated tenants  780ms
     ✓ recovers a durable approval and executes the capability after fresh worker composition  845ms
 ✓ apps/api/src/__tests__/rate-limit-distributed-postgres.test.ts (6 tests) 3247ms
     ✓ shares one budget across instances and restarts  749ms
     ✓ resets the budget when the window expires  1052ms
     ✓ enforces the shared budget at the HTTP boundary  1440ms
 ✓ apps/api/src/__tests__/tenant-schema-inventory-postgres.test.ts (4 tests) 2900ms
     ✓ every tenant_id table in the catalog is inventoried and verified  740ms
     ✓ fails when a tenant-scoped table is removed  724ms
     ✓ fails when migration 0022 is not applied  728ms
     ✓ fails a least-privilege role without grants on new tables  706ms
 ✓ packages/persistence/src/__tests__/outbox-durability.test.ts (6 tests) 2336ms
     ✓ backfills a legacy processed row while RLS is already forced  420ms
     ✓ redacts legacy rows without making routable pending work disappear  415ms
     ✓ claims once across two connections, journals at-least-once ack, retries and requeues in-place  762ms
     ✓ commits inbound message and durable intent together  734ms
 ✓ apps/api/src/__tests__/approval-decision-atomicity-postgres.test.ts (3 tests) 2531ms
     ✓ applies migration 0021 exactly-once guard  812ms
     ✓ retries converge with exactly one audit event after an injected crash  908ms
     ✓ identical concurrent decisions keep one winner and one audit event  809ms
 ✓ packages/persistence/src/__tests__/outbox-content-binding-postgres.test.ts (3 tests) 2157ms
     ✓ returns the same record for an identical replay across instances  726ms
     ✓ rejects divergent type/payload/version without mutating the winner  721ms
     ✓ lets one concurrent divergent writer win and rejects the other  708ms
 ✓ apps/worker/src/__tests__/operational-harness-process-restart.integration.test.ts (1 test) 1978ms
     ✓ reclaims a child-process claim after fault and completes with competing worker authority  1976ms
 ✓ apps/api/src/__tests__/journeys-api-postgres.test.ts (10 tests) 1959ms
     ✓ applies migration 0014 during postgres startup before serving journeys  733ms
 ✓ packages/persistence/src/__tests__/journeys-postgres.test.ts (24 tests) 1824ms
     ✓ applies 0014 additively over a 0013 database and preserves prior data  771ms
 ✓ packages/persistence/src/__tests__/platform-approval-postgres.test.ts (2 tests) 1705ms
     ✓ persists bindings and consumes approvals atomically exactly once  930ms
     ✓ enforces tenant visibility for the durable approval table under FORCE RLS  773ms
 ✓ packages/persistence/src/__tests__/runtime-approval-store-postgres.test.ts (11 tests) 1727ms
     ✓ applies 0015 additively over 0014 with the checksum guard  727ms
 ✓ packages/persistence/src/__tests__/tenant-isolation.test.ts (14 tests) 1723ms
     ✓ enforces cross-tenant isolation with a non-BYPASSRLS role and resets pooled context  820ms
     ✓ quarantines legacy tenant mismatches before enabling RLS  870ms
 ✓ apps/api/src/__tests__/trusted-replay-distributed-postgres.test.ts (2 tests) 1695ms
     ✓ rejects the same token on a second process and after restart  952ms
     ✓ fails closed when the replay store is unavailable  741ms
 ✓ apps/worker/src/__tests__/kernel-composition-postgres.integration.test.ts (10 tests) 1343ms
 ✓ apps/worker/src/__tests__/postgres-role-preflight.test.ts (13 tests) 1187ms
 ✓ apps/worker/src/__tests__/postgres-outbox-bridge.integration.test.ts (2 tests) 1088ms
     ✓ consumes the event written by the API through a separate worker pool  1086ms
 ✓ apps/worker/src/__tests__/operational-harness-iterative-postgres.integration.test.ts (1 test) 1031ms
     ✓ persists steps/checkpoints, isolates tenants, and resumes WAITING_USER on a fresh pool  1030ms
 ✓ apps/worker/src/__tests__/operational-harness-synthetic-effect-postgres.integration.test.ts (1 test) 953ms
     ✓ persists HTTP acceptance, one journaled synthetic effect, replay, and status  952ms
 ✓ apps/api/src/__tests__/homolog-correlation-postgres.test.ts (1 test) 900ms
     ✓ binds the response correlation to one PII-free audit event  898ms
 ✓ packages/persistence/src/__tests__/channel-effect-journal-postgres.test.ts (12 tests) 865ms
 ✓ packages/persistence/src/__tests__/session-version-pinning-postgres.test.ts (2 tests) 730ms
     ✓ binds sessions atomically under the tenant-aware migration and never replaces the pin  726ms
 ✓ packages/persistence/src/__tests__/effect-journal-postgres.test.ts (10 tests) 881ms
 ✓ packages/persistence/src/__tests__/operational-execution-postgres.test.ts (3 tests) 873ms
 ✓ packages/persistence/src/__tests__/journey-task-atomicity.test.ts (8 tests) 792ms
 ✓ apps/worker/src/__tests__/homolog-health-postgres.test.ts (5 tests) 767ms
     ✓ reports healthy dependencies with queue depth  755ms
 ✓ packages/persistence/src/__tests__/attendance-approval-postgres.test.ts (1 test) 775ms
     ✓ forces two connections past the same pending read and rolls back failed audit  774ms
 ✓ apps/api/src/__tests__/webhook-security.test.ts (16 tests) 315ms
 ✓ apps/worker/src/__tests__/operational-harness-iterative.test.ts (5 tests) 211ms
 ✓ packages/persistence/src/__tests__/postgres-migration-smoke.test.ts (8 tests) 178ms
 ✓ packages/chaos/src/__tests__/chaos-postgres.test.ts (2 tests) 75ms
 ✓ packages/persistence/src/__tests__/audit-evidence-checkpoint-postgres.test.ts (2 tests) 16ms

 Test Files  35 passed (35)
      Tests  238 passed (238)
   Start at  20:48:12
   Duration  94.39s (transform 1.44s, setup 0ms, import 9.68s, tests 59.13s, environment 21.22s)

JSON report written to /home/ricardo/Área de trabalho/cvg-operational-harness/docs/04_audit/evidence/AUD-20260920/AUD20-005/postgres-test-report.json
