
 RUN  v4.1.11 /home/ricardo/cvg-agent-secretary-v2

 ❯ packages/policy-engine/src/__tests__/capability-scope.test.ts (9 tests | 6 failed) 23ms
     × denies modifying a real appointment through the draft capability 11ms
     × denies modify without a resource and with an unknown resource type 1ms
     × denies real confirmation and reschedule in the controlled scope 3ms
     × does not let a tenant policy expand confirm/reschedule authority 2ms
     × keeps cancel behind approval and requires a real appointment resource 1ms
     × publishes a closed resource map for effect capabilities 0ms

⎯⎯⎯⎯⎯⎯⎯ Failed Tests 6 ⎯⎯⎯⎯⎯⎯⎯

 FAIL  packages/policy-engine/src/__tests__/capability-scope.test.ts > AB-08 draft vs real capability scope (F15) > denies modifying a real appointment through the draft capability
AssertionError: expected 'ALLOW' to be 'DENY' // Object.is equality

Expected: "DENY"
Received: "ALLOW"

 ❯ packages/policy-engine/src/__tests__/capability-scope.test.ts:35:31
     33|       input({ resource: { type: 'appointment', id: 'apt_1', tenantId: …
     34|     )
     35|     expect(decision.decision).toBe('DENY')
       |                               ^
     36|     expect(decision.reason).toBe('resource_type_not_allowed')
     37|   })

⎯⎯⎯⎯⎯⎯⎯⎯⎯⎯⎯⎯⎯⎯⎯⎯⎯⎯⎯⎯⎯⎯⎯⎯[1/6]⎯

 FAIL  packages/policy-engine/src/__tests__/capability-scope.test.ts > AB-08 draft vs real capability scope (F15) > denies modify without a resource and with an unknown resource type
AssertionError: expected 'ALLOW' to be 'DENY' // Object.is equality

Expected: "DENY"
Received: "ALLOW"

 ❯ packages/policy-engine/src/__tests__/capability-scope.test.ts:50:30
     48|   it('denies modify without a resource and with an unknown resource ty…
     49|     const missing = policy.evaluate(input())
     50|     expect(missing.decision).toBe('DENY')
       |                              ^
     51|     expect(missing.reason).toBe('resource_type_required')
     52|

⎯⎯⎯⎯⎯⎯⎯⎯⎯⎯⎯⎯⎯⎯⎯⎯⎯⎯⎯⎯⎯⎯⎯⎯[2/6]⎯

 FAIL  packages/policy-engine/src/__tests__/capability-scope.test.ts > AB-08 draft vs real capability scope (F15) > denies real confirmation and reschedule in the controlled scope
AssertionError: secretary:appointment.confirm: expected 'insufficient_context' to be 'capability_not_granted' // Object.is equality

Expected: "capability_not_granted"
Received: "insufficient_context"

 ❯ packages/policy-engine/src/__tests__/capability-scope.test.ts:81:61
     79|         )
     80|         expect(decision.decision, `${profile}:${capability}`).toBe('DE…
     81|         expect(decision.reason, `${profile}:${capability}`).toBe(
       |                                                             ^
     82|           'capability_not_granted'
     83|         )

⎯⎯⎯⎯⎯⎯⎯⎯⎯⎯⎯⎯⎯⎯⎯⎯⎯⎯⎯⎯⎯⎯⎯⎯[3/6]⎯

 FAIL  packages/policy-engine/src/__tests__/capability-scope.test.ts > AB-08 draft vs real capability scope (F15) > does not let a tenant policy expand confirm/reschedule authority
AssertionError: appointment.confirm: expected 'insufficient_context' to be 'capability_not_granted' // Object.is equality

Expected: "capability_not_granted"
Received: "insufficient_context"

 ❯ packages/policy-engine/src/__tests__/capability-scope.test.ts:121:43
    119|       )
    120|       expect(decision.decision, capability).toBe('DENY')
    121|       expect(decision.reason, capability).toBe('capability_not_granted…
       |                                           ^
    122|     }
    123|   })

⎯⎯⎯⎯⎯⎯⎯⎯⎯⎯⎯⎯⎯⎯⎯⎯⎯⎯⎯⎯⎯⎯⎯⎯[4/6]⎯

 FAIL  packages/policy-engine/src/__tests__/capability-scope.test.ts > AB-08 draft vs real capability scope (F15) > keeps cancel behind approval and requires a real appointment resource
AssertionError: expected 'REQUIRE_APPROVAL' to be 'DENY' // Object.is equality

Expected: "DENY"
Received: "REQUIRE_APPROVAL"

 ❯ packages/policy-engine/src/__tests__/capability-scope.test.ts:138:30
    136|       input({ capability: 'appointment.cancel', action: 'appointment.c…
    137|     )
    138|     expect(missing.decision).toBe('DENY')
       |                              ^
    139|     expect(missing.reason).toBe('resource_type_required')
    140|

⎯⎯⎯⎯⎯⎯⎯⎯⎯⎯⎯⎯⎯⎯⎯⎯⎯⎯⎯⎯⎯⎯⎯⎯[5/6]⎯

 FAIL  packages/policy-engine/src/__tests__/capability-scope.test.ts > AB-08 draft vs real capability scope (F15) > publishes a closed resource map for effect capabilities
TypeError: Cannot read properties of undefined (reading 'appointment.modify')
 ❯ packages/policy-engine/src/__tests__/capability-scope.test.ts:187:12
    185|
    186|   it('publishes a closed resource map for effect capabilities', () => {
    187|     expect(CAPABILITY_RESOURCE_TYPES['appointment.modify']).toEqual([
       |            ^
    188|       'appointment_draft'
    189|     ])

⎯⎯⎯⎯⎯⎯⎯⎯⎯⎯⎯⎯⎯⎯⎯⎯⎯⎯⎯⎯⎯⎯⎯⎯[6/6]⎯


 Test Files  1 failed (1)
      Tests  6 failed | 3 passed (9)
   Start at  18:00:55
   Duration  1.30s (transform 216ms, setup 0ms, import 326ms, tests 23ms, environment 765ms)

red-exit=1
