{
  "probe": "AAA-13",
  "certifyExit": "0",
  "verifyExit": "0",
  "gateCount": 16,
  "gateStatuses": "PASS,PASS,PASS,PASS,PASS,PASS,PASS,PASS,PASS,PASS,PASS,PASS,PASS,PASS,PASS,PASS",
  "decision": "CONDITIONAL_GO",
  "runId": "run-159dd98e9fe5-mtz7czwz",
  "candidateId": "159dd98e9fe5acbd4cfa70879b5349c95b2c419f565eb183ffbd0e95c1dc1a34",
  "gateLogHeadersOk": true,
  "snapshotFileCount": 821,
  "recomputedCandidate": "159dd98e9fe5acbd4cfa70879b5349c95b2c419f565eb183ffbd0e95c1dc1a34",
  "sha256SumsChecked": 64,
  "coverageTail": [
    "Branches     : 83.48% ( 5785/6929 )",
    "Functions    : 93.14% ( 1549/1663 )",
    "Lines        : 88.87% ( 7518/8459 )",
    "================================================================================"
  ],
  "failures": [],
  "falsified": false
}
