{
  "kind": "static-original-scenario-inventory",
  "baselineInputSha256": "0d6736af8433e28b0bbb4da28d7296bd1164823110246dcc8086694d702312a9",
  "baseline": [
    {
      "path": "products/shift-assistant/src/__tests__/shift-assistant.test.ts",
      "sourceSha256": "a9ce8ca005ba5f3ec756716626fc59f948ce10ad5f89eaa44b62f314df2c0a92",
      "count": 30,
      "names": [
        "WhatsApp payload parsing / reads WAHA direct text and audio, ignoring groups and own messages",
        "WhatsApp payload parsing / reads Evolution text, extended text and inline audio",
        "commands / parses pendências",
        "commands / parses Minhas pendencias?",
        "commands / parses feito 3",
        "commands / parses ok #12",
        "commands / parses adiar 3 30",
        "commands / parses adiar 3 1h",
        "commands / parses OK",
        "commands / parses corrigir Thor leito 4",
        "commands / parses Pausar assistente",
        "commands / parses novo paciente",
        "commands / treats ordinary sentences as notes",
        "ShiftAssistant / turns a text note into paste-ready text and a timed task",
        "ShiftAssistant / flags a patient ID the model produced that was never said",
        "ShiftAssistant / flags numbers the model produced that were never said",
        "ShiftAssistant / ignores unknown senders and duplicate deliveries",
        "ShiftAssistant / accepts the Brazilian ninth-digit variant of a member phone",
        "ShiftAssistant / transcribes audio and keeps the media file as a document",
        "ShiftAssistant / keeps the raw text when the organizer fails",
        "ShiftAssistant / lists, snoozes and completes only the member own tasks",
        "ShiftAssistant / reminds at the due time, repeats on an interval and stops after the limit",
        "ShiftAssistant / processes messages stored before a crash and rebuilds tasks on restart",
        "ShiftAssistant / lets only the manager pause; paused messages are stored and processed on resume",
        "ShiftAssistant / corrects the last note, cancelling the tasks it created",
        "server, egress and configuration / rejects a wrong webhook secret and accepts a member message",
        "server, egress and configuration / refuses requests outside the configured origins and never follows redirects",
        "server, egress and configuration / fails closed on incomplete configuration",
        "adapters to Whisper and the model / posts audio to the local Whisper transcription endpoint",
        "adapters to Whisper and the model / validates the model JSON and rejects anything else"
      ]
    },
    {
      "path": "products/shift-assistant/src/__tests__/shift-assistant-e2e.test.ts",
      "sourceSha256": "b13432c8b513e4d4cc70429bf44796be0921f5163e20b3bfb30cbcb12c618cbe",
      "count": 7,
      "names": [
        "Assistente de Plantão end to end / runs the WAHA flow: audio note, paste text, task, reminder and done",
        "Assistente de Plantão end to end / runs the Evolution flow with media fetched by message id",
        "Assistente de Plantão end to end / guides a new admission with the template and returns tutor and reason",
        "Assistente de Plantão end to end / tells two patients with the same name apart by ID and bed",
        "Assistente de Plantão end to end / asks for the ID of a patient it has never seen",
        "Assistente de Plantão end to end / asks for the patient name when it cannot tell who the note is about",
        "Assistente de Plantão end to end / ignores strangers and keeps the model out of the loop for commands"
      ]
    }
  ],
  "candidate": [
    {
      "path": "products/shift-assistant/src/__tests__/shift-assistant.test.ts",
      "sourceSha256": "e9440a868afced414bcdb5bcd6bc5e07d834d71d6f41f4f7acc5f78208717698",
      "count": 30,
      "names": [
        "WhatsApp payload parsing / reads WAHA direct text and audio, ignoring groups and own messages",
        "WhatsApp payload parsing / reads Evolution text, extended text and inline audio",
        "commands / parses pendências",
        "commands / parses Minhas pendencias?",
        "commands / parses feito 3",
        "commands / parses ok #12",
        "commands / parses adiar 3 30",
        "commands / parses adiar 3 1h",
        "commands / parses OK",
        "commands / parses corrigir Thor leito 4",
        "commands / parses Pausar assistente",
        "commands / parses novo paciente",
        "commands / treats ordinary sentences as notes",
        "ShiftAssistant / turns a text note into paste-ready text and a timed task",
        "ShiftAssistant / flags a patient ID the model produced that was never said",
        "ShiftAssistant / flags numbers the model produced that were never said",
        "ShiftAssistant / ignores unknown senders and duplicate deliveries",
        "ShiftAssistant / accepts the Brazilian ninth-digit variant of a member phone",
        "ShiftAssistant / transcribes audio and keeps the media file as a document",
        "ShiftAssistant / keeps the raw text when the organizer fails",
        "ShiftAssistant / lists, snoozes and completes only the member own tasks",
        "ShiftAssistant / reminds at the due time, repeats on an interval and stops after the limit",
        "ShiftAssistant / processes messages stored before a crash and rebuilds tasks on restart",
        "ShiftAssistant / lets only the manager pause; paused messages are stored and processed on resume",
        "ShiftAssistant / corrects the last note, cancelling the tasks it created",
        "server, egress and configuration / rejects a wrong webhook secret and accepts a member message",
        "server, egress and configuration / refuses requests outside the configured origins and never follows redirects",
        "server, egress and configuration / fails closed on incomplete configuration",
        "adapters to Whisper and the model / posts audio to the local Whisper transcription endpoint",
        "adapters to Whisper and the model / validates the model JSON and rejects anything else"
      ]
    },
    {
      "path": "products/shift-assistant/src/__tests__/shift-assistant-e2e.test.ts",
      "sourceSha256": "d09cb92ac5e464aa4c8098bb2da7c84656a0a5b0210ed1e2d7b90e14117391ad",
      "count": 7,
      "names": [
        "Assistente de Plantão end to end / runs the WAHA flow: audio note, paste text, task, reminder and done",
        "Assistente de Plantão end to end / runs the Evolution flow with media fetched by message id",
        "Assistente de Plantão end to end / guides a new admission with the template and returns tutor and reason",
        "Assistente de Plantão end to end / tells two patients with the same name apart by ID and bed",
        "Assistente de Plantão end to end / asks for the ID of a patient it has never seen",
        "Assistente de Plantão end to end / asks for the patient name when it cannot tell who the note is about",
        "Assistente de Plantão end to end / ignores strangers and keeps the model out of the loop for commands"
      ]
    }
  ],
  "missing": [],
  "result": "SCENARIO_NAMES_PRESERVED",
  "limitation": "Names/counts do not prove original assertions preserved, behavior passed, or product accepted; Critic must inspect changed tests and actual runtime."
}
