
 RUN  v4.1.11 /home/ricardo/cvg-agent-secretary-v2

 ❯ packages/agent-runtime/src/__tests__/effect-journal.test.ts (0 test)

⎯⎯⎯⎯⎯⎯ Failed Suites 1 ⎯⎯⎯⎯⎯⎯⎯

 FAIL  packages/agent-runtime/src/__tests__/effect-journal.test.ts [ packages/agent-runtime/src/__tests__/effect-journal.test.ts ]
Error: Failed to resolve import "../effect-journal.ts" from "packages/agent-runtime/src/__tests__/effect-journal.test.ts". Does the file exist?
  Plugin: vite:import-analysis
  File: /home/ricardo/cvg-agent-secretary-v2/packages/agent-runtime/src/__tests__/effect-journal.test.ts:9:7
  3  |  import { join } from "node:path";
  4  |  import { afterEach, describe, expect, it } from "vitest";
  5  |  import { FileEffectJournal, InMemoryEffectJournal } from "../effect-journal.ts";
     |                                                            ^
  6  |  const tenant = "tenant_00000000-0000-4000-8000-000000000201";
  7  |  const otherTenant = "tenant_00000000-0000-4000-8000-000000000202";
 ❯ TransformPluginContext._formatLog node_modules/vite/dist/node/chunks/node.js:31147:39
 ❯ TransformPluginContext.error node_modules/vite/dist/node/chunks/node.js:31144:14
 ❯ normalizeUrl node_modules/vite/dist/node/chunks/node.js:28083:18
 ❯ node_modules/vite/dist/node/chunks/node.js:28153:30
 ❯ TransformPluginContext.transform node_modules/vite/dist/node/chunks/node.js:28119:4
 ❯ EnvironmentPluginContainer.transform node_modules/vite/dist/node/chunks/node.js:30932:14
 ❯ loadAndTransform node_modules/vite/dist/node/chunks/node.js:20671:26

⎯⎯⎯⎯⎯⎯⎯⎯⎯⎯⎯⎯⎯⎯⎯⎯⎯⎯⎯⎯⎯⎯⎯⎯[1/1]⎯


 Test Files  1 failed (1)
      Tests  no tests
   Start at  22:33:46
   Duration  729ms (transform 0ms, setup 0ms, import 0ms, tests 0ms, environment 550ms)

EXIT=1
