
> cvg-operational-harness@1.0.0 certify
> node scripts/node-version-preflight.mjs && node scripts/phase10-certify.mjs

[certify] candidate=df8ebc3862992639f7c836d0a2f8eaabda7ad80cfb8714b661c69ab3ba7c56aa run=run-df8ebc386299-muo3wxz3 files=1540 dirty=false
[certify] FAIL         format (exit 1, 19735ms)
[certify] PASS         typecheck (exit 0, 11262ms)
[certify] PASS         lint (exit 0, 9110ms)
[certify] PASS         build (exit 0, 13249ms)
[certify] PASS         unit (exit 0, 446493ms)
[certify] PASS         coverage (exit 0, 415290ms)
[certify] FAIL         security (exit 1, 834ms)
[certify] PASS         worker_startup (exit 0, 1184ms)
[certify] PASS         postgres (exit 0, 78154ms)
[certify] PASS         e2e (exit 0, 19105ms)
[certify] PASS         evals (exit 0, 505ms)
[certify] PASS         chaos (exit 0, 3411ms)
[certify] PASS         load (exit 0, 8486ms)
[certify] PASS         restore (exit 0, 665ms)
[certify] PASS         sbom (exit 0, 34ms)
[certify] PASS         licenses (exit 0, 37ms)
file:///tmp/cvg-aud0592-20260930/repo/scripts/phase10-certify.mjs:533
Phase10ResultSchema.parse(resultPayload)
                    ^

ZodError: [
  {
    "expected": "record",
    "code": "invalid_type",
    "path": [
      "metrics",
      "unit"
    ],
    "message": "Invalid input: expected record, received null"
  }
]
    at file:///tmp/cvg-aud0592-20260930/repo/scripts/phase10-certify.mjs:533:21
    at ModuleJob.run (node:internal/modules/esm/module_job:343:25)
    at async onImport.tracePromise.__proto__ (node:internal/modules/esm/loader:681:26)
    at async asyncRunEntryPointWithESMLoader (node:internal/modules/run_main:117:5)

Node.js v22.23.2
