
> cvg-operational-harness@1.0.0 test:e2e
> playwright test

[2m[WebServer] [22m(node:1998096) Warning: The 'NO_COLOR' env is ignored due to the 'FORCE_COLOR' env being set.
[2m[WebServer] [22m(Use `node --trace-warnings ...` to show where the warning was created)
[2m[WebServer] [22m(node:1998107) Warning: The 'NO_COLOR' env is ignored due to the 'FORCE_COLOR' env being set.
[2m[WebServer] [22m(Use `node --trace-warnings ...` to show where the warning was created)
[2m[WebServer] [22m(node:1998225) Warning: The 'NO_COLOR' env is ignored due to the 'FORCE_COLOR' env being set.
[2m[WebServer] [22m(Use `node --trace-warnings ...` to show where the warning was created)

Running 12 tests using 6 workers

(node:1998278) Warning: The 'NO_COLOR' env is ignored due to the 'FORCE_COLOR' env being set.
(Use `node --trace-warnings ...` to show where the warning was created)
(node:1998279) Warning: The 'NO_COLOR' env is ignored due to the 'FORCE_COLOR' env being set.
(Use `node --trace-warnings ...` to show where the warning was created)
(node:1998291) Warning: The 'NO_COLOR' env is ignored due to the 'FORCE_COLOR' env being set.
(Use `node --trace-warnings ...` to show where the warning was created)
(node:1998285) Warning: The 'NO_COLOR' env is ignored due to the 'FORCE_COLOR' env being set.
(Use `node --trace-warnings ...` to show where the warning was created)
(node:1998303) Warning: The 'NO_COLOR' env is ignored due to the 'FORCE_COLOR' env being set.
(Use `node --trace-warnings ...` to show where the warning was created)
(node:1998297) Warning: The 'NO_COLOR' env is ignored due to the 'FORCE_COLOR' env being set.
(Use `node --trace-warnings ...` to show where the warning was created)
(node:1998278) Warning: The 'NO_COLOR' env is ignored due to the 'FORCE_COLOR' env being set.
(Use `node --trace-warnings ...` to show where the warning was created)
(node:1998303) Warning: The 'NO_COLOR' env is ignored due to the 'FORCE_COLOR' env being set.
(Use `node --trace-warnings ...` to show where the warning was created)
(node:1998285) Warning: The 'NO_COLOR' env is ignored due to the 'FORCE_COLOR' env being set.
(Use `node --trace-warnings ...` to show where the warning was created)
(node:1998279) Warning: The 'NO_COLOR' env is ignored due to the 'FORCE_COLOR' env being set.
(Use `node --trace-warnings ...` to show where the warning was created)
(node:1998297) Warning: The 'NO_COLOR' env is ignored due to the 'FORCE_COLOR' env being set.
(Use `node --trace-warnings ...` to show where the warning was created)
(node:1998291) Warning: The 'NO_COLOR' env is ignored due to the 'FORCE_COLOR' env being set.
(Use `node --trace-warnings ...` to show where the warning was created)
  ✓   1 [chromium] › tests/e2e/http-security.spec.ts:6:5 › API HTTP security boundary enforces origin and preflight policy (69ms)
  ✓   6 [chromium] › tests/e2e/session-version-pinning.spec.ts:44:5 › keeps a browser/API conversation on its first published snapshot (472ms)
  ✓   4 [chromium] › tests/e2e/audit-evidence-checkpoint.spec.ts:3:5 › seals and archives an audit evidence checkpoint without payload export (1.2s)
  ✓   5 [chromium] › tests/e2e/ux-accessibility.spec.ts:15:5 › axe finds no serious or critical violations on identity and console views (2.6s)
  ✓   7 [chromium] › tests/e2e/ux-accessibility.spec.ts:49:5 › keyboard-only operators reach, activate and see focus on key controls (1.5s)
  ✓   2 [chromium] › tests/e2e/visual-shell.spec.ts:9:5 › console shell preserves layout, focus and control sizing across viewports (4.7s)
  ✓   9 [chromium] › tests/e2e/visual-shell.spec.ts:58:5 › admin control center remains navigable on a narrow viewport (1.2s)
  ✓   8 [chromium] › tests/e2e/ux-accessibility.spec.ts:80:5 › empty, loading, error and overflow states stay comprehensible (2.3s)
  ✓   3 [chromium] › tests/e2e/platform-control-center.spec.ts:4:5 › configures, publishes and dry-runs an agent through the real web/API boundary (6.7s)
  ✓  10 [chromium] › tests/e2e/ux-accessibility.spec.ts:166:5 › switching tenant clears the previous identity data (1.4s)
  ✓  11 [chromium] › tests/e2e/ux-accessibility.spec.ts:190:5 › authorization and server failures render comprehensible UI (3.3s)
  ✓  12 [chromium] › tests/e2e/ux-accessibility.spec.ts:228:5 › reduced motion keeps journeys operable (1.1s)

  12 passed (14.5s)
