
 RUN  v4.1.11 /tmp/cvg-pr009-gh-token-validation-20260927

 ❯ tests/ci-workflow-contract.test.js (4 tests | 1 failed) 108ms
     × binds every gate to a runner step output and verifies the attested manifest in another job 8ms

⎯⎯⎯⎯⎯⎯⎯ Failed Tests 1 ⎯⎯⎯⎯⎯⎯⎯

 FAIL  tests/ci-workflow-contract.test.js > controlled CI workflow contract > binds every gate to a runner step output and verifies the attested manifest in another job
AssertionError: expected '\n        env:\n          EXPECTED_SH…' to contain 'GH_TOKEN: ${{ github.token }}'

- Expected
+ Received

- GH_TOKEN: ${{ github.token }}
+
+         env:
+           EXPECTED_SHA256: ${{ needs.verify.outputs.manifest_sha256 }}
+

 ❯ tests/ci-workflow-contract.test.js:87:33
     85|       .split('      - name: Verify subject, signer and source commit')…
     86|       ?.split('        run: |')[0]
     87|     expect(independentVerifier).toContain('GH_TOKEN: ${{ github.token …
       |                                 ^
     88|     expect(workflow).toContain('retention-days: 90')
     89|     expect(workflow).toContain('include-hidden-files: true')

⎯⎯⎯⎯⎯⎯⎯⎯⎯⎯⎯⎯⎯⎯⎯⎯⎯⎯⎯⎯⎯⎯⎯⎯[1/1]⎯


 Test Files  1 failed (1)
      Tests  1 failed | 3 passed (4)
   Start at  20:51:13
   Duration  851ms (transform 26ms, setup 0ms, import 42ms, tests 108ms, environment 569ms)
