
 RUN  v4.1.11 /home/ricardo/cvg-agent-secretary-v2

 ❯ packages/approval-engine/src/__tests__/approval-lifecycle-fencing.test.ts (6 tests | 5 failed) 24ms
     × stale sweep with no_effect evidence cannot release a newer reservation 14ms
     × stale sweep with ambiguous evidence cannot mark a newer reservation UNCERTAIN 2ms
     × rejects reuse of a spent reservation token in the callback and keeps APPROVED honest 2ms
     × rejects an explicit spent token and fences every mutation of the old generation 1ms
     × keeps the legitimate replay of the active reservation and fresh auto tokens 2ms

⎯⎯⎯⎯⎯⎯⎯ Failed Tests 5 ⎯⎯⎯⎯⎯⎯⎯

 FAIL  packages/approval-engine/src/__tests__/approval-lifecycle-fencing.test.ts > AAA07-C6-F01/F02 fencing between reservation generations > stale sweep with no_effect evidence cannot release a newer reservation
AssertionError: expected { released: 1, uncertain: +0 } to deeply equal { released: +0, uncertain: +0 }

- Expected
+ Received

  {
-   "released": 0,
+   "released": 1,
    "uncertain": 0,
  }

 ❯ packages/approval-engine/src/__tests__/approval-lifecycle-fencing.test.ts:116:20
    114|     })
    115|
    116|     expect(result).toEqual({ released: 0, uncertain: 0 })
       |                    ^
    117|     const current = engine.get(TENANT, record.approvalId)
    118|     expect(current).toEqual(snapshot)

⎯⎯⎯⎯⎯⎯⎯⎯⎯⎯⎯⎯⎯⎯⎯⎯⎯⎯⎯⎯⎯⎯⎯⎯[1/5]⎯

 FAIL  packages/approval-engine/src/__tests__/approval-lifecycle-fencing.test.ts > AAA07-C6-F01/F02 fencing between reservation generations > stale sweep with ambiguous evidence cannot mark a newer reservation UNCERTAIN
AssertionError: expected { released: +0, uncertain: 1 } to deeply equal { released: +0, uncertain: +0 }

- Expected
+ Received

  {
    "released": 0,
-   "uncertain": 0,
+   "uncertain": 1,
  }

 ❯ packages/approval-engine/src/__tests__/approval-lifecycle-fencing.test.ts:167:20
    165|     })
    166|
    167|     expect(result).toEqual({ released: 0, uncertain: 0 })
       |                    ^
    168|     const current = engine.get(TENANT, record.approvalId)
    169|     expect(current).toEqual(snapshot)

⎯⎯⎯⎯⎯⎯⎯⎯⎯⎯⎯⎯⎯⎯⎯⎯⎯⎯⎯⎯⎯⎯⎯⎯[2/5]⎯

 FAIL  packages/approval-engine/src/__tests__/approval-lifecycle-fencing.test.ts > AAA07-C6-F01/F02 fencing between reservation generations > rejects reuse of a spent reservation token in the callback and keeps APPROVED honest
AssertionError: expected { released: +0, uncertain: 1 } to deeply equal { released: +0, uncertain: +0 }

- Expected
+ Received

  {
    "released": 0,
-   "uncertain": 0,
+   "uncertain": 1,
  }

 ❯ packages/approval-engine/src/__tests__/approval-lifecycle-fencing.test.ts:241:20
    239|     })
    240|
    241|     expect(result).toEqual({ released: 0, uncertain: 0 })
       |                    ^
    242|     const current = engine.get(TENANT, record.approvalId)
    243|     expect(current.status).toBe('APPROVED')

⎯⎯⎯⎯⎯⎯⎯⎯⎯⎯⎯⎯⎯⎯⎯⎯⎯⎯⎯⎯⎯⎯⎯⎯[3/5]⎯

 FAIL  packages/approval-engine/src/__tests__/approval-lifecycle-fencing.test.ts > AAA07-C6-F01/F02 fencing between reservation generations > rejects an explicit spent token and fences every mutation of the old generation
AssertionError: expected undefined to be 1 // Object.is equality

- Expected:
1

+ Received:
undefined

 ❯ packages/approval-engine/src/__tests__/approval-lifecycle-fencing.test.ts:254:30
    252|       reservationId: 'old-token'
    253|     })
    254|     expect(first.generation).toBe(1)
       |                              ^
    255|     engine.release({
    256|       tenantId: TENANT,

⎯⎯⎯⎯⎯⎯⎯⎯⎯⎯⎯⎯⎯⎯⎯⎯⎯⎯⎯⎯⎯⎯⎯⎯[4/5]⎯

 FAIL  packages/approval-engine/src/__tests__/approval-lifecycle-fencing.test.ts > AAA07-C6-F01/F02 fencing between reservation generations > keeps the legitimate replay of the active reservation and fresh auto tokens
AssertionError: expected undefined to be 2 // Object.is equality

- Expected:
2

+ Received:
undefined

 ❯ packages/approval-engine/src/__tests__/approval-lifecycle-fencing.test.ts:361:29
    359|     })
    360|     expect(auto.reservationId).not.toBe('active-token')
    361|     expect(auto.generation).toBe(2)
       |                             ^
    362|     expect(() => {
    363|       engine.markExecuting({

⎯⎯⎯⎯⎯⎯⎯⎯⎯⎯⎯⎯⎯⎯⎯⎯⎯⎯⎯⎯⎯⎯⎯⎯[5/5]⎯


 Test Files  1 failed (1)
      Tests  5 failed | 1 passed (6)
   Start at  19:39:48
   Duration  918ms (transform 121ms, setup 0ms, import 209ms, tests 24ms, environment 559ms)

red-exit=1
