{"event":"worker.sweeps_disabled","level":"info","timestamp":"2026-09-13T07:28:22.699Z","reason":"approval_engine_composition_pending_aaa21","operation":"sweep"}
{"event":"worker.started","level":"info","timestamp":"2026-09-13T07:28:22.701Z","workerId":"worker-e2e-193","concurrency":2,"pollIntervalMs":20,"idleMaxBackoffMs":5000,"errorBackoffMs":500,"errorMaxBackoffMs":30000,"leaseMs":30000,"heartbeatIntervalMs":10000,"drainMs":10000,"backlogProbe":true,"sweeps":false,"externalEffects":false,"durable":true}
{"event":"worker.outbox.summary","level":"info","timestamp":"2026-09-13T07:28:22.702Z","workerId":"worker-e2e-193","reason":"start","claimed":0,"processed":0,"failed":0,"deadLettered":0,"handoffs":0,"errors":0,"claimFailures":0,"leaseLost":0,"heartbeats":0,"idlePolls":0,"released":0,"lag":null,"inFlight":0}
{"event":"worker.continuous_ready","level":"info","timestamp":"2026-09-13T07:28:22.704Z","adapter":"postgres-controlled","concurrency":2,"pollIntervalMs":20,"leaseMs":30000,"durable":true,"externalEffects":false}
{"event":"worker.metric","name":"worker_outbox_lag","value":0,"attributes":{"operation":"outbox"},"timestamp":"2026-09-13T07:28:22.726Z"}
{"event":"worker.metric","name":"worker_outbox_processed_total","value":1,"attributes":{"status":"processed"},"timestamp":"2026-09-13T07:28:22.734Z"}
{"event":"worker.outbox.processed","level":"info","timestamp":"2026-09-13T07:28:22.734Z","eventId":"outbox_41432e37-3291-4847-8499-fd68d3cde9bc","workerId":"worker-e2e-193","status":"processed","attempt":1,"leaseLost":false,"operation":"outbox"}
{"event":"worker.metric","name":"worker_outbox_processed_total","value":1,"attributes":{"status":"processed"},"timestamp":"2026-09-13T07:28:22.735Z"}
{"event":"worker.outbox.processed","level":"info","timestamp":"2026-09-13T07:28:22.735Z","eventId":"outbox_aeac0524-f7ae-4133-9bc4-49e45359fc60","workerId":"worker-e2e-193","status":"processed","attempt":1,"leaseLost":false,"operation":"outbox"}
{"event":"worker.idle_backoff","level":"debug","timestamp":"2026-09-13T07:28:22.748Z","workerId":"worker-e2e-193","backoffMs":20,"lag":0}
{"event":"worker.idle_backoff","level":"debug","timestamp":"2026-09-13T07:28:22.770Z","workerId":"worker-e2e-193","backoffMs":40,"lag":0}
{"event":"worker.idle_backoff","level":"debug","timestamp":"2026-09-13T07:28:22.812Z","workerId":"worker-e2e-193","backoffMs":80,"lag":0}
{"event":"worker.idle_backoff","level":"debug","timestamp":"2026-09-13T07:28:22.894Z","workerId":"worker-e2e-193","backoffMs":160,"lag":0}
{"event":"worker.idle_backoff","level":"debug","timestamp":"2026-09-13T07:28:23.057Z","workerId":"worker-e2e-193","backoffMs":320,"lag":0}
{"event":"worker.idle_backoff","level":"debug","timestamp":"2026-09-13T07:28:23.379Z","workerId":"worker-e2e-193","backoffMs":640,"lag":0}
{"event":"worker.metric","name":"worker_outbox_lag","value":0,"attributes":{"operation":"outbox"},"timestamp":"2026-09-13T07:28:24.023Z"}
{"event":"worker.idle_backoff","level":"debug","timestamp":"2026-09-13T07:28:24.023Z","workerId":"worker-e2e-193","backoffMs":1280,"lag":0}
{"event":"worker.metric","name":"worker_outbox_lag","value":0,"attributes":{"operation":"outbox"},"timestamp":"2026-09-13T07:28:25.307Z"}
{"event":"worker.idle_backoff","level":"debug","timestamp":"2026-09-13T07:28:25.307Z","workerId":"worker-e2e-193","backoffMs":2560,"lag":0}
{"event":"worker.metric","name":"worker_outbox_lag","value":0,"attributes":{"operation":"outbox"},"timestamp":"2026-09-13T07:28:27.873Z"}
{"event":"worker.idle_backoff","level":"debug","timestamp":"2026-09-13T07:28:27.873Z","workerId":"worker-e2e-193","backoffMs":5000,"lag":0}
{"event":"worker.metric","name":"worker_outbox_lag","value":0,"attributes":{"operation":"outbox"},"timestamp":"2026-09-13T07:28:32.876Z"}
{"event":"worker.idle_backoff","level":"debug","timestamp":"2026-09-13T07:28:32.876Z","workerId":"worker-e2e-193","backoffMs":5000,"lag":0}
{"event":"worker.shutdown.started","level":"info","timestamp":"2026-09-13T07:28:33.031Z","signal":"SIGTERM"}
{"event":"worker.outbox.summary","level":"info","timestamp":"2026-09-13T07:28:33.031Z","workerId":"worker-e2e-193","reason":"stop","claimed":2,"processed":2,"failed":0,"deadLettered":0,"handoffs":0,"errors":0,"claimFailures":0,"leaseLost":0,"heartbeats":0,"idlePolls":10,"released":0,"lag":0,"inFlight":0}
{"event":"worker.stopped","level":"info","timestamp":"2026-09-13T07:28:33.031Z","workerId":"worker-e2e-193","drained":true,"released":0,"releaseFailed":0,"processed":2,"failed":0,"deadLettered":0,"lag":0}
{"event":"worker.continuous_drained","level":"info","timestamp":"2026-09-13T07:28:33.031Z","drained":true,"released":0,"releaseFailed":0}
{"event":"worker.shutdown.completed","level":"info","timestamp":"2026-09-13T07:28:33.031Z","signal":"SIGTERM","code":0}
