
 RUN  v4.1.11 /home/ricardo/cvg-agent-secretary-v2

 ❯ apps/worker/src/__tests__/continuous-worker-postgres.integration.test.ts (2 tests | 2 failed) 354ms
     × consumes events across a simulated restart and dead-letters a poison event 182ms
     × observes queue lag, completes in-flight work on shutdown and releases bounded leases 171ms
 ❯ apps/worker/src/__tests__/continuous-worker.test.ts (0 test)
 ❯ apps/worker/src/__tests__/worker-observability.test.ts (0 test)
 ❯ apps/worker/src/__tests__/worker-sweeps.test.ts (0 test)

⎯⎯⎯⎯⎯⎯ Failed Suites 3 ⎯⎯⎯⎯⎯⎯⎯

 FAIL  apps/worker/src/__tests__/continuous-worker.test.ts [ apps/worker/src/__tests__/continuous-worker.test.ts ]
Error: Failed to resolve import "../continuous-worker.ts" from "apps/worker/src/__tests__/continuous-worker.test.ts". Does the file exist?
  Plugin: vite:import-analysis
  File: /home/ricardo/cvg-agent-secretary-v2/apps/worker/src/__tests__/continuous-worker.test.ts:11:7
  4  |  import { InMemoryDatabase, OutboxRepository } from "@cvg/persistence";
  5  |  import { describe, expect, it, vi } from "vitest";
  6  |  ...eateContinuousWorker, parseContinuousWorkerSettings } from "../continuous-worker.ts";
     |                                                                 ^
  7  |  import { getWorkerStartupFailure } from "../worker.ts";
  8  |  const tenantId = TenantIdSchema.parse("tenant_00000000-0000-4000-8000-000000000190");
 ❯ TransformPluginContext._formatLog node_modules/vite/dist/node/chunks/node.js:31147:39
 ❯ TransformPluginContext.error node_modules/vite/dist/node/chunks/node.js:31144:14
 ❯ normalizeUrl node_modules/vite/dist/node/chunks/node.js:28083:18
 ❯ node_modules/vite/dist/node/chunks/node.js:28153:30
 ❯ TransformPluginContext.transform node_modules/vite/dist/node/chunks/node.js:28119:4
 ❯ EnvironmentPluginContainer.transform node_modules/vite/dist/node/chunks/node.js:30932:14
 ❯ loadAndTransform node_modules/vite/dist/node/chunks/node.js:20671:26

⎯⎯⎯⎯⎯⎯⎯⎯⎯⎯⎯⎯⎯⎯⎯⎯⎯⎯⎯⎯⎯⎯⎯⎯[1/5]⎯

 FAIL  apps/worker/src/__tests__/worker-observability.test.ts [ apps/worker/src/__tests__/worker-observability.test.ts ]
Error: Failed to resolve import "../worker-observability.ts" from "apps/worker/src/__tests__/worker-observability.test.ts". Does the file exist?
  Plugin: vite:import-analysis
  File: /home/ricardo/cvg-agent-secretary-v2/apps/worker/src/__tests__/worker-observability.test.ts:5:7
  1  |  import { describe, expect, it } from "vitest";
  2  |  import { createJsonWorkerTelemetry, createTelemetryWorkerSink } from "../worker-observability.ts";
     |                                                                        ^
  3  |  describe("AAA-19 worker observability", () => {
  4  |  	it("writes redacted structured logs and metrics as JSON lines", () => {
 ❯ TransformPluginContext._formatLog node_modules/vite/dist/node/chunks/node.js:31147:39
 ❯ TransformPluginContext.error node_modules/vite/dist/node/chunks/node.js:31144:14
 ❯ normalizeUrl node_modules/vite/dist/node/chunks/node.js:28083:18
 ❯ node_modules/vite/dist/node/chunks/node.js:28153:30
 ❯ TransformPluginContext.transform node_modules/vite/dist/node/chunks/node.js:28119:4
 ❯ EnvironmentPluginContainer.transform node_modules/vite/dist/node/chunks/node.js:30932:14
 ❯ loadAndTransform node_modules/vite/dist/node/chunks/node.js:20671:26

⎯⎯⎯⎯⎯⎯⎯⎯⎯⎯⎯⎯⎯⎯⎯⎯⎯⎯⎯⎯⎯⎯⎯⎯[2/5]⎯

 FAIL  apps/worker/src/__tests__/worker-sweeps.test.ts [ apps/worker/src/__tests__/worker-sweeps.test.ts ]
Error: Failed to resolve import "../continuous-worker.ts" from "apps/worker/src/__tests__/worker-sweeps.test.ts". Does the file exist?
  Plugin: vite:import-analysis
  File: /home/ricardo/cvg-agent-secretary-v2/apps/worker/src/__tests__/worker-sweeps.test.ts:13:39
  4  |  import { describe, expect, it, vi } from "vitest";
  5  |  import { createPeriodicSweepRunner, runSweepTick } from "../sweeps.ts";
  6  |  import { createContinuousWorker } from "../continuous-worker.ts";
     |                                          ^
  7  |  const tenantId = TenantIdSchema.parse("tenant_00000000-0000-4000-8000-000000000191");
  8  |  const correlationId = "corr_00000000-0000-4000-8000-000000000191";
 ❯ TransformPluginContext._formatLog node_modules/vite/dist/node/chunks/node.js:31147:39
 ❯ TransformPluginContext.error node_modules/vite/dist/node/chunks/node.js:31144:14
 ❯ normalizeUrl node_modules/vite/dist/node/chunks/node.js:28083:18
 ❯ node_modules/vite/dist/node/chunks/node.js:28153:30
 ❯ TransformPluginContext.transform node_modules/vite/dist/node/chunks/node.js:28119:4
 ❯ EnvironmentPluginContainer.transform node_modules/vite/dist/node/chunks/node.js:30932:14
 ❯ loadAndTransform node_modules/vite/dist/node/chunks/node.js:20671:26

⎯⎯⎯⎯⎯⎯⎯⎯⎯⎯⎯⎯⎯⎯⎯⎯⎯⎯⎯⎯⎯⎯⎯⎯[3/5]⎯


⎯⎯⎯⎯⎯⎯⎯ Failed Tests 2 ⎯⎯⎯⎯⎯⎯⎯

 FAIL  apps/worker/src/__tests__/continuous-worker-postgres.integration.test.ts > AAA-19 continuous PostgreSQL worker > consumes events across a simulated restart and dead-letters a poison event
TypeError: createPostgresContinuousWorker is not a function
 ❯ apps/worker/src/__tests__/continuous-worker-postgres.integration.test.ts:114:17
    112|         })
    113|
    114|         first = createPostgresContinuousWorker(
       |                 ^
    115|           workerEnv(databaseUrl, schemaName, 'worker-pg-continuous-192…
    116|           { handlers: createControlledNoopHandlers(), tuning }

⎯⎯⎯⎯⎯⎯⎯⎯⎯⎯⎯⎯⎯⎯⎯⎯⎯⎯⎯⎯⎯⎯⎯⎯[4/5]⎯

 FAIL  apps/worker/src/__tests__/continuous-worker-postgres.integration.test.ts > AAA-19 continuous PostgreSQL worker > observes queue lag, completes in-flight work on shutdown and releases bounded leases
TypeError: createPostgresContinuousWorker is not a function
 ❯ apps/worker/src/__tests__/continuous-worker-postgres.integration.test.ts:209:19
    207|         let calls = 0
    208|         const recording = createRecordingTelemetry()
    209|         running = createPostgresContinuousWorker(
       |                   ^
    210|           workerEnv(databaseUrl, schemaName, 'worker-pg-continuous-192…
    211|           {

⎯⎯⎯⎯⎯⎯⎯⎯⎯⎯⎯⎯⎯⎯⎯⎯⎯⎯⎯⎯⎯⎯⎯⎯[5/5]⎯


 Test Files  4 failed (4)
      Tests  2 failed (2)
   Start at  04:21:02
   Duration  3.88s (transform 556ms, setup 0ms, import 776ms, tests 354ms, environment 2.13s)

