
 RUN  v4.1.5 /home/ricardo/cvg-agent-secretary-v2

 ❯ packages/channel-gateway/src/__tests__/channel-effect-race.test.ts (2 tests | 2 failed) 13ms
     × Promise.all of two identical dispatches produces exactly one provider send 9ms
     × rejects a reused idempotency key carrying a different payload 3ms

⎯⎯⎯⎯⎯⎯⎯ Failed Tests 2 ⎯⎯⎯⎯⎯⎯⎯

 FAIL  packages/channel-gateway/src/__tests__/channel-effect-race.test.ts > AUD-20260912-F04 regression: concurrent outbound dispatch > Promise.all of two identical dispatches produces exactly one provider send
AssertionError: expected [ …(2) ] to have a length of 1 but got 2

- Expected
+ Received

- 1
+ 2

 ❯ packages/channel-gateway/src/__tests__/channel-effect-race.test.ts:38:26
     36|     ])
     37|
     38|     expect(adapter.sent).toHaveLength(1)
       |                          ^
     39|     expect(second).toEqual(first)
     40|   })

⎯⎯⎯⎯⎯⎯⎯⎯⎯⎯⎯⎯⎯⎯⎯⎯⎯⎯⎯⎯⎯⎯⎯⎯[1/2]⎯

 FAIL  packages/channel-gateway/src/__tests__/channel-effect-race.test.ts > AUD-20260912-F04 regression: concurrent outbound dispatch > rejects a reused idempotency key carrying a different payload
AssertionError: promise resolved "{ externalId: 'fake_msg_race_1', …(3) }" instead of rejecting

- Expected
+ Received

- Error {
-   "message": "rejected promise",
+ {
+   "accepted": true,
+   "channel": "whatsapp",
+   "externalId": "fake_msg_race_1",
+   "sentAt": "2026-09-12T12:00:00.000Z",
  }

 ❯ packages/channel-gateway/src/__tests__/channel-effect-race.test.ts:52:6
     50|         { takeoverActive: false }
     51|       )
     52|     ).rejects.toMatchObject({ code: 'idempotency_conflict' })
       |      ^
     53|     expect(adapter.sent).toHaveLength(1)
     54|   })

⎯⎯⎯⎯⎯⎯⎯⎯⎯⎯⎯⎯⎯⎯⎯⎯⎯⎯⎯⎯⎯⎯⎯⎯[2/2]⎯


 Test Files  1 failed (1)
      Tests  2 failed (2)
   Start at  17:33:17
   Duration  802ms (transform 84ms, setup 0ms, import 162ms, tests 13ms, environment 518ms)

