
> cvg-agent-secretary-v2@1.0.0 test
> vitest run --no-file-parallelism --maxWorkers=2


 RUN  v4.1.11 /home/ricardo/cvg-agent-secretary-v2

 ❯ packages/channel-gateway/src/__tests__/channel-effect-journal.test.ts (11 tests | 1 failed) 83ms
     × 8. the same key with a different payload is rejected as a conflict 12ms
 ❯ packages/channel-gateway/src/__tests__/channel-effect-race.test.ts (2 tests | 1 failed) 26ms
     × rejects a reused idempotency key carrying a different payload 10ms

⎯⎯⎯⎯⎯⎯⎯ Failed Tests 2 ⎯⎯⎯⎯⎯⎯⎯

 FAIL  packages/channel-gateway/src/__tests__/channel-effect-journal.test.ts > channel effect journal contract > 8. the same key with a different payload is rejected as a conflict
AssertionError: expected ChannelError: Idempotency key was reused … { …(3) } to match object { code: 'idempotency_key_reuse', …(1) }
(2 matching properties omitted from actual)

- Expected
+ Received

- {
-   "code": "idempotency_key_reuse",
+ ChannelError {
+   "code": "idempotency_conflict",
    "retryable": false,
  }

 ❯ packages/channel-gateway/src/__tests__/channel-effect-journal.test.ts:332:6
    330|         { takeoverActive: false }
    331|       )
    332|     ).rejects.toMatchObject({ code: 'idempotency_key_reuse', retryable…
       |      ^
    333|     expect(adapter.sent).toHaveLength(1)
    334|   })

⎯⎯⎯⎯⎯⎯⎯⎯⎯⎯⎯⎯⎯⎯⎯⎯⎯⎯⎯⎯⎯⎯⎯⎯[1/2]⎯

 FAIL  packages/channel-gateway/src/__tests__/channel-effect-race.test.ts > AUD-20260912-F04 regression: concurrent outbound dispatch > rejects a reused idempotency key carrying a different payload
AssertionError: expected ChannelError: Idempotency key was reused … { …(3) } to match object { code: 'idempotency_key_reuse' }
(3 matching properties omitted from actual)

- Expected
+ Received

- {
-   "code": "idempotency_key_reuse",
+ ChannelError {
+   "code": "idempotency_conflict",
  }

 ❯ packages/channel-gateway/src/__tests__/channel-effect-race.test.ts:52:6
     50|         { takeoverActive: false }
     51|       )
     52|     ).rejects.toMatchObject({ code: 'idempotency_key_reuse' })
       |      ^
     53|     expect(adapter.sent).toHaveLength(1)
     54|   })

⎯⎯⎯⎯⎯⎯⎯⎯⎯⎯⎯⎯⎯⎯⎯⎯⎯⎯⎯⎯⎯⎯⎯⎯[2/2]⎯


 Test Files  2 failed | 173 passed | 4 skipped (179)
      Tests  2 failed | 884 passed | 27 skipped (913)
   Start at  17:45:32
   Duration  209.10s (transform 3.07s, setup 0ms, import 33.10s, tests 21.66s, environment 127.68s)

