[certify] candidate=159dd98e9fe5acbd4cfa70879b5349c95b2c419f565eb183ffbd0e95c1dc1a34 run=run-159dd98e9fe5-mtz7czwz files=821 dirty=true
[certify] PASS         format (exit 0, 11880ms)
[certify] PASS         typecheck (exit 0, 7539ms)
[certify] PASS         lint (exit 0, 5698ms)
[certify] PASS         build (exit 0, 17504ms)
[certify] PASS         unit (exit 0, 206415ms)
[certify] PASS         coverage (exit 0, 212548ms)
[certify] PASS         security (exit 0, 735ms)
[certify] PASS         worker_startup (exit 0, 1198ms)
[certify] PASS         postgres (exit 0, 21903ms)
[certify] PASS         e2e (exit 0, 21982ms)
[certify] PASS         evals (exit 0, 767ms)
[certify] PASS         chaos (exit 0, 3563ms)
[certify] PASS         load (exit 0, 13529ms)
[certify] PASS         restore (exit 0, 783ms)
[certify] PASS         sbom (exit 0, 46ms)
[certify] PASS         licenses (exit 0, 39ms)
[certify] started=2026-09-13T02:36:17.654Z decision=CONDITIONAL_GO certification=AAA_CONTROLLED
[certify] PASS         format
[certify] PASS         typecheck
[certify] PASS         lint
[certify] PASS         build
[certify] PASS         unit
[certify] PASS         coverage
[certify] PASS         security
[certify] PASS         worker_startup
[certify] PASS         postgres
[certify] PASS         e2e
[certify] PASS         evals
[certify] PASS         chaos
[certify] PASS         load
[certify] PASS         restore
[certify] PASS         sbom
[certify] PASS         licenses
