CAPTURE_COMMAND: ["docker", "build", "--target", "runtime", "--progress", "plain", "--iidfile", "/tmp/cvg-harness-iso-exec-20261003/harness-image-r1.iid", "-t", "cvg-hiso-core:hiso007-20261003", "."]
#0 building with "default" instance using docker driver

#1 [internal] load build definition from Dockerfile
#1 transferring dockerfile: 1.79kB done
#1 DONE 0.0s

#2 resolve image config for docker-image://docker.io/docker/dockerfile:1.7
#2 DONE 0.8s

#3 docker-image://docker.io/docker/dockerfile:1.7@sha256:a57df69d0ea827fb7266491f2813635de6f17269be881f696fbfdf2d83dda33e
#3 resolve docker.io/docker/dockerfile:1.7@sha256:a57df69d0ea827fb7266491f2813635de6f17269be881f696fbfdf2d83dda33e 0.0s done
#3 CACHED

#4 [internal] load metadata for docker.io/library/node:22.23.2-bookworm-slim@sha256:48e4b67d85f87bd551df43704e24d252f56cc5f8e9718841aace50f19948f0f9
#4 DONE 0.7s

#5 [internal] load .dockerignore
#5 transferring context: 247B done
#5 DONE 0.0s

#6 [runtime 1/5] FROM docker.io/library/node:22.23.2-bookworm-slim@sha256:48e4b67d85f87bd551df43704e24d252f56cc5f8e9718841aace50f19948f0f9
#6 resolve docker.io/library/node:22.23.2-bookworm-slim@sha256:48e4b67d85f87bd551df43704e24d252f56cc5f8e9718841aace50f19948f0f9 done
#6 DONE 0.0s

#7 [internal] load build context
#7 transferring context: 636.51kB 0.0s done
#7 DONE 0.0s

#8 [build 2/9] WORKDIR /app
#8 CACHED

#9 [build 3/9] COPY package.json package-lock.json ./
#9 CACHED

#10 [build 4/9] COPY tsconfig.base.json tsconfig.json tsconfig.typecheck.json tsconfig.runtime.json vite.config.mts ./
#10 DONE 0.0s

#11 [build 5/9] COPY apps ./apps
#11 DONE 0.0s

#12 [build 6/9] COPY packages ./packages
#12 DONE 0.1s

#13 [build 7/9] COPY legacy ./legacy
#13 DONE 0.0s

#14 [build 8/9] COPY scripts ./scripts
#14 DONE 0.0s

#15 [build 9/9] RUN npm ci --ignore-scripts && npm run build:web && npm run build:runtime
#15 3.291 
#15 3.291 added 329 packages in 3s
#15 3.292 npm notice
#15 3.292 npm notice New major version of npm available! 10.9.8 -> 12.2.0
#15 3.292 npm notice Changelog: https://github.com/npm/cli/releases/tag/v12.2.0
#15 3.292 npm notice To update run: npm install -g npm@12.2.0
#15 3.292 npm notice
#15 3.427 
#15 3.427 > cvg-operational-harness@1.0.0 build:web
#15 3.427 > vite --config vite.config.mts build apps/web
#15 3.427 
#15 3.590 vite v8.2.2 building client environment for production...
#15 3.599 transforming...
#15 3.649 [plugin rolldown:vite-resolve] Module "node:dns/promises" has been externalized for browser compatibility, imported by "/app/packages/shared/dist/ssrf.js". See https://vite.dev/guide/troubleshooting.html#module-externalized-for-browser-compatibility for more details.
#15 3.656 ✓ 169 modules transformed.
#15 3.690 rendering chunks...
#15 3.734 computing gzip size...
#15 3.739 apps/web/dist/index.html                                              0.40 kB │ gzip:   0.27 kB
#15 3.739 apps/web/dist/assets/inter-vietnamese-wght-normal-CBcvBZtf.woff2     10.25 kB
#15 3.739 apps/web/dist/assets/inter-greek-ext-wght-normal-DlzME5K_.woff2      11.23 kB
#15 3.739 apps/web/dist/assets/inter-cyrillic-wght-normal-DqGufNeO.woff2       18.74 kB
#15 3.739 apps/web/dist/assets/inter-greek-wght-normal-CkhJZR-_.woff2          18.99 kB
#15 3.739 apps/web/dist/assets/inter-cyrillic-ext-wght-normal-BOeWTOD4.woff2   25.96 kB
#15 3.739 apps/web/dist/assets/inter-latin-wght-normal-Dx4kXJAl.woff2          48.25 kB
#15 3.739 apps/web/dist/assets/inter-latin-ext-wght-normal-DO1Apj_S.woff2      85.06 kB
#15 3.739 apps/web/dist/assets/index-BA4ZI1ya.css                              13.12 kB │ gzip:   3.67 kB
#15 3.739 apps/web/dist/assets/index-CilpeCEu.js                              369.97 kB │ gzip: 106.95 kB
#15 3.739 
#15 3.740 ✓ built in 149ms
#15 3.834 
#15 3.834 > cvg-operational-harness@1.0.0 build:runtime
#15 3.834 > node scripts/build-runtime.mjs
#15 3.834 
#15 9.677 {"contextDir":"/tmp/cvg-runtime","compiledWorkspaces":["packages/contracts","packages/orchestrator","packages/harness","packages/shared","packages/rag","packages/platform","packages/approval-engine","packages/channel-gateway","packages/policy-engine","packages/model-gateway","packages/observability","packages/agent-runtime","packages/policy","packages/persistence","packages/agent-core","legacy/packages/secretary-profile","legacy/packages/secretary-journeys","apps/api"],"sourceIncluded":false}
#15 DONE 10.0s

#16 [runtime 2/5] RUN groupadd --system --gid 10001 cvg   && useradd --system --uid 10001 --gid cvg --home-dir /app --shell /usr/sbin/nologin cvg
#16 CACHED

#17 [runtime 3/5] WORKDIR /app
#17 CACHED

#18 [runtime 4/5] COPY --from=build --chown=cvg:cvg /tmp/cvg-runtime/ ./
#18 DONE 0.1s

#19 [runtime 5/5] RUN npm ci --omit=dev --ignore-scripts && npm cache clean --force
#19 1.935 
#19 1.935 added 112 packages in 2s
#19 1.935 npm notice
#19 1.935 npm notice New major version of npm available! 10.9.8 -> 12.2.0
#19 1.935 npm notice Changelog: https://github.com/npm/cli/releases/tag/v12.2.0
#19 1.935 npm notice To update run: npm install -g npm@12.2.0
#19 1.935 npm notice
#19 2.053 npm warn using --force Recommended protections disabled.
#19 DONE 2.3s

#20 exporting to image
#20 exporting layers
#20 exporting layers 1.6s done
#20 exporting manifest sha256:f44540ef9a9028c6655b9287fe31ce82092371ce464fb5e0ece9d7c449c167d7 done
#20 exporting config sha256:d28bd285952628b40fe51551423ff693a38ae3543952ee98b2278b158c6879db done
#20 exporting attestation manifest sha256:b2de9d910882db94f6b3787d2781caa042670845c5f2455b04d1e0d0dacf59b5 done
#20 exporting manifest list sha256:7c8832ada9974d6a4118f708501413ec0729dd36648a3955698038798acebc54 done
#20 naming to docker.io/library/cvg-hiso-core:hiso007-20261003 done
#20 unpacking to docker.io/library/cvg-hiso-core:hiso007-20261003
#20 unpacking to docker.io/library/cvg-hiso-core:hiso007-20261003 1.1s done
#20 DONE 2.7s
