CAPTURE_COMMAND: ["docker", "build", "--target", "runtime", "--file", "products/shift-assistant/deploy/Dockerfile", "--tag", "cvg-hiso-shift:t2-20261003", "."]
#0 building with "default" instance using docker driver

#1 [internal] load build definition from Dockerfile
#1 transferring dockerfile: 1.68kB done
#1 DONE 0.0s

#2 resolve image config for docker-image://docker.io/docker/dockerfile:1.7
#2 DONE 0.8s

#3 docker-image://docker.io/docker/dockerfile:1.7@sha256:a57df69d0ea827fb7266491f2813635de6f17269be881f696fbfdf2d83dda33e
#3 resolve docker.io/docker/dockerfile:1.7@sha256:a57df69d0ea827fb7266491f2813635de6f17269be881f696fbfdf2d83dda33e 0.0s done
#3 CACHED

#4 [internal] load metadata for docker.io/library/node:22.23.2-bookworm-slim@sha256:48e4b67d85f87bd551df43704e24d252f56cc5f8e9718841aace50f19948f0f9
#4 DONE 0.8s

#5 [internal] load .dockerignore
#5 transferring context: 247B done
#5 DONE 0.1s

#6 [build  1/10] FROM docker.io/library/node:22.23.2-bookworm-slim@sha256:48e4b67d85f87bd551df43704e24d252f56cc5f8e9718841aace50f19948f0f9
#6 resolve docker.io/library/node:22.23.2-bookworm-slim@sha256:48e4b67d85f87bd551df43704e24d252f56cc5f8e9718841aace50f19948f0f9 0.0s done
#6 DONE 0.0s

#7 [internal] load build context
#7 transferring context: 7.31MB 0.2s done
#7 DONE 0.2s

#8 [build  2/10] WORKDIR /app
#8 CACHED

#9 [build  3/10] COPY package.json package-lock.json ./
#9 DONE 0.1s

#10 [build  4/10] COPY tsconfig.base.json tsconfig.json ./
#10 DONE 0.1s

#11 [build  5/10] COPY apps ./apps
#11 DONE 0.1s

#12 [build  6/10] COPY packages ./packages
#12 DONE 0.1s

#13 [build  7/10] COPY legacy ./legacy
#13 DONE 0.0s

#14 [build  8/10] COPY products ./products
#14 DONE 0.0s

#15 [build  9/10] COPY scripts/build-public-workspace.mjs ./scripts/build-public-workspace.mjs
#15 DONE 0.0s

#16 [build 10/10] RUN npm ci --ignore-scripts   && npm run build --workspace @cvg/shift-assistant
#16 13.31 
#16 13.31 added 330 packages in 13s
#16 13.31 npm notice
#16 13.31 npm notice New major version of npm available! 10.9.8 -> 12.2.0
#16 13.31 npm notice Changelog: https://github.com/npm/cli/releases/tag/v12.2.0
#16 13.31 npm notice To update run: npm install -g npm@12.2.0
#16 13.31 npm notice
#16 13.70 
#16 13.70 > @cvg/shift-assistant@1.0.0 build
#16 13.70 > node ../../scripts/build-public-workspace.mjs products/shift-assistant && esbuild src/main.ts --bundle --platform=node --target=node22 --format=esm --tsconfig=tsconfig.build.json --legal-comments=none --banner:js="import { createRequire } from 'node:module'; const require = createRequire(import.meta.url);" --outfile=dist/shift-assistant.mjs
#16 13.70 
#16 17.78 {"target":"products/shift-assistant","publicExports":true,"sourceAliases":false,"workspaces":["packages/shared","packages/model-gateway","products/shift-assistant"]}
#16 17.90 
#16 17.90   dist/shift-assistant.mjs  582.7kb
#16 17.90 
#16 17.90 ⚡ Done in 61ms
#16 DONE 18.4s

#17 [runtime 2/4] RUN groupadd --system --gid 10001 cvg   && useradd --system --uid 10001 --gid cvg --home-dir /app --shell /usr/sbin/nologin cvg   && mkdir -p /data && chown cvg:cvg /data
#17 CACHED

#18 [runtime 3/4] WORKDIR /app
#18 CACHED

#19 [runtime 4/4] COPY --from=build --chown=cvg:cvg /app/products/shift-assistant/dist/shift-assistant.mjs ./shift-assistant.mjs
#19 DONE 0.0s

#20 exporting to image
#20 exporting layers 0.1s done
#20 exporting manifest sha256:ae98d045767e5b57459443b4ac53194d48306e31295a3b99f794f32f974ee127 0.0s done
#20 exporting config sha256:19c75df0b7001058a11934b84f880158872993f0489bfd0d42ff41391817ea73 0.0s done
#20 exporting attestation manifest sha256:9b4a075b54691165788b970a2fa7e9d7fc2928d73161a60dba716670c8a16f32 0.0s done
#20 exporting manifest list sha256:f221e1e7edc7c8079051abfab257299e0117607da9b4be8a3d604a07e0433106
#20 exporting manifest list sha256:f221e1e7edc7c8079051abfab257299e0117607da9b4be8a3d604a07e0433106 0.0s done
#20 naming to docker.io/library/cvg-hiso-shift:t2-20261003 done
#20 unpacking to docker.io/library/cvg-hiso-shift:t2-20261003 0.0s done
#20 DONE 0.3s
