CAPTURE_COMMAND: ["docker", "build", "--tag", "cvg-hiso-shift:t2-r2-20261003", "--file", "products/shift-assistant/deploy/Dockerfile", "."]
#0 building with "default" instance using docker driver

#1 [internal] load build definition from Dockerfile
#1 transferring dockerfile: 1.68kB done
#1 DONE 0.0s

#2 resolve image config for docker-image://docker.io/docker/dockerfile:1.7
#2 DONE 0.8s

#3 docker-image://docker.io/docker/dockerfile:1.7@sha256:a57df69d0ea827fb7266491f2813635de6f17269be881f696fbfdf2d83dda33e
#3 resolve docker.io/docker/dockerfile:1.7@sha256:a57df69d0ea827fb7266491f2813635de6f17269be881f696fbfdf2d83dda33e 0.0s done
#3 CACHED

#4 [internal] load metadata for docker.io/library/node:22.23.2-bookworm-slim@sha256:48e4b67d85f87bd551df43704e24d252f56cc5f8e9718841aace50f19948f0f9
#4 DONE 0.7s

#5 [internal] load .dockerignore
#5 transferring context: 247B done
#5 DONE 0.0s

#6 [runtime 1/4] FROM docker.io/library/node:22.23.2-bookworm-slim@sha256:48e4b67d85f87bd551df43704e24d252f56cc5f8e9718841aace50f19948f0f9
#6 resolve docker.io/library/node:22.23.2-bookworm-slim@sha256:48e4b67d85f87bd551df43704e24d252f56cc5f8e9718841aace50f19948f0f9 done
#6 DONE 0.0s

#7 [internal] load build context
#7 transferring context: 105.39kB 0.0s done
#7 DONE 0.0s

#8 [build  2/10] WORKDIR /app
#8 CACHED

#9 [build  3/10] COPY package.json package-lock.json ./
#9 DONE 0.0s

#10 [build  4/10] COPY tsconfig.base.json tsconfig.json ./
#10 DONE 0.0s

#11 [build  5/10] COPY apps ./apps
#11 DONE 0.1s

#12 [build  6/10] COPY packages ./packages
#12 DONE 0.1s

#13 [build  7/10] COPY legacy ./legacy
#13 DONE 0.0s

#14 [build  8/10] COPY products ./products
#14 DONE 0.0s

#15 [build  9/10] COPY scripts/build-public-workspace.mjs ./scripts/build-public-workspace.mjs
#15 DONE 0.0s

#16 [build 10/10] RUN npm ci --ignore-scripts   && npm run build --workspace @cvg/shift-assistant
#16 4.320 
#16 4.320 added 330 packages in 4s
#16 4.321 npm notice
#16 4.321 npm notice New major version of npm available! 10.9.8 -> 12.2.0
#16 4.321 npm notice Changelog: https://github.com/npm/cli/releases/tag/v12.2.0
#16 4.321 npm notice To update run: npm install -g npm@12.2.0
#16 4.321 npm notice
#16 4.499 
#16 4.499 > @cvg/shift-assistant@1.0.0 build
#16 4.499 > node ../../scripts/build-public-workspace.mjs products/shift-assistant && esbuild src/main.ts --bundle --platform=node --target=node22 --format=esm --tsconfig=tsconfig.build.json --legal-comments=none --banner:js="import { createRequire } from 'node:module'; const require = createRequire(import.meta.url);" --outfile=dist/shift-assistant.mjs
#16 4.499 
#16 6.720 {"target":"products/shift-assistant","publicExports":true,"sourceAliases":false,"workspaces":["packages/shared","packages/model-gateway","products/shift-assistant"]}
#16 6.778 
#16 6.778   dist/shift-assistant.mjs  582.7kb
#16 6.778 
#16 6.778 ⚡ Done in 24ms
#16 DONE 7.2s

#17 [runtime 2/4] RUN groupadd --system --gid 10001 cvg   && useradd --system --uid 10001 --gid cvg --home-dir /app --shell /usr/sbin/nologin cvg   && mkdir -p /data && chown cvg:cvg /data
#17 CACHED

#18 [runtime 3/4] WORKDIR /app
#18 CACHED

#19 [runtime 4/4] COPY --from=build --chown=cvg:cvg /app/products/shift-assistant/dist/shift-assistant.mjs ./shift-assistant.mjs
#19 CACHED

#20 exporting to image
#20 exporting layers done
#20 exporting manifest sha256:ae98d045767e5b57459443b4ac53194d48306e31295a3b99f794f32f974ee127 done
#20 exporting config sha256:19c75df0b7001058a11934b84f880158872993f0489bfd0d42ff41391817ea73 done
#20 exporting attestation manifest sha256:e732c2636f1341443c951c600e931a8e58d2aa0bd684119eff7a66b597382bd3 done
#20 exporting manifest list sha256:30d22f51c777f23e9b3f914d678e98b81b1425b5672b6e275e14fe5a37195fbc done
#20 naming to docker.io/library/cvg-hiso-shift:t2-r2-20261003 done
#20 unpacking to docker.io/library/cvg-hiso-shift:t2-r2-20261003 done
#20 DONE 0.0s
