[certify] candidate=e0de9ee3861cbb0bbdabcf49dd17291e99296a0a5bd2a27c5d2674774217152e run=run-e0de9ee3861c-mtzbjack files=851 dirty=true
[certify] PASS         format (exit 0, 10800ms)
[certify] PASS         typecheck (exit 0, 7611ms)
[certify] PASS         lint (exit 0, 5501ms)
[certify] PASS         build (exit 0, 8071ms)
[certify] PASS         unit (exit 0, 247072ms)
[certify] PASS         coverage (exit 0, 286359ms)
[certify] PASS         security (exit 0, 727ms)
[certify] PASS         worker_startup (exit 0, 1315ms)
[certify] PASS         postgres (exit 0, 23653ms)
[certify] PASS         e2e (exit 0, 22468ms)
[certify] PASS         evals (exit 0, 681ms)
[certify] PASS         chaos (exit 0, 4019ms)
[certify] PASS         load (exit 0, 16055ms)
[certify] PASS         restore (exit 0, 778ms)
[certify] PASS         sbom (exit 0, 47ms)
[certify] PASS         licenses (exit 0, 44ms)
[certify] started=2026-09-13T04:33:09.596Z decision=CONDITIONAL_GO certification=AAA_CONTROLLED
[certify] PASS         format
[certify] PASS         typecheck
[certify] PASS         lint
[certify] PASS         build
[certify] PASS         unit
[certify] PASS         coverage
[certify] PASS         security
[certify] PASS         worker_startup
[certify] PASS         postgres
[certify] PASS         e2e
[certify] PASS         evals
[certify] PASS         chaos
[certify] PASS         load
[certify] PASS         restore
[certify] PASS         sbom
[certify] PASS         licenses
