2026-09-13 03:23:17.715 -03 [2503858] LOG:  starting PostgreSQL 16.15 (Ubuntu 16.15-0ubuntu0.24.04.1) on x86_64-pc-linux-gnu, compiled by gcc (Ubuntu 13.3.0-6ubuntu2~24.04.1) 13.3.0, 64-bit
2026-09-13 03:23:17.715 -03 [2503858] LOG:  listening on IPv4 address "127.0.0.1", port 55436
2026-09-13 03:23:17.715 -03 [2503858] FATAL:  could not create lock file "/var/run/postgresql/.s.PGSQL.55436.lock": No such file or directory
2026-09-13 03:23:17.718 -03 [2503858] LOG:  database system is shut down
2026-09-13 03:23:24.371 -03 [2504564] LOG:  starting PostgreSQL 16.15 (Ubuntu 16.15-0ubuntu0.24.04.1) on x86_64-pc-linux-gnu, compiled by gcc (Ubuntu 13.3.0-6ubuntu2~24.04.1) 13.3.0, 64-bit
2026-09-13 03:23:24.371 -03 [2504564] LOG:  listening on IPv4 address "127.0.0.1", port 55436
2026-09-13 03:23:24.372 -03 [2504564] LOG:  listening on Unix socket "/tmp/opencode/aaa13-rehearsal-20260913T062303Z/pg/.s.PGSQL.55436"
2026-09-13 03:23:24.375 -03 [2504568] LOG:  database system was shut down at 2026-09-13 03:23:17 -03
2026-09-13 03:23:24.380 -03 [2504564] LOG:  database system is ready to accept connections
2026-09-13 03:24:08.599 -03 [2509471] ERROR:  Release candidate status transition is invalid
2026-09-13 03:24:08.599 -03 [2509471] CONTEXT:  PL/pgSQL function cvg_release_candidates_update_guard() line 31 at RAISE
2026-09-13 03:24:08.599 -03 [2509471] STATEMENT:  UPDATE platform_release_candidates
	             SET validated_by = created_by
	             WHERE tenant_id = $1 AND id = $2
2026-09-13 03:24:13.502 -03 [2510023] ERROR:  synthetic outbox audit failure
2026-09-13 03:24:13.502 -03 [2510023] CONTEXT:  PL/pgSQL function reject_outbox_audit() line 1 at RAISE
2026-09-13 03:24:13.502 -03 [2510023] STATEMENT:  INSERT INTO audit_events
	       (tenant_id, id, type, actor_type, actor_id, correlation_id, policy_version, payload, created_at)
	     VALUES ($1, $2, 'integration_event', $3, $4, $5, $6, $7::jsonb, $8)
2026-09-13 03:24:13.784 -03 [2510025] ERROR:  synthetic atomic outbox failure
2026-09-13 03:24:13.784 -03 [2510025] CONTEXT:  PL/pgSQL function reject_atomic_outbox_1789280653781() line 1 at RAISE
2026-09-13 03:24:13.784 -03 [2510025] STATEMENT:  INSERT INTO outbox_events
	           (id, tenant_id, type, envelope_version, correlation_id, idempotency_key,
	            conversation_id, session_id, agent_id, agent_version_id,
	            inbound_message_id, payload, payload_protection_version, status, created_at, available_at,
	            attempts, lease_owner, lease_until, last_error, processed_at,
	            dead_lettered_at, parent_event_id, tenant_isolation_quarantined)
	         VALUES ($1, $2, $3, $4, $5, $6, $7, $8, $9, $10, $11, $12::jsonb,
	                 $13, 'pending', $14, $15, 0, NULL, NULL, NULL, NULL, NULL, $16, false)
	         ON CONFLICT (tenant_id, idempotency_key) DO NOTHING
	         RETURNING 
	  id, tenant_id, type, envelope_version, correlation_id, idempotency_key,
	  conversation_id, session_id, agent_id, agent_version_id,
	  inbound_message_id, payload, status, created_at, available_at, attempts,
	  lease_owner, lease_until, last_error, processed_at, dead_lettered_at,
	  parent_event_id
2026-09-13 03:24:17.407 -03 [2510405] ERROR:  duplicate key value violates unique constraint "platform_capability_approvals_tenant_nonce_key"
2026-09-13 03:24:17.407 -03 [2510405] DETAIL:  Key (tenant_id, nonce)=(tenant_00000000-0000-4000-8000-000000000131, nonce_substitution_fixture) already exists.
2026-09-13 03:24:17.407 -03 [2510405] STATEMENT:  INSERT INTO platform_capability_approvals
	           (id, tenant_id, agent_id, version_id, tool_name, input_hash,
	            actor_id, nonce, issuer, expires_at, issued_at, status)
	         VALUES ($1, $2, $3, $4, $5, $6, $7, $8, $9, $10, $11, 'issued')
	         RETURNING 
	  id, tenant_id, agent_id, version_id, tool_name, input_hash,
	  actor_id, nonce, issuer, expires_at, issued_at, status,
	  consumed_at, revoked_at
2026-09-13 03:24:17.562 -03 [2510405] ERROR:  Capability approval cannot expire before expires_at
2026-09-13 03:24:17.562 -03 [2510405] CONTEXT:  PL/pgSQL function cvg_capability_approval_update_guard() line 47 at RAISE
2026-09-13 03:24:17.562 -03 [2510405] STATEMENT:  UPDATE platform_capability_approvals
	             SET status = 'expired'
	             WHERE id = $1
2026-09-13 03:24:17.833 -03 [2510517] ERROR:  Capability approval binding is immutable
2026-09-13 03:24:17.833 -03 [2510517] CONTEXT:  PL/pgSQL function cvg_capability_approval_update_guard() line 16 at RAISE
2026-09-13 03:24:17.833 -03 [2510517] STATEMENT:  UPDATE platform_capability_approvals
	             SET input_hash = repeat('a', 64)
	             WHERE id = $1
2026-09-13 03:24:21.861 -03 [2511003] ERROR:  new row violates row-level security policy for table "journey_owner_drafts"
2026-09-13 03:24:21.861 -03 [2511003] STATEMENT:  INSERT INTO journey_owner_drafts
	             (tenant_id, id, phone, name, candidate_ids, status, idempotency_key, created_at, updated_at, expires_at)
	           VALUES ($1, $2, NULL, NULL, '[]'::jsonb, 'draft', $3, now(), now(), now() + interval '1 day')
2026-09-13 03:24:21.866 -03 [2510997] ERROR:  role "cvg_journeys_rls_1789280661841_a3419d" cannot be dropped because some objects depend on it
2026-09-13 03:24:21.866 -03 [2510997] DETAIL:  privileges for schema cvg_journeys_1789280661169_7723aa
	privileges for table cvg_journeys_1789280661169_7723aa.conversations
	privileges for table cvg_journeys_1789280661169_7723aa.sessions
	privileges for table cvg_journeys_1789280661169_7723aa.tasks
	privileges for table cvg_journeys_1789280661169_7723aa.audit_events
	privileges for table cvg_journeys_1789280661169_7723aa.journey_owner_drafts
	privileges for table cvg_journeys_1789280661169_7723aa.journey_patient_drafts
	privileges for table cvg_journeys_1789280661169_7723aa.journey_appointment_drafts
2026-09-13 03:24:21.866 -03 [2510997] STATEMENT:  DROP ROLE IF EXISTS cvg_journeys_rls_1789280661841_a3419d
2026-09-13 03:24:30.717 -03 [2511887] ERROR:  new row violates row-level security policy for table "channel_effect_journal"
2026-09-13 03:24:30.717 -03 [2511887] STATEMENT:  INSERT INTO channel_effect_journal
	           (tenant_id, channel, operation_kind, idempotency_key, payload_hash,
	            hash_version, state, attempt, lease_owner, lease_expires_at,
	            result, error_code, revision, created_at, updated_at)
	         VALUES ($1, $2, $3, $4, $5, $6, 'PENDING', 1, $7, $8,
	                 NULL, NULL, 1, $9, $9)
	         ON CONFLICT (tenant_id, channel, operation_kind, idempotency_key)
	           DO NOTHING
	         RETURNING 
	  tenant_id, channel, operation_kind, idempotency_key, payload_hash,
	  hash_version, state, attempt, lease_owner, lease_expires_at, result,
	  error_code, revision, updated_at
2026-09-13 03:24:30.724 -03 [2511873] ERROR:  role "cvg_chan_role_1789280670701_acfb1a" cannot be dropped because some objects depend on it
2026-09-13 03:24:30.724 -03 [2511873] DETAIL:  privileges for schema cvg_channel_eff_1789280670342_738c73
	privileges for table channel_effect_journal
2026-09-13 03:24:30.724 -03 [2511873] STATEMENT:  DROP ROLE IF EXISTS cvg_chan_role_1789280670701_acfb1a
2026-09-13 03:24:37.299 -03 [2512675] ERROR:  new row violates row-level security policy for table "effect_journal"
2026-09-13 03:24:37.299 -03 [2512675] STATEMENT:  INSERT INTO effect_journal
	           (tenant_id, operation_key, proposal_hash, state, attempt_id,
	            expires_at, created_at, updated_at, revision)
	         VALUES ($1, $2, $3, 'RESERVED', $4, $5, $6, $6, 1)
	         ON CONFLICT (tenant_id, operation_key) DO NOTHING
	         RETURNING 
	  tenant_id, operation_key, proposal_hash, state, attempt_id, execution_ref,
	  result_digest, error_code, reason, expires_at, reconciled_by,
	  reconciliation_evidence_ref, created_at, updated_at, revision
2026-09-13 03:24:37.305 -03 [2512651] ERROR:  role "cvg_eff_role_1789280677283_9b6e1c" cannot be dropped because some objects depend on it
2026-09-13 03:24:37.305 -03 [2512651] DETAIL:  privileges for schema cvg_runtime_eff_1789280676987_ff266c
	privileges for table effect_journal
2026-09-13 03:24:37.305 -03 [2512651] STATEMENT:  DROP ROLE IF EXISTS cvg_eff_role_1789280677283_9b6e1c
2026-09-13 03:25:38.582 -03 [2519487] ERROR:  duplicate key value violates unique constraint "idempotency_pkey"
2026-09-13 03:25:38.582 -03 [2519487] DETAIL:  Key (tenant_id, key)=(tenant_00000000-0000-4000-8000-000000000079, inbound:whatsapp:sha256:633e82aa5950ec3c13e5e95e9fefdb3dd355c5fba554bdf2a2d5a63f407f6934) already exists.
2026-09-13 03:25:38.582 -03 [2519487] STATEMENT:  INSERT INTO idempotency (tenant_id, key, resource_id, created_at)
	         VALUES ($1, $2, $3, $4)
2026-09-13 03:25:38.583 -03 [2519487] ERROR:  duplicate key value violates unique constraint "messages_conversation_id_external_message_id_key"
2026-09-13 03:25:38.583 -03 [2519487] DETAIL:  Key (conversation_id, external_message_id)=(conv_dd5da602-dd7c-4d79-823c-eee157ce0518, ext_pg_smoke) already exists.
2026-09-13 03:25:38.583 -03 [2519487] STATEMENT:  INSERT INTO messages (id, conversation_id, external_message_id, direction, body)
	           VALUES ($1, $2, $3, $4, $5)
2026-09-13 03:25:54.354 -03 [2521236] FATAL:  terminating connection due to administrator command
2026-09-13 03:25:54.371 -03 [2521240] FATAL:  terminating connection due to administrator command
2026-09-13 03:25:54.371 -03 [2521239] FATAL:  terminating connection due to administrator command
2026-09-13 03:27:25.193 -03 [2531371] ERROR:  synthetic audit failure
2026-09-13 03:27:25.193 -03 [2531371] CONTEXT:  PL/pgSQL function reject_attendance_audit() line 1 at RAISE
2026-09-13 03:27:25.193 -03 [2531371] STATEMENT:  INSERT INTO audit_events (tenant_id, id, type, actor_type, actor_id, correlation_id, policy_version, payload, created_at)
	         VALUES (NULLIF(current_setting('cvg.tenant_id', true), ''), $1, $2, $3, $4, $5, $6, $7::jsonb, $8)
2026-09-13 03:27:25.195 -03 [2531371] WARNING:  there is no transaction in progress
2026-09-13 03:27:28.555 -03 [2531846] ERROR:  Release candidate status transition is invalid
2026-09-13 03:27:28.555 -03 [2531846] CONTEXT:  PL/pgSQL function cvg_release_candidates_update_guard() line 31 at RAISE
2026-09-13 03:27:28.555 -03 [2531846] STATEMENT:  UPDATE platform_release_candidates
	             SET validated_by = created_by
	             WHERE tenant_id = $1 AND id = $2
2026-09-13 03:27:35.282 -03 [2532426] ERROR:  synthetic outbox audit failure
2026-09-13 03:27:35.282 -03 [2532426] CONTEXT:  PL/pgSQL function reject_outbox_audit() line 1 at RAISE
2026-09-13 03:27:35.282 -03 [2532426] STATEMENT:  INSERT INTO audit_events
	       (tenant_id, id, type, actor_type, actor_id, correlation_id, policy_version, payload, created_at)
	     VALUES ($1, $2, 'integration_event', $3, $4, $5, $6, $7::jsonb, $8)
2026-09-13 03:27:35.579 -03 [2532445] ERROR:  synthetic atomic outbox failure
2026-09-13 03:27:35.579 -03 [2532445] CONTEXT:  PL/pgSQL function reject_atomic_outbox_1789280855574() line 1 at RAISE
2026-09-13 03:27:35.579 -03 [2532445] STATEMENT:  INSERT INTO outbox_events
	           (id, tenant_id, type, envelope_version, correlation_id, idempotency_key,
	            conversation_id, session_id, agent_id, agent_version_id,
	            inbound_message_id, payload, payload_protection_version, status, created_at, available_at,
	            attempts, lease_owner, lease_until, last_error, processed_at,
	            dead_lettered_at, parent_event_id, tenant_isolation_quarantined)
	         VALUES ($1, $2, $3, $4, $5, $6, $7, $8, $9, $10, $11, $12::jsonb,
	                 $13, 'pending', $14, $15, 0, NULL, NULL, NULL, NULL, NULL, $16, false)
	         ON CONFLICT (tenant_id, idempotency_key) DO NOTHING
	         RETURNING 
	  id, tenant_id, type, envelope_version, correlation_id, idempotency_key,
	  conversation_id, session_id, agent_id, agent_version_id,
	  inbound_message_id, payload, status, created_at, available_at, attempts,
	  lease_owner, lease_until, last_error, processed_at, dead_lettered_at,
	  parent_event_id
2026-09-13 03:27:43.211 -03 [2533354] ERROR:  new row violates row-level security policy for table "journey_owner_drafts"
2026-09-13 03:27:43.211 -03 [2533354] STATEMENT:  INSERT INTO journey_owner_drafts
	             (tenant_id, id, phone, name, candidate_ids, status, idempotency_key, created_at, updated_at, expires_at)
	           VALUES ($1, $2, NULL, NULL, '[]'::jsonb, 'draft', $3, now(), now(), now() + interval '1 day')
2026-09-13 03:27:43.214 -03 [2533353] ERROR:  role "cvg_journeys_rls_1789280863190_3c1f3d" cannot be dropped because some objects depend on it
2026-09-13 03:27:43.214 -03 [2533353] DETAIL:  privileges for schema cvg_journeys_1789280862480_d7b22a
	privileges for table cvg_journeys_1789280862480_d7b22a.conversations
	privileges for table cvg_journeys_1789280862480_d7b22a.sessions
	privileges for table cvg_journeys_1789280862480_d7b22a.tasks
	privileges for table cvg_journeys_1789280862480_d7b22a.audit_events
	privileges for table cvg_journeys_1789280862480_d7b22a.journey_owner_drafts
	privileges for table cvg_journeys_1789280862480_d7b22a.journey_patient_drafts
	privileges for table cvg_journeys_1789280862480_d7b22a.journey_appointment_drafts
2026-09-13 03:27:43.214 -03 [2533353] STATEMENT:  DROP ROLE IF EXISTS cvg_journeys_rls_1789280863190_3c1f3d
2026-09-13 03:27:44.395 -03 [2533451] ERROR:  duplicate key value violates unique constraint "platform_capability_approvals_tenant_nonce_key"
2026-09-13 03:27:44.395 -03 [2533451] DETAIL:  Key (tenant_id, nonce)=(tenant_00000000-0000-4000-8000-000000000131, nonce_substitution_fixture) already exists.
2026-09-13 03:27:44.395 -03 [2533451] STATEMENT:  INSERT INTO platform_capability_approvals
	           (id, tenant_id, agent_id, version_id, tool_name, input_hash,
	            actor_id, nonce, issuer, expires_at, issued_at, status)
	         VALUES ($1, $2, $3, $4, $5, $6, $7, $8, $9, $10, $11, 'issued')
	         RETURNING 
	  id, tenant_id, agent_id, version_id, tool_name, input_hash,
	  actor_id, nonce, issuer, expires_at, issued_at, status,
	  consumed_at, revoked_at
2026-09-13 03:27:44.550 -03 [2533451] ERROR:  Capability approval cannot expire before expires_at
2026-09-13 03:27:44.550 -03 [2533451] CONTEXT:  PL/pgSQL function cvg_capability_approval_update_guard() line 47 at RAISE
2026-09-13 03:27:44.550 -03 [2533451] STATEMENT:  UPDATE platform_capability_approvals
	             SET status = 'expired'
	             WHERE id = $1
2026-09-13 03:27:44.819 -03 [2533497] ERROR:  Capability approval binding is immutable
2026-09-13 03:27:44.819 -03 [2533497] CONTEXT:  PL/pgSQL function cvg_capability_approval_update_guard() line 16 at RAISE
2026-09-13 03:27:44.819 -03 [2533497] STATEMENT:  UPDATE platform_capability_approvals
	             SET input_hash = repeat('a', 64)
	             WHERE id = $1
2026-09-13 03:27:54.894 -03 [2534639] ERROR:  new row violates row-level security policy for table "channel_effect_journal"
2026-09-13 03:27:54.894 -03 [2534639] STATEMENT:  INSERT INTO channel_effect_journal
	           (tenant_id, channel, operation_kind, idempotency_key, payload_hash,
	            hash_version, state, attempt, lease_owner, lease_expires_at,
	            result, error_code, revision, created_at, updated_at)
	         VALUES ($1, $2, $3, $4, $5, $6, 'PENDING', 1, $7, $8,
	                 NULL, NULL, 1, $9, $9)
	         ON CONFLICT (tenant_id, channel, operation_kind, idempotency_key)
	           DO NOTHING
	         RETURNING 
	  tenant_id, channel, operation_kind, idempotency_key, payload_hash,
	  hash_version, state, attempt, lease_owner, lease_expires_at, result,
	  error_code, revision, updated_at
2026-09-13 03:27:54.903 -03 [2534614] ERROR:  role "cvg_chan_role_1789280874879_a19b5d" cannot be dropped because some objects depend on it
2026-09-13 03:27:54.903 -03 [2534614] DETAIL:  privileges for schema cvg_channel_eff_1789280874489_4ad9af
	privileges for table channel_effect_journal
2026-09-13 03:27:54.903 -03 [2534614] STATEMENT:  DROP ROLE IF EXISTS cvg_chan_role_1789280874879_a19b5d
2026-09-13 03:27:58.757 -03 [2535135] ERROR:  new row violates row-level security policy for table "effect_journal"
2026-09-13 03:27:58.757 -03 [2535135] STATEMENT:  INSERT INTO effect_journal
	           (tenant_id, operation_key, proposal_hash, state, attempt_id,
	            expires_at, created_at, updated_at, revision)
	         VALUES ($1, $2, $3, 'RESERVED', $4, $5, $6, $6, 1)
	         ON CONFLICT (tenant_id, operation_key) DO NOTHING
	         RETURNING 
	  tenant_id, operation_key, proposal_hash, state, attempt_id, execution_ref,
	  result_digest, error_code, reason, expires_at, reconciled_by,
	  reconciliation_evidence_ref, created_at, updated_at, revision
2026-09-13 03:27:58.764 -03 [2535111] ERROR:  role "cvg_eff_role_1789280878742_b399e3" cannot be dropped because some objects depend on it
2026-09-13 03:27:58.764 -03 [2535111] DETAIL:  privileges for schema cvg_runtime_eff_1789280878455_da0f64
	privileges for table effect_journal
2026-09-13 03:27:58.764 -03 [2535111] STATEMENT:  DROP ROLE IF EXISTS cvg_eff_role_1789280878742_b399e3
2026-09-13 03:27:59.862 -03 [2535166] ERROR:  synthetic audit failure
2026-09-13 03:27:59.862 -03 [2535166] CONTEXT:  PL/pgSQL function reject_attendance_audit() line 1 at RAISE
2026-09-13 03:27:59.862 -03 [2535166] STATEMENT:  INSERT INTO audit_events (tenant_id, id, type, actor_type, actor_id, correlation_id, policy_version, payload, created_at)
	         VALUES (NULLIF(current_setting('cvg.tenant_id', true), ''), $1, $2, $3, $4, $5, $6, $7::jsonb, $8)
2026-09-13 03:27:59.865 -03 [2535166] WARNING:  there is no transaction in progress
2026-09-13 03:28:24.969 -03 [2504566] LOG:  checkpoint starting: time
2026-09-13 03:28:57.495 -03 [2541569] ERROR:  duplicate key value violates unique constraint "idempotency_pkey"
2026-09-13 03:28:57.495 -03 [2541569] DETAIL:  Key (tenant_id, key)=(tenant_00000000-0000-4000-8000-000000000079, inbound:whatsapp:sha256:633e82aa5950ec3c13e5e95e9fefdb3dd355c5fba554bdf2a2d5a63f407f6934) already exists.
2026-09-13 03:28:57.495 -03 [2541569] STATEMENT:  INSERT INTO idempotency (tenant_id, key, resource_id, created_at)
	         VALUES ($1, $2, $3, $4)
2026-09-13 03:28:57.496 -03 [2541569] ERROR:  duplicate key value violates unique constraint "messages_conversation_id_external_message_id_key"
2026-09-13 03:28:57.496 -03 [2541569] DETAIL:  Key (conversation_id, external_message_id)=(conv_035b0cb1-af73-439f-b2e7-2efd84697a47, ext_pg_smoke) already exists.
2026-09-13 03:28:57.496 -03 [2541569] STATEMENT:  INSERT INTO messages (id, conversation_id, external_message_id, direction, body)
	           VALUES ($1, $2, $3, $4, $5)
2026-09-13 03:29:31.815 -03 [2545317] FATAL:  terminating connection due to administrator command
2026-09-13 03:29:31.833 -03 [2545320] FATAL:  terminating connection due to administrator command
2026-09-13 03:29:31.833 -03 [2545321] FATAL:  terminating connection due to administrator command
2026-09-13 03:31:20.404 -03 [2557982] ERROR:  Release candidate status transition is invalid
2026-09-13 03:31:20.404 -03 [2557982] CONTEXT:  PL/pgSQL function cvg_release_candidates_update_guard() line 31 at RAISE
2026-09-13 03:31:20.404 -03 [2557982] STATEMENT:  UPDATE platform_release_candidates
	             SET validated_by = created_by
	             WHERE tenant_id = $1 AND id = $2
2026-09-13 03:31:24.262 -03 [2558521] ERROR:  synthetic outbox audit failure
2026-09-13 03:31:24.262 -03 [2558521] CONTEXT:  PL/pgSQL function reject_outbox_audit() line 1 at RAISE
2026-09-13 03:31:24.262 -03 [2558521] STATEMENT:  INSERT INTO audit_events
	       (tenant_id, id, type, actor_type, actor_id, correlation_id, policy_version, payload, created_at)
	     VALUES ($1, $2, 'integration_event', $3, $4, $5, $6, $7::jsonb, $8)
2026-09-13 03:31:24.536 -03 [2558543] ERROR:  synthetic atomic outbox failure
2026-09-13 03:31:24.536 -03 [2558543] CONTEXT:  PL/pgSQL function reject_atomic_outbox_1789281084534() line 1 at RAISE
2026-09-13 03:31:24.536 -03 [2558543] STATEMENT:  INSERT INTO outbox_events
	           (id, tenant_id, type, envelope_version, correlation_id, idempotency_key,
	            conversation_id, session_id, agent_id, agent_version_id,
	            inbound_message_id, payload, payload_protection_version, status, created_at, available_at,
	            attempts, lease_owner, lease_until, last_error, processed_at,
	            dead_lettered_at, parent_event_id, tenant_isolation_quarantined)
	         VALUES ($1, $2, $3, $4, $5, $6, $7, $8, $9, $10, $11, $12::jsonb,
	                 $13, 'pending', $14, $15, 0, NULL, NULL, NULL, NULL, NULL, $16, false)
	         ON CONFLICT (tenant_id, idempotency_key) DO NOTHING
	         RETURNING 
	  id, tenant_id, type, envelope_version, correlation_id, idempotency_key,
	  conversation_id, session_id, agent_id, agent_version_id,
	  inbound_message_id, payload, status, created_at, available_at, attempts,
	  lease_owner, lease_until, last_error, processed_at, dead_lettered_at,
	  parent_event_id
2026-09-13 03:31:26.274 -03 [2559066] ERROR:  new row violates row-level security policy for table "journey_owner_drafts"
2026-09-13 03:31:26.274 -03 [2559066] STATEMENT:  INSERT INTO journey_owner_drafts
	             (tenant_id, id, phone, name, candidate_ids, status, idempotency_key, created_at, updated_at, expires_at)
	           VALUES ($1, $2, NULL, NULL, '[]'::jsonb, 'draft', $3, now(), now(), now() + interval '1 day')
2026-09-13 03:31:26.278 -03 [2559064] ERROR:  role "cvg_journeys_rls_1789281086254_af6cab" cannot be dropped because some objects depend on it
2026-09-13 03:31:26.278 -03 [2559064] DETAIL:  privileges for schema cvg_journeys_1789281085520_35186c
	privileges for table cvg_journeys_1789281085520_35186c.conversations
	privileges for table cvg_journeys_1789281085520_35186c.sessions
	privileges for table cvg_journeys_1789281085520_35186c.tasks
	privileges for table cvg_journeys_1789281085520_35186c.audit_events
	privileges for table cvg_journeys_1789281085520_35186c.journey_owner_drafts
	privileges for table cvg_journeys_1789281085520_35186c.journey_patient_drafts
	privileges for table cvg_journeys_1789281085520_35186c.journey_appointment_drafts
2026-09-13 03:31:26.278 -03 [2559064] STATEMENT:  DROP ROLE IF EXISTS cvg_journeys_rls_1789281086254_af6cab
2026-09-13 03:31:28.950 -03 [2559553] ERROR:  duplicate key value violates unique constraint "platform_capability_approvals_tenant_nonce_key"
2026-09-13 03:31:28.950 -03 [2559553] DETAIL:  Key (tenant_id, nonce)=(tenant_00000000-0000-4000-8000-000000000131, nonce_substitution_fixture) already exists.
2026-09-13 03:31:28.950 -03 [2559553] STATEMENT:  INSERT INTO platform_capability_approvals
	           (id, tenant_id, agent_id, version_id, tool_name, input_hash,
	            actor_id, nonce, issuer, expires_at, issued_at, status)
	         VALUES ($1, $2, $3, $4, $5, $6, $7, $8, $9, $10, $11, 'issued')
	         RETURNING 
	  id, tenant_id, agent_id, version_id, tool_name, input_hash,
	  actor_id, nonce, issuer, expires_at, issued_at, status,
	  consumed_at, revoked_at
2026-09-13 03:31:29.105 -03 [2559553] ERROR:  Capability approval cannot expire before expires_at
2026-09-13 03:31:29.105 -03 [2559553] CONTEXT:  PL/pgSQL function cvg_capability_approval_update_guard() line 47 at RAISE
2026-09-13 03:31:29.105 -03 [2559553] STATEMENT:  UPDATE platform_capability_approvals
	             SET status = 'expired'
	             WHERE id = $1
2026-09-13 03:31:29.393 -03 [2559583] ERROR:  Capability approval binding is immutable
2026-09-13 03:31:29.393 -03 [2559583] CONTEXT:  PL/pgSQL function cvg_capability_approval_update_guard() line 16 at RAISE
2026-09-13 03:31:29.393 -03 [2559583] STATEMENT:  UPDATE platform_capability_approvals
	             SET input_hash = repeat('a', 64)
	             WHERE id = $1
2026-09-13 03:31:31.969 -03 [2559874] ERROR:  new row violates row-level security policy for table "channel_effect_journal"
2026-09-13 03:31:31.969 -03 [2559874] STATEMENT:  INSERT INTO channel_effect_journal
	           (tenant_id, channel, operation_kind, idempotency_key, payload_hash,
	            hash_version, state, attempt, lease_owner, lease_expires_at,
	            result, error_code, revision, created_at, updated_at)
	         VALUES ($1, $2, $3, $4, $5, $6, 'PENDING', 1, $7, $8,
	                 NULL, NULL, 1, $9, $9)
	         ON CONFLICT (tenant_id, channel, operation_kind, idempotency_key)
	           DO NOTHING
	         RETURNING 
	  tenant_id, channel, operation_kind, idempotency_key, payload_hash,
	  hash_version, state, attempt, lease_owner, lease_expires_at, result,
	  error_code, revision, updated_at
2026-09-13 03:31:31.976 -03 [2559796] ERROR:  role "cvg_chan_role_1789281091955_a09e29" cannot be dropped because some objects depend on it
2026-09-13 03:31:31.976 -03 [2559796] DETAIL:  privileges for schema cvg_channel_eff_1789281091599_73f99e
	privileges for table channel_effect_journal
2026-09-13 03:31:31.976 -03 [2559796] STATEMENT:  DROP ROLE IF EXISTS cvg_chan_role_1789281091955_a09e29
2026-09-13 03:31:33.109 -03 [2560088] ERROR:  new row violates row-level security policy for table "effect_journal"
2026-09-13 03:31:33.109 -03 [2560088] STATEMENT:  INSERT INTO effect_journal
	           (tenant_id, operation_key, proposal_hash, state, attempt_id,
	            expires_at, created_at, updated_at, revision)
	         VALUES ($1, $2, $3, 'RESERVED', $4, $5, $6, $6, 1)
	         ON CONFLICT (tenant_id, operation_key) DO NOTHING
	         RETURNING 
	  tenant_id, operation_key, proposal_hash, state, attempt_id, execution_ref,
	  result_digest, error_code, reason, expires_at, reconciled_by,
	  reconciliation_evidence_ref, created_at, updated_at, revision
2026-09-13 03:31:33.117 -03 [2560012] ERROR:  role "cvg_eff_role_1789281093093_3e8140" cannot be dropped because some objects depend on it
2026-09-13 03:31:33.117 -03 [2560012] DETAIL:  privileges for schema cvg_runtime_eff_1789281092801_7ba384
	privileges for table effect_journal
2026-09-13 03:31:33.117 -03 [2560012] STATEMENT:  DROP ROLE IF EXISTS cvg_eff_role_1789281093093_3e8140
2026-09-13 03:31:38.611 -03 [2561959] ERROR:  duplicate key value violates unique constraint "idempotency_pkey"
2026-09-13 03:31:38.611 -03 [2561959] DETAIL:  Key (tenant_id, key)=(tenant_00000000-0000-4000-8000-000000000079, inbound:whatsapp:sha256:633e82aa5950ec3c13e5e95e9fefdb3dd355c5fba554bdf2a2d5a63f407f6934) already exists.
2026-09-13 03:31:38.611 -03 [2561959] STATEMENT:  INSERT INTO idempotency (tenant_id, key, resource_id, created_at)
	         VALUES ($1, $2, $3, $4)
2026-09-13 03:31:38.617 -03 [2561959] ERROR:  duplicate key value violates unique constraint "messages_conversation_id_external_message_id_key"
2026-09-13 03:31:38.617 -03 [2561959] DETAIL:  Key (conversation_id, external_message_id)=(conv_2cb7a9b6-2511-400b-bc29-3e599158a20c, ext_pg_smoke) already exists.
2026-09-13 03:31:38.617 -03 [2561959] STATEMENT:  INSERT INTO messages (id, conversation_id, external_message_id, direction, body)
	           VALUES ($1, $2, $3, $4, $5)
2026-09-13 03:31:40.002 -03 [2562203] FATAL:  terminating connection due to administrator command
2026-09-13 03:31:40.059 -03 [2562209] FATAL:  terminating connection due to administrator command
2026-09-13 03:31:40.063 -03 [2562208] FATAL:  terminating connection due to administrator command
2026-09-13 03:32:04.806 -03 [2565751] FATAL:  terminating connection due to administrator command
2026-09-13 03:32:04.822 -03 [2565755] FATAL:  terminating connection due to administrator command
2026-09-13 03:32:04.822 -03 [2565754] FATAL:  terminating connection due to administrator command
2026-09-13 03:32:36.499 -03 [2504564] LOG:  received fast shutdown request
2026-09-13 03:32:36.500 -03 [2504564] LOG:  aborting any active transactions
2026-09-13 03:32:36.502 -03 [2504564] LOG:  background worker "logical replication launcher" (PID 2504571) exited with exit code 1
2026-09-13 03:32:37.585 -03 [2504566] LOG:  checkpoint complete: wrote 1914 buffers (11.7%); 0 WAL file(s) added, 0 removed, 5 recycled; write=251.526 s, sync=0.961 s, total=252.616 s; sync files=14730, longest=0.002 s, average=0.001 s; distance=83074 kB, estimate=83074 kB; lsn=0/8DC81D0, redo lsn=0/6614708
2026-09-13 03:32:37.586 -03 [2504566] LOG:  shutting down
2026-09-13 03:32:37.586 -03 [2504566] LOG:  checkpoint starting: shutdown immediate
2026-09-13 03:32:37.657 -03 [2504566] LOG:  checkpoint complete: wrote 709 buffers (4.3%); 0 WAL file(s) added, 0 removed, 2 recycled; write=0.007 s, sync=0.006 s, total=0.071 s; sync files=69, longest=0.001 s, average=0.001 s; distance=40654 kB, estimate=78832 kB; lsn=0/8DC8248, redo lsn=0/8DC8248
2026-09-13 03:32:37.670 -03 [2504564] LOG:  database system is shut down
