% Coverage report from v8 (generated from coverage-summary.json)
-------------------|---------|----------|---------|---------|-------------------
File               | % Stmts | % Branch | % Funcs | % Lines |
-------------------|---------|----------|---------|---------|-------------------
packages/platform/src/approval-authority.ts|96.62    |97.64     |100      |98.68    |
packages/platform/src/contracts.ts|92.37    |87.75     |92.3     |92.24    |
packages/platform/src/control-plane-store.ts|91.94    |84.81     |94.35    |93.01    |
packages/platform/src/controlled-plugins.ts|100      |85.71     |100      |100      |
packages/platform/src/critical-safety-preflight.ts|89.74    |90.62     |83.33    |89.47    |
packages/platform/src/event-bus.ts|82.02    |77.33     |95.45    |84.7     |
packages/platform/src/handoff.ts|100      |100       |100      |100      |
packages/platform/src/ids.ts|95       |100       |88.88    |95       |
packages/platform/src/index.ts|100      |100       |100      |100      |
packages/platform/src/model-provider.ts|89.18    |70.83     |92.85    |88.57    |
packages/platform/src/output-policy.ts|90       |86.66     |100      |91.66    |
packages/platform/src/plugin-gateway.ts|88.6     |82.52     |94.87    |90.22    |
packages/platform/src/policy-evaluator.ts|95.83    |96.87     |100      |95.65    |
packages/platform/src/prompt-composer.ts|87.5     |50        |100      |85.71    |
packages/platform/src/prompt-profile.ts|92.85    |91.3      |100      |92.72    |
packages/platform/src/qualification.ts|92.5     |92.5      |100      |91.17    |
packages/platform/src/release-candidate.ts|94.59    |92        |100      |94.44    |
packages/platform/src/retention-ledger.ts|92.1     |81.25     |94.11    |93.05    |
packages/platform/src/safety-assessment.ts|95.45    |94.11     |100      |97.36    |
packages/platform/src/secretary-preset.ts|95.45    |70        |100      |95.23    |
packages/platform/src/test-lab-evaluator.ts|100      |88.88     |100      |100      |
packages/platform/src/test-lab.ts|94.93    |92.36     |100      |94.66    |
packages/platform/src/tool-invocation-boundary.ts|70.4     |63.44     |90       |73.03    |
packages/platform/src/trace-governance.ts|86.17    |88.23     |89.47    |87.38    |
All files          |90.41    |86        |95.33    |91.33    |

Coverage summary
Statements : 90.41% (1680/1858)
Branches   : 86% (1315/1529)
Functions  : 95.33% (409/429)
Lines      : 91.33% (1602/1754)
