
 RUN  v4.1.11 /home/ricardo/cvg-agent-secretary-v2
      Coverage enabled with v8


 Test Files  6 passed (6)
      Tests  69 passed (69)
   Start at  00:47:45
   Duration  6.19s (transform 187ms, setup 0ms, import 482ms, tests 130ms, environment 4.26s)

 % Coverage report from v8
-------------------|---------|----------|---------|---------|-------------------
File               | % Stmts | % Branch | % Funcs | % Lines | Uncovered Line #s 
-------------------|---------|----------|---------|---------|-------------------
All files          |   86.23 |    78.26 |   90.76 |   89.81 |                   
 src               |   85.74 |    78.14 |   90.62 |    89.4 |                   
  ...governance.ts |   73.21 |    61.46 |   77.77 |   78.12 | ...82,388,391-398 
  auth.ts          |    90.9 |    66.66 |     100 |     100 | 55-85             
  canonical.ts     |   93.75 |    87.09 |     100 |   93.18 | 38,67,112         
  env.ts           |   96.29 |    91.66 |     100 |   96.15 | 57                
  errors.ts        |   88.88 |       75 |     100 |   88.88 | 49                
  ids.ts           |   52.94 |     12.5 |      75 |   52.94 | 11-24             
  lifecycle.ts     |      90 |       75 |   85.71 |   97.29 | 100               
  ssrf.ts          |   90.24 |    88.32 |     100 |   95.78 | 99,160,173,189    
-------------------|---------|----------|---------|---------|-------------------

=============================== Coverage summary ===============================
Statements   : 86.23% ( 376/436 )
Branches     : 78.26% ( 288/368 )
Functions    : 90.76% ( 59/65 )
Lines        : 89.81% ( 344/383 )
================================================================================
