
 RUN  v4.1.11 /home/ricardo/cvg-agent-secretary-v2
      Coverage enabled with v8


 Test Files  4 passed (4)
      Tests  6 passed (6)
   Start at  00:47:54
   Duration  5.35s (transform 803ms, setup 0ms, import 1.52s, tests 44ms, environment 2.85s)

 % Coverage report from v8
-------------------|---------|----------|---------|---------|-------------------
File               | % Stmts | % Branch | % Funcs | % Lines | Uncovered Line #s 
-------------------|---------|----------|---------|---------|-------------------
All files          |    92.3 |    83.58 |     100 |   95.34 |                   
 src               |     100 |    92.85 |     100 |     100 |                   
  contracts.ts     |     100 |    83.33 |     100 |     100 | 34                
 src/local         |   89.39 |    81.13 |     100 |   93.54 |                   
  ...ment-draft.ts |     100 |    83.33 |     100 |     100 | 13                
  ...urney-task.ts |   83.33 |    66.66 |     100 |     100 | 11-13             
  ...wner-draft.ts |   83.33 |    83.33 |     100 |   83.33 | 24                
  ...ient-draft.ts |     100 |    83.33 |     100 |     100 | 13                
  ...able-slots.ts |      80 |      100 |     100 |      80 | 15                
  link-patient.ts  |   83.33 |    66.66 |     100 |     100 | 11-13             
  ...ey-handoff.ts |   85.71 |    66.66 |     100 |     100 | 11-13             
  ...r-by-phone.ts |    87.5 |      100 |     100 |   85.71 | 28                
  ...ch-patient.ts |   83.33 |    83.33 |     100 |   83.33 | 24                
-------------------|---------|----------|---------|---------|-------------------

=============================== Coverage summary ===============================
Statements   : 92.3% ( 84/91 )
Branches     : 83.58% ( 56/67 )
Functions    : 100% ( 26/26 )
Lines        : 95.34% ( 82/86 )
================================================================================
