
 RUN  v4.1.11 /home/ricardo/cvg-agent-secretary-v2
      Coverage enabled with v8


 Test Files  7 passed (7)
      Tests  26 passed | 1 skipped (27)
   Start at  00:48:13
   Duration  9.81s (transform 981ms, setup 0ms, import 2.88s, tests 324ms, environment 4.90s)

 % Coverage report from v8
-------------------|---------|----------|---------|---------|-------------------
File               | % Stmts | % Branch | % Funcs | % Lines | Uncovered Line #s 
-------------------|---------|----------|---------|---------|-------------------
All files          |   67.03 |    68.67 |   57.57 |   67.61 |                   
 src               |   65.21 |    67.36 |   53.33 |    65.6 |                   
  ...led-worker.ts |      76 |    59.25 |     100 |   81.81 | 67,97,104-106     
  main.ts          |       0 |        0 |       0 |       0 | 12-118            
  ...controlled.ts |   79.74 |       75 |   61.53 |   79.48 | ...18,227-231,253 
  worker.ts        |     100 |    96.77 |     100 |     100 | 43                
 src/jobs          |   80.95 |    77.27 |     100 |   84.21 |                   
  ...tbox-event.ts |   80.95 |    77.27 |     100 |   84.21 | 59-67,120         
-------------------|---------|----------|---------|---------|-------------------

=============================== Coverage summary ===============================
Statements   : 67.03% ( 122/182 )
Branches     : 68.67% ( 114/166 )
Functions    : 57.57% ( 19/33 )
Lines        : 67.61% ( 119/176 )
================================================================================
