patching file products/shift-assistant/package.json
patching file products/shift-assistant/scripts/build-vertical-public.mjs
patching file products/shift-assistant/scripts/vertical-bundle-smoke.mjs
patching file products/shift-assistant/src/__tests__/e2e-v2-fixtures.ts
patching file products/shift-assistant/src/__tests__/first-vertical.test.ts
patching file products/shift-assistant/src/__tests__/journal-migration.test.ts
patching file products/shift-assistant/src/__tests__/journal-recovery.test.ts
patching file products/shift-assistant/src/__tests__/legacy-v2-fixture.ts
patching file products/shift-assistant/src/__tests__/shift-assistant-e2e.test.ts
patching file products/shift-assistant/src/__tests__/shift-assistant.test.ts
patching file products/shift-assistant/src/__tests__/source-oracles.test.ts
patching file products/shift-assistant/src/__tests__/source-validator-regressions.test.ts
patching file products/shift-assistant/src/__tests__/vertical-test-fixture.ts
patching file products/shift-assistant/src/assistant.ts
patching file products/shift-assistant/src/commands.ts
patching file products/shift-assistant/src/compose.ts
patching file products/shift-assistant/src/domain-v2.ts
patching file products/shift-assistant/src/domain.ts
patching file products/shift-assistant/src/journal.ts
patching file products/shift-assistant/src/main.ts
patching file products/shift-assistant/src/migrate-journal.ts
patching file products/shift-assistant/src/organizer.ts
patching file products/shift-assistant/src/server.ts
patching file products/shift-assistant/src/source-evidence.ts
patching file products/shift-assistant/src/store.ts
patching file products/shift-assistant/src/vertical-state.ts
patching file products/shift-assistant/src/whatsapp.ts
