{
  "syntheticOnly": true,
  "effectsExecuted": 0,
  "results": [
    {
      "case": "stale-sweep-release",
      "counters": {
        "released": 1,
        "uncertain": 0
      },
      "status": "APPROVED",
      "reservationId": null
    },
    {
      "case": "stale-sweep-uncertain",
      "counters": {
        "released": 0,
        "uncertain": 1
      },
      "status": "UNCERTAIN",
      "reservationId": "new-token"
    },
    {
      "case": "reused-token",
      "status": "EXECUTING",
      "reservationId": "old-token"
    }
  ]
}
