REHEARSAL.md: SUCESSO
analyze.log: SUCESSO
environment-before.txt: SUCESSO
gate-matrix.json: SUCESSO
gate-matrix.md: SUCESSO
limitations.md: SUCESSO
origin-candidate-after.json: SUCESSO
origin-candidate-before.json: SUCESSO
run/certification/agent-eval-report.json: SUCESSO
run/certification/candidate-manifest.json: SUCESSO
run/certification/chaos-report.json: SUCESSO
run/certification/external-gates.json: SUCESSO
run/certification/findings.json: SUCESSO
run/certification/license-report.json: SUCESSO
run/certification/load-report.json: SUCESSO
run/certification/manifest.json: SUCESSO
run/certification/negative-validation.json: SUCESSO
run/certification/phase10-result.json: SUCESSO
run/certification/restore-report.json: SUCESSO
run/certification/sbom.cyclonedx.json: SUCESSO
run/certify.exit: SUCESSO
run/certify.finished.txt: SUCESSO
run/certify.started.txt: SUCESSO
run/certify.stderr.log: SUCESSO
run/certify.stdout.log: SUCESSO
run/logs/build.log: SUCESSO
run/logs/chaos.log: SUCESSO
run/logs/coverage.log: SUCESSO
run/logs/e2e.log: SUCESSO
run/logs/evals.log: SUCESSO
run/logs/format.log: SUCESSO
run/logs/licenses.log: SUCESSO
run/logs/lint.log: SUCESSO
run/logs/load.log: SUCESSO
run/logs/postgres.log: SUCESSO
run/logs/restore.log: SUCESSO
run/logs/sbom.log: SUCESSO
run/logs/security.log: SUCESSO
run/logs/typecheck.log: SUCESSO
run/logs/unit.log: SUCESSO
run/logs/worker_startup.log: SUCESSO
run/postgres/initdb.log: SUCESSO
run/postgres/pg-start.log: SUCESSO
run/postgres/pg-stop.log: SUCESSO
run/postgres/pg-verify.log: SUCESSO
run/postgres/postgres.log: SUCESSO
run/selftest.exit: SUCESSO
run/selftest.finished.txt: SUCESSO
run/selftest.started.txt: SUCESSO
run/selftest.stderr.log: SUCESSO
run/selftest.stdout.log: SUCESSO
run/verify.exit: SUCESSO
run/verify.finished.txt: SUCESSO
run/verify.started.txt: SUCESSO
run/verify.stderr.log: SUCESSO
run/verify.stdout.log: SUCESSO
shared-after-final.txt: SUCESSO
shared-after.txt: SUCESSO
shared-before.txt: SUCESSO
shared-diff.txt: SUCESSO
shared-hash-proof.txt: SUCESSO
snapshot-create.log: SUCESSO
snapshot-files.sha256: SUCESSO
snapshot-manifest.json: SUCESSO
