
 RUN  v4.1.11 /tmp/opencode/aaa12-mutation/work-M13

 ❯ packages/channel-gateway/src/__tests__/channel-effect-malformed-version.test.ts (6 tests | 1 failed) 168ms
     × decideReserve treats only the absent property as legacy 10ms
 ❯ packages/channel-gateway/src/__tests__/channel-coverage-gateway-hardening.test.ts (10 tests | 1 failed) 57ms
     × replays FAILED and UNCERTAIN records with stable codes and zero sends 12ms

 Test Files  2 failed | 9 passed (11)
      Tests  2 failed | 104 passed (106)
   Start at  21:15:37
   Duration  8.87s (transform 219ms, setup 0ms, import 1.09s, tests 631ms, environment 5.94s)


⎯⎯⎯⎯⎯⎯⎯ Failed Tests 2 ⎯⎯⎯⎯⎯⎯⎯

 FAIL  packages/channel-gateway/src/__tests__/channel-coverage-gateway-hardening.test.ts > gateway replay and uncertainty hardening > replays FAILED and UNCERTAIN records with stable codes and zero sends
AssertionError: promise resolved "{ …(4) }" instead of rejecting

- Expected
+ Received

- Error {
-   "message": "rejected promise",
+ {
+   "accepted": true,
+   "channel": "whatsapp",
+   "externalId": "gate_msg_gateway_cov",
+   "sentAt": "2026-09-12T12:00:00.000Z",
  }

 ❯ packages/channel-gateway/src/__tests__/channel-coverage-gateway-hardening.test.ts:243:6
    241|     await expect(
    242|       gateway.dispatch(parsed, { takeoverActive: false })
    243|     ).rejects.toMatchObject({ code: 'send_failed', retryable: false })
       |      ^
    244|     expect(adapter.sent).toHaveLength(0)
    245|

⎯⎯⎯⎯⎯⎯⎯⎯⎯⎯⎯⎯⎯⎯⎯⎯⎯⎯⎯⎯⎯⎯⎯⎯[1/2]⎯

 FAIL  packages/channel-gateway/src/__tests__/channel-effect-malformed-version.test.ts > AAA12-C4-F01 missing vs malformed hashVersion > decideReserve treats only the absent property as legacy
AssertionError: FAILED absent/legacy: expected 'takeover' to be 'replay' // Object.is equality

Expected: "replay"
Received: "takeover"

 ❯ packages/channel-gateway/src/__tests__/channel-effect-malformed-version.test.ts:186:9
    184|         decideReserve(absent, input(identity, LEGACY_HASH_VERSION), 10…
    185|         `${state} absent/legacy`
    186|       ).toBe(expectedActionFor(state))
       |         ^
    187|       expect(
    188|         decideReserve(absent, input(identity, SHARED_HASH_VERSION), 10…

⎯⎯⎯⎯⎯⎯⎯⎯⎯⎯⎯⎯⎯⎯⎯⎯⎯⎯⎯⎯⎯⎯⎯⎯[2/2]⎯

