
> cvg-operational-harness@1.0.0 verify:phase2
> node scripts/phase2-verify.mjs

{"event":"phase2.verify.start","label":"format:phase2"}
Checking formatting...
All matched files use Prettier code style!
{"event":"phase2.verify.pass","label":"format:phase2"}
{"event":"phase2.verify.start","label":"typecheck"}

> cvg-operational-harness@1.0.0 typecheck
> tsc -p tsconfig.typecheck.json --noEmit

{"event":"phase2.verify.pass","label":"typecheck"}
{"event":"phase2.verify.start","label":"lint"}

> cvg-operational-harness@1.0.0 lint
> eslint .

{"event":"phase2.verify.pass","label":"lint"}
{"event":"phase2.verify.start","label":"build:harness"}

> cvg-operational-harness@1.0.0 build:harness
> tsc -b packages/shared/tsconfig.json packages/contracts/tsconfig.json packages/orchestrator/tsconfig.json packages/approval-engine/tsconfig.json packages/harness/tsconfig.json

{"event":"phase2.verify.pass","label":"build:harness"}
{"event":"phase2.verify.start","label":"build"}

> cvg-operational-harness@1.0.0 build
> npm run typecheck && npm run build:web


> cvg-operational-harness@1.0.0 typecheck
> tsc -p tsconfig.typecheck.json --noEmit


> cvg-operational-harness@1.0.0 build:web
> vite --config vite.config.mts build apps/web

vite v8.2.2 building client environment for production...
transforming...
✓ 163 modules transformed.
rendering chunks...
computing gzip size...
apps/web/dist/index.html                   0.40 kB │ gzip:   0.27 kB
apps/web/dist/assets/index-BUjBxes9.css   10.97 kB │ gzip:   3.05 kB
apps/web/dist/assets/index-BIkJoSbj.js   364.63 kB │ gzip: 105.20 kB

✓ built in 168ms
{"event":"phase2.verify.pass","label":"build"}
{"event":"phase2.verify.start","label":"focused"}

 RUN  v4.1.11 /home/ricardo/Área de trabalho/cvg-operational-harness


 Test Files  5 passed (5)
      Tests  31 passed (31)
   Start at  22:30:58
   Duration  5.91s (transform 918ms, setup 0ms, import 1.83s, tests 641ms, environment 2.86s)

{"event":"phase2.verify.pass","label":"focused"}
{"event":"phase2.verify.start","label":"demo:phase2"}

> cvg-operational-harness@1.0.0 demo:phase2
> tsx scripts/phase2-demo.ts

{"event":"phase2.demo.completed","executionId":"exec_0bdad01b-792a-4a9e-9af7-972ab2fe46cd","state":"SUCCEEDED","attempt":1,"effectState":"CONFIRMED","externalEffects":false,"persistence":"in-memory-controlled"}
{"event":"phase2.verify.pass","label":"demo:phase2"}
{"event":"phase2.verify.start","label":"test:postgres"}

> cvg-operational-harness@1.0.0 test:postgres
> vitest run --testTimeout=60000 --no-file-parallelism packages/persistence/src/__tests__/postgres-migration-smoke.test.ts packages/persistence/src/__tests__/tenant-isolation.test.ts packages/persistence/src/__tests__/platform-postgres-smoke.test.ts packages/persistence/src/__tests__/platform-approval-postgres.test.ts packages/persistence/src/__tests__/audit-evidence-checkpoint-postgres.test.ts packages/persistence/src/__tests__/session-version-pinning-postgres.test.ts packages/persistence/src/__tests__/outbox-durability.test.ts packages/persistence/src/__tests__/effect-journal-postgres.test.ts packages/persistence/src/__tests__/channel-effect-journal-postgres.test.ts apps/api/src/__tests__/postgres-persistence-mode.test.ts apps/api/src/__tests__/webhook-security.test.ts apps/api/src/__tests__/journeys-api-postgres.test.ts apps/worker/src/__tests__/postgres-outbox-bridge.integration.test.ts packages/chaos/src/__tests__/chaos-postgres.test.ts packages/persistence/src/__tests__/journeys-postgres.test.ts apps/worker/src/__tests__/continuous-worker-postgres.integration.test.ts apps/worker/src/__tests__/postgres-role-preflight.test.ts packages/persistence/src/__tests__/attendance-approval-postgres.test.ts packages/persistence/src/__tests__/journey-task-atomicity.test.ts packages/persistence/src/__tests__/runtime-approval-store-postgres.test.ts packages/persistence/src/__tests__/operational-execution-postgres.test.ts apps/worker/src/__tests__/operational-harness-process-restart.integration.test.ts apps/worker/src/__tests__/operational-harness-synthetic-effect-postgres.integration.test.ts apps/worker/src/__tests__/kernel-composition-postgres.integration.test.ts apps/worker/src/__tests__/operational-harness-iterative.test.ts apps/worker/src/__tests__/operational-harness-iterative-postgres.integration.test.ts --reporter=dot


 RUN  v4.1.11 /home/ricardo/Área de trabalho/cvg-operational-harness

·····{"event":"worker.started","level":"info","timestamp":"2026-09-15T01:31:13.040Z","workerId":"worker-pg-continuous-192-a","concurrency":2,"pollIntervalMs":5,"idleMaxBackoffMs":5000,"errorBackoffMs":500,"errorMaxBackoffMs":30000,"leaseMs":1000,"heartbeatIntervalMs":333,"drainMs":5000,"backlogProbe":true,"sweeps":false,"externalEffects":false,"durable":true}
{"event":"worker.outbox.summary","level":"info","timestamp":"2026-09-15T01:31:13.041Z","workerId":"worker-pg-continuous-192-a","reason":"start","claimed":0,"processed":0,"failed":0,"deadLettered":0,"handoffs":0,"errors":0,"claimFailures":0,"leaseLost":0,"heartbeats":0,"idlePolls":0,"released":0,"lag":null,"inFlight":0}
{"event":"worker.metric","name":"worker_outbox_lag","value":0,"attributes":{"operation":"outbox"},"timestamp":"2026-09-15T01:31:13.064Z"}
{"event":"worker.idle_backoff","level":"debug","timestamp":"2026-09-15T01:31:13.065Z","workerId":"worker-pg-continuous-192-a","backoffMs":5,"lag":0}
{"event":"worker.idle_backoff","level":"debug","timestamp":"2026-09-15T01:31:13.074Z","workerId":"worker-pg-continuous-192-a","backoffMs":10,"lag":0}
{"event":"worker.metric","name":"worker_outbox_processed_total","value":1,"attributes":{"status":"processed"},"timestamp":"2026-09-15T01:31:13.082Z"}
{"event":"worker.outbox.processed","level":"info","timestamp":"2026-09-15T01:31:13.082Z","eventId":"outbox_5a9b13ab-c99e-4cef-a21d-5d65b982d231","workerId":"worker-pg-continuous-192-a","status":"processed","attempt":1,"leaseLost":false,"operation":"outbox"}
{"event":"worker.idle_backoff","level":"debug","timestamp":"2026-09-15T01:31:13.089Z","workerId":"worker-pg-continuous-192-a","backoffMs":20,"lag":0}
{"event":"worker.outbox.summary","level":"info","timestamp":"2026-09-15T01:31:13.095Z","workerId":"worker-pg-continuous-192-a","reason":"stop","claimed":1,"processed":1,"failed":0,"deadLettered":0,"handoffs":0,"errors":0,"claimFailures":0,"leaseLost":0,"heartbeats":0,"idlePolls":3,"released":0,"lag":0,"inFlight":0}
{"event":"worker.stopped","level":"info","timestamp":"2026-09-15T01:31:13.095Z","workerId":"worker-pg-continuous-192-a","drained":true,"released":0,"releaseFailed":0,"processed":1,"failed":0,"deadLettered":0,"lag":0}
{"event":"worker.started","level":"info","timestamp":"2026-09-15T01:31:13.104Z","workerId":"worker-pg-continuous-192-b","concurrency":2,"pollIntervalMs":5,"idleMaxBackoffMs":5000,"errorBackoffMs":500,"errorMaxBackoffMs":30000,"leaseMs":1000,"heartbeatIntervalMs":333,"drainMs":5000,"backlogProbe":true,"sweeps":false,"externalEffects":false,"durable":true}
{"event":"worker.outbox.summary","level":"info","timestamp":"2026-09-15T01:31:13.104Z","workerId":"worker-pg-continuous-192-b","reason":"start","claimed":0,"processed":0,"failed":0,"deadLettered":0,"handoffs":0,"errors":0,"claimFailures":0,"leaseLost":0,"heartbeats":0,"idlePolls":0,"released":0,"lag":null,"inFlight":0}
{"event":"worker.metric","name":"worker_outbox_lag","value":0,"attributes":{"operation":"outbox"},"timestamp":"2026-09-15T01:31:13.130Z"}
{"event":"worker.metric","name":"worker_outbox_dead_lettered_total","value":1,"attributes":{"status":"dead_letter"},"timestamp":"2026-09-15T01:31:13.141Z"}
{"event":"worker.outbox.dead_letter","level":"info","timestamp":"2026-09-15T01:31:13.141Z","eventId":"outbox_70454630-9706-4ad3-924b-9d27ce40bb63","workerId":"worker-pg-continuous-192-b","status":"dead_letter","attempt":1,"leaseLost":false,"error":"[redacted-outbox-error]","operation":"outbox"}
{"event":"worker.idle_backoff","level":"debug","timestamp":"2026-09-15T01:31:13.150Z","workerId":"worker-pg-continuous-192-b","backoffMs":5,"lag":0}
{"event":"worker.metric","name":"worker_outbox_processed_total","value":1,"attributes":{"status":"processed"},"timestamp":"2026-09-15T01:31:13.151Z"}
{"event":"worker.outbox.processed","level":"info","timestamp":"2026-09-15T01:31:13.151Z","eventId":"outbox_7a90800d-50c1-4fe8-89ca-ca8b8c9665c6","workerId":"worker-pg-continuous-192-b","status":"processed","attempt":1,"leaseLost":false,"operation":"outbox"}
{"event":"worker.idle_backoff","level":"debug","timestamp":"2026-09-15T01:31:13.159Z","workerId":"worker-pg-continuous-192-b","backoffMs":10,"lag":0}
{"event":"worker.outbox.summary","level":"info","timestamp":"2026-09-15T01:31:13.159Z","workerId":"worker-pg-continuous-192-b","reason":"stop","claimed":2,"processed":1,"failed":0,"deadLettered":1,"handoffs":0,"errors":0,"claimFailures":0,"leaseLost":0,"heartbeats":0,"idlePolls":2,"released":0,"lag":0,"inFlight":0}
{"event":"worker.stopped","level":"info","timestamp":"2026-09-15T01:31:13.159Z","workerId":"worker-pg-continuous-192-b","drained":true,"released":0,"releaseFailed":0,"processed":1,"failed":0,"deadLettered":1,"lag":0}
·{"event":"worker.started","level":"info","timestamp":"2026-09-15T01:31:14.218Z","workerId":"worker-pg-continuous-192-d","concurrency":2,"pollIntervalMs":5,"idleMaxBackoffMs":5000,"errorBackoffMs":500,"errorMaxBackoffMs":30000,"leaseMs":1000,"heartbeatIntervalMs":333,"drainMs":5000,"backlogProbe":true,"sweeps":false,"externalEffects":false,"durable":true}
{"event":"worker.outbox.summary","level":"info","timestamp":"2026-09-15T01:31:14.221Z","workerId":"worker-pg-continuous-192-d","reason":"start","claimed":0,"processed":0,"failed":0,"deadLettered":0,"handoffs":0,"errors":0,"claimFailures":0,"leaseLost":0,"heartbeats":0,"idlePolls":0,"released":0,"lag":null,"inFlight":0}
{"event":"worker.metric","name":"worker_outbox_lag","value":0,"attributes":{"operation":"outbox"},"timestamp":"2026-09-15T01:31:14.289Z"}
{"event":"worker.metric","name":"worker_outbox_processed_total","value":1,"attributes":{"status":"processed"},"timestamp":"2026-09-15T01:31:14.304Z"}
{"event":"worker.outbox.processed","level":"info","timestamp":"2026-09-15T01:31:14.304Z","eventId":"outbox_f4709d41-207f-4dec-86d0-b0b9c5eb3cb0","workerId":"worker-pg-continuous-192-d","status":"processed","attempt":1,"leaseLost":false,"operation":"outbox"}
{"event":"worker.idle_backoff","level":"debug","timestamp":"2026-09-15T01:31:14.311Z","workerId":"worker-pg-continuous-192-d","backoffMs":5,"lag":0}
{"event":"worker.metric","name":"worker_outbox_processed_total","value":1,"attributes":{"status":"processed"},"timestamp":"2026-09-15T01:31:14.316Z"}
{"event":"worker.outbox.processed","level":"info","timestamp":"2026-09-15T01:31:14.316Z","eventId":"outbox_61da2a86-7988-4cb5-8bfc-23a542b86946","workerId":"worker-pg-continuous-192-d","status":"processed","attempt":1,"leaseLost":false,"operation":"outbox"}
{"event":"worker.idle_backoff","level":"debug","timestamp":"2026-09-15T01:31:14.325Z","workerId":"worker-pg-continuous-192-d","backoffMs":10,"lag":0}
{"event":"worker.outbox.summary","level":"info","timestamp":"2026-09-15T01:31:14.325Z","workerId":"worker-pg-continuous-192-d","reason":"stop","claimed":2,"processed":2,"failed":0,"deadLettered":0,"handoffs":0,"errors":0,"claimFailures":0,"leaseLost":0,"heartbeats":0,"idlePolls":2,"released":0,"lag":0,"inFlight":0}
{"event":"worker.stopped","level":"info","timestamp":"2026-09-15T01:31:14.325Z","workerId":"worker-pg-continuous-192-d","drained":true,"released":0,"releaseFailed":0,"processed":2,"failed":0,"deadLettered":0,"lag":0}
{"event":"worker.started","level":"info","timestamp":"2026-09-15T01:31:14.330Z","workerId":"worker-pg-continuous-192-e","concurrency":1,"pollIntervalMs":5,"idleMaxBackoffMs":5000,"errorBackoffMs":500,"errorMaxBackoffMs":30000,"leaseMs":1000,"heartbeatIntervalMs":333,"drainMs":5000,"backlogProbe":true,"sweeps":false,"externalEffects":false,"durable":true}
{"event":"worker.outbox.summary","level":"info","timestamp":"2026-09-15T01:31:14.330Z","workerId":"worker-pg-continuous-192-e","reason":"start","claimed":0,"processed":0,"failed":0,"deadLettered":0,"handoffs":0,"errors":0,"claimFailures":0,"leaseLost":0,"heartbeats":0,"idlePolls":0,"released":0,"lag":null,"inFlight":0}
{"event":"worker.metric","name":"worker_outbox_lag","value":0,"attributes":{"operation":"outbox"},"timestamp":"2026-09-15T01:31:14.348Z"}
{"event":"worker.shutdown_release","level":"warn","timestamp":"2026-09-15T01:31:14.388Z","eventId":"outbox_e8d57f7d-1d55-493b-b1bf-b2e249baa2e3","workerId":"worker-pg-continuous-192-e","operation":"outbox"}
{"event":"worker.metric","name":"worker_outbox_shutdown_releases_total","value":1,"attributes":{"outcome":"released"},"timestamp":"2026-09-15T01:31:14.389Z"}
{"event":"worker.outbox.summary","level":"info","timestamp":"2026-09-15T01:31:14.389Z","workerId":"worker-pg-continuous-192-e","reason":"stop","claimed":1,"processed":0,"failed":0,"deadLettered":0,"handoffs":0,"errors":0,"claimFailures":0,"leaseLost":0,"heartbeats":0,"idlePolls":0,"released":1,"lag":0,"inFlight":1}
{"event":"worker.stopped","level":"info","timestamp":"2026-09-15T01:31:14.389Z","workerId":"worker-pg-continuous-192-e","drained":false,"released":1,"releaseFailed":0,"processed":0,"failed":0,"deadLettered":0,"lag":0}
{"event":"worker.event_error","level":"error","timestamp":"2026-09-15T01:31:14.393Z","eventId":"outbox_e8d57f7d-1d55-493b-b1bf-b2e249baa2e3","workerId":"worker-pg-continuous-192-e","attempt":1,"error":"outbox_error:conflict","operation":"outbox"}
{"event":"worker.metric","name":"worker_outbox_errors_total","value":1,"attributes":{"outcome":"error"},"timestamp":"2026-09-15T01:31:14.394Z"}
{"event":"worker.started","level":"info","timestamp":"2026-09-15T01:31:14.397Z","workerId":"worker-pg-continuous-192-f","concurrency":2,"pollIntervalMs":5,"idleMaxBackoffMs":5000,"errorBackoffMs":500,"errorMaxBackoffMs":30000,"leaseMs":1000,"heartbeatIntervalMs":333,"drainMs":5000,"backlogProbe":true,"sweeps":false,"externalEffects":false,"durable":true}
{"event":"worker.outbox.summary","level":"info","timestamp":"2026-09-15T01:31:14.397Z","workerId":"worker-pg-continuous-192-f","reason":"start","claimed":0,"processed":0,"failed":0,"deadLettered":0,"handoffs":0,"errors":0,"claimFailures":0,"leaseLost":0,"heartbeats":0,"idlePolls":0,"released":0,"lag":null,"inFlight":0}
{"event":"worker.metric","name":"worker_outbox_lag","value":0,"attributes":{"operation":"outbox"},"timestamp":"2026-09-15T01:31:14.412Z"}
{"event":"worker.idle_backoff","level":"debug","timestamp":"2026-09-15T01:31:14.412Z","workerId":"worker-pg-continuous-192-f","backoffMs":5,"lag":0}
{"event":"worker.idle_backoff","level":"debug","timestamp":"2026-09-15T01:31:14.420Z","workerId":"worker-pg-continuous-192-f","backoffMs":10,"lag":0}
{"event":"worker.idle_backoff","level":"debug","timestamp":"2026-09-15T01:31:14.432Z","workerId":"worker-pg-continuous-192-f","backoffMs":20,"lag":0}
{"event":"worker.idle_backoff","level":"debug","timestamp":"2026-09-15T01:31:14.455Z","workerId":"worker-pg-continuous-192-f","backoffMs":40,"lag":0}
{"event":"worker.idle_backoff","level":"debug","timestamp":"2026-09-15T01:31:14.497Z","workerId":"worker-pg-continuous-192-f","backoffMs":80,"lag":0}
{"event":"worker.idle_backoff","level":"debug","timestamp":"2026-09-15T01:31:14.579Z","workerId":"worker-pg-continuous-192-f","backoffMs":160,"lag":0}
{"event":"worker.idle_backoff","level":"debug","timestamp":"2026-09-15T01:31:14.742Z","workerId":"worker-pg-continuous-192-f","backoffMs":320,"lag":0}
{"event":"worker.idle_backoff","level":"debug","timestamp":"2026-09-15T01:31:15.064Z","workerId":"worker-pg-continuous-192-f","backoffMs":640,"lag":0}
{"event":"worker.outbox.summary","level":"info","timestamp":"2026-09-15T01:31:15.397Z","workerId":"worker-pg-continuous-192-f","reason":"interval","claimed":0,"processed":0,"failed":0,"deadLettered":0,"handoffs":0,"errors":0,"claimFailures":0,"leaseLost":0,"heartbeats":0,"idlePolls":8,"released":0,"lag":0,"inFlight":0}
{"event":"worker.metric","name":"worker_outbox_lag","value":0,"attributes":{"operation":"outbox"},"timestamp":"2026-09-15T01:31:15.713Z"}
{"event":"worker.idle_backoff","level":"debug","timestamp":"2026-09-15T01:31:15.713Z","workerId":"worker-pg-continuous-192-f","backoffMs":5,"lag":0}
{"event":"worker.idle_backoff","level":"debug","timestamp":"2026-09-15T01:31:15.720Z","workerId":"worker-pg-continuous-192-f","backoffMs":10,"lag":0}
{"event":"worker.metric","name":"worker_outbox_processed_total","value":1,"attributes":{"status":"processed"},"timestamp":"2026-09-15T01:31:15.729Z"}
{"event":"worker.outbox.processed","level":"info","timestamp":"2026-09-15T01:31:15.729Z","eventId":"outbox_e8d57f7d-1d55-493b-b1bf-b2e249baa2e3","workerId":"worker-pg-continuous-192-f","status":"processed","attempt":2,"leaseLost":false,"operation":"outbox"}
{"event":"worker.idle_backoff","level":"debug","timestamp":"2026-09-15T01:31:15.734Z","workerId":"worker-pg-continuous-192-f","backoffMs":20,"lag":0}
{"event":"worker.outbox.summary","level":"info","timestamp":"2026-09-15T01:31:15.734Z","workerId":"worker-pg-continuous-192-f","reason":"stop","claimed":1,"processed":1,"failed":0,"deadLettered":0,"handoffs":0,"errors":0,"claimFailures":0,"leaseLost":0,"heartbeats":0,"idlePolls":11,"released":0,"lag":0,"inFlight":0}
{"event":"worker.stopped","level":"info","timestamp":"2026-09-15T01:31:15.734Z","workerId":"worker-pg-continuous-192-f","drained":true,"released":0,"releaseFailed":0,"processed":1,"failed":0,"deadLettered":0,"lag":0}
······························································································································································································

 Test Files  26 passed (26)
      Tests  196 passed (196)
   Start at  22:31:05
   Duration  58.86s (transform 1.26s, setup 0ms, import 6.33s, tests 34.89s, environment 14.64s)

{"event":"phase2.verify.pass","label":"test:postgres"}
{"event":"phase2.verify.completed","postgres":"passed","externalEffects":false,"production":"NO_GO"}
