
> cvg-agent-secretary-v2@1.0.0 typecheck
> tsc -p tsconfig.typecheck.json --noEmit

apps/api/src/__tests__/journey-routes-coverage.test.ts(457,26): error TS2345: Argument of type '{ headers: { 'x-operator-id': string; 'x-operator-role': string; 'x-tenant-id': string; } | undefined; method: "GET"; url: string; payload?: never; } | { headers: { 'x-operator-id': string; 'x-operator-role': string; 'x-tenant-id': string; } | undefined; method: "POST"; url: string; payload: { ...; }; } | { ...; } |...' is not assignable to parameter of type 'string | InjectOptions'.
  Type '{ headers: { 'x-operator-id': string; 'x-operator-role': string; 'x-tenant-id': string; } | undefined; method: "GET"; url: string; payload?: never; }' is not assignable to type 'string | InjectOptions'.
    Type '{ headers: { 'x-operator-id': string; 'x-operator-role': string; 'x-tenant-id': string; } | undefined; method: "GET"; url: string; payload?: never; }' is not assignable to type 'InjectOptions' with 'exactOptionalPropertyTypes: true'. Consider adding 'undefined' to the types of the target's properties.
      Types of property 'headers' are incompatible.
        Type '{ 'x-operator-id': string; 'x-operator-role': string; 'x-tenant-id': string; } | undefined' is not assignable to type 'IncomingHttpHeaders | OutgoingHttpHeaders'.
          Type 'undefined' is not assignable to type 'IncomingHttpHeaders | OutgoingHttpHeaders'.
apps/api/src/__tests__/journey-routes-coverage.test.ts(466,23): error TS2339: Property 'statusCode' does not exist on type 'void & Promise<Response> & Chain'.
apps/api/src/__tests__/journey-routes-coverage.test.ts(467,24): error TS2339: Property 'json' does not exist on type 'void & Promise<Response> & Chain'.
packages/agent-runtime/src/__tests__/runtime-execution-recovery.test.ts(2217,65): error TS2375: Type '{ reservationId: undefined; approvalId: string; tenantId: string; operatorId: string; agentId: string; agentVersion: string; action: string; resource: ApprovalResource; ... 32 more ...; proposalPayload?: unknown; }' is not assignable to type 'ApprovalRecord' with 'exactOptionalPropertyTypes: true'. Consider adding 'undefined' to the types of the target's properties.
  Types of property 'reservationId' are incompatible.
    Type 'undefined' is not assignable to type 'string'.
packages/agent-runtime/src/__tests__/runtime-execution-recovery.test.ts(2509,71): error TS2352: Conversion of type '{ proposalId: undefined; approvalId: string; tenantId: string; operatorId: string; agentId: string; agentVersion: string; action: string; resource: ApprovalResource; ... 32 more ...; proposalPayload?: unknown; }' to type 'ApprovalRecord' may be a mistake because neither type sufficiently overlaps with the other. If this was intentional, convert the expression to 'unknown' first.
  Types of property 'proposalId' are incompatible.
    Type 'undefined' is not comparable to type 'string'.
packages/agent-runtime/src/__tests__/runtime-kernel-coverage.test.ts(873,71): error TS2352: Conversion of type '{ proposalId: undefined; approvalId: string; tenantId: string; operatorId: string; agentId: string; agentVersion: string; action: string; resource: ApprovalResource; ... 32 more ...; proposalPayload?: unknown; }' to type 'ApprovalRecord' may be a mistake because neither type sufficiently overlaps with the other. If this was intentional, convert the expression to 'unknown' first.
  Types of property 'proposalId' are incompatible.
    Type 'undefined' is not comparable to type 'string'.
packages/shared/src/__tests__/shared-branches-hardening.test.ts(147,53): error TS2339: Property 'reason' does not exist on type 'UrlGuardResult'.
  Property 'reason' does not exist on type 'UrlGuardAllowed'.
packages/shared/src/__tests__/shared-branches-hardening.test.ts(150,59): error TS2339: Property 'reason' does not exist on type 'UrlGuardResult'.
  Property 'reason' does not exist on type 'UrlGuardAllowed'.
