
 RUN  v4.1.11 /tmp/opencode/aaa12-mutation/work-M14

 ❯ packages/channel-gateway/src/__tests__/channel-effect-journal.test.ts (11 tests | 1 failed) 100ms
     × 9. distinct tenants with the same key do not interfere 13ms

 Test Files  1 failed | 10 passed (11)
      Tests  1 failed | 104 passed (105)
   Start at  21:09:40
   Duration  12.23s (transform 351ms, setup 0ms, import 1.57s, tests 998ms, environment 8.09s)


⎯⎯⎯⎯⎯⎯⎯ Failed Tests 1 ⎯⎯⎯⎯⎯⎯⎯

 FAIL  packages/channel-gateway/src/__tests__/channel-effect-journal.test.ts > channel effect journal contract > 9. distinct tenants with the same key do not interfere
AssertionError: expected [ Array(1) ] to have a length of 2 but got 1

- Expected
+ Received

- 2
+ 1

 ❯ packages/channel-gateway/src/__tests__/channel-effect-journal.test.ts:352:26
    350|     ])
    351|
    352|     expect(adapter.sent).toHaveLength(2)
       |                          ^
    353|     expect(resultA.accepted).toBe(true)
    354|     expect(resultB.accepted).toBe(true)

⎯⎯⎯⎯⎯⎯⎯⎯⎯⎯⎯⎯⎯⎯⎯⎯⎯⎯⎯⎯⎯⎯⎯⎯[1/1]⎯

