../../.cache/cvg-harness-audit-actions-20261003/piso004-builder/scratch/src/journal.ts(20,54): error TS2339: Property 'element' does not exist on type 'ZodDefault<ZodArray<ZodObject<{ nome: ZodString; id: ZodOptional<ZodNullable<ZodString>>; leito: ZodOptional<ZodNullable<ZodString>>; ... 5 more ...; condutas: ZodDefault<...>; }, $strip>>>'.
../../.cache/cvg-harness-audit-actions-20261003/piso004-builder/scratch/src/journal.ts(21,56): error TS2339: Property 'element' does not exist on type 'ZodDefault<ZodArray<ZodObject<{ descricao: ZodString; paciente: ZodOptional<ZodNullable<ZodString>>; quando: ZodOptional<ZodNullable<ZodString>>; }, $strip>>>'.
../../.cache/cvg-harness-audit-actions-20261003/piso004-builder/scratch/src/migrate-journal.ts(83,25): error TS2379: Argument of type '{ provider: "waha" | "evolution"; messageId: string; fromPhone: string; kind: "text" | "audio" | "image"; text: string; receivedAt: string; mediaRef?: string | undefined; mimetype?: string | undefined; }' is not assignable to parameter of type 'InboundMessage' with 'exactOptionalPropertyTypes: true'. Consider adding 'undefined' to the types of the target's properties.
  Types of property 'mediaRef' are incompatible.
    Type 'string | undefined' is not assignable to type 'string'.
      Type 'undefined' is not assignable to type 'string'.
../../.cache/cvg-harness-audit-actions-20261003/piso004-builder/scratch/src/migrate-journal.ts(97,32): error TS2379: Argument of type '{ id: string; messageId: string; authorPhone: string; createdAt: string; kind: "text" | "audio" | "image"; rawText: string; unverifiedNumbers: string[]; confirmed: boolean; mediaFile?: string | undefined; organized?: { ...; } | undefined; supersededBy?: string | undefined; }' is not assignable to parameter of type 'Note' with 'exactOptionalPropertyTypes: true'. Consider adding 'undefined' to the types of the target's properties.
  Types of property 'mediaFile' are incompatible.
    Type 'string | undefined' is not assignable to type 'string'.
      Type 'undefined' is not assignable to type 'string'.
../../.cache/cvg-harness-audit-actions-20261003/piso004-builder/scratch/src/migrate-journal.ts(109,69): error TS2379: Argument of type '{ number: number; ownerPhone: string; description: string; dueAt: string; createdAt: string; status: "open" | "done" | "cancelled"; remindedCount: number; noteId?: string | undefined; patient?: string | undefined; patientId?: string | undefined; lastRemindedAt?: string | undefined; doneAt?: string | undefined; }' is not assignable to parameter of type 'Task' with 'exactOptionalPropertyTypes: true'. Consider adding 'undefined' to the types of the target's properties.
  Types of property 'noteId' are incompatible.
    Type 'string | undefined' is not assignable to type 'string'.
      Type 'undefined' is not assignable to type 'string'.
../../.cache/cvg-harness-audit-actions-20261003/piso004-builder/scratch/src/migrate-journal.ts(118,11): error TS2345: Argument of type '{ type: "message_received"; at: string; message: { provider: "waha" | "evolution"; messageId: string; fromPhone: string; kind: "text" | "audio" | "image"; text: string; receivedAt: string; mediaRef?: string | undefined; mimetype?: string | undefined; }; } | ... 10 more ... | { ...; }' is not assignable to parameter of type 'ShiftEvent'.
  Type '{ type: "message_received"; at: string; message: { provider: "waha" | "evolution"; messageId: string; fromPhone: string; kind: "text" | "audio" | "image"; text: string; receivedAt: string; mediaRef?: string | undefined; mimetype?: string | undefined; }; }' is not assignable to type 'ShiftEvent'.
    Type '{ type: "message_received"; at: string; message: { provider: "waha" | "evolution"; messageId: string; fromPhone: string; kind: "text" | "audio" | "image"; text: string; receivedAt: string; mediaRef?: string | undefined; mimetype?: string | undefined; }; }' is not assignable to type '{ type: "message_received"; at: string; message: InboundMessage; }'.
      The types of 'message.mediaRef' are incompatible between these types.
        Type 'string | undefined' is not assignable to type 'string'.
          Type 'undefined' is not assignable to type 'string'.
../../.cache/cvg-harness-audit-actions-20261003/piso004-builder/scratch/src/migrate-journal.ts(158,11): error TS2345: Argument of type '{ type: "message_received"; at: string; message: { provider: "waha" | "evolution"; messageId: string; fromPhone: string; kind: "text" | "audio" | "image"; text: string; receivedAt: string; mediaRef?: string | undefined; mimetype?: string | undefined; }; } | ... 10 more ... | { ...; }' is not assignable to parameter of type 'ShiftEvent'.
  Type '{ type: "message_received"; at: string; message: { provider: "waha" | "evolution"; messageId: string; fromPhone: string; kind: "text" | "audio" | "image"; text: string; receivedAt: string; mediaRef?: string | undefined; mimetype?: string | undefined; }; }' is not assignable to type 'ShiftEvent'.
    Type '{ type: "message_received"; at: string; message: { provider: "waha" | "evolution"; messageId: string; fromPhone: string; kind: "text" | "audio" | "image"; text: string; receivedAt: string; mediaRef?: string | undefined; mimetype?: string | undefined; }; }' is not assignable to type '{ type: "message_received"; at: string; message: InboundMessage; }'.
      The types of 'message.mediaRef' are incompatible between these types.
        Type 'string | undefined' is not assignable to type 'string'.
          Type 'undefined' is not assignable to type 'string'.
../../.cache/cvg-harness-audit-actions-20261003/piso004-builder/scratch/src/store.ts(162,47): error TS2379: Argument of type '{ provider: "waha" | "evolution"; messageId: string; fromPhone: string; kind: "text" | "audio" | "image"; text: string; receivedAt: string; mediaRef?: string | undefined; mimetype?: string | undefined; }' is not assignable to parameter of type 'InboundMessage' with 'exactOptionalPropertyTypes: true'. Consider adding 'undefined' to the types of the target's properties.
  Types of property 'mediaRef' are incompatible.
    Type 'string | undefined' is not assignable to type 'string'.
      Type 'undefined' is not assignable to type 'string'.
../../.cache/cvg-harness-audit-actions-20261003/piso004-builder/scratch/src/store.ts(170,34): error TS2379: Argument of type '{ id: string; messageId: string; authorPhone: string; createdAt: string; kind: "text" | "audio" | "image"; rawText: string; unverifiedNumbers: string[]; confirmed: boolean; mediaFile?: string | undefined; organized?: { ...; } | undefined; supersededBy?: string | undefined; }' is not assignable to parameter of type 'Note' with 'exactOptionalPropertyTypes: true'. Consider adding 'undefined' to the types of the target's properties.
  Types of property 'mediaFile' are incompatible.
    Type 'string | undefined' is not assignable to type 'string'.
      Type 'undefined' is not assignable to type 'string'.
../../.cache/cvg-harness-audit-actions-20261003/piso004-builder/scratch/src/store.ts(184,38): error TS2379: Argument of type '{ number: number; ownerPhone: string; description: string; dueAt: string; createdAt: string; status: "open" | "done" | "cancelled"; remindedCount: number; noteId?: string | undefined; patient?: string | undefined; patientId?: string | undefined; lastRemindedAt?: string | undefined; doneAt?: string | undefined; }' is not assignable to parameter of type 'Task' with 'exactOptionalPropertyTypes: true'. Consider adding 'undefined' to the types of the target's properties.
  Types of property 'noteId' are incompatible.
    Type 'string | undefined' is not assignable to type 'string'.
      Type 'undefined' is not assignable to type 'string'.
../../.cache/cvg-harness-audit-actions-20261003/piso004-builder/scratch/src/store.ts(218,64): error TS2345: Argument of type '{ type: "message_received"; at: string; message: { provider: "waha" | "evolution"; messageId: string; fromPhone: string; kind: "text" | "audio" | "image"; text: string; receivedAt: string; mediaRef?: string | undefined; mimetype?: string | undefined; }; } | ... 10 more ... | { ...; }' is not assignable to parameter of type 'ShiftEvent'.
  Type '{ type: "message_received"; at: string; message: { provider: "waha" | "evolution"; messageId: string; fromPhone: string; kind: "text" | "audio" | "image"; text: string; receivedAt: string; mediaRef?: string | undefined; mimetype?: string | undefined; }; }' is not assignable to type 'ShiftEvent'.
    Type '{ type: "message_received"; at: string; message: { provider: "waha" | "evolution"; messageId: string; fromPhone: string; kind: "text" | "audio" | "image"; text: string; receivedAt: string; mediaRef?: string | undefined; mimetype?: string | undefined; }; }' is not assignable to type '{ type: "message_received"; at: string; message: InboundMessage; }'.
      The types of 'message.mediaRef' are incompatible between these types.
        Type 'string | undefined' is not assignable to type 'string'.
          Type 'undefined' is not assignable to type 'string'.
