[1A[2K[WebServer] (node:1820446) Warning: The 'NO_COLOR' env is ignored due to the 'FORCE_COLOR' env being set.
[WebServer] (Use `node --trace-warnings ...` to show where the warning was created)

[1A[2K[WebServer] (node:1820746) Warning: The 'NO_COLOR' env is ignored due to the 'FORCE_COLOR' env being set.
[WebServer] (Use `node --trace-warnings ...` to show where the warning was created)


Running 15 tests using 1 worker

[1A[2K(node:1820819) Warning: The 'NO_COLOR' env is ignored due to the 'FORCE_COLOR' env being set.
(Use `node --trace-warnings ...` to show where the warning was created)


[1A[2K(node:1820819) Warning: The 'NO_COLOR' env is ignored due to the 'FORCE_COLOR' env being set.
(Use `node --trace-warnings ...` to show where the warning was created)


[1A[2K[1/15] [chromium] › tests/e2e/rem21-014-qualification.spec.ts:151:7 › REM21-014 trusted browser qualification › trusted login has no editable authority and passes axe WCAG A/AA
[1A[2K[2/15] [chromium] › tests/e2e/rem21-014-qualification.spec.ts:163:7 › REM21-014 trusted browser qualification › keyboard, focus, contrast, reduced motion and responsive shell remain operable
[1A[2K[3/15] [chromium] › tests/e2e/rem21-014-qualification.spec.ts:217:7 › REM21-014 trusted browser qualification › expiry restores focus and recovers with a new trusted bootstrap
[1A[2K[4/15] [chromium] › tests/e2e/rem21-014-qualification.spec.ts:250:7 › REM21-014 trusted browser qualification › trusted role authorization keeps forbidden controls disabled
[1A[2K[5/15] [chromium] › tests/e2e/rem21-014-qualification.spec.ts:331:7 › REM21-014 trusted browser qualification › tenant rotation clears the previous tenant fixture and keeps requests trusted
[1A[2K(node:1823850) Warning: The 'NO_COLOR' env is ignored due to the 'FORCE_COLOR' env being set.
(Use `node --trace-warnings ...` to show where the warning was created)


[1A[2K(node:1823850) Warning: The 'NO_COLOR' env is ignored due to the 'FORCE_COLOR' env being set.
(Use `node --trace-warnings ...` to show where the warning was created)


[1A[2K[6/15] [firefox] › tests/e2e/rem21-014-qualification.spec.ts:151:7 › REM21-014 trusted browser qualification › trusted login has no editable authority and passes axe WCAG A/AA
[1A[2K[7/15] [firefox] › tests/e2e/rem21-014-qualification.spec.ts:163:7 › REM21-014 trusted browser qualification › keyboard, focus, contrast, reduced motion and responsive shell remain operable
[1A[2K[8/15] [firefox] › tests/e2e/rem21-014-qualification.spec.ts:217:7 › REM21-014 trusted browser qualification › expiry restores focus and recovers with a new trusted bootstrap
[1A[2K[9/15] [firefox] › tests/e2e/rem21-014-qualification.spec.ts:250:7 › REM21-014 trusted browser qualification › trusted role authorization keeps forbidden controls disabled
[1A[2K[10/15] [firefox] › tests/e2e/rem21-014-qualification.spec.ts:331:7 › REM21-014 trusted browser qualification › tenant rotation clears the previous tenant fixture and keeps requests trusted
[1A[2K(node:1827411) Warning: The 'NO_COLOR' env is ignored due to the 'FORCE_COLOR' env being set.
(Use `node --trace-warnings ...` to show where the warning was created)


[1A[2K(node:1827411) Warning: The 'NO_COLOR' env is ignored due to the 'FORCE_COLOR' env being set.
(Use `node --trace-warnings ...` to show where the warning was created)


[1A[2K[11/15] [webkit] › tests/e2e/rem21-014-qualification.spec.ts:151:7 › REM21-014 trusted browser qualification › trusted login has no editable authority and passes axe WCAG A/AA
[1A[2K[12/15] [webkit] › tests/e2e/rem21-014-qualification.spec.ts:163:7 › REM21-014 trusted browser qualification › keyboard, focus, contrast, reduced motion and responsive shell remain operable
[1A[2K[13/15] [webkit] › tests/e2e/rem21-014-qualification.spec.ts:217:7 › REM21-014 trusted browser qualification › expiry restores focus and recovers with a new trusted bootstrap
[1A[2K[14/15] [webkit] › tests/e2e/rem21-014-qualification.spec.ts:250:7 › REM21-014 trusted browser qualification › trusted role authorization keeps forbidden controls disabled
[1A[2K[15/15] [webkit] › tests/e2e/rem21-014-qualification.spec.ts:331:7 › REM21-014 trusted browser qualification › tenant rotation clears the previous tenant fixture and keeps requests trusted
[1A[2K  15 passed (1.3m)
