{
 "spoofedAdminHeader": {
  "status": 403,
  "code": "forbidden"
 },
 "crossTenantHeader": {
  "status": 403,
  "code": "forbidden"
 },
 "simulationHeadersAlone": {
  "status": 401,
  "code": "unauthorized"
 },
 "expiredToken": {
  "status": 401,
  "code": "unauthorized"
 },
 "wrongAudience": {
  "status": 401,
  "code": "unauthorized"
 },
 "forgedSignature": {
  "status": 401,
  "code": "unauthorized"
 },
 "replay": {
  "first": 200,
  "replay": 401,
  "replayCode": "unauthorized"
 },
 "doubleResolveRevokeTrusted": {
  "status": 500,
  "body": {
   "success": false,
   "data": null,
   "error": {
    "code": "internal_error",
    "message": "Unexpected internal error"
   },
   "meta": {
    "correlationId": "corr_82c21436-8b86-45bd-ad19-422b6a9e85d3"
   }
  }
 },
 "doubleResolveRevokeSimulationControl": {
  "status": 400,
  "body": {
   "success": false,
   "data": null,
   "error": {
    "code": "invalid_action",
    "message": "Capability approval cannot be revoked by this issuer"
   },
   "meta": {
    "correlationId": "corr_d510d998-c84a-4b8f-955c-0ef1a48fa204"
   }
  }
 }
}
