{
 "previousInWindow": {
  "ok": true,
  "identity": {
   "operatorId": "operator.rotation.critic",
   "role": "Supervisor",
   "tenantId": "tenant_00000000-0000-4000-8000-0000000009c1"
  }
 },
 "previousAfterWindow": {
  "ok": false,
  "error": "Trusted operator token signing key is not active"
 },
 "revokedPrevious": {
  "ok": false,
  "error": "Trusted operator token signing key is not active"
 },
 "unknownKid": {
  "ok": false,
  "error": "Trusted operator token signing key is not active"
 },
 "missingKid": {
  "ok": false,
  "error": "Trusted operator token requires a key identifier when a key ring is configured"
 },
 "validKid": {
  "ok": true,
  "identity": {
   "operatorId": "operator.rotation.critic",
   "role": "Supervisor",
   "tenantId": "tenant_00000000-0000-4000-8000-0000000009c1"
  }
 },
 "factoryRevokedCurrent": {
  "ok": false,
  "error": "Trusted operator token signing key is not active"
 }
}
