{
 "prod06OwnerDraftSpoof": {
  "status": 200,
  "responseTenant": "tenant_00000000-0000-4000-8000-000000000902",
  "auditRow": {
   "actor_type": "Operator",
   "actor_id": "operator.wave3.critic",
   "correlation_id": "corr_e4d5ed57-cd10-49e7-9ebb-acc4deb48a82",
   "tenant_id": "tenant_00000000-0000-4000-8000-000000000902"
  },
  "recordedActorIsTrustedHeader": true,
  "recordedCorrelationMatchesResponseMeta": true,
  "spoofedCorrelationIgnored": true,
  "spoiledTenantIgnored": true
 },
 "aaa22ThrowingClient": {
  "readyStatuses": [
   503,
   503,
   503
  ],
  "allReady503": true,
  "liveStatus": 200,
  "readyFalse": true,
  "databaseCheckStatus": "failed",
  "sanitized": true,
  "queries": 4
 },
 "aaa22PoolAccumulation": {
  "poolStatuses": [
   503,
   503,
   503,
   503,
   503
  ],
  "allReady503": true,
  "liveStatus": 200,
  "connected": 5,
  "released": 5,
  "destroyed": 5,
  "balanced": true
 }
}
