REM21-018 GREEN probe — 2026-09-22, Node 22.23.2

$ PATH=/home/ricardo/.nvm/versions/node/v22.23.2/bin:$PATH npm exec vitest run packages/harness/src/__tests__/effect-journal.test.ts packages/persistence/src/__tests__/operational-execution-postgres.test.ts packages/shared/src/__tests__/http-security-env.test.ts apps/web/src/features/journeys/journeys.test.tsx tests/rem21-018-config.test.ts --reporter=dot
exit=0
Test Files 5 passed (5); Tests 16 passed | 2 skipped (18)

$ directed scoped identity scan
exit=0
REM21-018-A24-1 PASS: no weak identity pattern in scoped production paths

$ PATH=/home/ricardo/.nvm/versions/node/v22.23.2/bin:$PATH npm run typecheck
exit=0

$ PATH=/home/ricardo/.nvm/versions/node/v22.23.2/bin:$PATH npm run lint
exit=0

$ PATH=/home/ricardo/.nvm/versions/node/v22.23.2/bin:$PATH npm run format:check
exit=0
All matched files use Prettier code style!

$ git diff --check
exit=0

$ PATH=/home/ricardo/.nvm/versions/node/v22.23.2/bin:$PATH npm run docs:check-links
exit=0
DOC_LINKS_OK; broken=0; unallowlistedNonPortableAbsolute=0
EVIDENCE_HYGIENE_OK; emptyArtifacts=66; cataloguedEmptyArtifacts=66; parsedJsonArtifacts=383

$ PATH=/home/ricardo/.nvm/versions/node/v22.23.2/bin:$PATH npm test -- --reporter=dot
exit=0
Test Files 301 passed | 20 skipped (321)
Tests 2113 passed | 146 skipped (2259)
Duration 267.67s; zero failed tests.

All probes used local synthetic fixtures. No production process, external
service, real data or real secret was accessed.

Final post-evidence documentation reconciliation:
DOC_LINKS_OK; broken=0; unallowlistedNonPortableAbsolute=0
EVIDENCE_HYGIENE_OK; emptyArtifacts=66; cataloguedEmptyArtifacts=66; parsedJsonArtifacts=384
