REM21-018 RED probe — 2026-09-22, Node 22.23.2, read-only

$ rg -n 'Date\.now\(\).*Math\.random|Math\.random\(\)' packages/harness/src/effect-journal.ts packages/persistence/src/operational-execution-postgres.ts apps/web/src/features/journeys/index.tsx
packages/harness/src/effect-journal.ts:299:      const attemptId = `attempt_${Date.now()}_${Math.random().toString(16).slice(2)}`
packages/persistence/src/operational-execution-postgres.ts:1615:  return globalThis.crypto?.randomUUID?.() ?? `${Date.now()}-${Math.random()}`
apps/web/src/features/journeys/index.tsx:18:  `journey-ui-${Date.now()}-${Math.random().toString(36).slice(2, 8)}`

$ node22 config inventory (expected runtime keys absent from .env.example)
exit=1
missing=19
CVG_IDENTITY_MODE
CVG_OPERATOR_IDENTITY_KEYRING
CVG_RATE_LIMIT_KEYRING
CVG_WORKER_RUN_MODE
CVG_WORKER_CONCURRENCY
CVG_WORKER_MAX_ATTEMPTS
CVG_WORKER_IDLE_WAIT_MS
CVG_WORKER_POLL_INTERVAL_MS
CVG_WORKER_IDLE_MAX_BACKOFF_MS
CVG_WORKER_ERROR_BACKOFF_MS
CVG_WORKER_ERROR_MAX_BACKOFF_MS
CVG_WORKER_LEASE_MS
CVG_WORKER_DRAIN_MS
CVG_WORKER_SUMMARY_INTERVAL_MS
CVG_WORKER_RUNTIME_PROFILE
CVG_WORKER_ITERATIVE_SCENARIO
CVG_WORKER_SYNTHETIC_EFFECT
PHASE2_FAULT_POINT
PORT

No files, services, databases or external calls were created by the RED probes.
