
 RUN  v4.1.11 /home/ricardo/cvg-agent-secretary-v2
      Coverage enabled with v8


 Test Files  3 passed (3)
      Tests  35 passed (35)
   Start at  01:56:08
   Duration  2.90s (transform 145ms, setup 0ms, import 441ms, tests 47ms, environment 1.79s)

 % Coverage report from v8
-----------------|---------|----------|---------|---------|---------------------
File             | % Stmts | % Branch | % Funcs | % Lines | Uncovered Line #s   
-----------------|---------|----------|---------|---------|---------------------
All files        |   95.09 |     89.2 |      90 |   96.07 |                     
 engine.ts       |   93.93 |    88.99 |   84.61 |   94.62 | 239,285,323,333,387 
 grants.ts       |   89.47 |       50 |   83.33 |   94.11 | 159                 
-----------------|---------|----------|---------|---------|---------------------

=============================== Coverage summary ===============================
Statements   : 95.09% ( 155/163 )
Branches     : 89.2% ( 124/139 )
Functions    : 90% ( 27/30 )
Lines        : 96.07% ( 147/153 )
================================================================================
