[progress] admin connected
[progress] memory parity done
[progress] migrations done
[progress] trigger installed, calling repo
[progress] atomic call returned
[progress] checking retry
[progress] starting concurrent replay
[progress] concurrency done
[progress] memory parity done
{
 "results": [
  {
   "case": "trigger rejects audit: task/event zero, original error, context cleared after ROLLBACK, connection reused",
   "atomicError": "synthetic audit failure",
   "code": "P0001",
   "tasks": 0,
   "audits": 0,
   "ownerContextAfterRollback": null,
   "sameBackendReused": true,
   "poolRemoved": 0
  },
  {
   "case": "retry after failure yields one task/one event with trusted context",
   "sameId": true,
   "tasks": 1,
   "audits": 1,
   "audit": {
    "actor_type": "Operator",
    "actor_id": "operator.critic3",
    "correlation_id": "corr_00000000-0000-4000-8000-000000000901"
   }
  },
  {
   "case": "concurrent same-key replay: same task, one event, no 25P02",
   "raceShape": [
    {
     "status": "fulfilled",
     "id": "task_18509e8a-429a-418a-a74d-2d1ca39ed11a"
    },
    {
     "status": "fulfilled",
     "id": "task_18509e8a-429a-418a-a74d-2d1ca39ed11a"
    }
   ],
   "taskCountForKey": 1,
   "eventCount": 1,
   "has25P02": false
  },
  {
   "case": "memory parity: failed audit restores zero state, retry same id one event",
   "memoryError": "synthetic memory audit failure",
   "tasksAfterFail": 0,
   "auditsAfterFail": 0,
   "sameId": true,
   "tasks": 1,
   "audits": 1
  }
 ],
 "errors": []
}
