[
 {
  "case": "timeout destroys pending query (release(error) rejects it)",
  "status": 503,
  "elapsedMs": 918,
  "connected": 1,
  "destroyed": 1,
  "releasedClean": 0,
  "queried": 1,
  "liveStatus": 200,
  "checks": {
   "ready": false,
   "checks": [
    {
     "name": "process",
     "status": "ok",
     "detail": "process is responding"
    },
    {
     "name": "persistence",
     "status": "ok",
     "detail": "postgres-pool persistence configured"
    },
    {
     "name": "durability",
     "status": "ok",
     "detail": "durable inbound processing configured"
    },
    {
     "name": "database",
     "status": "failed",
     "detail": "database probe failed"
    }
   ]
  }
 },
 {
  "case": "late query success after deadline is ignored; no double destroy; probe recovers next round",
  "status": 503,
  "elapsedMs": -1,
  "connected": 2,
  "destroyed": 2,
  "releasedClean": 0,
  "queried": 2,
  "liveStatus": 200,
  "checks": {
   "secondReadyStatus": 503
  }
 },
 {
  "case": "blocked acquisition: connect() invoked once for 6 probes; late client destroyed once, never queried",
  "status": 503,
  "elapsedMs": 7,
  "connected": 1,
  "destroyed": 1,
  "releasedClean": 0,
  "queried": 0,
  "liveStatus": -1,
  "checks": {
   "followupStatuses": [
    503,
    503,
    503,
    503,
    503
   ]
  }
 },
 {
  "case": "two concurrent probes admit one acquisition",
  "status": 503,
  "elapsedMs": -1,
  "connected": 1,
  "destroyed": 0,
  "releasedClean": 0,
  "queried": 0,
  "liveStatus": 503
 }
]
