{
 "results": [
  {
   "case": "minimal valid role passes",
   "rejected": false,
   "accepted": true
  },
  {
   "case": "extra permissive policy really enables cross-tenant read",
   "tenantAReadsTenantBEvent": true
  },
  {
   "case": "extra permissive policy rejected",
   "rejected": true,
   "patternMatched": true,
   "message": "PostgreSQL worker tenant isolation policies are not verified"
  },
  {
   "case": "tenant context empty after rejected preflight",
   "tenantId": null
  },
  {
   "case": "single policy with wrong expression rejected",
   "rejected": true,
   "patternMatched": true,
   "message": "PostgreSQL worker tenant isolation policies are not verified"
  },
  {
   "case": "revoked INSERT on outbox_effects rejected",
   "rejected": true,
   "patternMatched": true,
   "message": "PostgreSQL worker table privileges must be minimal (select/insert/update only)"
  },
  {
   "case": "forbidden DELETE on tasks rejected",
   "rejected": true,
   "patternMatched": true,
   "message": "PostgreSQL worker table privileges must be minimal (select/insert/update only)"
  },
  {
   "case": "missing FORCE RLS rejected",
   "rejected": true,
   "patternMatched": true,
   "message": "PostgreSQL worker tables must be tenant-isolated and not owned by the runtime role"
  },
  {
   "case": "role owning a critical table rejected",
   "rejected": true,
   "patternMatched": true,
   "message": "PostgreSQL worker tables must be tenant-isolated and not owned by the runtime role"
  },
  {
   "case": "minimal role passes after reverts",
   "accepted": true
  },
  {
   "case": "cleanup verification missing",
   "rejected": true,
   "verificationSeen": true,
   "message": "PostgreSQL tenant context cleanup was not verified",
   "clientDestroyed": true
  }
 ],
 "errors": []
}
