{
 "results": [
  {
   "case": "HTTP task with spoofed actor/correlation/tenant body fields",
   "status": 200,
   "responseMetaCorrelation": "corr_a76a6696-c063-4145-ad78-597edfa2cf72",
   "taskId": "task_e4beff97-728f-4782-8e75-4ab83601f26d",
   "taskTenant": "tenant_00000000-0000-4000-8000-000000000902",
   "auditRow": {
    "actor_type": "Operator",
    "actor_id": "operator.trusted.critic3",
    "correlation_id": "corr_a76a6696-c063-4145-ad78-597edfa2cf72",
    "tenant_id": "tenant_00000000-0000-4000-8000-000000000902",
    "payload": {
     "journey": "journey_task_created",
     "sessionId": "sess_00000000-0000-4000-8000-000000000902",
     "resourceId": "task_e4beff97-728f-4782-8e75-4ab83601f26d",
     "conversationId": "conv_00000000-0000-4000-8000-000000000902"
    }
   },
   "recordedActorMatchesHeader": true,
   "recordedCorrelationMatchesMeta": true,
   "spoofedCorrelationIgnored": true
  },
  {
   "case": "HTTP owner draft with spoofed auditContext",
   "status": 200,
   "auditRow": {
    "actor_type": "Operator",
    "actor_id": "operator.trusted.critic3",
    "correlation_id": "corr_8e512ccb-6d59-49f9-9cc5-5b67ee03fffa"
   },
   "recordedActorMatchesHeader": true,
   "recordedCorrelationMatchesMeta": true
  },
  {
   "case": "HTTP task atomicity: rejected audit leaves zero, retry yields one task/one event",
   "failedStatus": 500,
   "failedCode": "internal_error",
   "taskRowsOnFailure": 0,
   "auditRowsOnFailure": 2,
   "auditRowsBefore": 2,
   "noAuditAddedOnFailure": true,
   "retryStatus": 200,
   "taskRowsAfterRetry": 1,
   "auditsAfterRetry": 1
  },
  {
   "case": "retried HTTP task audit identity",
   "auditRow": {
    "actor_type": "Operator",
    "actor_id": "operator.trusted.critic3",
    "correlation_id": "corr_2f430c46-1c4e-4ea7-936f-f8e9fd8e2c17"
   }
  }
 ],
 "errors": []
}
