
 RUN  v4.1.11 /tmp/opencode/critic3/ui-neutralized

 ❯ __tests__/journeys-identity-race.test.tsx (13 tests | 6 failed) 805ms
     × discards a delayed success response from the previous tenant 172ms
     × discards a delayed error from the previous identity 41ms
   × invalidates session A success on selection session_B and preserves the current operation 60ms
   × invalidates session A error on selection session_B and preserves the current operation 53ms
   × invalidates session A success on selection null and preserves the current operation 51ms
   × invalidates session A error on selection null and preserves the current operation 49ms

⎯⎯⎯⎯⎯⎯⎯ Failed Tests 6 ⎯⎯⎯⎯⎯⎯⎯

 FAIL  __tests__/journeys-identity-race.test.tsx > journey panel identity generation > discards a delayed success response from the previous tenant
AssertionError: expected <label class="choice">…(1)</label> to be null

- Expected:
null

+ Received:
<label
  class="choice"
>
  <input
    checked=""
    name="owner-candidate"
    type="radio"
  />
  SYNTHETIC TENANT A PRIVATE NAME
</label>

 ❯ __tests__/journeys-identity-race.test.tsx:68:67
     66|     })
     67|
     68|     expect(screen.queryByText('SYNTHETIC TENANT A PRIVATE NAME')).toBe…
       |                                                                   ^
     69|   })
     70|

⎯⎯⎯⎯⎯⎯⎯⎯⎯⎯⎯⎯⎯⎯⎯⎯⎯⎯⎯⎯⎯⎯⎯⎯[1/6]⎯

 FAIL  __tests__/journeys-identity-race.test.tsx > journey panel identity generation > discards a delayed error from the previous identity
AssertionError: expected <p class="journeyMessage" …(2)></p> to be null

- Expected:
null

+ Received:
<p
  aria-live="polite"
  class="journeyMessage"
  role="status"
>
  stale tenant A failure
</p>

 ❯ __tests__/journeys-identity-race.test.tsx:96:58
     94|     })
     95|
     96|     expect(screen.queryByText('stale tenant A failure')).toBeNull()
       |                                                          ^
     97|     expect(screen.queryByRole('status')).toBeNull()
     98|   })

⎯⎯⎯⎯⎯⎯⎯⎯⎯⎯⎯⎯⎯⎯⎯⎯⎯⎯⎯⎯⎯⎯⎯⎯[2/6]⎯

 FAIL  __tests__/journeys-identity-race.test.tsx > invalidates session A success on selection session_B and preserves the current operation
 FAIL  __tests__/journeys-identity-race.test.tsx > invalidates session A success on selection null and preserves the current operation
AssertionError: expected <p class="journeyMessage" …(2)></p> to be null

- Expected:
null

+ Received:
<p
  aria-live="polite"
  class="journeyMessage"
  role="status"
>
  Tarefa operacional criada para a sessão selecionada.
</p>

 ❯ __tests__/journeys-identity-race.test.tsx:186:44
    184|         await old.promise.catch(() => undefined)
    185|       })
    186|       expect(screen.queryByRole('status')).toBeNull()
       |                                            ^
    187|       expect(
    188|         (

⎯⎯⎯⎯⎯⎯⎯⎯⎯⎯⎯⎯⎯⎯⎯⎯⎯⎯⎯⎯⎯⎯⎯⎯[3/6]⎯

 FAIL  __tests__/journeys-identity-race.test.tsx > invalidates session A error on selection session_B and preserves the current operation
 FAIL  __tests__/journeys-identity-race.test.tsx > invalidates session A error on selection null and preserves the current operation
AssertionError: expected <p class="journeyMessage" …(2)></p> to be null

- Expected:
null

+ Received:
<p
  aria-live="polite"
  class="journeyMessage"
  role="status"
>
  SYNTHETIC SESSION A PRIVATE ERROR
</p>

 ❯ __tests__/journeys-identity-race.test.tsx:186:44
    184|         await old.promise.catch(() => undefined)
    185|       })
    186|       expect(screen.queryByRole('status')).toBeNull()
       |                                            ^
    187|       expect(
    188|         (

⎯⎯⎯⎯⎯⎯⎯⎯⎯⎯⎯⎯⎯⎯⎯⎯⎯⎯⎯⎯⎯⎯⎯⎯[4/6]⎯


 Test Files  1 failed (1)
      Tests  6 failed | 7 passed (13)
   Start at  12:31:12
   Duration  1.76s (transform 132ms, setup 0ms, import 268ms, tests 805ms, environment 572ms)

