
 RUN  v4.1.11 /tmp/opencode/critic3/ui-neutralized

 ❯ __tests__/journeys-identity-race.test.tsx (13 tests | 6 failed) 1113ms
   × invalidates session A success on selection session_B and preserves the current operation 41ms
   × invalidates session A error on selection session_B and preserves the current operation 30ms
   × invalidates session A success on selection null and preserves the current operation 29ms
   × invalidates session A error on selection null and preserves the current operation 29ms
   × clears all form values and draft associations after session changes 42ms
   × clears all form values and draft associations after session cleared changes 43ms

⎯⎯⎯⎯⎯⎯⎯ Failed Tests 6 ⎯⎯⎯⎯⎯⎯⎯

 FAIL  __tests__/journeys-identity-race.test.tsx > invalidates session A success on selection session_B and preserves the current operation
 FAIL  __tests__/journeys-identity-race.test.tsx > invalidates session A error on selection session_B and preserves the current operation
 FAIL  __tests__/journeys-identity-race.test.tsx > invalidates session A success on selection null and preserves the current operation
 FAIL  __tests__/journeys-identity-race.test.tsx > invalidates session A error on selection null and preserves the current operation
AssertionError: expected false to be true // Object.is equality

- Expected
+ Received

- true
+ false

 ❯ __tests__/journeys-identity-race.test.tsx:164:33
    162|         <JourneysPanel identity={identityA} selectedSessionId={session…
    163|       )
    164|       expect(oldSignal.aborted).toBe(true)
       |                                 ^
    165|       expect(
    166|         (

⎯⎯⎯⎯⎯⎯⎯⎯⎯⎯⎯⎯⎯⎯⎯⎯⎯⎯⎯⎯⎯⎯⎯⎯[1/6]⎯

 FAIL  __tests__/journeys-identity-race.test.tsx > clears all form values and draft associations after session changes
 FAIL  __tests__/journeys-identity-race.test.tsx > clears all form values and draft associations after session cleared changes
AssertionError: expected <input …(2)></input> to be null

- Expected:
null

+ Received:
<input
  aria-label="Nome do pet"
  value="SYNTHETIC PRIVATE PET"
/>

 ❯ __tests__/journeys-identity-race.test.tsx:258:52
    256|       <JourneysPanel identity={nextIdentity} selectedSessionId={nextSe…
    257|     )
    258|     expect(screen.queryByLabelText('Nome do pet')).toBeNull()
       |                                                    ^
    259|     expect(screen.queryByText('Draft: draft')).toBeNull()
    260|     expect(screen.queryByRole('status')).toBeNull()

⎯⎯⎯⎯⎯⎯⎯⎯⎯⎯⎯⎯⎯⎯⎯⎯⎯⎯⎯⎯⎯⎯⎯⎯[2/6]⎯


 Test Files  1 failed (1)
      Tests  6 failed | 7 passed (13)
   Start at  12:31:05
   Duration  2.27s (transform 163ms, setup 0ms, import 361ms, tests 1.11s, environment 664ms)

