
[1m[30m[46m RUN [49m[39m[22m [36mv4.1.11 [39m[90m/home/ricardo/.cache/cvg-harness-audit-actions-20261003/candidate[39m

 [32m✓[39m tests/product-boundary.test.js [2m([22m[2m78 tests[22m[2m)[22m[33m 38089[2mms[22m[39m
     [33m[2m✓[22m[39m rejects loader capability chains through the API and CLI: const delegate=require; const api=delegate('node:module'); const fetch=api.createRequire(__filename); fetch('../../../products/shift/src/index.ts') [33m 1415[2mms[22m[39m
     [33m[2m✓[22m[39m rejects loader capability chains through the API and CLI: const {createRequire: make}=module.require('module'); const fetch=make(__filename); fetch('../../../products/shift/src/index.ts') [33m 1175[2mms[22m[39m
     [33m[2m✓[22m[39m rejects loader capability chains through the API and CLI: const current=module; current.require('../../../products/shift/src/index.ts') [33m 1218[2mms[22m[39m
     [33m[2m✓[22m[39m rejects loader capability chains through the API and CLI: const property='require'; module[property]('../../../products/shift/src/index.ts') [33m 1153[2mms[22m[39m
     [33m[2m✓[22m[39m rejects loader capability chains through the API and CLI: const lookup=require.resolve; const lookupAgain=lookup; lookupAgain('../../../products/shift/src/index.ts') [33m 968[2mms[22m[39m
     [33m[2m✓[22m[39m visits runtime hidden by neutral declarations: import p from '../products/shift/src/index.ts'; export const value=p [33m 1579[2mms[22m[39m
     [33m[2m✓[22m[39m visits runtime hidden by neutral declarations: export const value=process.env.SHIFT_PORT [33m 2328[2mms[22m[39m
     [33m[2m✓[22m[39m walks both type and physical runtime closures for .mjs [33m 3918[2mms[22m[39m
     [33m[2m✓[22m[39m walks both type and physical runtime closures for .cjs [33m 2200[2mms[22m[39m
     [33m[2m✓[22m[39m walks both type and physical runtime closures for .js [33m 1315[2mms[22m[39m
     [33m[2m✓[22m[39m retains the type closure when the runtime is neutral [33m 779[2mms[22m[39m
     [33m[2m✓[22m[39m preserves neutral loader aliases: const dispatch=require; const api=dispatch('module'); const make=api['createRequire']; const fetch=make(__filename); const again=fetch; again('node:fs') [33m 833[2mms[22m[39m
     [33m[2m✓[22m[39m preserves neutral loader aliases: const {createRequire: make}=module.require('node:module'); make(__filename)('node:fs') [33m 641[2mms[22m[39m
     [33m[2m✓[22m[39m preserves neutral loader aliases: const current=module; const next=current; next['require']('node:fs') [33m 577[2mms[22m[39m
     [33m[2m✓[22m[39m preserves neutral loader aliases: const lookup=require.resolve; const next=lookup; next('node:fs') [33m 613[2mms[22m[39m
     [33m[2m✓[22m[39m preserves neutral loader aliases: const dispatch=require; dispatch('./data.cjs') [33m 621[2mms[22m[39m
     [33m[2m✓[22m[39m preserves neutral runtime plus declarations and type-only exports [33m 664[2mms[22m[39m
     [33m[2m✓[22m[39m fails closed on uncertain capability/anchor/resolution: const current=module; const property=getProperty(); current[property]('node:fs') [33m 824[2mms[22m[39m
     [33m[2m✓[22m[39m fails closed on uncertain capability/anchor/resolution: const lookup=require.resolve; forward(lookup) [33m 946[2mms[22m[39m
     [33m[2m✓[22m[39m fails closed on uncertain capability/anchor/resolution: const lookup=require.resolve; lookup(target) [33m 796[2mms[22m[39m
     [33m[2m✓[22m[39m fails closed on uncertain capability/anchor/resolution: const lookup=require.resolve; lookup('some-package',{paths:['/other']}) [33m 784[2mms[22m[39m
     [33m[2m✓[22m[39m fails closed on uncertain capability/anchor/resolution: const delegate=require; const api=delegate('node:module'); const property=getProperty(); api[property](__filename) [33m 1011[2mms[22m[39m
     [33m[2m✓[22m[39m fails closed on uncertain capability/anchor/resolution: const delegate=require; const api=delegate('node:module'); const make=api.createRequire; const fetch=make(base); fetch('node:fs') [33m 775[2mms[22m[39m
     [33m[2m✓[22m[39m fails closed on uncertain capability/anchor/resolution: const current=module; export {current} [33m 689[2mms[22m[39m
     [33m[2m✓[22m[39m rejects declaration-only evidence for a missing runtime [33m 632[2mms[22m[39m
     [33m[2m✓[22m[39m uses Node import conditions alongside types for package exports [33m 1139[2mms[22m[39m
     [33m[2m✓[22m[39m uses Node require conditions alongside types for package exports [33m 1824[2mms[22m[39m
     [33m[2m✓[22m[39m does not substitute a package types implementation for unknown runtime conditions [33m 2335[2mms[22m[39m
     [33m[2m✓[22m[39m uses type-only Node import and require conditions without visiting runtime [33m 1523[2mms[22m[39m
     [33m[2m✓[22m[39m keeps explicit TypeScript extension substitution for unbuilt neutral sources [33m 472[2mms[22m[39m

[2m Test Files [22m [1m[32m1 passed[39m[22m[90m (1)[39m
[2m      Tests [22m [1m[32m78 passed[39m[22m[90m (78)[39m
[2m   Start at [22m 09:11:59
[2m   Duration [22m 43.64s[2m (transform 495ms, setup 0ms, import 1.49s, tests 38.09s, environment 3.51s)[22m

