{
  "scannedRoots": [
    ".agent/plans/harness-isolation-audit-actions-execplan.md",
    "docs/03_build/0370_harness_product_isolation_backlog.md",
    "products/shift-assistant/docs/backlog.md",
    "docs/04_audit/evidence/HARNESS-ISO-EXEC-20261003/audit-actions/ledger-handoff-current.md",
    "docs/04_audit/evidence/HARNESS-ISO-EXEC-20261003/audit-actions/product-first-rework/lead/report.md",
    "docs/04_audit/evidence/HARNESS-ISO-EXEC-20261003/audit-actions/product-weekly-handoff.md",
    "docs/04_audit/evidence/HARNESS-ISO-EXEC-20261003/audit-actions/final-status-20261003.md"
  ],
  "broken": [],
  "historicalRemovedTargets": [],
  "staleRemovedTargets": [],
  "resolvedMovedTargets": [],
  "staleMovedTargets": [],
  "missingMovedTargets": [],
  "nonPortableAbsolute": [],
  "unallowlistedNonPortableAbsolute": []
}
DOC_LINKS_OK
