node:internal/modules/cjs/loader:1433
  throw err;
  ^

Error: Cannot find module 'typescript'
Require stack:
- /home/ricardo/Área de trabalho/[eval]
    at Function._resolveFilename (node:internal/modules/cjs/loader:1430:15)
    at defaultResolveImpl (node:internal/modules/cjs/loader:1040:19)
    at resolveForCJSWithHooks (node:internal/modules/cjs/loader:1045:22)
    at Function._load (node:internal/modules/cjs/loader:1216:25)
    at wrapModuleLoad (node:internal/modules/cjs/loader:254:19)
    at Module.require (node:internal/modules/cjs/loader:1527:12)
    at require (node:internal/modules/helpers:147:16)
    at [eval]:1:1
    at runScriptInThisContext (node:internal/vm:209:10)
    at node:internal/process/execution:446:12 {
  code: 'MODULE_NOT_FOUND',
  requireStack: [ '/home/ricardo/Área de trabalho/[eval]' ]
}

Node.js v22.23.2
