$ npm run test:postgres -- --reporter=default --reporter=json --outputFile=certification/postgres-test-report.json
# runId=run-rem21-019-final-3 candidateId=8a889682d378c1d3e82a71c079c00390e98307ce4d6e5314f69f02c7c8cf3132 gate=postgres command=npm run test:postgres -- --reporter=default --reporter=json --outputFile=certification/postgres-test-report.json
# exitCode=0 durationMs=114897


> cvg-operational-harness@1.0.0 test:postgres
> vitest run --testTimeout=60000 --no-file-parallelism packages/persistence/src/__tests__/postgres-migration-smoke.test.ts packages/persistence/src/__tests__/tenant-isolation.test.ts packages/persistence/src/__tests__/platform-postgres-smoke.test.ts packages/persistence/src/__tests__/platform-approval-postgres.test.ts packages/persistence/src/__tests__/audit-evidence-checkpoint-postgres.test.ts packages/persistence/src/__tests__/session-version-pinning-postgres.test.ts packages/persistence/src/__tests__/outbox-durability.test.ts packages/persistence/src/__tests__/effect-journal-postgres.test.ts packages/persistence/src/__tests__/channel-effect-journal-postgres.test.ts apps/api/src/__tests__/postgres-persistence-mode.test.ts apps/api/src/__tests__/webhook-security.test.ts apps/api/src/__tests__/journeys-api-postgres.test.ts apps/worker/src/__tests__/postgres-outbox-bridge.integration.test.ts packages/chaos/src/__tests__/chaos-postgres.test.ts packages/persistence/src/__tests__/journeys-postgres.test.ts apps/worker/src/__tests__/continuous-worker-postgres.integration.test.ts apps/worker/src/__tests__/postgres-role-preflight.test.ts packages/persistence/src/__tests__/attendance-approval-postgres.test.ts packages/persistence/src/__tests__/journey-task-atomicity.test.ts packages/persistence/src/__tests__/runtime-approval-store-postgres.test.ts packages/persistence/src/__tests__/operational-execution-postgres.test.ts apps/worker/src/__tests__/operational-harness-process-restart.integration.test.ts apps/worker/src/__tests__/operational-harness-synthetic-effect-postgres.integration.test.ts apps/worker/src/__tests__/operational-harness-capability-postgres.integration.test.ts apps/worker/src/__tests__/kernel-composition-postgres.integration.test.ts apps/worker/src/__tests__/operational-harness-iterative.test.ts apps/worker/src/__tests__/operational-harness-iterative-postgres.integration.test.ts apps/api/src/__tests__/approval-decision-atomicity-postgres.test.ts packages/persistence/src/__tests__/outbox-content-binding-postgres.test.ts apps/api/src/__tests__/tenant-schema-inventory-postgres.test.ts apps/api/src/__tests__/trusted-replay-distributed-postgres.test.ts apps/api/src/__tests__/rate-limit-distributed-postgres.test.ts apps/worker/src/__tests__/operational-harness-homolog.integration.test.ts apps/api/src/__tests__/homolog-correlation-postgres.test.ts apps/worker/src/__tests__/homolog-health-postgres.test.ts --reporter=default --reporter=json --outputFile=certification/postgres-test-report.json


 RUN  v4.1.11 /home/ricardo/Área de trabalho/cvg-operational-harness

 ✓ apps/worker/src/__tests__/operational-harness-homolog.integration.test.ts (3 tests) 9013ms
     ✓ reclaims a SIGKILLed claim in a second process with one terminal outcome  4505ms
     ✓ refuses to start without arming, database or outside homolog scope  1699ms
     ✓ drains cleanly on SIGTERM with no work pending  2807ms
 ✓ apps/api/src/__tests__/approval-decision-atomicity-postgres.test.ts (8 tests) 9427ms
     ✓ applies migration 0021 exactly-once guard  1188ms
     ✓ blocks migration 0021 when legacy duplicate decision keys exist  1275ms
     ✓ rejects a valid-looking index with the wrong definition  1203ms
     ✓ rejects an invalid and not-ready unique index  1300ms
     ✓ converges concurrent applications of migration 0021  1254ms
     ✓ retries converge with exactly one audit event after an injected crash  1138ms
     ✓ identical concurrent decisions keep one winner and one audit event  1104ms
     ✓ worker recovery preserves the decision envelope after audit failure  963ms
 ✓ apps/api/src/__tests__/rate-limit-distributed-postgres.test.ts (9 tests) 5621ms
     ✓ shares one budget across instances and restarts  875ms
     ✓ resets the budget when the window expires  1195ms
     ✓ serializes concurrent first checks for one logical budget  862ms
     ✓ fails closed at active capacity without evicting an existing budget  836ms
     ✓ enforces the shared budget at the HTTP boundary  1846ms
 ✓ packages/persistence/src/__tests__/platform-postgres-smoke.test.ts (5 tests) 4374ms
     ✓ persists an immutable published version and a tenant-scoped trace  929ms
     ✓ persists versioned suites and redacted A/B run metadata under tenant RLS  852ms
     ✓ persists tenant-scoped plugin metadata with immutable identity and guarded status  880ms
     ✓ persists tenant-scoped knowledge source metadata without content or lifecycle bypass  852ms
     ✓ persists a validated release-candidate evidence ledger without mutating the version  860ms
 ✓ apps/api/src/__tests__/postgres-persistence-mode.test.ts (45 tests) 3987ms
     ✓ commits and rolls back the tenant-scoped runtime finalizer atomically  926ms
     ✓ validates tenant-scoped startup with separate migration and runtime roles  1202ms
     ✓ rejects missing rate-limit table or index before PostgreSQL startup  902ms
 ✓ apps/worker/src/__tests__/operational-harness-capability-postgres.integration.test.ts (4 tests) 3786ms
     ✓ replays a confirmed capability effect after a fresh pool/composition and isolates tenants  921ms
     ✓ persists an uncertain capability effect and rejects retry after fresh composition  916ms
     ✓ executes the capability through the durable PostgreSQL worker path for isolated tenants  989ms
     ✓ recovers a durable approval and executes the capability after fresh worker composition  958ms
{"event":"worker.started","level":"info","timestamp":"2026-09-22T13:28:00.434Z","workerId":"worker-pg-continuous-192-a","concurrency":2,"pollIntervalMs":5,"idleMaxBackoffMs":5000,"errorBackoffMs":500,"errorMaxBackoffMs":30000,"leaseMs":1000,"heartbeatIntervalMs":333,"drainMs":5000,"backlogProbe":true,"sweeps":false,"externalEffects":false,"durable":true}
{"event":"worker.outbox.summary","level":"info","timestamp":"2026-09-22T13:28:00.435Z","workerId":"worker-pg-continuous-192-a","reason":"start","claimed":0,"processed":0,"failed":0,"deadLettered":0,"handoffs":0,"errors":0,"claimFailures":0,"leaseLost":0,"heartbeats":0,"idlePolls":0,"released":0,"lag":null,"inFlight":0}
{"event":"worker.metric","name":"worker_outbox_lag","value":0,"attributes":{"operation":"outbox"},"timestamp":"2026-09-22T13:28:00.456Z"}
{"event":"worker.idle_backoff","level":"debug","timestamp":"2026-09-22T13:28:00.456Z","workerId":"worker-pg-continuous-192-a","backoffMs":5,"lag":0}
{"event":"worker.idle_backoff","level":"debug","timestamp":"2026-09-22T13:28:00.464Z","workerId":"worker-pg-continuous-192-a","backoffMs":10,"lag":0}
{"event":"worker.metric","name":"worker_outbox_processed_total","value":1,"attributes":{"status":"processed"},"timestamp":"2026-09-22T13:28:00.469Z"}
{"event":"worker.outbox.processed","level":"info","timestamp":"2026-09-22T13:28:00.469Z","eventId":"outbox_e61ba3d8-3ec9-4666-8124-b9d0a943b77f","workerId":"worker-pg-continuous-192-a","status":"processed","attempt":1,"leaseLost":false,"operation":"outbox"}
{"event":"worker.idle_backoff","level":"debug","timestamp":"2026-09-22T13:28:00.477Z","workerId":"worker-pg-continuous-192-a","backoffMs":20,"lag":0}
{"event":"worker.outbox.summary","level":"info","timestamp":"2026-09-22T13:28:00.488Z","workerId":"worker-pg-continuous-192-a","reason":"stop","claimed":1,"processed":1,"failed":0,"deadLettered":0,"handoffs":0,"errors":0,"claimFailures":0,"leaseLost":0,"heartbeats":0,"idlePolls":3,"released":0,"lag":0,"inFlight":0}
{"event":"worker.stopped","level":"info","timestamp":"2026-09-22T13:28:00.488Z","workerId":"worker-pg-continuous-192-a","drained":true,"released":0,"releaseFailed":0,"processed":1,"failed":0,"deadLettered":0,"lag":0}
{"event":"worker.started","level":"info","timestamp":"2026-09-22T13:28:00.494Z","workerId":"worker-pg-continuous-192-b","concurrency":2,"pollIntervalMs":5,"idleMaxBackoffMs":5000,"errorBackoffMs":500,"errorMaxBackoffMs":30000,"leaseMs":1000,"heartbeatIntervalMs":333,"drainMs":5000,"backlogProbe":true,"sweeps":false,"externalEffects":false,"durable":true}
{"event":"worker.outbox.summary","level":"info","timestamp":"2026-09-22T13:28:00.495Z","workerId":"worker-pg-continuous-192-b","reason":"start","claimed":0,"processed":0,"failed":0,"deadLettered":0,"handoffs":0,"errors":0,"claimFailures":0,"leaseLost":0,"heartbeats":0,"idlePolls":0,"released":0,"lag":null,"inFlight":0}
{"event":"worker.metric","name":"worker_outbox_lag","value":0,"attributes":{"operation":"outbox"},"timestamp":"2026-09-22T13:28:00.513Z"}
{"event":"worker.metric","name":"worker_outbox_dead_lettered_total","value":1,"attributes":{"status":"dead_letter"},"timestamp":"2026-09-22T13:28:00.523Z"}
{"event":"worker.outbox.dead_letter","level":"info","timestamp":"2026-09-22T13:28:00.523Z","eventId":"outbox_560bb743-3872-426a-9f8e-6a0c5ed9b3ca","workerId":"worker-pg-continuous-192-b","status":"dead_letter","attempt":1,"leaseLost":false,"error":"[redacted-outbox-error]","operation":"outbox"}
{"event":"worker.idle_backoff","level":"debug","timestamp":"2026-09-22T13:28:00.526Z","workerId":"worker-pg-continuous-192-b","backoffMs":5,"lag":0}
{"event":"worker.metric","name":"worker_outbox_processed_total","value":1,"attributes":{"status":"processed"},"timestamp":"2026-09-22T13:28:00.528Z"}
{"event":"worker.outbox.processed","level":"info","timestamp":"2026-09-22T13:28:00.528Z","eventId":"outbox_fdbd0ad8-f8e8-4761-9ba4-9db29171b444","workerId":"worker-pg-continuous-192-b","status":"processed","attempt":1,"leaseLost":false,"operation":"outbox"}
{"event":"worker.idle_backoff","level":"debug","timestamp":"2026-09-22T13:28:00.535Z","workerId":"worker-pg-continuous-192-b","backoffMs":10,"lag":0}
{"event":"worker.idle_backoff","level":"debug","timestamp":"2026-09-22T13:28:00.548Z","workerId":"worker-pg-continuous-192-b","backoffMs":20,"lag":0}
{"event":"worker.outbox.summary","level":"info","timestamp":"2026-09-22T13:28:00.550Z","workerId":"worker-pg-continuous-192-b","reason":"stop","claimed":2,"processed":1,"failed":0,"deadLettered":1,"handoffs":0,"errors":0,"claimFailures":0,"leaseLost":0,"heartbeats":0,"idlePolls":3,"released":0,"lag":0,"inFlight":0}
{"event":"worker.stopped","level":"info","timestamp":"2026-09-22T13:28:00.550Z","workerId":"worker-pg-continuous-192-b","drained":true,"released":0,"releaseFailed":0,"processed":1,"failed":0,"deadLettered":1,"lag":0}
{"event":"worker.started","level":"info","timestamp":"2026-09-22T13:28:01.540Z","workerId":"worker-pg-continuous-192-d","concurrency":2,"pollIntervalMs":5,"idleMaxBackoffMs":5000,"errorBackoffMs":500,"errorMaxBackoffMs":30000,"leaseMs":1000,"heartbeatIntervalMs":333,"drainMs":5000,"backlogProbe":true,"sweeps":false,"externalEffects":false,"durable":true}
{"event":"worker.outbox.summary","level":"info","timestamp":"2026-09-22T13:28:01.540Z","workerId":"worker-pg-continuous-192-d","reason":"start","claimed":0,"processed":0,"failed":0,"deadLettered":0,"handoffs":0,"errors":0,"claimFailures":0,"leaseLost":0,"heartbeats":0,"idlePolls":0,"released":0,"lag":null,"inFlight":0}
{"event":"worker.metric","name":"worker_outbox_lag","value":0,"attributes":{"operation":"outbox"},"timestamp":"2026-09-22T13:28:01.559Z"}
{"event":"worker.metric","name":"worker_outbox_processed_total","value":1,"attributes":{"status":"processed"},"timestamp":"2026-09-22T13:28:01.570Z"}
{"event":"worker.outbox.processed","level":"info","timestamp":"2026-09-22T13:28:01.570Z","eventId":"outbox_2a166742-3856-4a19-8661-b17550b68ca1","workerId":"worker-pg-continuous-192-d","status":"processed","attempt":1,"leaseLost":false,"operation":"outbox"}
{"event":"worker.metric","name":"worker_outbox_processed_total","value":1,"attributes":{"status":"processed"},"timestamp":"2026-09-22T13:28:01.573Z"}
{"event":"worker.outbox.processed","level":"info","timestamp":"2026-09-22T13:28:01.573Z","eventId":"outbox_92ba5248-f3af-44ec-b5e8-8aa2036ab5cf","workerId":"worker-pg-continuous-192-d","status":"processed","attempt":1,"leaseLost":false,"operation":"outbox"}
{"event":"worker.idle_backoff","level":"debug","timestamp":"2026-09-22T13:28:01.577Z","workerId":"worker-pg-continuous-192-d","backoffMs":5,"lag":0}
{"event":"worker.idle_backoff","level":"debug","timestamp":"2026-09-22T13:28:01.585Z","workerId":"worker-pg-continuous-192-d","backoffMs":10,"lag":0}
{"event":"worker.outbox.summary","level":"info","timestamp":"2026-09-22T13:28:01.590Z","workerId":"worker-pg-continuous-192-d","reason":"stop","claimed":2,"processed":2,"failed":0,"deadLettered":0,"handoffs":0,"errors":0,"claimFailures":0,"leaseLost":0,"heartbeats":0,"idlePolls":2,"released":0,"lag":0,"inFlight":0}
{"event":"worker.stopped","level":"info","timestamp":"2026-09-22T13:28:01.591Z","workerId":"worker-pg-continuous-192-d","drained":true,"released":0,"releaseFailed":0,"processed":2,"failed":0,"deadLettered":0,"lag":0}
{"event":"worker.started","level":"info","timestamp":"2026-09-22T13:28:01.594Z","workerId":"worker-pg-continuous-192-e","concurrency":1,"pollIntervalMs":5,"idleMaxBackoffMs":5000,"errorBackoffMs":500,"errorMaxBackoffMs":30000,"leaseMs":1000,"heartbeatIntervalMs":333,"drainMs":5000,"backlogProbe":true,"sweeps":false,"externalEffects":false,"durable":true}
{"event":"worker.outbox.summary","level":"info","timestamp":"2026-09-22T13:28:01.594Z","workerId":"worker-pg-continuous-192-e","reason":"start","claimed":0,"processed":0,"failed":0,"deadLettered":0,"handoffs":0,"errors":0,"claimFailures":0,"leaseLost":0,"heartbeats":0,"idlePolls":0,"released":0,"lag":null,"inFlight":0}
{"event":"worker.metric","name":"worker_outbox_lag","value":0,"attributes":{"operation":"outbox"},"timestamp":"2026-09-22T13:28:01.613Z"}
{"event":"worker.shutdown_release","level":"warn","timestamp":"2026-09-22T13:28:01.653Z","eventId":"outbox_efce7076-c4bd-4520-ac2c-3bbc281f06d4","workerId":"worker-pg-continuous-192-e","operation":"outbox"}
{"event":"worker.metric","name":"worker_outbox_shutdown_releases_total","value":1,"attributes":{"outcome":"released"},"timestamp":"2026-09-22T13:28:01.653Z"}
{"event":"worker.outbox.summary","level":"info","timestamp":"2026-09-22T13:28:01.653Z","workerId":"worker-pg-continuous-192-e","reason":"stop","claimed":1,"processed":0,"failed":0,"deadLettered":0,"handoffs":0,"errors":0,"claimFailures":0,"leaseLost":0,"heartbeats":0,"idlePolls":0,"released":1,"lag":0,"inFlight":1}
{"event":"worker.stopped","level":"info","timestamp":"2026-09-22T13:28:01.653Z","workerId":"worker-pg-continuous-192-e","drained":false,"released":1,"releaseFailed":0,"processed":0,"failed":0,"deadLettered":0,"lag":0}
{"event":"worker.event_error","level":"error","timestamp":"2026-09-22T13:28:01.657Z","eventId":"outbox_efce7076-c4bd-4520-ac2c-3bbc281f06d4","workerId":"worker-pg-continuous-192-e","attempt":1,"error":"outbox_error:conflict","operation":"outbox"}
{"event":"worker.metric","name":"worker_outbox_errors_total","value":1,"attributes":{"outcome":"error"},"timestamp":"2026-09-22T13:28:01.658Z"}
{"event":"worker.started","level":"info","timestamp":"2026-09-22T13:28:01.660Z","workerId":"worker-pg-continuous-192-f","concurrency":2,"pollIntervalMs":5,"idleMaxBackoffMs":5000,"errorBackoffMs":500,"errorMaxBackoffMs":30000,"leaseMs":1000,"heartbeatIntervalMs":333,"drainMs":5000,"backlogProbe":true,"sweeps":false,"externalEffects":false,"durable":true}
{"event":"worker.outbox.summary","level":"info","timestamp":"2026-09-22T13:28:01.660Z","workerId":"worker-pg-continuous-192-f","reason":"start","claimed":0,"processed":0,"failed":0,"deadLettered":0,"handoffs":0,"errors":0,"claimFailures":0,"leaseLost":0,"heartbeats":0,"idlePolls":0,"released":0,"lag":null,"inFlight":0}
{"event":"worker.metric","name":"worker_outbox_lag","value":0,"attributes":{"operation":"outbox"},"timestamp":"2026-09-22T13:28:01.673Z"}
{"event":"worker.idle_backoff","level":"debug","timestamp":"2026-09-22T13:28:01.674Z","workerId":"worker-pg-continuous-192-f","backoffMs":5,"lag":0}
{"event":"worker.idle_backoff","level":"debug","timestamp":"2026-09-22T13:28:01.681Z","workerId":"worker-pg-continuous-192-f","backoffMs":10,"lag":0}
{"event":"worker.idle_backoff","level":"debug","timestamp":"2026-09-22T13:28:01.693Z","workerId":"worker-pg-continuous-192-f","backoffMs":20,"lag":0}
{"event":"worker.idle_backoff","level":"debug","timestamp":"2026-09-22T13:28:01.715Z","workerId":"worker-pg-continuous-192-f","backoffMs":40,"lag":0}
{"event":"worker.idle_backoff","level":"debug","timestamp":"2026-09-22T13:28:01.758Z","workerId":"worker-pg-continuous-192-f","backoffMs":80,"lag":0}
{"event":"worker.idle_backoff","level":"debug","timestamp":"2026-09-22T13:28:01.840Z","workerId":"worker-pg-continuous-192-f","backoffMs":160,"lag":0}
{"event":"worker.idle_backoff","level":"debug","timestamp":"2026-09-22T13:28:02.003Z","workerId":"worker-pg-continuous-192-f","backoffMs":320,"lag":0}
{"event":"worker.idle_backoff","level":"debug","timestamp":"2026-09-22T13:28:02.326Z","workerId":"worker-pg-continuous-192-f","backoffMs":640,"lag":0}
{"event":"worker.outbox.summary","level":"info","timestamp":"2026-09-22T13:28:02.660Z","workerId":"worker-pg-continuous-192-f","reason":"interval","claimed":0,"processed":0,"failed":0,"deadLettered":0,"handoffs":0,"errors":0,"claimFailures":0,"leaseLost":0,"heartbeats":0,"idlePolls":8,"released":0,"lag":0,"inFlight":0}
{"event":"worker.metric","name":"worker_outbox_lag","value":0,"attributes":{"operation":"outbox"},"timestamp":"2026-09-22T13:28:02.976Z"}
{"event":"worker.idle_backoff","level":"debug","timestamp":"2026-09-22T13:28:02.976Z","workerId":"worker-pg-continuous-192-f","backoffMs":5,"lag":0}
{"event":"worker.idle_backoff","level":"debug","timestamp":"2026-09-22T13:28:02.983Z","workerId":"worker-pg-continuous-192-f","backoffMs":10,"lag":0}
{"event":"worker.metric","name":"worker_outbox_processed_total","value":1,"attributes":{"status":"processed"},"timestamp":"2026-09-22T13:28:02.990Z"}
{"event":"worker.outbox.processed","level":"info","timestamp":"2026-09-22T13:28:02.990Z","eventId":"outbox_efce7076-c4bd-4520-ac2c-3bbc281f06d4","workerId":"worker-pg-continuous-192-f","status":"processed","attempt":2,"leaseLost":false,"operation":"outbox"}
{"event":"worker.idle_backoff","level":"debug","timestamp":"2026-09-22T13:28:02.997Z","workerId":"worker-pg-continuous-192-f","backoffMs":20,"lag":0}
{"event":"worker.outbox.summary","level":"info","timestamp":"2026-09-22T13:28:02.997Z","workerId":"worker-pg-continuous-192-f","reason":"stop","claimed":1,"processed":1,"failed":0,"deadLettered":0,"handoffs":0,"errors":0,"claimFailures":0,"leaseLost":0,"heartbeats":0,"idlePolls":11,"released":0,"lag":0,"inFlight":0}
{"event":"worker.stopped","level":"info","timestamp":"2026-09-22T13:28:02.997Z","workerId":"worker-pg-continuous-192-f","drained":true,"released":0,"releaseFailed":0,"processed":1,"failed":0,"deadLettered":0,"lag":0}
 ✓ apps/worker/src/__tests__/continuous-worker-postgres.integration.test.ts (2 tests) 3384ms
     ✓ consumes events across a simulated restart and dead-letters a poison event  927ms
     ✓ observes queue lag, completes in-flight work on shutdown and releases bounded leases  2455ms
 ✓ apps/api/src/__tests__/tenant-schema-inventory-postgres.test.ts (4 tests) 3438ms
     ✓ every tenant_id table in the catalog is inventoried and verified  874ms
     ✓ fails when a tenant-scoped table is removed  844ms
     ✓ fails when migration 0022 is not applied  858ms
     ✓ fails a least-privilege role without grants on new tables  860ms
 ✓ packages/persistence/src/__tests__/outbox-durability.test.ts (6 tests) 3026ms
     ✓ backfills a legacy processed row while RLS is already forced  524ms
     ✓ redacts legacy rows without making routable pending work disappear  525ms
     ✓ claims once across two connections, journals at-least-once ack, retries and requeues in-place  1026ms
     ✓ commits inbound message and durable intent together  945ms
 ✓ packages/persistence/src/__tests__/outbox-content-binding-postgres.test.ts (3 tests) 2907ms
     ✓ returns the same record for an identical replay across instances  1009ms
     ✓ rejects divergent type/payload/version without mutating the winner  952ms
     ✓ lets one concurrent divergent writer win and rejects the other  944ms
 ✓ apps/api/src/__tests__/journeys-api-postgres.test.ts (10 tests) 2546ms
     ✓ applies migration 0014 during postgres startup before serving journeys  1000ms
 ✓ apps/worker/src/__tests__/operational-harness-process-restart.integration.test.ts (1 test) 2256ms
     ✓ reclaims a child-process claim after fault and completes with competing worker authority  2255ms
 ✓ packages/persistence/src/__tests__/runtime-approval-store-postgres.test.ts (11 tests) 2047ms
     ✓ applies 0015 additively over 0014 with the checksum guard  914ms
 ✓ packages/persistence/src/__tests__/tenant-isolation.test.ts (14 tests) 2005ms
     ✓ enforces cross-tenant isolation with a non-BYPASSRLS role and resets pooled context  954ms
     ✓ quarantines legacy tenant mismatches before enabling RLS  1025ms
 ✓ apps/api/src/__tests__/trusted-replay-distributed-postgres.test.ts (2 tests) 1871ms
     ✓ rejects the same token on a second process and after restart  1010ms
     ✓ fails closed when the replay store is unavailable  859ms
 ✓ packages/persistence/src/__tests__/journeys-postgres.test.ts (24 tests) 2155ms
     ✓ applies 0014 additively over a 0013 database and preserves prior data  965ms
 ✓ packages/persistence/src/__tests__/platform-approval-postgres.test.ts (2 tests) 1918ms
     ✓ persists bindings and consumes approvals atomically exactly once  1076ms
     ✓ enforces tenant visibility for the durable approval table under FORCE RLS  840ms
 ✓ apps/worker/src/__tests__/kernel-composition-postgres.integration.test.ts (10 tests) 1392ms
 ✓ apps/worker/src/__tests__/operational-harness-iterative-postgres.integration.test.ts (1 test) 1206ms
     ✓ persists steps/checkpoints, isolates tenants, and resumes WAITING_USER on a fresh pool  1205ms
 ✓ apps/worker/src/__tests__/postgres-role-preflight.test.ts (13 tests) 1418ms
 ✓ apps/worker/src/__tests__/postgres-outbox-bridge.integration.test.ts (2 tests) 1274ms
     ✓ consumes the event written by the API through a separate worker pool  1272ms
 ✓ apps/worker/src/__tests__/operational-harness-synthetic-effect-postgres.integration.test.ts (1 test) 1128ms
     ✓ persists HTTP acceptance, one journaled synthetic effect, replay, and status  1127ms
 ✓ packages/persistence/src/__tests__/channel-effect-journal-postgres.test.ts (12 tests) 1049ms
 ✓ packages/persistence/src/__tests__/effect-journal-postgres.test.ts (10 tests) 1406ms
 ✓ apps/api/src/__tests__/homolog-correlation-postgres.test.ts (1 test) 1041ms
     ✓ binds the response correlation to one PII-free audit event  1039ms
 ✓ packages/persistence/src/__tests__/journey-task-atomicity.test.ts (8 tests) 893ms
 ✓ packages/persistence/src/__tests__/operational-execution-postgres.test.ts (4 tests) 946ms
 ✓ packages/persistence/src/__tests__/attendance-approval-postgres.test.ts (1 test) 873ms
     ✓ forces two connections past the same pending read and rolls back failed audit  872ms
 ✓ packages/persistence/src/__tests__/session-version-pinning-postgres.test.ts (2 tests) 853ms
     ✓ binds sessions atomically under the tenant-aware migration and never replaces the pin  848ms
 ✓ apps/worker/src/__tests__/homolog-health-postgres.test.ts (5 tests) 889ms
     ✓ reports healthy dependencies with queue depth  881ms
 ✓ apps/api/src/__tests__/webhook-security.test.ts (16 tests) 302ms
 ✓ apps/worker/src/__tests__/operational-harness-iterative.test.ts (5 tests) 217ms
 ✓ packages/persistence/src/__tests__/postgres-migration-smoke.test.ts (10 tests) 223ms
 ✓ packages/chaos/src/__tests__/chaos-postgres.test.ts (2 tests) 63ms
 ✓ packages/persistence/src/__tests__/audit-evidence-checkpoint-postgres.test.ts (2 tests) 17ms

 Test Files  35 passed (35)
      Tests  258 passed (258)
   Start at  10:27:14
   Duration  114.20s (transform 2.05s, setup 0ms, import 9.69s, tests 78.95s, environment 21.50s)

JSON report written to /home/ricardo/Área de trabalho/cvg-operational-harness/certification/postgres-test-report.json
