2026-09-12 19:44:47.025 -03 [3545870] LOG:  starting PostgreSQL 16.15 (Ubuntu 16.15-0ubuntu0.24.04.1) on x86_64-pc-linux-gnu, compiled by gcc (Ubuntu 13.3.0-6ubuntu2~24.04.1) 13.3.0, 64-bit
2026-09-12 19:44:47.025 -03 [3545870] LOG:  listening on IPv4 address "127.0.0.1", port 55433
2026-09-12 19:44:47.026 -03 [3545870] FATAL:  could not create lock file "/tmp/opencode/aaa13-integration/pg/run/.s.PGSQL.55433.lock": Arquivo ou diretório inexistente
2026-09-12 19:44:47.029 -03 [3545870] LOG:  database system is shut down
2026-09-12 19:45:02.078 -03 [3547633] LOG:  starting PostgreSQL 16.15 (Ubuntu 16.15-0ubuntu0.24.04.1) on x86_64-pc-linux-gnu, compiled by gcc (Ubuntu 13.3.0-6ubuntu2~24.04.1) 13.3.0, 64-bit
2026-09-12 19:45:02.078 -03 [3547633] LOG:  listening on IPv4 address "127.0.0.1", port 55433
2026-09-12 19:45:02.080 -03 [3547633] LOG:  listening on Unix socket "/tmp/opencode/aaa13-integration/pg/run/.s.PGSQL.55433"
2026-09-12 19:45:02.085 -03 [3547636] LOG:  database system was shut down at 2026-09-12 19:44:46 -03
2026-09-12 19:45:02.093 -03 [3547633] LOG:  database system is ready to accept connections
2026-09-12 19:45:04.163 -03 [3547746] FATAL:  database "ricardo" does not exist
2026-09-12 19:45:04.256 -03 [3547754] FATAL:  database "ricardo" does not exist
2026-09-12 19:48:04.247 -03 [3578328] ERROR:  duplicate key value violates unique constraint "idempotency_pkey"
2026-09-12 19:48:04.247 -03 [3578328] DETAIL:  Key (tenant_id, key)=(tenant_00000000-0000-4000-8000-000000000079, inbound:whatsapp:sha256:633e82aa5950ec3c13e5e95e9fefdb3dd355c5fba554bdf2a2d5a63f407f6934) already exists.
2026-09-12 19:48:04.247 -03 [3578328] STATEMENT:  INSERT INTO idempotency (tenant_id, key, resource_id, created_at)
	         VALUES ($1, $2, $3, $4)
2026-09-12 19:48:04.250 -03 [3578328] ERROR:  duplicate key value violates unique constraint "messages_conversation_id_external_message_id_key"
2026-09-12 19:48:04.250 -03 [3578328] DETAIL:  Key (conversation_id, external_message_id)=(conv_6950e20a-ffd5-40d2-b5bd-cb7e3673490f, ext_pg_smoke) already exists.
2026-09-12 19:48:04.250 -03 [3578328] STATEMENT:  INSERT INTO messages (id, conversation_id, external_message_id, direction, body)
	           VALUES ($1, $2, $3, $4, $5)
2026-09-12 19:48:13.536 -03 [3579585] ERROR:  synthetic outbox audit failure
2026-09-12 19:48:13.536 -03 [3579585] CONTEXT:  PL/pgSQL function reject_outbox_audit() line 1 at RAISE
2026-09-12 19:48:13.536 -03 [3579585] STATEMENT:  INSERT INTO audit_events
	       (tenant_id, id, type, actor_type, actor_id, correlation_id, policy_version, payload, created_at)
	     VALUES ($1, $2, 'integration_event', $3, $4, $5, $6, $7::jsonb, $8)
2026-09-12 19:48:14.131 -03 [3579666] ERROR:  synthetic atomic outbox failure
2026-09-12 19:48:14.131 -03 [3579666] CONTEXT:  PL/pgSQL function reject_atomic_outbox_1789253294125() line 1 at RAISE
2026-09-12 19:48:14.131 -03 [3579666] STATEMENT:  INSERT INTO outbox_events
	           (id, tenant_id, type, envelope_version, correlation_id, idempotency_key,
	            conversation_id, session_id, agent_id, agent_version_id,
	            inbound_message_id, payload, payload_protection_version, status, created_at, available_at,
	            attempts, lease_owner, lease_until, last_error, processed_at,
	            dead_lettered_at, parent_event_id, tenant_isolation_quarantined)
	         VALUES ($1, $2, $3, $4, $5, $6, $7, $8, $9, $10, $11, $12::jsonb,
	                 $13, 'pending', $14, $15, 0, NULL, NULL, NULL, NULL, NULL, $16, false)
	         ON CONFLICT (tenant_id, idempotency_key) DO NOTHING
	         RETURNING 
	  id, tenant_id, type, envelope_version, correlation_id, idempotency_key,
	  conversation_id, session_id, agent_id, agent_version_id,
	  inbound_message_id, payload, status, created_at, available_at, attempts,
	  lease_owner, lease_until, last_error, processed_at, dead_lettered_at,
	  parent_event_id
2026-09-12 19:48:28.667 -03 [3581720] ERROR:  Release candidate status transition is invalid
2026-09-12 19:48:28.667 -03 [3581720] CONTEXT:  PL/pgSQL function cvg_release_candidates_update_guard() line 31 at RAISE
2026-09-12 19:48:28.667 -03 [3581720] STATEMENT:  UPDATE platform_release_candidates
	             SET validated_by = created_by
	             WHERE tenant_id = $1 AND id = $2
2026-09-12 19:48:44.441 -03 [3583949] ERROR:  duplicate key value violates unique constraint "platform_capability_approvals_tenant_nonce_key"
2026-09-12 19:48:44.441 -03 [3583949] DETAIL:  Key (tenant_id, nonce)=(tenant_00000000-0000-4000-8000-000000000131, nonce_substitution_fixture) already exists.
2026-09-12 19:48:44.441 -03 [3583949] STATEMENT:  INSERT INTO platform_capability_approvals
	           (id, tenant_id, agent_id, version_id, tool_name, input_hash,
	            actor_id, nonce, issuer, expires_at, issued_at, status)
	         VALUES ($1, $2, $3, $4, $5, $6, $7, $8, $9, $10, $11, 'issued')
	         RETURNING 
	  id, tenant_id, agent_id, version_id, tool_name, input_hash,
	  actor_id, nonce, issuer, expires_at, issued_at, status,
	  consumed_at, revoked_at
2026-09-12 19:48:44.604 -03 [3583949] ERROR:  Capability approval cannot expire before expires_at
2026-09-12 19:48:44.604 -03 [3583949] CONTEXT:  PL/pgSQL function cvg_capability_approval_update_guard() line 47 at RAISE
2026-09-12 19:48:44.604 -03 [3583949] STATEMENT:  UPDATE platform_capability_approvals
	             SET status = 'expired'
	             WHERE id = $1
2026-09-12 19:48:45.255 -03 [3584114] ERROR:  Capability approval binding is immutable
2026-09-12 19:48:45.255 -03 [3584114] CONTEXT:  PL/pgSQL function cvg_capability_approval_update_guard() line 16 at RAISE
2026-09-12 19:48:45.255 -03 [3584114] STATEMENT:  UPDATE platform_capability_approvals
	             SET input_hash = repeat('a', 64)
	             WHERE id = $1
2026-09-12 19:50:02.379 -03 [3547634] LOG:  checkpoint starting: time
2026-09-12 19:50:08.341 -03 [3595391] ERROR:  synthetic audit failure
2026-09-12 19:50:08.341 -03 [3595391] CONTEXT:  PL/pgSQL function reject_attendance_audit() line 1 at RAISE
2026-09-12 19:50:08.341 -03 [3595391] STATEMENT:  INSERT INTO audit_events (tenant_id, id, type, actor_type, actor_id, correlation_id, policy_version, payload, created_at)
	         VALUES (NULLIF(current_setting('cvg.tenant_id', true), ''), $1, $2, $3, $4, $5, $6, $7::jsonb, $8)
2026-09-12 19:50:08.345 -03 [3595391] WARNING:  there is no transaction in progress
2026-09-12 19:51:37.363 -03 [3608244] FATAL:  terminating connection due to administrator command
2026-09-12 19:51:37.385 -03 [3608247] FATAL:  terminating connection due to administrator command
2026-09-12 19:51:37.385 -03 [3608248] FATAL:  terminating connection due to administrator command
2026-09-12 19:52:26.389 -03 [3614256] ERROR:  Release candidate status transition is invalid
2026-09-12 19:52:26.389 -03 [3614256] CONTEXT:  PL/pgSQL function cvg_release_candidates_update_guard() line 31 at RAISE
2026-09-12 19:52:26.389 -03 [3614256] STATEMENT:  UPDATE platform_release_candidates
	             SET validated_by = created_by
	             WHERE tenant_id = $1 AND id = $2
2026-09-12 19:52:26.500 -03 [3547634] LOG:  checkpoint complete: wrote 1436 buffers (8.8%); 0 WAL file(s) added, 0 removed, 2 recycled; write=143.659 s, sync=0.410 s, total=144.121 s; sync files=4565, longest=0.003 s, average=0.001 s; distance=28304 kB, estimate=28304 kB; lsn=0/3C1ABC0, redo lsn=0/3097F98
2026-09-12 19:52:36.642 -03 [3615629] ERROR:  synthetic outbox audit failure
2026-09-12 19:52:36.642 -03 [3615629] CONTEXT:  PL/pgSQL function reject_outbox_audit() line 1 at RAISE
2026-09-12 19:52:36.642 -03 [3615629] STATEMENT:  INSERT INTO audit_events
	       (tenant_id, id, type, actor_type, actor_id, correlation_id, policy_version, payload, created_at)
	     VALUES ($1, $2, 'integration_event', $3, $4, $5, $6, $7::jsonb, $8)
2026-09-12 19:52:36.936 -03 [3615780] ERROR:  synthetic atomic outbox failure
2026-09-12 19:52:36.936 -03 [3615780] CONTEXT:  PL/pgSQL function reject_atomic_outbox_1789253556933() line 1 at RAISE
2026-09-12 19:52:36.936 -03 [3615780] STATEMENT:  INSERT INTO outbox_events
	           (id, tenant_id, type, envelope_version, correlation_id, idempotency_key,
	            conversation_id, session_id, agent_id, agent_version_id,
	            inbound_message_id, payload, payload_protection_version, status, created_at, available_at,
	            attempts, lease_owner, lease_until, last_error, processed_at,
	            dead_lettered_at, parent_event_id, tenant_isolation_quarantined)
	         VALUES ($1, $2, $3, $4, $5, $6, $7, $8, $9, $10, $11, $12::jsonb,
	                 $13, 'pending', $14, $15, 0, NULL, NULL, NULL, NULL, NULL, $16, false)
	         ON CONFLICT (tenant_id, idempotency_key) DO NOTHING
	         RETURNING 
	  id, tenant_id, type, envelope_version, correlation_id, idempotency_key,
	  conversation_id, session_id, agent_id, agent_version_id,
	  inbound_message_id, payload, status, created_at, available_at, attempts,
	  lease_owner, lease_until, last_error, processed_at, dead_lettered_at,
	  parent_event_id
2026-09-12 19:52:40.118 -03 [3616029] ERROR:  duplicate key value violates unique constraint "platform_capability_approvals_tenant_nonce_key"
2026-09-12 19:52:40.118 -03 [3616029] DETAIL:  Key (tenant_id, nonce)=(tenant_00000000-0000-4000-8000-000000000131, nonce_substitution_fixture) already exists.
2026-09-12 19:52:40.118 -03 [3616029] STATEMENT:  INSERT INTO platform_capability_approvals
	           (id, tenant_id, agent_id, version_id, tool_name, input_hash,
	            actor_id, nonce, issuer, expires_at, issued_at, status)
	         VALUES ($1, $2, $3, $4, $5, $6, $7, $8, $9, $10, $11, 'issued')
	         RETURNING 
	  id, tenant_id, agent_id, version_id, tool_name, input_hash,
	  actor_id, nonce, issuer, expires_at, issued_at, status,
	  consumed_at, revoked_at
2026-09-12 19:52:40.275 -03 [3616029] ERROR:  Capability approval cannot expire before expires_at
2026-09-12 19:52:40.275 -03 [3616029] CONTEXT:  PL/pgSQL function cvg_capability_approval_update_guard() line 47 at RAISE
2026-09-12 19:52:40.275 -03 [3616029] STATEMENT:  UPDATE platform_capability_approvals
	             SET status = 'expired'
	             WHERE id = $1
2026-09-12 19:52:40.579 -03 [3616149] ERROR:  Capability approval binding is immutable
2026-09-12 19:52:40.579 -03 [3616149] CONTEXT:  PL/pgSQL function cvg_capability_approval_update_guard() line 16 at RAISE
2026-09-12 19:52:40.579 -03 [3616149] STATEMENT:  UPDATE platform_capability_approvals
	             SET input_hash = repeat('a', 64)
	             WHERE id = $1
2026-09-12 19:53:07.977 -03 [3620561] ERROR:  synthetic audit failure
2026-09-12 19:53:07.977 -03 [3620561] CONTEXT:  PL/pgSQL function reject_attendance_audit() line 1 at RAISE
2026-09-12 19:53:07.977 -03 [3620561] STATEMENT:  INSERT INTO audit_events (tenant_id, id, type, actor_type, actor_id, correlation_id, policy_version, payload, created_at)
	         VALUES (NULLIF(current_setting('cvg.tenant_id', true), ''), $1, $2, $3, $4, $5, $6, $7::jsonb, $8)
2026-09-12 19:53:07.981 -03 [3620561] WARNING:  there is no transaction in progress
2026-09-12 19:53:16.355 -03 [3621492] ERROR:  duplicate key value violates unique constraint "idempotency_pkey"
2026-09-12 19:53:16.355 -03 [3621492] DETAIL:  Key (tenant_id, key)=(tenant_00000000-0000-4000-8000-000000000079, inbound:whatsapp:sha256:633e82aa5950ec3c13e5e95e9fefdb3dd355c5fba554bdf2a2d5a63f407f6934) already exists.
2026-09-12 19:53:16.355 -03 [3621492] STATEMENT:  INSERT INTO idempotency (tenant_id, key, resource_id, created_at)
	         VALUES ($1, $2, $3, $4)
2026-09-12 19:53:16.356 -03 [3621492] ERROR:  duplicate key value violates unique constraint "messages_conversation_id_external_message_id_key"
2026-09-12 19:53:16.356 -03 [3621492] DETAIL:  Key (conversation_id, external_message_id)=(conv_1dbabd02-f568-4a63-8574-aef9100aea62, ext_pg_smoke) already exists.
2026-09-12 19:53:16.356 -03 [3621492] STATEMENT:  INSERT INTO messages (id, conversation_id, external_message_id, direction, body)
	           VALUES ($1, $2, $3, $4, $5)
2026-09-12 19:55:01.410 -03 [3645348] FATAL:  terminating connection due to administrator command
2026-09-12 19:55:01.434 -03 [3645352] FATAL:  terminating connection due to administrator command
2026-09-12 19:55:01.434 -03 [3645351] FATAL:  terminating connection due to administrator command
2026-09-12 19:55:02.498 -03 [3547634] LOG:  checkpoint starting: time
2026-09-12 19:56:15.488 -03 [3547634] LOG:  checkpoint complete: wrote 727 buffers (4.4%); 0 WAL file(s) added, 0 removed, 2 recycled; write=72.726 s, sync=0.200 s, total=72.991 s; sync files=2921, longest=0.002 s, average=0.001 s; distance=32911 kB, estimate=32911 kB; lsn=0/50BBD80, redo lsn=0/50BBD48
2026-09-12 19:56:35.059 -03 [3658407] ERROR:  Release candidate status transition is invalid
2026-09-12 19:56:35.059 -03 [3658407] CONTEXT:  PL/pgSQL function cvg_release_candidates_update_guard() line 31 at RAISE
2026-09-12 19:56:35.059 -03 [3658407] STATEMENT:  UPDATE platform_release_candidates
	             SET validated_by = created_by
	             WHERE tenant_id = $1 AND id = $2
2026-09-12 19:56:38.838 -03 [3658837] ERROR:  synthetic outbox audit failure
2026-09-12 19:56:38.838 -03 [3658837] CONTEXT:  PL/pgSQL function reject_outbox_audit() line 1 at RAISE
2026-09-12 19:56:38.838 -03 [3658837] STATEMENT:  INSERT INTO audit_events
	       (tenant_id, id, type, actor_type, actor_id, correlation_id, policy_version, payload, created_at)
	     VALUES ($1, $2, 'integration_event', $3, $4, $5, $6, $7::jsonb, $8)
2026-09-12 19:56:39.131 -03 [3658897] ERROR:  synthetic atomic outbox failure
2026-09-12 19:56:39.131 -03 [3658897] CONTEXT:  PL/pgSQL function reject_atomic_outbox_1789253799126() line 1 at RAISE
2026-09-12 19:56:39.131 -03 [3658897] STATEMENT:  INSERT INTO outbox_events
	           (id, tenant_id, type, envelope_version, correlation_id, idempotency_key,
	            conversation_id, session_id, agent_id, agent_version_id,
	            inbound_message_id, payload, payload_protection_version, status, created_at, available_at,
	            attempts, lease_owner, lease_until, last_error, processed_at,
	            dead_lettered_at, parent_event_id, tenant_isolation_quarantined)
	         VALUES ($1, $2, $3, $4, $5, $6, $7, $8, $9, $10, $11, $12::jsonb,
	                 $13, 'pending', $14, $15, 0, NULL, NULL, NULL, NULL, NULL, $16, false)
	         ON CONFLICT (tenant_id, idempotency_key) DO NOTHING
	         RETURNING 
	  id, tenant_id, type, envelope_version, correlation_id, idempotency_key,
	  conversation_id, session_id, agent_id, agent_version_id,
	  inbound_message_id, payload, status, created_at, available_at, attempts,
	  lease_owner, lease_until, last_error, processed_at, dead_lettered_at,
	  parent_event_id
2026-09-12 19:56:40.263 -03 [3658987] ERROR:  duplicate key value violates unique constraint "platform_capability_approvals_tenant_nonce_key"
2026-09-12 19:56:40.263 -03 [3658987] DETAIL:  Key (tenant_id, nonce)=(tenant_00000000-0000-4000-8000-000000000131, nonce_substitution_fixture) already exists.
2026-09-12 19:56:40.263 -03 [3658987] STATEMENT:  INSERT INTO platform_capability_approvals
	           (id, tenant_id, agent_id, version_id, tool_name, input_hash,
	            actor_id, nonce, issuer, expires_at, issued_at, status)
	         VALUES ($1, $2, $3, $4, $5, $6, $7, $8, $9, $10, $11, 'issued')
	         RETURNING 
	  id, tenant_id, agent_id, version_id, tool_name, input_hash,
	  actor_id, nonce, issuer, expires_at, issued_at, status,
	  consumed_at, revoked_at
2026-09-12 19:56:40.420 -03 [3658987] ERROR:  Capability approval cannot expire before expires_at
2026-09-12 19:56:40.420 -03 [3658987] CONTEXT:  PL/pgSQL function cvg_capability_approval_update_guard() line 47 at RAISE
2026-09-12 19:56:40.420 -03 [3658987] STATEMENT:  UPDATE platform_capability_approvals
	             SET status = 'expired'
	             WHERE id = $1
2026-09-12 19:56:40.691 -03 [3659103] ERROR:  Capability approval binding is immutable
2026-09-12 19:56:40.691 -03 [3659103] CONTEXT:  PL/pgSQL function cvg_capability_approval_update_guard() line 16 at RAISE
2026-09-12 19:56:40.691 -03 [3659103] STATEMENT:  UPDATE platform_capability_approvals
	             SET input_hash = repeat('a', 64)
	             WHERE id = $1
2026-09-12 19:56:46.901 -03 [3659887] ERROR:  duplicate key value violates unique constraint "idempotency_pkey"
2026-09-12 19:56:46.901 -03 [3659887] DETAIL:  Key (tenant_id, key)=(tenant_00000000-0000-4000-8000-000000000079, inbound:whatsapp:sha256:633e82aa5950ec3c13e5e95e9fefdb3dd355c5fba554bdf2a2d5a63f407f6934) already exists.
2026-09-12 19:56:46.901 -03 [3659887] STATEMENT:  INSERT INTO idempotency (tenant_id, key, resource_id, created_at)
	         VALUES ($1, $2, $3, $4)
2026-09-12 19:56:46.902 -03 [3659887] ERROR:  duplicate key value violates unique constraint "messages_conversation_id_external_message_id_key"
2026-09-12 19:56:46.902 -03 [3659887] DETAIL:  Key (conversation_id, external_message_id)=(conv_861b43ca-b0ef-45da-b0d8-e95ebb5272c5, ext_pg_smoke) already exists.
2026-09-12 19:56:46.902 -03 [3659887] STATEMENT:  INSERT INTO messages (id, conversation_id, external_message_id, direction, body)
	           VALUES ($1, $2, $3, $4, $5)
2026-09-12 19:56:47.613 -03 [3660031] FATAL:  terminating connection due to administrator command
2026-09-12 19:56:47.631 -03 [3660034] FATAL:  terminating connection due to administrator command
2026-09-12 19:56:47.631 -03 [3660035] FATAL:  terminating connection due to administrator command
2026-09-12 19:57:10.374 -03 [3662787] FATAL:  terminating connection due to administrator command
2026-09-12 19:57:10.392 -03 [3662790] FATAL:  terminating connection due to administrator command
2026-09-12 19:57:10.392 -03 [3662791] FATAL:  terminating connection due to administrator command
