fixture=/tmp/opencode/license-idempotence-e2e2 (temp copy; no workspace writes)
=== state before run 1: report missing ===
ls: não foi possível acessar 'certification/license-report.json': Arquivo ou diretório inexistente
=== run 1 (missing report) ===
{"event":"licenses.checked","total":372,"internal":21,"denied":0,"unclassified":0,"invalidExceptions":0}
run1 exit=0
4076450576f4307db652880eca210342222869e496d3694dfeaec22062be0e7f  certification/license-report.json
=== run 2 (immediate re-run, volatile generatedAt differs) ===
{"event":"licenses.checked","total":372,"internal":21,"denied":0,"unclassified":0,"invalidExceptions":0}
run2 exit=0
4076450576f4307db652880eca210342222869e496d3694dfeaec22062be0e7f  certification/license-report.json
=== mutating package-lock.json (drop one third-party license field) ===
dropped license of node_modules/@adobe/css-tools
=== run 3 (content changed; expected exit 1) ===
{"event":"licenses.checked","total":372,"internal":21,"denied":0,"unclassified":1,"invalidExceptions":0}
run3 exit=1
a210d7f313972494982bda27b7e8f4250eacf27a86cfb623af4c6455930a87f4  certification/license-report.json
=== restoring original package-lock.json ===
=== run 4 (content changed back) ===
{"event":"licenses.checked","total":372,"internal":21,"denied":0,"unclassified":0,"invalidExceptions":0}
run4 exit=0
dd18358b0f705224ecc2230245eb223bdf6f8e8f719d19ab80a6bfa4d8a56fb8  certification/license-report.json
=== run 5 (immediate re-run after write-back) ===
{"event":"licenses.checked","total":372,"internal":21,"denied":0,"unclassified":0,"invalidExceptions":0}
run5 exit=0
dd18358b0f705224ecc2230245eb223bdf6f8e8f719d19ab80a6bfa4d8a56fb8  certification/license-report.json
