{
  "sourceFiles": 6,
  "coreFiles": 3,
  "workspaceCount": 2,
  "edgeCount": 9,
  "violations": [
    {
      "reason": "CORE_DEPENDS_ON_PRODUCT",
      "trail": [
        "packages/core/src/types.mts",
        "tools/schema.d.mts",
        "products/shift/src/types.d.mts"
      ]
    },
    {
      "reason": "CORE_DEPENDS_ON_PRODUCT",
      "trail": [
        "packages/core/src/types.mts",
        "tools/schema.d.mts",
        "products/shift/package.json"
      ]
    }
  ],
  "diagnostics": [],
  "status": "FAIL",
  "passed": false
}
