diff --git a/docs/04_audit/evidence/AUD-20260924/M07-S1-C1H/rollback-baseline/scripts/workspace-dependency-audit.mjs b/scripts/workspace-dependency-audit.mjs
index b5c3b3a..529690c 100644
--- a/docs/04_audit/evidence/AUD-20260924/M07-S1-C1H/rollback-baseline/scripts/workspace-dependency-audit.mjs
+++ b/scripts/workspace-dependency-audit.mjs
@@ -35,7 +35,7 @@ const R1_APPROVED_DELTA_PATHS = [
   'tests/workspace-dependency-audit.test.js',
   'packages/conversation/src/__tests__/postgres-store.unit.test.ts'
 ].sort(compareText);
-const C1F_NPM_VERSION_FILE = 'docs/04_audit/evidence/AUD-20260924/M07-S1-C1F/npm-version.txt';
+const C1H_NPM_VERSION_FILE = 'docs/04_audit/evidence/AUD-20260924/M07-S1-C1H/npm-version.txt';
 const R1_NODE_VERSION = 'v22.23.2';
 
 function toPosix(value) {
@@ -294,8 +294,8 @@ function validatePolicy(policy, options = {}) {
           policy.candidateBinding.baselineManifestSha256 !== '40b33ca1f63a2c263abcd621cb25d6c6fdf6aae0d0ab05be36b108717357675a') {
         errors.push('candidateBinding does not match the approved baseline artifact');
       }
-      if (policy.candidateBinding.npmVersionFilePath !== C1F_NPM_VERSION_FILE) {
-        errors.push('candidateBinding.npmVersionFilePath does not match the approved C1F toolchain evidence path');
+      if (policy.candidateBinding.npmVersionFilePath !== C1H_NPM_VERSION_FILE) {
+        errors.push('candidateBinding.npmVersionFilePath does not match the approved C1H toolchain evidence path');
       }
     }
     if (!policy.candidateBinding.fingerprintInventoryRules ||
@@ -1418,9 +1418,9 @@ function validateExecutionCandidate(candidate, root, policy, npmVersionFilePath)
   const errors = [];
   const expectedPaths = [...policy.candidateBinding.approvedAdditionalPaths].sort(compareText);
   if (process.version !== R1_NODE_VERSION) errors.push(`Node must be ${R1_NODE_VERSION}`);
-  if (npmVersionFilePath !== C1F_NPM_VERSION_FILE ||
-      policy.candidateBinding.npmVersionFilePath !== C1F_NPM_VERSION_FILE) {
-    errors.push('npm version evidence path differs from the approved C1F path');
+  if (npmVersionFilePath !== C1H_NPM_VERSION_FILE ||
+      policy.candidateBinding.npmVersionFilePath !== C1H_NPM_VERSION_FILE) {
+    errors.push('npm version evidence path differs from the approved C1H path');
   }
   const npmVersionFile = readNpmVersionFile(root, npmVersionFilePath);
   if (candidate.npm_version_file?.path !== npmVersionFile.path ||
@@ -1833,7 +1833,7 @@ function validateOutputPath(root, outputPath) {
   const relative = toPosix(path.relative(root, absolute));
   const segments = relative.split('/');
   if (segments.length < 6 || segments[0] !== 'docs' || segments[1] !== '04_audit' ||
-      segments[2] !== 'evidence' || !['M07-BUILD-S1', 'M07-S1-R1', 'M07-S1-R1-C1E', 'M07-S1-C1F'].includes(segments.at(-2)) ||
+      segments[2] !== 'evidence' || !['M07-BUILD-S1', 'M07-S1-R1', 'M07-S1-R1-C1E', 'M07-S1-C1F', 'M07-S1-C1H'].includes(segments.at(-2)) ||
       !['.json', '.md'].includes(path.extname(absolute).toLowerCase())) {
     throw new Error('output must be a JSON or Markdown file in a repository M07 evidence directory');
   }
