
 RUN  v4.1.11 /tmp/opencode/aaa12-mutation/work-M11

 ❯ packages/channel-gateway/src/__tests__/channel-effect-malformed-version.test.ts (6 tests | 1 failed) 483ms
     × decideReserve treats only the absent property as legacy 19ms
 ❯ packages/channel-gateway/src/__tests__/channel-coverage-journal-hardening.test.ts (12 tests | 2 failed) 120ms
     × reports conflicts, uncertain reserves and in-flight leases 8ms
     × fails, releases, marks uncertain and never rewrites an UNCERTAIN reserve 17ms
 ❯ packages/channel-gateway/src/__tests__/channel-effect-journal.test.ts (11 tests | 1 failed) 107ms
     × 6. failure after the send marks the operation uncertain and blocks blind retry 20ms
 ❯ packages/channel-gateway/src/__tests__/channel-coverage-gateway-hardening.test.ts (10 tests | 1 failed) 80ms
     × replays FAILED and UNCERTAIN records with stable codes and zero sends 28ms

 Test Files  4 failed | 7 passed (11)
      Tests  5 failed | 100 passed (105)
   Start at  21:08:54
   Duration  13.31s (transform 479ms, setup 0ms, import 1.81s, tests 1.20s, environment 8.47s)


⎯⎯⎯⎯⎯⎯⎯ Failed Tests 5 ⎯⎯⎯⎯⎯⎯⎯

 FAIL  packages/channel-gateway/src/__tests__/channel-coverage-gateway-hardening.test.ts > gateway replay and uncertainty hardening > replays FAILED and UNCERTAIN records with stable codes and zero sends
AssertionError: promise resolved "{ …(4) }" instead of rejecting

- Expected
+ Received

- Error {
-   "message": "rejected promise",
+ {
+   "accepted": true,
+   "channel": "whatsapp",
+   "externalId": "gate_msg_gateway_cov",
+   "sentAt": "2026-09-12T12:00:00.000Z",
  }

 ❯ packages/channel-gateway/src/__tests__/channel-coverage-gateway-hardening.test.ts:259:6
    257|     await expect(
    258|       uncertainGateway.dispatch(parsed, { takeoverActive: false })
    259|     ).rejects.toMatchObject({ code: 'effect_uncertain' })
       |      ^
    260|     expect(events.at(-1)).toMatchObject({
    261|       type: 'channel.outbound.uncertain',

⎯⎯⎯⎯⎯⎯⎯⎯⎯⎯⎯⎯⎯⎯⎯⎯⎯⎯⎯⎯⎯⎯⎯⎯[1/5]⎯

 FAIL  packages/channel-gateway/src/__tests__/channel-coverage-journal-hardening.test.ts > in-memory journal hardening > reports conflicts, uncertain reserves and in-flight leases
AssertionError: expected 'reserved' to be 'uncertain' // Object.is equality

Expected: "uncertain"
Received: "reserved"

 ❯ packages/channel-gateway/src/__tests__/channel-coverage-journal-hardening.test.ts:265:7
    263|     expect(
    264|       (await journal.reserve({ ...base, leaseOwner: 'owner-b' })).outc…
    265|     ).toBe('uncertain')
       |       ^
    266|   })
    267| })

⎯⎯⎯⎯⎯⎯⎯⎯⎯⎯⎯⎯⎯⎯⎯⎯⎯⎯⎯⎯⎯⎯⎯⎯[2/5]⎯

 FAIL  packages/channel-gateway/src/__tests__/channel-coverage-journal-hardening.test.ts > file journal hardening > fails, releases, marks uncertain and never rewrites an UNCERTAIN reserve
AssertionError: expected 'reserved' to be 'uncertain' // Object.is equality

Expected: "uncertain"
Received: "reserved"

 ❯ packages/channel-gateway/src/__tests__/channel-coverage-journal-hardening.test.ts:308:29
    306|       leaseMs: 10_000
    307|     })
    308|     expect(outcome.outcome).toBe('uncertain')
       |                             ^
    309|     expect(
    310|       await readFile(recordPath(directory, uncertainIdentity), 'utf8')

⎯⎯⎯⎯⎯⎯⎯⎯⎯⎯⎯⎯⎯⎯⎯⎯⎯⎯⎯⎯⎯⎯⎯⎯[3/5]⎯

 FAIL  packages/channel-gateway/src/__tests__/channel-effect-journal.test.ts > channel effect journal contract > 6. failure after the send marks the operation uncertain and blocks blind retry
AssertionError: promise resolved "{ …(4) }" instead of rejecting

- Expected
+ Received

- Error {
-   "message": "rejected promise",
+ {
+   "accepted": true,
+   "channel": "whatsapp",
+   "externalId": "scripted_msg_journal_1",
+   "sentAt": "2026-09-12T12:00:00.000Z",
  }

 ❯ packages/channel-gateway/src/__tests__/channel-effect-journal.test.ts:251:6
    249|     await expect(
    250|       gateway.dispatch(parsed, { takeoverActive: false })
    251|     ).rejects.toMatchObject({ code: 'effect_uncertain' })
       |      ^
    252|     expect(adapter.sent).toHaveLength(1)
    253|

⎯⎯⎯⎯⎯⎯⎯⎯⎯⎯⎯⎯⎯⎯⎯⎯⎯⎯⎯⎯⎯⎯⎯⎯[4/5]⎯

 FAIL  packages/channel-gateway/src/__tests__/channel-effect-malformed-version.test.ts > AAA12-C4-F01 missing vs malformed hashVersion > decideReserve treats only the absent property as legacy
AssertionError: UNCERTAIN absent/legacy: expected 'takeover' to be 'uncertain' // Object.is equality

Expected: "uncertain"
Received: "takeover"

 ❯ packages/channel-gateway/src/__tests__/channel-effect-malformed-version.test.ts:186:9
    184|         decideReserve(absent, input(identity, LEGACY_HASH_VERSION), 10…
    185|         `${state} absent/legacy`
    186|       ).toBe(expectedActionFor(state))
       |         ^
    187|       expect(
    188|         decideReserve(absent, input(identity, SHARED_HASH_VERSION), 10…

⎯⎯⎯⎯⎯⎯⎯⎯⎯⎯⎯⎯⎯⎯⎯⎯⎯⎯⎯⎯⎯⎯⎯⎯[5/5]⎯

