COMMAND ["node", "node_modules/vitest/vitest.mjs", "run", "products/shift-assistant/src/__tests__", "--no-file-parallelism", "--maxWorkers=2"]

 RUN  v4.1.11 /home/ricardo/.cache/cvg-harness-audit-actions-20261003/product-candidate

 ❯ products/shift-assistant/src/__tests__/shift-assistant.test.ts (30 tests | 6 failed) 138ms
     × turns a text note into paste-ready text and a timed task 26ms
     × transcribes audio and keeps the media file as a document 24ms
     × lists, snoozes and completes only the member own tasks 5ms
     × reminds at the due time, repeats on an interval and stops after the limit 2ms
     × processes messages stored before a crash and rebuilds tasks on restart 11ms
     × corrects the last note, cancelling the tasks it created 5ms
 ❯ products/shift-assistant/src/__tests__/shift-assistant-e2e.test.ts (7 tests | 4 failed) 251ms
     × runs the WAHA flow: audio note, paste text, task, reminder and done 93ms
     × runs the Evolution flow with media fetched by message id 41ms
     × guides a new admission with the template and returns tutor and reason 29ms
     × tells two patients with the same name apart by ID and bed 40ms

⎯⎯⎯⎯⎯⎯ Failed Tests 10 ⎯⎯⎯⎯⎯⎯⎯

 FAIL  products/shift-assistant/src/__tests__/shift-assistant-e2e.test.ts > Assistente de Plantão end to end > runs the WAHA flow: audio note, paste text, task, reminder and done
AssertionError: expected [] to have a length of 1 but got +0

- Expected
+ Received

- 1
+ 0

 ❯ products/shift-assistant/src/__tests__/shift-assistant-e2e.test.ts:102:38
    100|     expect(reply.text).toContain('Exames solicitados: hemograma; bioqu…
    101|     expect(reply.text).toContain('#1 — Ligar pro tutor (Thor)')
    102|     expect(app.store.openTasks(ANA)).toHaveLength(1)
       |                                      ^
    103|
    104|     now = new Date('2026-10-01T19:00:00.000Z') // 16:00 local

⎯⎯⎯⎯⎯⎯⎯⎯⎯⎯⎯⎯⎯⎯⎯⎯⎯⎯⎯⎯⎯⎯⎯[1/10]⎯

 FAIL  products/shift-assistant/src/__tests__/shift-assistant-e2e.test.ts > Assistente de Plantão end to end > runs the Evolution flow with media fetched by message id
AssertionError: expected undefined to be 'Trocar o curativo' // Object.is equality

- Expected:
"Trocar o curativo"

+ Received:
undefined

 ❯ products/shift-assistant/src/__tests__/shift-assistant-e2e.test.ts:142:57
    140|       'Bob · ID não informado · leito 2'
    141|     )
    142|     expect(app.store.openTasks(ANA).at(0)?.description).toBe(
       |                                                         ^
    143|       'Trocar o curativo'
    144|     )

⎯⎯⎯⎯⎯⎯⎯⎯⎯⎯⎯⎯⎯⎯⎯⎯⎯⎯⎯⎯⎯⎯⎯[2/10]⎯

 FAIL  products/shift-assistant/src/__tests__/shift-assistant-e2e.test.ts > Assistente de Plantão end to end > guides a new admission with the template and returns tutor and reason
AssertionError: expected undefined to match object { patientId: '48213', …(2) }

- Expected:
{
  "description": "Reavaliar a dor",
  "dueAt": "2026-10-02T01:00:00.000Z",
  "patientId": "48213",
}

+ Received:
undefined

 ❯ products/shift-assistant/src/__tests__/shift-assistant-e2e.test.ts:180:44
    178|     expect(reply).toContain('Exames solicitados: raio-x; hemograma')
    179|     expect(reply).toContain('#1 — Reavaliar a dor (Rex · ID 48213)')
    180|     expect(app.store.openTasks(ANA).at(0)).toMatchObject({
       |                                            ^
    181|       patientId: '48213',
    182|       description: 'Reavaliar a dor',

⎯⎯⎯⎯⎯⎯⎯⎯⎯⎯⎯⎯⎯⎯⎯⎯⎯⎯⎯⎯⎯⎯⎯[3/10]⎯

 FAIL  products/shift-assistant/src/__tests__/shift-assistant-e2e.test.ts > Assistente de Plantão end to end > tells two patients with the same name apart by ID and bed
AssertionError: expected '🐾 Rex · ID não informado · leito 4\n…' to contain 'Rex · ID 111 · leito 4'

- Expected
+ Received

- Rex · ID 111 · leito 4
+ 🐾 Rex · ID não informado · leito 4
+ — Texto para colar no HIS —
+ Evolução: comeu bem
+
+ 📌 Pendências criadas:
+ #1 — Medicar (Rex) — 01/10, 18:00
+
+ ❓ Dúvidas:
+ • Qual é o ID do Rex? Mande "corrigir" com o texto e o ID.
+
+ Responda "ok" para confirmar ou "corrigir <texto>" para refazer.

 ❯ products/shift-assistant/src/__tests__/shift-assistant-e2e.test.ts:212:19
    210|       'Rex do leito 4 comeu bem, vou medicar às 18h'
    211|     )
    212|     expect(byBed).toContain('Rex · ID 111 · leito 4')
       |                   ^
    213|     expect(byBed).toContain(
    214|       '🔎 ID 111 do Rex veio de uma nota anterior (leito 4); confira.'

⎯⎯⎯⎯⎯⎯⎯⎯⎯⎯⎯⎯⎯⎯⎯⎯⎯⎯⎯⎯⎯⎯⎯[4/10]⎯

 FAIL  products/shift-assistant/src/__tests__/shift-assistant.test.ts > ShiftAssistant > turns a text note into paste-ready text and a timed task
AssertionError: expected undefined to match object { number: 1, …(1) }

- Expected:
{
  "dueAt": "2026-09-30T19:00:00.000Z",
  "number": 1,
}

+ Received:
undefined

 ❯ products/shift-assistant/src/__tests__/shift-assistant.test.ts:270:18
    268|     expect(reply).toContain('#1 — Ligar para o tutor (Thor)')
    269|     const [task] = env.store.openTasks(ANA)
    270|     expect(task).toMatchObject({ number: 1, dueAt: '2026-09-30T19:00:0…
       |                  ^
    271|   })
    272|

⎯⎯⎯⎯⎯⎯⎯⎯⎯⎯⎯⎯⎯⎯⎯⎯⎯⎯⎯⎯⎯⎯⎯[5/10]⎯

 FAIL  products/shift-assistant/src/__tests__/shift-assistant.test.ts > ShiftAssistant > transcribes audio and keeps the media file as a document
AssertionError: expected [ …(2) ] to have a length of 1 but got 2

- Expected
+ Received

- 1
+ 2

 ❯ products/shift-assistant/src/__tests__/shift-assistant.test.ts:317:49
    315|     )
    316|     expect(env.organizerCalls).toEqual(['Thor leito 3 vomitou 2 vezes'…
    317|     expect(readdirSync(join(dataDir, 'media'))).toHaveLength(1)
       |                                                 ^
    318|     expect(readFileSync(join(dataDir, 'events.jsonl'), 'utf8')).toCont…
    319|       'note_created'

⎯⎯⎯⎯⎯⎯⎯⎯⎯⎯⎯⎯⎯⎯⎯⎯⎯⎯⎯⎯⎯⎯⎯[6/10]⎯

 FAIL  products/shift-assistant/src/__tests__/shift-assistant.test.ts > ShiftAssistant > lists, snoozes and completes only the member own tasks
AssertionError: expected '🎉 Você não tem pendências abertas.' to contain '#1 — Ligar para o tutor'

Expected: "#1 — Ligar para o tutor"
Received: "🎉 Você não tem pendências abertas."

 ❯ products/shift-assistant/src/__tests__/shift-assistant.test.ts:338:42
    336|     )
    337|     await env.receive(wahaPayload('c2', ANA, 'pendências'))
    338|     expect(env.waha.textsTo(ANA).at(-1)).toContain('#1 — Ligar para o …
       |                                          ^
    339|     await env.receive(wahaPayload('c3', ANA, 'adiar 1 30'))
    340|     // due at 19:00Z (16:00 local) and snoozed before it: 30 min after…

⎯⎯⎯⎯⎯⎯⎯⎯⎯⎯⎯⎯⎯⎯⎯⎯⎯⎯⎯⎯⎯⎯⎯[7/10]⎯

 FAIL  products/shift-assistant/src/__tests__/shift-assistant.test.ts > ShiftAssistant > reminds at the due time, repeats on an interval and stops after the limit
AssertionError: expected +0 to be 1 // Object.is equality

- Expected
+ Received

- 1
+ 0

 ❯ products/shift-assistant/src/__tests__/shift-assistant.test.ts:351:40
    349|     expect(await env.assistant.tick()).toBe(0) // due at 16:00 local, …
    350|     env.advance(60)
    351|     expect(await env.assistant.tick()).toBe(1)
       |                                        ^
    352|     expect(env.waha.textsTo(ANA).at(-1)).toContain('⏰ Lembrete #1')
    353|     env.advance(10)

⎯⎯⎯⎯⎯⎯⎯⎯⎯⎯⎯⎯⎯⎯⎯⎯⎯⎯⎯⎯⎯⎯⎯[8/10]⎯

 FAIL  products/shift-assistant/src/__tests__/shift-assistant.test.ts > ShiftAssistant > processes messages stored before a crash and rebuilds tasks on restart
STORE_LOCKED: STORE_LOCKED
 ❯ new Journal products/shift-assistant/src/journal.ts:481:15
    479|     } catch (error) {
    480|       if ((error as NodeJS.ErrnoException).code === 'EEXIST')
    481|         throw new StoreError('STORE_LOCKED')
       |               ^
    482|       throw new StoreError('STORAGE_UNAVAILABLE')
    483|     }
 ❯ new ShiftStore products/shift-assistant/src/store.ts:51:23
 ❯ setup products/shift-assistant/src/__tests__/shift-assistant.test.ts:112:17
 ❯ products/shift-assistant/src/__tests__/shift-assistant.test.ts:375:17

⎯⎯⎯⎯⎯⎯⎯⎯⎯⎯⎯⎯⎯⎯⎯⎯⎯⎯⎯⎯⎯⎯⎯[9/10]⎯

 FAIL  products/shift-assistant/src/__tests__/shift-assistant.test.ts > ShiftAssistant > corrects the last note, cancelling the tasks it created
AssertionError: expected 'open' to be 'cancelled' // Object.is equality

Expected: "cancelled"
Received: "open"

 ❯ products/shift-assistant/src/__tests__/shift-assistant.test.ts:403:39
    401|     await env.receive(wahaPayload('m1', ANA, 'Thor leito 3'))
    402|     await env.receive(wahaPayload('m2', ANA, 'corrigir Thor leito 4'))
    403|     expect(env.store.task(1)?.status).toBe('cancelled')
       |                                       ^
    404|     expect(env.store.task(2)?.status).toBe('open')
    405|     expect(env.waha.textsTo(ANA).at(-1)).toContain('Nota anterior subs…

⎯⎯⎯⎯⎯⎯⎯⎯⎯⎯⎯⎯⎯⎯⎯⎯⎯⎯⎯⎯⎯⎯[10/10]⎯


 Test Files  2 failed | 2 passed (4)
      Tests  10 failed | 67 passed (77)
   Start at  09:52:08
   Duration  4.80s (transform 257ms, setup 0ms, import 611ms, tests 3.79s, environment 0ms)


EXIT_SENTINEL 1
