COMMAND ["node", "node_modules/vitest/vitest.mjs", "run", "products/shift-assistant/src/__tests__/shift-assistant.test.ts", "products/shift-assistant/src/__tests__/shift-assistant-e2e.test.ts", "--no-file-parallelism", "--maxWorkers=2"]

 RUN  v4.1.11 /home/ricardo/.cache/cvg-harness-audit-actions-20261003/product-candidate

 ❯ products/shift-assistant/src/__tests__/shift-assistant-e2e.test.ts (0 test)
 ❯ products/shift-assistant/src/__tests__/shift-assistant.test.ts (30 tests | 1 failed) 207ms
     × reminds at the due time, repeats on an interval and stops after the limit 12ms

⎯⎯⎯⎯⎯⎯ Failed Suites 1 ⎯⎯⎯⎯⎯⎯⎯

 FAIL  products/shift-assistant/src/__tests__/shift-assistant-e2e.test.ts [ products/shift-assistant/src/__tests__/shift-assistant-e2e.test.ts ]
Error: Transform failed with 1 error:

[31m[PARSE_ERROR] [0mExpected `}` but found `EOF`
    [38;5;246m╭[0m[38;5;246m─[0m[38;5;246m[[0m products/shift-assistant/src/__tests__/e2e-v2-fixtures.ts:21:202 [38;5;246m][0m
    [38;5;246m│[0m
 [38;5;246m 2 │[0m [38;5;249mf[0m[38;5;249mu[0m[38;5;249mn[0m[38;5;249mc[0m[38;5;249mt[0m[38;5;249mi[0m[38;5;249mo[0m[38;5;249mn[0m[38;5;249m [0m[38;5;249mf[0m[38;5;249mi[0m[38;5;249mx[0m[38;5;249mt[0m[38;5;249mu[0m[38;5;249mr[0m[38;5;249me[0m[38;5;249m([0m[38;5;249mn[0m[38;5;249ma[0m[38;5;249mm[0m[38;5;249me[0m[38;5;249m:[0m[38;5;249ms[0m[38;5;249mt[0m[38;5;249mr[0m[38;5;249mi[0m[38;5;249mn[0m[38;5;249mg[0m[38;5;249m,[0m[38;5;249mi[0m[38;5;249md[0m[38;5;249m:[0m[38;5;249ms[0m[38;5;249mt[0m[38;5;249mr[0m[38;5;249mi[0m[38;5;249mn[0m[38;5;249mg[0m[38;5;249m|[0m[38;5;249mn[0m[38;5;249mu[0m[38;5;249ml[0m[38;5;249ml[0m[38;5;249m,[0m[38;5;249mb[0m[38;5;249me[0m[38;5;249md[0m[38;5;249m:[0m[38;5;249ms[0m[38;5;249mt[0m[38;5;249mr[0m[38;5;249mi[0m[38;5;249mn[0m[38;5;249mg[0m[38;5;249m|[0m[38;5;249mn[0m[38;5;249mu[0m[38;5;249ml[0m[38;5;249ml[0m[38;5;249m,[0m[38;5;249me[0m[38;5;249mv[0m[38;5;249mo[0m[38;5;249ml[0m[38;5;249mu[0m[38;5;249mt[0m[38;5;249mi[0m[38;5;249mo[0m[38;5;249mn[0m[38;5;249m:[0m[38;5;249ms[0m[38;5;249mt[0m[38;5;249mr[0m[38;5;249mi[0m[38;5;249mn[0m[38;5;249mg[0m[38;5;249m|[0m[38;5;249mn[0m[38;5;249mu[0m[38;5;249ml[0m[38;5;249ml[0m[38;5;249m,[0m[38;5;249mp[0m[38;5;249me[0m[38;5;249mn[0m[38;5;249md[0m[38;5;249mi[0m[38;5;249mn[0m[38;5;249mg[0m[38;5;249m:[0m[38;5;249ms[0m[38;5;249mt[0m[38;5;249mr[0m[38;5;249mi[0m[38;5;249mn[0m[38;5;249mg[0m[38;5;249m|[0m[38;5;249mn[0m[38;5;249mu[0m[38;5;249ml[0m[38;5;249ml[0m[38;5;249m,[0m[38;5;249mt[0m[38;5;249mi[0m[38;5;249mm[0m[38;5;249me[0m[38;5;249m:[0m[38;5;249ms[0m[38;5;249mt[0m[38;5;249mr[0m[38;5;249mi[0m[38;5;249mn[0m[38;5;249mg[0m[38;5;249m|[0m[38;5;249mn[0m[38;5;249mu[0m[38;5;249ml[0m[38;5;249ml[0m[38;5;249m,[0m[38;5;249me[0m[38;5;249mx[0m[38;5;249mt[0m[38;5;249mr[0m[38;5;249ma[0m[38;5;249m:[0m[38;5;249m{[0m[38;5;249ms[0m[38;5;249mp[0m[38;5;249me[0m[38;5;249mc[0m[38;5;249mi[0m[38;5;249me[0m[38;5;249ms[0m[38;5;249m?[0m[38;5;249m:[0m[38;5;249ms[0m[38;5;249mt[0m[38;5;249mr[0m[38;5;249mi[0m[38;5;249mn[0m[38;5;249mg[0m[38;5;249m;[0m[38;5;249mt[0m[38;5;249mu[0m[38;5;249mt[0m[38;5;249mo[0m[38;5;249mr[0m[38;5;249m?[0m[38;5;249m:[0m[38;5;249ms[0m[38;5;249mt[0m[38;5;249mr[0m[38;5;249mi[0m[38;5;249mn[0m[38;5;249mg[0m[38;5;249m;[0m[38;5;249mr[0m[38;5;249me[0m[38;5;249ma[0m[38;5;249ms[0m[38;5;249mo[0m[38;5;249mn[0m[38;5;249m?[0m[38;5;249m:[0m[38;5;249ms[0m[38;5;249mt[0m[38;5;249mr[0m[38;5;249mi[0m[38;5;249mn[0m[38;5;249mg[0m[38;5;249m;[0m[38;5;249me[0m[38;5;249mx[0m[38;5;249ma[0m[38;5;249mm[0m[38;5;249ms[0m[38;5;249m?[0m[38;5;249m:[0m[38;5;249ms[0m[38;5;249mt[0m[38;5;249mr[0m[38;5;249mi[0m[38;5;249mn[0m[38;5;249mg[0m[38;5;249m[[0m[38;5;249m][0m[38;5;249m}[0m[38;5;249m=[0m[38;5;249m{[0m[38;5;249m}[0m[38;5;249m)[0m[38;5;249m:[0m[38;5;249m{[0m[38;5;249mr[0m[38;5;249ma[0m[38;5;249mw[0m[38;5;249m:[0m[38;5;249ms[0m[38;5;249mt[0m[38;5;249mr[0m[38;5;249mi[0m[38;5;249mn[0m[38;5;249mg[0m[38;5;249m;[0m[38;5;249mr[0m[38;5;249me[0m[38;5;249ms[0m[38;5;249mp[0m[38;5;249mo[0m[38;5;249mn[0m[38;5;249ms[0m[38;5;249me[0m[38;5;249m:[0m[38;5;249mO[0m[38;5;249mr[0m[38;5;249mg[0m[38;5;249ma[0m[38;5;249mn[0m[38;5;249mi[0m[38;5;249mz[0m[38;5;249me[0m[38;5;249md[0m[38;5;249mV[0m[38;5;249m2[0m[38;5;249m}[0m{
 [38;5;240m   │[0m                                                                                                                                                                                                                                  ┬  
 [38;5;240m   │[0m                                                                                                                                                                                                                                  ╰── Opened here
 [38;5;240m   │[0m 
 [38;5;246m21 │[0m [38;5;249me[0m[38;5;249mx[0m[38;5;249mp[0m[38;5;249mo[0m[38;5;249mr[0m[38;5;249mt[0m[38;5;249m [0m[38;5;249mc[0m[38;5;249mo[0m[38;5;249mn[0m[38;5;249ms[0m[38;5;249mt[0m[38;5;249m [0m[38;5;249mf[0m[38;5;249mi[0m[38;5;249mx[0m[38;5;249mt[0m[38;5;249mu[0m[38;5;249mr[0m[38;5;249me[0m[38;5;249mO[0m[38;5;249mr[0m[38;5;249mg[0m[38;5;249ma[0m[38;5;249mn[0m[38;5;249mi[0m[38;5;249mz[0m[38;5;249me[0m[38;5;249mr[0m[38;5;249m=[0m[38;5;249m{[0m[38;5;249ma[0m[38;5;249ms[0m[38;5;249my[0m[38;5;249mn[0m[38;5;249mc[0m[38;5;249m [0m[38;5;249mo[0m[38;5;249mr[0m[38;5;249mg[0m[38;5;249ma[0m[38;5;249mn[0m[38;5;249mi[0m[38;5;249mz[0m[38;5;249me[0m[38;5;249m([0m[38;5;249mt[0m[38;5;249me[0m[38;5;249mx[0m[38;5;249mt[0m[38;5;249m:[0m[38;5;249ms[0m[38;5;249mt[0m[38;5;249mr[0m[38;5;249mi[0m[38;5;249mn[0m[38;5;249mg[0m[38;5;249m)[0m[38;5;249m{[0m[38;5;249mr[0m[38;5;249me[0m[38;5;249mt[0m[38;5;249mu[0m[38;5;249mr[0m[38;5;249mn[0m[38;5;249m [0m[38;5;249ma[0m[38;5;249ml[0m[38;5;249ml[0m[38;5;249m.[0m[38;5;249mf[0m[38;5;249mi[0m[38;5;249mn[0m[38;5;249md[0m[38;5;249m([0m[38;5;249mf[0m[38;5;249m=[0m[38;5;249m>[0m[38;5;249mf[0m[38;5;249m.[0m[38;5;249mr[0m[38;5;249ma[0m[38;5;249mw[0m[38;5;249m=[0m[38;5;249m=[0m[38;5;249m=[0m[38;5;249mt[0m[38;5;249me[0m[38;5;249mx[0m[38;5;249mt[0m[38;5;249m)[0m[38;5;249m?[0m[38;5;249m.[0m[38;5;249mr[0m[38;5;249me[0m[38;5;249ms[0m[38;5;249mp[0m[38;5;249mo[0m[38;5;249mn[0m[38;5;249ms[0m[38;5;249me[0m[38;5;249m?[0m[38;5;249m?[0m[38;5;249m{[0m[38;5;249ms[0m[38;5;249mc[0m[38;5;249mh[0m[38;5;249me[0m[38;5;249mm[0m[38;5;249ma[0m[38;5;249mV[0m[38;5;249me[0m[38;5;249mr[0m[38;5;249ms[0m[38;5;249mi[0m[38;5;249mo[0m[38;5;249mn[0m[38;5;249m:[0m[38;5;249m2[0m[38;5;249m,[0m[38;5;249mp[0m[38;5;249ma[0m[38;5;249mc[0m[38;5;249mi[0m[38;5;249me[0m[38;5;249mn[0m[38;5;249mt[0m[38;5;249me[0m[38;5;249ms[0m[38;5;249m:[0m[38;5;249m[[0m[38;5;249m][0m[38;5;249m,[0m[38;5;249mp[0m[38;5;249me[0m[38;5;249mn[0m[38;5;249md[0m[38;5;249me[0m[38;5;249mn[0m[38;5;249mc[0m[38;5;249mi[0m[38;5;249ma[0m[38;5;249ms[0m[38;5;249m:[0m[38;5;249m[[0m[38;5;249m][0m[38;5;249m,[0m[38;5;249md[0m[38;5;249mu[0m[38;5;249mv[0m[38;5;249mi[0m[38;5;249md[0m[38;5;249ma[0m[38;5;249ms[0m[38;5;249m:[0m[38;5;249m[[0m[38;5;249m'[0m[38;5;249mQ[0m[38;5;249mu[0m[38;5;249ma[0m[38;5;249ml[0m[38;5;249m [0m[38;5;249mé[0m[38;5;249m [0m[38;5;249mo[0m[38;5;249m [0m[38;5;249mn[0m[38;5;249mo[0m[38;5;249mm[0m[38;5;249me[0m[38;5;249m [0m[38;5;249md[0m[38;5;249mo[0m[38;5;249m [0m[38;5;249mp[0m[38;5;249ma[0m[38;5;249mc[0m[38;5;249mi[0m[38;5;249me[0m[38;5;249mn[0m[38;5;249mt[0m[38;5;249me[0m[38;5;249m?[0m[38;5;249m'[0m[38;5;249m][0m[38;5;249m,[0m[38;5;249me[0m[38;5;249mv[0m[38;5;249mi[0m[38;5;249md[0m[38;5;249me[0m[38;5;249mn[0m[38;5;249mc[0m[38;5;249me[0m[38;5;249m:[0m[38;5;249m[[0m[38;5;249m][0m[38;5;249m}[0m[38;5;249m}[0m[38;5;249m}[0m
 [38;5;240m   │[0m                                                                                                                                                                                                          │ 
 [38;5;240m   │[0m                                                                                                                                                                                                          ╰─ `}` expected
[38;5;246m────╯[0m

  Plugin: vite:oxc
  File: /home/ricardo/.cache/cvg-harness-audit-actions-20261003/product-candidate/products/shift-assistant/src/__tests__/e2e-v2-fixtures.ts
 ❯ transformWithOxc node_modules/vite/dist/node/chunks/node.js:4103:19
 ❯ TransformPluginContext.transform node_modules/vite/dist/node/chunks/node.js:4174:26
 ❯ EnvironmentPluginContainer.transform node_modules/vite/dist/node/chunks/node.js:30932:51
 ❯ loadAndTransform node_modules/vite/dist/node/chunks/node.js:20671:26

⎯⎯⎯⎯⎯⎯⎯⎯⎯⎯⎯⎯⎯⎯⎯⎯⎯⎯⎯⎯⎯⎯⎯⎯[1/2]⎯


⎯⎯⎯⎯⎯⎯⎯ Failed Tests 1 ⎯⎯⎯⎯⎯⎯⎯

 FAIL  products/shift-assistant/src/__tests__/shift-assistant.test.ts > ShiftAssistant > reminds at the due time, repeats on an interval and stops after the limit
AssertionError: expected 'Nota confirmada. Pendências ativadas.' to contain '⏰ Lembrete #1'

Expected: "⏰ Lembrete #1"
Received: "Nota confirmada. Pendências ativadas."

 ❯ products/shift-assistant/src/__tests__/shift-assistant.test.ts:363:42
    361|     env.advance(60)
    362|     expect(await env.assistant.tick()).toBe(1)
    363|     expect(env.waha.textsTo(ANA).at(-1)).toContain('⏰ Lembrete #1')
       |                                          ^
    364|     env.advance(10)
    365|     expect(await env.assistant.tick()).toBe(0)

⎯⎯⎯⎯⎯⎯⎯⎯⎯⎯⎯⎯⎯⎯⎯⎯⎯⎯⎯⎯⎯⎯⎯⎯[2/2]⎯


 Test Files  2 failed (2)
      Tests  1 failed | 29 passed (30)
   Start at  10:14:28
   Duration  827ms (transform 243ms, setup 0ms, import 351ms, tests 207ms, environment 0ms)


EXIT_SENTINEL 1
