COMMAND ["node", "node_modules/vitest/vitest.mjs", "run", "products/shift-assistant/src/__tests__/source-oracles.test.ts", "products/shift-assistant/src/__tests__/first-vertical.test.ts", "products/shift-assistant/src/__tests__/shift-assistant-e2e.test.ts", "--no-file-parallelism", "--maxWorkers=2"]

 RUN  v4.1.11 /home/ricardo/.cache/cvg-harness-audit-actions-20261003/product-candidate

 ❯ products/shift-assistant/src/__tests__/first-vertical.test.ts (35 tests | 10 failed) 2117ms
     × waha real HTTP: durable admission, queued preview, exact confirmation, task and durable receipt 70ms
     × evolution real HTTP: durable admission, queued preview, exact confirmation, task and durable receipt 31ms
     × rejects generic ok, other author and stale token, deduplicates admission and confirmation 73ms
     × correction suspends before organizing; transient failure leaves pending replacement, done stays terminal 36ms
     × commit confirmation fsync failure publishes none; restart atomically recovers tasks, binding and queued receipt 23ms
     × real SIGKILL before_journal_write around confirmation yields whole activation or none in a new recovery volume 299ms
     × real SIGKILL after_journal_lf around confirmation yields whole activation or none in a new recovery volume 291ms
     × real SIGKILL after_journal_sync around confirmation yields whole activation or none in a new recovery volume 323ms
     × binds second homonym by literal ID and source block even when model array order reverses 20ms
     × validates local numeric equivalence without changing source literal or merging ID 1ms

⎯⎯⎯⎯⎯⎯ Failed Tests 10 ⎯⎯⎯⎯⎯⎯⎯

 FAIL  products/shift-assistant/src/__tests__/first-vertical.test.ts > first observable text product vertical > waha real HTTP: durable admission, queued preview, exact confirmation, task and durable receipt
 FAIL  products/shift-assistant/src/__tests__/first-vertical.test.ts > first observable text product vertical > evolution real HTTP: durable admission, queued preview, exact confirmation, task and durable receipt
AssertionError: expected [ Array(8) ] to deeply equal []

- Expected
+ Received

- []
+ [
+   {
+     "code": "UNSOURCED_ID",
+     "outputValue": "20202",
+     "path": "pacientes.p1.id",
+     "patientRef": "p1",
+     "severity": "blocking",
+     "sourceRange": null,
+   },
+   {
+     "code": "SOURCE_ASSOCIATION_AMBIGUOUS",
+     "outputValue": "Rex",
+     "path": "pacientes.p1.nome",
+     "patientRef": "p1",
+     "severity": "blocking",
+     "sourceRange": null,
+   },
+   {
+     "code": "SOURCE_ASSOCIATION_AMBIGUOUS",
+     "outputValue": "20202",
+     "path": "pacientes.p1.id",
+     "patientRef": "p1",
+     "severity": "blocking",
+     "sourceRange": null,
+   },
+   {
+     "code": "SOURCE_ASSOCIATION_AMBIGUOUS",
+     "outputValue": "4",
+     "path": "pacientes.p1.leito",
+     "patientRef": "p1",
+     "severity": "blocking",
+     "sourceRange": null,
+   },
+   {
+     "code": "SOURCE_ASSOCIATION_AMBIGUOUS",
+     "outputValue": "alerta",
+     "path": "pacientes.p1.evolucao",
+     "patientRef": "p1",
+     "severity": "blocking",
+     "sourceRange": null,
+   },
+   {
+     "code": "VALUE_PATIENT_MISMATCH",
+     "outputValue": "20202",
+     "path": "pendencias.t1.pacienteRef",
+     "patientRef": "p1",
+     "severity": "blocking",
+     "sourceRange": null,
+   },
+   {
+     "code": "SOURCE_ASSOCIATION_AMBIGUOUS",
+     "outputValue": "conferir ficha",
+     "path": "pendencias.t1.descricao",
+     "patientRef": "p1",
+     "severity": "blocking",
+     "sourceRange": null,
+   },
+   {
+     "code": "SOURCE_ASSOCIATION_AMBIGUOUS",
+     "outputValue": "16:00",
+     "path": "pendencias.t1.quando",
+     "patientRef": "p1",
+     "severity": "blocking",
+     "sourceRange": null,
+   },
+ ]

 ❯ products/shift-assistant/src/__tests__/first-vertical.test.ts:201:24
    199|       expect((await e.say('n1', RAW)).status).toBe(200)
    200|       const n = e.store.notesV2()[0]!
    201|       expect(n.issues).toEqual([])
       |                        ^
    202|       expect(n.rawText).toBe(RAW)
    203|       expect(e.store.openTasks()).toEqual([])

⎯⎯⎯⎯⎯⎯⎯⎯⎯⎯⎯⎯⎯⎯⎯⎯⎯⎯⎯⎯⎯⎯⎯[1/10]⎯

 FAIL  products/shift-assistant/src/__tests__/first-vertical.test.ts > first observable text product vertical > rejects generic ok, other author and stale token, deduplicates admission and confirmation
AssertionError: expected [] to have a length of 1 but got +0

- Expected
+ Received

- 1
+ 0

 ❯ products/shift-assistant/src/__tests__/first-vertical.test.ts:236:33
    234|     await e.say('valid', 'ok nota ' + token)
    235|     await e.say('again', 'ok nota ' + token)
    236|     expect(e.store.openTasks()).toHaveLength(1)
       |                                 ^
    237|     expect(e.store.nextTaskNumber()).toBe(2)
    238|     const response = e.store.outboxes().at(-1)

⎯⎯⎯⎯⎯⎯⎯⎯⎯⎯⎯⎯⎯⎯⎯⎯⎯⎯⎯⎯⎯⎯⎯[2/10]⎯

 FAIL  products/shift-assistant/src/__tests__/first-vertical.test.ts > first observable text product vertical > correction suspends before organizing; transient failure leaves pending replacement, done stays terminal
AssertionError: expected undefined to be 'suspended' // Object.is equality

- Expected:
"suspended"

+ Received:
undefined

 ❯ products/shift-assistant/src/__tests__/first-vertical.test.ts:329:42
    327|     await e.say('correction', 'corrigir nota ' + token + ': ' + RAW)
    328|     expect(e.store.noteV2(old.id)?.replacementPending).toBe(true)
    329|     expect(e.store.tasksV2()[0]?.status).toBe('suspended')
       |                                          ^
    330|     expect(e.store.inboxes().at(-1)?.state).toBe('retry_wait')
    331|     await e.say('stale', 'ok nota ' + token)

⎯⎯⎯⎯⎯⎯⎯⎯⎯⎯⎯⎯⎯⎯⎯⎯⎯⎯⎯⎯⎯⎯⎯[3/10]⎯

 FAIL  products/shift-assistant/src/__tests__/first-vertical.test.ts > first observable text product vertical > commit confirmation fsync failure publishes none; restart atomically recovers tasks, binding and queued receipt
AssertionError: expected undefined to be 'draft' // Object.is equality

- Expected:
"draft"

+ Received:
undefined

 ❯ products/shift-assistant/src/__tests__/first-vertical.test.ts:367:42
    365|     expect(syncCalls).toBe(3)
    366|     expect(e.store.noteV2(n.id)?.state).toBe('draft')
    367|     expect(e.store.tasksV2()[0]?.status).toBe('draft')
       |                                          ^
    368|     expect(e.store.outboxes()).toHaveLength(1)
    369|     expect(e.store.storageAvailable).toBe(false)

⎯⎯⎯⎯⎯⎯⎯⎯⎯⎯⎯⎯⎯⎯⎯⎯⎯⎯⎯⎯⎯⎯⎯[4/10]⎯

 FAIL  products/shift-assistant/src/__tests__/first-vertical.test.ts > durable failures and recovery boundaries > real SIGKILL before_journal_write around confirmation yields whole activation or none in a new recovery volume
AssertionError: /home/ricardo/.cache/cvg-harness-audit-actions-20261003/product-candidate/products/shift-assistant/src/vertical-state.ts:59
  if (!ok) throw new StoreError('STATE_CONFLICT')
                 ^

STATE_CONFLICT: STATE_CONFLICT
    at requireState (/home/ricardo/.cache/cvg-harness-audit-actions-20261003/product-candidate/products/shift-assistant/src/vertical-state.ts:59:18)
    at applyVertical (/home/ricardo/.cache/cvg-harness-audit-actions-20261003/product-candidate/products/shift-assistant/src/vertical-state.ts:284:7)
    at ShiftStore.#validate (/home/ricardo/.cache/cvg-harness-audit-actions-20261003/product-candidate/products/shift-assistant/src/store.ts:280:9)
    at ShiftStore.commit (/home/ricardo/.cache/cvg-harness-audit-actions-20261003/product-candidate/products/shift-assistant/src/store.ts:141:10)
    at commit (file:///home/ricardo/.cache/cvg-harness-audit-actions-20261003/product-candidate/[eval1]:1:1284)
    at file:///home/ricardo/.cache/cvg-harness-audit-actions-20261003/product-candidate/[eval1]:1:1789
    at ModuleJob.run (node:internal/modules/esm/module_job:343:25)
    at async onImport.tracePromise.__proto__ (node:internal/modules/esm/loader:282:26)
    at async ModuleLoader.executeModuleJob (node:internal/modules/esm/loader:278:20)
    at async asyncRunEntryPointWithESMLoader (node:internal/modules/run_main:117:5) {
  code: 'STATE_CONFLICT'
}

Node.js v22.23.2
: expected null to be 'SIGKILL' // Object.is equality

- Expected:
"SIGKILL"

+ Received:
null

 ❯ requireState products/shift-assistant/src/vertical-state.ts:59:18
     57| }
     58| function requireState(ok: unknown): asserts ok {
     59|   if (!ok) throw new StoreError('STATE_CONFLICT')
       |                  ^
     60| }
     61| function member(e: V2Event): string {
 ❯ applyVertical products/shift-assistant/src/vertical-state.ts:284:7
 ❯ ShiftStore.#validate products/shift-assistant/src/store.ts:280:9
 ❯ ShiftStore.commit products/shift-assistant/src/store.ts:141:10
 ❯ commit [eval1]:1:1284
 ❯ [eval1]:1:1789
 ❯ products/shift-assistant/src/__tests__/first-vertical.test.ts:868:42

⎯⎯⎯⎯⎯⎯⎯⎯⎯⎯⎯⎯⎯⎯⎯⎯⎯⎯⎯⎯⎯⎯⎯[5/10]⎯

 FAIL  products/shift-assistant/src/__tests__/first-vertical.test.ts > durable failures and recovery boundaries > real SIGKILL after_journal_lf around confirmation yields whole activation or none in a new recovery volume
AssertionError: /home/ricardo/.cache/cvg-harness-audit-actions-20261003/product-candidate/products/shift-assistant/src/vertical-state.ts:59
  if (!ok) throw new StoreError('STATE_CONFLICT')
                 ^

STATE_CONFLICT: STATE_CONFLICT
    at requireState (/home/ricardo/.cache/cvg-harness-audit-actions-20261003/product-candidate/products/shift-assistant/src/vertical-state.ts:59:18)
    at applyVertical (/home/ricardo/.cache/cvg-harness-audit-actions-20261003/product-candidate/products/shift-assistant/src/vertical-state.ts:284:7)
    at ShiftStore.#validate (/home/ricardo/.cache/cvg-harness-audit-actions-20261003/product-candidate/products/shift-assistant/src/store.ts:280:9)
    at ShiftStore.commit (/home/ricardo/.cache/cvg-harness-audit-actions-20261003/product-candidate/products/shift-assistant/src/store.ts:141:10)
    at commit (file:///home/ricardo/.cache/cvg-harness-audit-actions-20261003/product-candidate/[eval1]:1:1280)
    at file:///home/ricardo/.cache/cvg-harness-audit-actions-20261003/product-candidate/[eval1]:1:1785
    at ModuleJob.run (node:internal/modules/esm/module_job:343:25)
    at async onImport.tracePromise.__proto__ (node:internal/modules/esm/loader:282:26)
    at async ModuleLoader.executeModuleJob (node:internal/modules/esm/loader:278:20)
    at async asyncRunEntryPointWithESMLoader (node:internal/modules/run_main:117:5) {
  code: 'STATE_CONFLICT'
}

Node.js v22.23.2
: expected null to be 'SIGKILL' // Object.is equality

- Expected:
"SIGKILL"

+ Received:
null

 ❯ requireState products/shift-assistant/src/vertical-state.ts:59:18
     57| }
     58| function requireState(ok: unknown): asserts ok {
     59|   if (!ok) throw new StoreError('STATE_CONFLICT')
       |                  ^
     60| }
     61| function member(e: V2Event): string {
 ❯ applyVertical products/shift-assistant/src/vertical-state.ts:284:7
 ❯ ShiftStore.#validate products/shift-assistant/src/store.ts:280:9
 ❯ ShiftStore.commit products/shift-assistant/src/store.ts:141:10
 ❯ commit [eval1]:1:1280
 ❯ [eval1]:1:1785
 ❯ products/shift-assistant/src/__tests__/first-vertical.test.ts:868:42

⎯⎯⎯⎯⎯⎯⎯⎯⎯⎯⎯⎯⎯⎯⎯⎯⎯⎯⎯⎯⎯⎯⎯[6/10]⎯

 FAIL  products/shift-assistant/src/__tests__/first-vertical.test.ts > durable failures and recovery boundaries > real SIGKILL after_journal_sync around confirmation yields whole activation or none in a new recovery volume
AssertionError: /home/ricardo/.cache/cvg-harness-audit-actions-20261003/product-candidate/products/shift-assistant/src/vertical-state.ts:59
  if (!ok) throw new StoreError('STATE_CONFLICT')
                 ^

STATE_CONFLICT: STATE_CONFLICT
    at requireState (/home/ricardo/.cache/cvg-harness-audit-actions-20261003/product-candidate/products/shift-assistant/src/vertical-state.ts:59:18)
    at applyVertical (/home/ricardo/.cache/cvg-harness-audit-actions-20261003/product-candidate/products/shift-assistant/src/vertical-state.ts:284:7)
    at ShiftStore.#validate (/home/ricardo/.cache/cvg-harness-audit-actions-20261003/product-candidate/products/shift-assistant/src/store.ts:280:9)
    at ShiftStore.commit (/home/ricardo/.cache/cvg-harness-audit-actions-20261003/product-candidate/products/shift-assistant/src/store.ts:141:10)
    at commit (file:///home/ricardo/.cache/cvg-harness-audit-actions-20261003/product-candidate/[eval1]:1:1282)
    at file:///home/ricardo/.cache/cvg-harness-audit-actions-20261003/product-candidate/[eval1]:1:1787
    at ModuleJob.run (node:internal/modules/esm/module_job:343:25)
    at async onImport.tracePromise.__proto__ (node:internal/modules/esm/loader:282:26)
    at async ModuleLoader.executeModuleJob (node:internal/modules/esm/loader:278:20)
    at async asyncRunEntryPointWithESMLoader (node:internal/modules/run_main:117:5) {
  code: 'STATE_CONFLICT'
}

Node.js v22.23.2
: expected null to be 'SIGKILL' // Object.is equality

- Expected:
"SIGKILL"

+ Received:
null

 ❯ requireState products/shift-assistant/src/vertical-state.ts:59:18
     57| }
     58| function requireState(ok: unknown): asserts ok {
     59|   if (!ok) throw new StoreError('STATE_CONFLICT')
       |                  ^
     60| }
     61| function member(e: V2Event): string {
 ❯ applyVertical products/shift-assistant/src/vertical-state.ts:284:7
 ❯ ShiftStore.#validate products/shift-assistant/src/store.ts:280:9
 ❯ ShiftStore.commit products/shift-assistant/src/store.ts:141:10
 ❯ commit [eval1]:1:1282
 ❯ [eval1]:1:1787
 ❯ products/shift-assistant/src/__tests__/first-vertical.test.ts:868:42

⎯⎯⎯⎯⎯⎯⎯⎯⎯⎯⎯⎯⎯⎯⎯⎯⎯⎯⎯⎯⎯⎯⎯[7/10]⎯

 FAIL  products/shift-assistant/src/__tests__/first-vertical.test.ts > source identity/fidelity through product caller > binds second homonym by literal ID and source block even when model array order reverses
AssertionError: expected [ Array(8) ] to deeply equal []

- Expected
+ Received

- []
+ [
+   {
+     "code": "UNSOURCED_ID",
+     "outputValue": "20202",
+     "path": "pacientes.p1.id",
+     "patientRef": "p1",
+     "severity": "blocking",
+     "sourceRange": null,
+   },
+   {
+     "code": "SOURCE_ASSOCIATION_AMBIGUOUS",
+     "outputValue": "Rex",
+     "path": "pacientes.p1.nome",
+     "patientRef": "p1",
+     "severity": "blocking",
+     "sourceRange": null,
+   },
+   {
+     "code": "SOURCE_ASSOCIATION_AMBIGUOUS",
+     "outputValue": "20202",
+     "path": "pacientes.p1.id",
+     "patientRef": "p1",
+     "severity": "blocking",
+     "sourceRange": null,
+   },
+   {
+     "code": "SOURCE_ASSOCIATION_AMBIGUOUS",
+     "outputValue": "4",
+     "path": "pacientes.p1.leito",
+     "patientRef": "p1",
+     "severity": "blocking",
+     "sourceRange": null,
+   },
+   {
+     "code": "SOURCE_ASSOCIATION_AMBIGUOUS",
+     "outputValue": "alerta",
+     "path": "pacientes.p1.evolucao",
+     "patientRef": "p1",
+     "severity": "blocking",
+     "sourceRange": null,
+   },
+   {
+     "code": "VALUE_PATIENT_MISMATCH",
+     "outputValue": "20202",
+     "path": "pendencias.t1.pacienteRef",
+     "patientRef": "p1",
+     "severity": "blocking",
+     "sourceRange": null,
+   },
+   {
+     "code": "SOURCE_ASSOCIATION_AMBIGUOUS",
+     "outputValue": "conferir ficha",
+     "path": "pendencias.t1.descricao",
+     "patientRef": "p1",
+     "severity": "blocking",
+     "sourceRange": null,
+   },
+   {
+     "code": "SOURCE_ASSOCIATION_AMBIGUOUS",
+     "outputValue": "16:00",
+     "path": "pendencias.t1.quando",
+     "patientRef": "p1",
+     "severity": "blocking",
+     "sourceRange": null,
+   },
+ ]

 ❯ products/shift-assistant/src/__tests__/first-vertical.test.ts:936:42
    934|     })
    935|     await e.say('n', raw)
    936|     expect(e.store.notesV2()[0]?.issues).toEqual([])
       |                                          ^
    937|     await e.say('c', 'ok nota ' + e.token())
    938|     expect(e.store.openTasks()[0]?.patientId).toBe('20202')

⎯⎯⎯⎯⎯⎯⎯⎯⎯⎯⎯⎯⎯⎯⎯⎯⎯⎯⎯⎯⎯⎯⎯[8/10]⎯

 FAIL  products/shift-assistant/src/__tests__/first-vertical.test.ts > source identity/fidelity through product caller > validates local numeric equivalence without changing source literal or merging ID
AssertionError: expected [ Array(8) ] to deeply equal []

- Expected
+ Received

- []
+ [
+   {
+     "code": "UNSOURCED_ID",
+     "outputValue": "101",
+     "path": "pacientes.p1.id",
+     "patientRef": "p1",
+     "severity": "blocking",
+     "sourceRange": null,
+   },
+   {
+     "code": "SOURCE_ASSOCIATION_AMBIGUOUS",
+     "outputValue": "Rex",
+     "path": "pacientes.p1.nome",
+     "patientRef": "p1",
+     "severity": "blocking",
+     "sourceRange": null,
+   },
+   {
+     "code": "SOURCE_ASSOCIATION_AMBIGUOUS",
+     "outputValue": "101",
+     "path": "pacientes.p1.id",
+     "patientRef": "p1",
+     "severity": "blocking",
+     "sourceRange": null,
+   },
+   {
+     "code": "SOURCE_ASSOCIATION_AMBIGUOUS",
+     "outputValue": "4",
+     "path": "pacientes.p1.leito",
+     "patientRef": "p1",
+     "severity": "blocking",
+     "sourceRange": null,
+   },
+   {
+     "code": "SOURCE_ASSOCIATION_AMBIGUOUS",
+     "outputValue": "Volume anotado 2 mililitros",
+     "path": "pacientes.p1.evolucao",
+     "patientRef": "p1",
+     "severity": "blocking",
+     "sourceRange": null,
+   },
+   {
+     "code": "VALUE_PATIENT_MISMATCH",
+     "outputValue": "101",
+     "path": "pendencias.t1.pacienteRef",
+     "patientRef": "p1",
+     "severity": "blocking",
+     "sourceRange": null,
+   },
+   {
+     "code": "SOURCE_ASSOCIATION_AMBIGUOUS",
+     "outputValue": "conferir ficha",
+     "path": "pendencias.t1.descricao",
+     "patientRef": "p1",
+     "severity": "blocking",
+     "sourceRange": null,
+   },
+   {
+     "code": "SOURCE_ASSOCIATION_AMBIGUOUS",
+     "outputValue": "16:00",
+     "path": "pendencias.t1.quando",
+     "patientRef": "p1",
+     "severity": "blocking",
+     "sourceRange": null,
+   },
+ ]

 ❯ products/shift-assistant/src/__tests__/first-vertical.test.ts:995:31
    993|     o.evidence[3]!.quote = 'Evolução: Volume anotado dois mililitros'
    994|     const validation = validateOrganization(raw, o)
    995|     expect(validation.issues).toEqual([])
       |                               ^
    996|     expect(validation.bindings[0]?.idLiteral).toBe('cento e um')
    997|     expect(validation.evidence[3]?.quote).toContain('dois mililitros')

⎯⎯⎯⎯⎯⎯⎯⎯⎯⎯⎯⎯⎯⎯⎯⎯⎯⎯⎯⎯⎯⎯⎯[9/10]⎯


 Test Files  1 failed | 2 passed (3)
      Tests  10 failed | 36 passed (46)
   Start at  10:27:08
   Duration  3.40s (transform 278ms, setup 0ms, import 622ms, tests 2.48s, environment 0ms)


EXIT_SENTINEL 1
