COMMAND ["node", "node_modules/vitest/vitest.mjs", "run", "products/shift-assistant/src/__tests__/first-vertical.test.ts", "--no-file-parallelism", "--maxWorkers=2"]

 RUN  v4.1.11 /home/ricardo/.cache/cvg-harness-audit-actions-20261003/product-candidate

 ❯ products/shift-assistant/src/__tests__/first-vertical.test.ts (25 tests | 12 failed) 774ms
     × waha real HTTP: durable admission, queued preview, exact confirmation, task and durable receipt 73ms
     × evolution real HTTP: durable admission, queued preview, exact confirmation, task and durable receipt 21ms
     × keeps V1/raw JSON/extra flags as raw drafts with zero derived tasks, explicit raw confirmation remains document-only 33ms
     × default ModelOrganizer policy_denied has zero external/local provider calls and raw-document confirmation 34ms
     × correction suspends before organizing; transient failure leaves pending replacement, done stays terminal 33ms
     × commit confirmation fsync failure publishes none; restart atomically recovers tasks, binding and queued receipt 29ms
     × five total definitely-not-accepted attempts persist backoff and do not loop 19ms
     × post-start disconnect is uncertain, no retry and confirmation blocked 17ms
     × post-start 5xx is uncertain, no retry and confirmation blocked 18ms
     × post-start hang is uncertain, no retry and confirmation blocked 20ms
     × restart processing and dispatching stages recovers processing once and marks dispatch uncertain 39ms
     × binds second homonym by literal ID and source block even when model array order reverses 26ms

⎯⎯⎯⎯⎯⎯ Failed Tests 12 ⎯⎯⎯⎯⎯⎯⎯

 FAIL  products/shift-assistant/src/__tests__/first-vertical.test.ts > first observable text product vertical > waha real HTTP: durable admission, queued preview, exact confirmation, task and durable receipt
 FAIL  products/shift-assistant/src/__tests__/first-vertical.test.ts > first observable text product vertical > evolution real HTTP: durable admission, queued preview, exact confirmation, task and durable receipt
TypeError: Cannot read properties of undefined (reading 'body')
 ❯ products/shift-assistant/src/__tests__/first-vertical.test.ts:47:21


⎯⎯⎯⎯⎯⎯⎯⎯⎯⎯⎯⎯⎯⎯⎯⎯⎯⎯⎯⎯⎯⎯⎯[1/12]⎯

 FAIL  products/shift-assistant/src/__tests__/first-vertical.test.ts > first observable text product vertical > keeps V1/raw JSON/extra flags as raw drafts with zero derived tasks, explicit raw confirmation remains document-only
AssertionError: expected 'draft' to be 'confirmed' // Object.is equality

Expected: "confirmed"
Received: "draft"

 ❯ products/shift-assistant/src/__tests__/first-vertical.test.ts:64:323


⎯⎯⎯⎯⎯⎯⎯⎯⎯⎯⎯⎯⎯⎯⎯⎯⎯⎯⎯⎯⎯⎯⎯[2/12]⎯

 FAIL  products/shift-assistant/src/__tests__/first-vertical.test.ts > first observable text product vertical > default ModelOrganizer policy_denied has zero external/local provider calls and raw-document confirmation
AssertionError: expected 'draft' to be 'confirmed' // Object.is equality

Expected: "confirmed"
Received: "draft"

 ❯ products/shift-assistant/src/__tests__/first-vertical.test.ts:69:258


⎯⎯⎯⎯⎯⎯⎯⎯⎯⎯⎯⎯⎯⎯⎯⎯⎯⎯⎯⎯⎯⎯⎯[3/12]⎯

 FAIL  products/shift-assistant/src/__tests__/first-vertical.test.ts > first observable text product vertical > correction suspends before organizing; transient failure leaves pending replacement, done stays terminal
AssertionError: expected 'draft' to be 'suspended' // Object.is equality

Expected: "suspended"
Received: "draft"

 ❯ products/shift-assistant/src/__tests__/first-vertical.test.ts:79:102


⎯⎯⎯⎯⎯⎯⎯⎯⎯⎯⎯⎯⎯⎯⎯⎯⎯⎯⎯⎯⎯⎯⎯[4/12]⎯

 FAIL  products/shift-assistant/src/__tests__/first-vertical.test.ts > first observable text product vertical > commit confirmation fsync failure publishes none; restart atomically recovers tasks, binding and queued receipt
AssertionError: expected 'draft' to be 'open' // Object.is equality

Expected: "open"
Received: "draft"

 ❯ products/shift-assistant/src/__tests__/first-vertical.test.ts:89:158


⎯⎯⎯⎯⎯⎯⎯⎯⎯⎯⎯⎯⎯⎯⎯⎯⎯⎯⎯⎯⎯⎯⎯[5/12]⎯

 FAIL  products/shift-assistant/src/__tests__/first-vertical.test.ts > first observable text product vertical > five total definitely-not-accepted attempts persist backoff and do not loop
AssertionError: expected +0 to be 1 // Object.is equality

- Expected
+ Received

- 1
+ 0

 ❯ products/shift-assistant/src/__tests__/first-vertical.test.ts:99:179
     97|  })
     98|  it('five total definitely-not-accepted attempts persist backoff and d…
     99|   let calls=0;const e=await setup({transport:async()=>{calls++;return …
       |                                                                                                                                                                                   ^
    100|   for(const delay of [30000,120000,600000,1800000]){e.advance(delay);e…
    101|   expect(calls).toBe(5);expect(e.store.outboxes()[0]?.state).toBe('rev…

⎯⎯⎯⎯⎯⎯⎯⎯⎯⎯⎯⎯⎯⎯⎯⎯⎯⎯⎯⎯⎯⎯⎯[6/12]⎯

 FAIL  products/shift-assistant/src/__tests__/first-vertical.test.ts > first observable text product vertical > post-start disconnect is uncertain, no retry and confirmation blocked
 FAIL  products/shift-assistant/src/__tests__/first-vertical.test.ts > first observable text product vertical > post-start 5xx is uncertain, no retry and confirmation blocked
 FAIL  products/shift-assistant/src/__tests__/first-vertical.test.ts > first observable text product vertical > post-start hang is uncertain, no retry and confirmation blocked
AssertionError: expected 'queued' to be 'uncertain' // Object.is equality

Expected: "uncertain"
Received: "queued"

 ❯ products/shift-assistant/src/__tests__/first-vertical.test.ts:105:96


⎯⎯⎯⎯⎯⎯⎯⎯⎯⎯⎯⎯⎯⎯⎯⎯⎯⎯⎯⎯⎯⎯⎯[7/12]⎯

 FAIL  products/shift-assistant/src/__tests__/first-vertical.test.ts > first observable text product vertical > restart processing and dispatching stages recovers processing once and marks dispatch uncertain
STATE_CONFLICT: STATE_CONFLICT
 ❯ requireState products/shift-assistant/src/vertical-state.ts:26:64
     24|  return [...new Map(entries.map(a=>[a.join(':'),a])).values()]
     25| }
     26| function requireState(ok: unknown): asserts ok { if(!ok) throw new Sto…
       |                                                                ^
     27| function member(e:V2Event):string { requireState(e.actor.kind === 'mem…
     28| export function applyVertical(s:VerticalState,e:V2Event,legacyMax:numb…
 ❯ applyVertical products/shift-assistant/src/vertical-state.ts:108:36
 ❯ ShiftStore.#validate products/shift-assistant/src/store.ts:275:9
 ❯ ShiftStore.commit products/shift-assistant/src/store.ts:136:10
 ❯ commit products/shift-assistant/src/__tests__/first-vertical.test.ts:42:220
 ❯ products/shift-assistant/src/__tests__/first-vertical.test.ts:116:41

⎯⎯⎯⎯⎯⎯⎯⎯⎯⎯⎯⎯⎯⎯⎯⎯⎯⎯⎯⎯⎯⎯⎯[8/12]⎯

 FAIL  products/shift-assistant/src/__tests__/first-vertical.test.ts > source identity/fidelity through product caller > binds second homonym by literal ID and source block even when model array order reverses
AssertionError: expected undefined to be '20202' // Object.is equality

- Expected:
"20202"

+ Received:
undefined

 ❯ products/shift-assistant/src/__tests__/first-vertical.test.ts:137:222


⎯⎯⎯⎯⎯⎯⎯⎯⎯⎯⎯⎯⎯⎯⎯⎯⎯⎯⎯⎯⎯⎯⎯[9/12]⎯


 Test Files  1 failed (1)
      Tests  12 failed | 13 passed (25)
   Start at  10:09:12
   Duration  1.41s (transform 347ms, setup 0ms, import 533ms, tests 774ms, environment 0ms)


EXIT_SENTINEL 1
