[certify] candidate=911f049888a45ab206770c29c07a492b4294905225ce0d722f7a193e694da9d4 run=run-911f049888a4-mtzd9k5w files=855 dirty=true
[certify] PASS         format (exit 0, 13017ms)
[certify] PASS         typecheck (exit 0, 8940ms)
[certify] PASS         lint (exit 0, 7719ms)
[certify] PASS         build (exit 0, 14959ms)
[certify] PASS         unit (exit 0, 251361ms)
[certify] PASS         coverage (exit 0, 258527ms)
[certify] PASS         security (exit 0, 683ms)
[certify] PASS         worker_startup (exit 0, 1245ms)
[certify] PASS         postgres (exit 0, 21269ms)
[certify] PASS         e2e (exit 0, 21128ms)
[certify] PASS         evals (exit 0, 564ms)
[certify] PASS         chaos (exit 0, 3761ms)
[certify] PASS         load (exit 0, 13485ms)
[certify] PASS         restore (exit 0, 809ms)
[certify] PASS         sbom (exit 0, 46ms)
[certify] PASS         licenses (exit 0, 49ms)
[certify] started=2026-09-13T05:21:34.919Z decision=CONDITIONAL_GO certification=AAA_CONTROLLED
[certify] PASS         format
[certify] PASS         typecheck
[certify] PASS         lint
[certify] PASS         build
[certify] PASS         unit
[certify] PASS         coverage
[certify] PASS         security
[certify] PASS         worker_startup
[certify] PASS         postgres
[certify] PASS         e2e
[certify] PASS         evals
[certify] PASS         chaos
[certify] PASS         load
[certify] PASS         restore
[certify] PASS         sbom
[certify] PASS         licenses
