{"probe":"AAA-07-P1-2R-crash-child","status":99}
{
  "probe": "AAA-07-P1-2R-legacy-rearm",
  "observedAt": "2026-09-13T06:12:12.574Z",
  "crashState": {
    "approvalStatus": "EXECUTING",
    "approvalOperationKey": "op:eba275d3a74a17aef086b5aad35f46d9ab042b672901164db8a657fcf31e9ba0",
    "journalAStateAtCrash": "EFFECT_STARTED"
  },
  "results": [
    {
      "variant": "legacy-active-changed-key",
      "recordHadOperationKey": false,
      "recordStatusAtStart": "EXECUTING",
      "retryKey": "sweep-legacy-fix-caller-B",
      "outcome": "denied",
      "reason": "operation_uncertain",
      "approvalStatusAfter": "EXECUTING",
      "approvalOperationKeyAfter": null,
      "journalAStateAfter": "EFFECT_STARTED",
      "journalARevisionAfter": 2,
      "journalBStateAfter": null,
      "retryToolCalls": 0,
      "retryOutboxKeys": [],
      "expectExecuted": false
    },
    {
      "variant": "legacy-active-absent-key",
      "recordHadOperationKey": false,
      "recordStatusAtStart": "EXECUTING",
      "retryKey": null,
      "outcome": "denied",
      "reason": "operation_uncertain",
      "approvalStatusAfter": "EXECUTING",
      "approvalOperationKeyAfter": null,
      "journalAStateAfter": "EFFECT_STARTED",
      "journalARevisionAfter": 2,
      "journalBStateAfter": null,
      "retryToolCalls": 0,
      "retryOutboxKeys": [],
      "expectExecuted": false
    },
    {
      "variant": "persisted-active-changed-key",
      "recordHadOperationKey": true,
      "recordStatusAtStart": "EXECUTING",
      "retryKey": "sweep-legacy-fix-caller-B",
      "outcome": "denied",
      "reason": "operation_in_progress",
      "approvalStatusAfter": "EXECUTING",
      "approvalOperationKeyAfter": "op:eba275d3a74a17aef086b5aad35f46d9ab042b672901164db8a657fcf31e9ba0",
      "journalAStateAfter": "EFFECT_STARTED",
      "journalARevisionAfter": 2,
      "journalBStateAfter": null,
      "retryToolCalls": 0,
      "retryOutboxKeys": [],
      "expectExecuted": false
    },
    {
      "variant": "persisted-proven-absent",
      "recordHadOperationKey": true,
      "recordStatusAtStart": "RESERVED",
      "retryKey": "sweep-legacy-fix-caller-B",
      "outcome": "executed",
      "reason": "Capability grant requires human approval",
      "approvalStatusAfter": "EXECUTED",
      "approvalOperationKeyAfter": "op:eba275d3a74a17aef086b5aad35f46d9ab042b672901164db8a657fcf31e9ba0",
      "journalAStateAfter": "CONFIRMED",
      "journalARevisionAfter": 3,
      "journalBStateAfter": null,
      "retryToolCalls": 1,
      "retryOutboxKeys": [
        "op:eba275d3a74a17aef086b5aad35f46d9ab042b672901164db8a657fcf31e9ba0"
      ],
      "expectExecuted": true
    },
    {
      "variant": "legacy-expired-changed-key",
      "recordHadOperationKey": false,
      "recordStatusAtStart": "EXECUTING",
      "retryKey": "sweep-legacy-fix-caller-B",
      "outcome": "denied",
      "reason": "operation_uncertain",
      "approvalStatusAfter": "UNCERTAIN",
      "approvalOperationKeyAfter": null,
      "journalAStateAfter": "UNCERTAIN",
      "journalARevisionAfter": 3,
      "journalBStateAfter": null,
      "retryToolCalls": 0,
      "retryOutboxKeys": [],
      "expectExecuted": false
    }
  ],
  "invariants": [
    true,
    true,
    true,
    true,
    true
  ]
}
