
 RUN  v4.1.11 /home/ricardo/cvg-agent-secretary-v2

 ❯ packages/agent-runtime/src/__tests__/runtime-legacy-rearm.test.ts (7 tests | 4 failed) 48ms
     × denies a legacy active-lease retry with a changed caller key and never re-executes 24ms
     × denies a legacy active-lease retry without any caller key and never re-executes 5ms
     × denies a legacy reservation when the recovery lookup fails 5ms
     × denies a persisted key when the approval reached EXECUTING without a journal record 3ms

⎯⎯⎯⎯⎯⎯⎯ Failed Tests 4 ⎯⎯⎯⎯⎯⎯⎯

 FAIL  packages/agent-runtime/src/__tests__/runtime-legacy-rearm.test.ts > P1-2R: legacy recovery without a persisted operationKey fails closed > denies a legacy active-lease retry with a changed caller key and never re-executes
AssertionError: expected 'executed' to be 'denied' // Object.is equality

Expected: "denied"
Received: "executed"

 ❯ packages/agent-runtime/src/__tests__/runtime-legacy-rearm.test.ts:352:27
    350|     )
    351|
    352|     expect(retry.outcome).toBe('denied')
       |                           ^
    353|     expect(retry.reason).toBe('operation_uncertain')
    354|     expect(harness.toolExecutor).not.toHaveBeenCalled()

⎯⎯⎯⎯⎯⎯⎯⎯⎯⎯⎯⎯⎯⎯⎯⎯⎯⎯⎯⎯⎯⎯⎯⎯[1/4]⎯

 FAIL  packages/agent-runtime/src/__tests__/runtime-legacy-rearm.test.ts > P1-2R: legacy recovery without a persisted operationKey fails closed > denies a legacy active-lease retry without any caller key and never re-executes
AssertionError: expected 'executed' to be 'denied' // Object.is equality

Expected: "denied"
Received: "executed"

 ❯ packages/agent-runtime/src/__tests__/runtime-legacy-rearm.test.ts:389:27
    387|     const retry = await harness.runtime.runTurn(turnInput({ approvalId…
    388|
    389|     expect(retry.outcome).toBe('denied')
       |                           ^
    390|     expect(retry.reason).toBe('operation_uncertain')
    391|     expect(harness.toolExecutor).not.toHaveBeenCalled()

⎯⎯⎯⎯⎯⎯⎯⎯⎯⎯⎯⎯⎯⎯⎯⎯⎯⎯⎯⎯⎯⎯⎯⎯[2/4]⎯

 FAIL  packages/agent-runtime/src/__tests__/runtime-legacy-rearm.test.ts > P1-2R: legacy recovery without a persisted operationKey fails closed > denies a legacy reservation when the recovery lookup fails
AssertionError: expected 'executed' to be 'denied' // Object.is equality

Expected: "denied"
Received: "executed"

 ❯ packages/agent-runtime/src/__tests__/runtime-legacy-rearm.test.ts:458:27
    456|     )
    457|
    458|     expect(retry.outcome).toBe('denied')
       |                           ^
    459|     expect(retry.reason).toBe('operation_uncertain')
    460|     expect(harness.toolExecutor).not.toHaveBeenCalled()

⎯⎯⎯⎯⎯⎯⎯⎯⎯⎯⎯⎯⎯⎯⎯⎯⎯⎯⎯⎯⎯⎯⎯⎯[3/4]⎯

 FAIL  packages/agent-runtime/src/__tests__/runtime-legacy-rearm.test.ts > P1-2R: persisted operation key recovery keeps positive proof > denies a persisted key when the approval reached EXECUTING without a journal record
AssertionError: expected 'executed' to be 'denied' // Object.is equality

Expected: "denied"
Received: "executed"

 ❯ packages/agent-runtime/src/__tests__/runtime-legacy-rearm.test.ts:565:27
    563|     )
    564|
    565|     expect(retry.outcome).toBe('denied')
       |                           ^
    566|     expect(retry.reason).toBe('operation_uncertain')
    567|     expect(harness.toolExecutor).not.toHaveBeenCalled()

⎯⎯⎯⎯⎯⎯⎯⎯⎯⎯⎯⎯⎯⎯⎯⎯⎯⎯⎯⎯⎯⎯⎯⎯[4/4]⎯


 Test Files  1 failed (1)
      Tests  4 failed | 3 passed (7)
   Start at  02:58:07
   Duration  1.11s (transform 256ms, setup 0ms, import 393ms, tests 48ms, environment 554ms)

