
> cvg-operational-harness@1.0.0 test:postgres
> vitest run --testTimeout=60000 --no-file-parallelism packages/persistence/src/__tests__/postgres-migration-smoke.test.ts packages/persistence/src/__tests__/tenant-isolation.test.ts packages/persistence/src/__tests__/platform-postgres-smoke.test.ts packages/persistence/src/__tests__/platform-approval-postgres.test.ts packages/persistence/src/__tests__/audit-evidence-checkpoint-postgres.test.ts packages/persistence/src/__tests__/session-version-pinning-postgres.test.ts packages/persistence/src/__tests__/outbox-durability.test.ts packages/persistence/src/__tests__/effect-journal-postgres.test.ts packages/persistence/src/__tests__/channel-effect-journal-postgres.test.ts apps/api/src/__tests__/postgres-persistence-mode.test.ts apps/api/src/__tests__/webhook-security.test.ts apps/api/src/__tests__/journeys-api-postgres.test.ts apps/worker/src/__tests__/postgres-outbox-bridge.integration.test.ts packages/chaos/src/__tests__/chaos-postgres.test.ts legacy/packages/secretary-journeys/src/__tests__/journeys-postgres.test.ts apps/worker/src/__tests__/continuous-worker-postgres.integration.test.ts apps/worker/src/__tests__/postgres-role-preflight.test.ts packages/persistence/src/__tests__/attendance-approval-postgres.test.ts legacy/packages/secretary-journeys/src/__tests__/journey-task-atomicity.test.ts packages/persistence/src/__tests__/runtime-approval-store-postgres.test.ts packages/persistence/src/__tests__/operational-execution-postgres.test.ts apps/worker/src/__tests__/operational-harness-process-restart.integration.test.ts apps/worker/src/__tests__/operational-harness-synthetic-effect-postgres.integration.test.ts apps/worker/src/__tests__/operational-harness-capability-postgres.integration.test.ts apps/worker/src/__tests__/kernel-composition-postgres.integration.test.ts apps/worker/src/__tests__/operational-harness-iterative.test.ts apps/worker/src/__tests__/operational-harness-iterative-postgres.integration.test.ts apps/api/src/__tests__/approval-decision-atomicity-postgres.test.ts packages/persistence/src/__tests__/outbox-content-binding-postgres.test.ts apps/api/src/__tests__/tenant-schema-inventory-postgres.test.ts apps/api/src/__tests__/trusted-replay-distributed-postgres.test.ts apps/api/src/__tests__/rate-limit-distributed-postgres.test.ts apps/worker/src/__tests__/operational-harness-homolog.integration.test.ts apps/api/src/__tests__/homolog-correlation-postgres.test.ts apps/worker/src/__tests__/homolog-health-postgres.test.ts


 RUN  v4.1.11 /home/ricardo/Área de trabalho/cvg-operational-harness

{"event":"worker.started","level":"info","timestamp":"2026-09-29T03:32:28.601Z","workerId":"worker-pg-continuous-192-a","concurrency":2,"pollIntervalMs":5,"idleMaxBackoffMs":5000,"errorBackoffMs":500,"errorMaxBackoffMs":30000,"leaseMs":1000,"heartbeatIntervalMs":333,"drainMs":5000,"backlogProbe":true,"sweeps":false,"externalEffects":false,"durable":true}
{"event":"worker.outbox.summary","level":"info","timestamp":"2026-09-29T03:32:28.602Z","workerId":"worker-pg-continuous-192-a","reason":"start","claimed":0,"processed":0,"failed":0,"deadLettered":0,"handoffs":0,"errors":0,"claimFailures":0,"leaseLost":0,"heartbeats":0,"idlePolls":0,"released":0,"lag":null,"inFlight":0}
{"event":"worker.metric","name":"worker_outbox_lag","value":0,"attributes":{"operation":"outbox"},"timestamp":"2026-09-29T03:32:28.617Z"}
{"event":"worker.idle_backoff","level":"debug","timestamp":"2026-09-29T03:32:28.617Z","workerId":"worker-pg-continuous-192-a","backoffMs":5,"lag":0}
{"event":"worker.idle_backoff","level":"debug","timestamp":"2026-09-29T03:32:28.624Z","workerId":"worker-pg-continuous-192-a","backoffMs":10,"lag":0}
{"event":"worker.metric","name":"worker_outbox_processed_total","value":1,"attributes":{"status":"processed"},"timestamp":"2026-09-29T03:32:28.627Z"}
{"event":"worker.outbox.processed","level":"info","timestamp":"2026-09-29T03:32:28.627Z","eventId":"outbox_daad00e3-d854-4726-b461-f8aba17c68a5","workerId":"worker-pg-continuous-192-a","status":"processed","attempt":1,"leaseLost":false,"operation":"outbox"}
{"event":"worker.outbox.summary","level":"info","timestamp":"2026-09-29T03:32:28.629Z","workerId":"worker-pg-continuous-192-a","reason":"stop","claimed":1,"processed":1,"failed":0,"deadLettered":0,"handoffs":0,"errors":0,"claimFailures":0,"leaseLost":0,"heartbeats":0,"idlePolls":2,"released":0,"lag":0,"inFlight":0}
{"event":"worker.stopped","level":"info","timestamp":"2026-09-29T03:32:28.629Z","workerId":"worker-pg-continuous-192-a","drained":true,"released":0,"releaseFailed":0,"processed":1,"failed":0,"deadLettered":0,"lag":0}
{"event":"worker.started","level":"info","timestamp":"2026-09-29T03:32:28.635Z","workerId":"worker-pg-continuous-192-b","concurrency":2,"pollIntervalMs":5,"idleMaxBackoffMs":5000,"errorBackoffMs":500,"errorMaxBackoffMs":30000,"leaseMs":1000,"heartbeatIntervalMs":333,"drainMs":5000,"backlogProbe":true,"sweeps":false,"externalEffects":false,"durable":true}
{"event":"worker.outbox.summary","level":"info","timestamp":"2026-09-29T03:32:28.635Z","workerId":"worker-pg-continuous-192-b","reason":"start","claimed":0,"processed":0,"failed":0,"deadLettered":0,"handoffs":0,"errors":0,"claimFailures":0,"leaseLost":0,"heartbeats":0,"idlePolls":0,"released":0,"lag":null,"inFlight":0}
{"event":"worker.metric","name":"worker_outbox_lag","value":0,"attributes":{"operation":"outbox"},"timestamp":"2026-09-29T03:32:28.648Z"}
{"event":"worker.metric","name":"worker_outbox_dead_lettered_total","value":1,"attributes":{"status":"dead_letter"},"timestamp":"2026-09-29T03:32:28.654Z"}
{"event":"worker.outbox.dead_letter","level":"info","timestamp":"2026-09-29T03:32:28.654Z","eventId":"outbox_94c345a2-4bf3-4021-9d2f-a2c18e0a6dec","workerId":"worker-pg-continuous-192-b","status":"dead_letter","attempt":1,"leaseLost":false,"error":"[redacted-outbox-error]","operation":"outbox"}
{"event":"worker.metric","name":"worker_outbox_processed_total","value":1,"attributes":{"status":"processed"},"timestamp":"2026-09-29T03:32:28.657Z"}
{"event":"worker.outbox.processed","level":"info","timestamp":"2026-09-29T03:32:28.658Z","eventId":"outbox_973fb904-08b0-40af-8020-6bff968d7507","workerId":"worker-pg-continuous-192-b","status":"processed","attempt":1,"leaseLost":false,"operation":"outbox"}
{"event":"worker.idle_backoff","level":"debug","timestamp":"2026-09-29T03:32:28.660Z","workerId":"worker-pg-continuous-192-b","backoffMs":5,"lag":0}
{"event":"worker.outbox.summary","level":"info","timestamp":"2026-09-29T03:32:28.663Z","workerId":"worker-pg-continuous-192-b","reason":"stop","claimed":2,"processed":1,"failed":0,"deadLettered":1,"handoffs":0,"errors":0,"claimFailures":0,"leaseLost":0,"heartbeats":0,"idlePolls":1,"released":0,"lag":0,"inFlight":0}
{"event":"worker.stopped","level":"info","timestamp":"2026-09-29T03:32:28.663Z","workerId":"worker-pg-continuous-192-b","drained":true,"released":0,"releaseFailed":0,"processed":1,"failed":0,"deadLettered":1,"lag":0}
{"event":"worker.started","level":"info","timestamp":"2026-09-29T03:32:29.230Z","workerId":"worker-pg-continuous-192-d","concurrency":2,"pollIntervalMs":5,"idleMaxBackoffMs":5000,"errorBackoffMs":500,"errorMaxBackoffMs":30000,"leaseMs":1000,"heartbeatIntervalMs":333,"drainMs":5000,"backlogProbe":true,"sweeps":false,"externalEffects":false,"durable":true}
{"event":"worker.outbox.summary","level":"info","timestamp":"2026-09-29T03:32:29.230Z","workerId":"worker-pg-continuous-192-d","reason":"start","claimed":0,"processed":0,"failed":0,"deadLettered":0,"handoffs":0,"errors":0,"claimFailures":0,"leaseLost":0,"heartbeats":0,"idlePolls":0,"released":0,"lag":null,"inFlight":0}
{"event":"worker.metric","name":"worker_outbox_lag","value":0,"attributes":{"operation":"outbox"},"timestamp":"2026-09-29T03:32:29.245Z"}
{"event":"worker.metric","name":"worker_outbox_processed_total","value":1,"attributes":{"status":"processed"},"timestamp":"2026-09-29T03:32:29.252Z"}
{"event":"worker.outbox.processed","level":"info","timestamp":"2026-09-29T03:32:29.252Z","eventId":"outbox_701b9ba4-11fc-4810-b01d-74aee9916522","workerId":"worker-pg-continuous-192-d","status":"processed","attempt":1,"leaseLost":false,"operation":"outbox"}
{"event":"worker.metric","name":"worker_outbox_processed_total","value":1,"attributes":{"status":"processed"},"timestamp":"2026-09-29T03:32:29.253Z"}
{"event":"worker.outbox.processed","level":"info","timestamp":"2026-09-29T03:32:29.253Z","eventId":"outbox_85678a74-11fd-4708-a3cb-3b589e9f85bd","workerId":"worker-pg-continuous-192-d","status":"processed","attempt":1,"leaseLost":false,"operation":"outbox"}
{"event":"worker.outbox.summary","level":"info","timestamp":"2026-09-29T03:32:29.256Z","workerId":"worker-pg-continuous-192-d","reason":"stop","claimed":2,"processed":2,"failed":0,"deadLettered":0,"handoffs":0,"errors":0,"claimFailures":0,"leaseLost":0,"heartbeats":0,"idlePolls":0,"released":0,"lag":0,"inFlight":0}
{"event":"worker.stopped","level":"info","timestamp":"2026-09-29T03:32:29.256Z","workerId":"worker-pg-continuous-192-d","drained":true,"released":0,"releaseFailed":0,"processed":2,"failed":0,"deadLettered":0,"lag":0}
{"event":"worker.started","level":"info","timestamp":"2026-09-29T03:32:29.259Z","workerId":"worker-pg-continuous-192-e","concurrency":1,"pollIntervalMs":5,"idleMaxBackoffMs":5000,"errorBackoffMs":500,"errorMaxBackoffMs":30000,"leaseMs":1000,"heartbeatIntervalMs":333,"drainMs":5000,"backlogProbe":true,"sweeps":false,"externalEffects":false,"durable":true}
{"event":"worker.outbox.summary","level":"info","timestamp":"2026-09-29T03:32:29.259Z","workerId":"worker-pg-continuous-192-e","reason":"start","claimed":0,"processed":0,"failed":0,"deadLettered":0,"handoffs":0,"errors":0,"claimFailures":0,"leaseLost":0,"heartbeats":0,"idlePolls":0,"released":0,"lag":null,"inFlight":0}
{"event":"worker.metric","name":"worker_outbox_lag","value":0,"attributes":{"operation":"outbox"},"timestamp":"2026-09-29T03:32:29.269Z"}
{"event":"worker.shutdown_release","level":"warn","timestamp":"2026-09-29T03:32:29.305Z","eventId":"outbox_376397c0-bad4-4add-8584-232215fa9090","workerId":"worker-pg-continuous-192-e","operation":"outbox"}
{"event":"worker.metric","name":"worker_outbox_shutdown_releases_total","value":1,"attributes":{"outcome":"released"},"timestamp":"2026-09-29T03:32:29.305Z"}
{"event":"worker.outbox.summary","level":"info","timestamp":"2026-09-29T03:32:29.305Z","workerId":"worker-pg-continuous-192-e","reason":"stop","claimed":1,"processed":0,"failed":0,"deadLettered":0,"handoffs":0,"errors":0,"claimFailures":0,"leaseLost":0,"heartbeats":0,"idlePolls":0,"released":1,"lag":0,"inFlight":1}
{"event":"worker.stopped","level":"info","timestamp":"2026-09-29T03:32:29.305Z","workerId":"worker-pg-continuous-192-e","drained":false,"released":1,"releaseFailed":0,"processed":0,"failed":0,"deadLettered":0,"lag":0}
{"event":"worker.event_error","level":"error","timestamp":"2026-09-29T03:32:29.309Z","eventId":"outbox_376397c0-bad4-4add-8584-232215fa9090","workerId":"worker-pg-continuous-192-e","attempt":1,"error":"outbox_error:conflict","operation":"outbox"}
{"event":"worker.metric","name":"worker_outbox_errors_total","value":1,"attributes":{"outcome":"error"},"timestamp":"2026-09-29T03:32:29.309Z"}
{"event":"worker.started","level":"info","timestamp":"2026-09-29T03:32:29.311Z","workerId":"worker-pg-continuous-192-f","concurrency":2,"pollIntervalMs":5,"idleMaxBackoffMs":5000,"errorBackoffMs":500,"errorMaxBackoffMs":30000,"leaseMs":1000,"heartbeatIntervalMs":333,"drainMs":5000,"backlogProbe":true,"sweeps":false,"externalEffects":false,"durable":true}
{"event":"worker.outbox.summary","level":"info","timestamp":"2026-09-29T03:32:29.311Z","workerId":"worker-pg-continuous-192-f","reason":"start","claimed":0,"processed":0,"failed":0,"deadLettered":0,"handoffs":0,"errors":0,"claimFailures":0,"leaseLost":0,"heartbeats":0,"idlePolls":0,"released":0,"lag":null,"inFlight":0}
{"event":"worker.metric","name":"worker_outbox_lag","value":0,"attributes":{"operation":"outbox"},"timestamp":"2026-09-29T03:32:29.319Z"}
{"event":"worker.idle_backoff","level":"debug","timestamp":"2026-09-29T03:32:29.319Z","workerId":"worker-pg-continuous-192-f","backoffMs":5,"lag":0}
{"event":"worker.idle_backoff","level":"debug","timestamp":"2026-09-29T03:32:29.326Z","workerId":"worker-pg-continuous-192-f","backoffMs":10,"lag":0}
{"event":"worker.idle_backoff","level":"debug","timestamp":"2026-09-29T03:32:29.338Z","workerId":"worker-pg-continuous-192-f","backoffMs":20,"lag":0}
{"event":"worker.idle_backoff","level":"debug","timestamp":"2026-09-29T03:32:29.360Z","workerId":"worker-pg-continuous-192-f","backoffMs":40,"lag":0}
{"event":"worker.idle_backoff","level":"debug","timestamp":"2026-09-29T03:32:29.403Z","workerId":"worker-pg-continuous-192-f","backoffMs":80,"lag":0}
{"event":"worker.idle_backoff","level":"debug","timestamp":"2026-09-29T03:32:29.485Z","workerId":"worker-pg-continuous-192-f","backoffMs":160,"lag":0}
{"event":"worker.idle_backoff","level":"debug","timestamp":"2026-09-29T03:32:29.648Z","workerId":"worker-pg-continuous-192-f","backoffMs":320,"lag":0}
{"event":"worker.idle_backoff","level":"debug","timestamp":"2026-09-29T03:32:29.970Z","workerId":"worker-pg-continuous-192-f","backoffMs":640,"lag":0}
{"event":"worker.outbox.summary","level":"info","timestamp":"2026-09-29T03:32:30.311Z","workerId":"worker-pg-continuous-192-f","reason":"interval","claimed":0,"processed":0,"failed":0,"deadLettered":0,"handoffs":0,"errors":0,"claimFailures":0,"leaseLost":0,"heartbeats":0,"idlePolls":8,"released":0,"lag":0,"inFlight":0}
{"event":"worker.metric","name":"worker_outbox_lag","value":0,"attributes":{"operation":"outbox"},"timestamp":"2026-09-29T03:32:30.617Z"}
{"event":"worker.idle_backoff","level":"debug","timestamp":"2026-09-29T03:32:30.618Z","workerId":"worker-pg-continuous-192-f","backoffMs":5,"lag":0}
{"event":"worker.idle_backoff","level":"debug","timestamp":"2026-09-29T03:32:30.624Z","workerId":"worker-pg-continuous-192-f","backoffMs":10,"lag":0}
{"event":"worker.metric","name":"worker_outbox_processed_total","value":1,"attributes":{"status":"processed"},"timestamp":"2026-09-29T03:32:30.626Z"}
{"event":"worker.outbox.processed","level":"info","timestamp":"2026-09-29T03:32:30.626Z","eventId":"outbox_376397c0-bad4-4add-8584-232215fa9090","workerId":"worker-pg-continuous-192-f","status":"processed","attempt":2,"leaseLost":false,"operation":"outbox"}
{"event":"worker.idle_backoff","level":"debug","timestamp":"2026-09-29T03:32:30.636Z","workerId":"worker-pg-continuous-192-f","backoffMs":20,"lag":0}
{"event":"worker.outbox.summary","level":"info","timestamp":"2026-09-29T03:32:30.645Z","workerId":"worker-pg-continuous-192-f","reason":"stop","claimed":1,"processed":1,"failed":0,"deadLettered":0,"handoffs":0,"errors":0,"claimFailures":0,"leaseLost":0,"heartbeats":0,"idlePolls":11,"released":0,"lag":0,"inFlight":0}
{"event":"worker.stopped","level":"info","timestamp":"2026-09-29T03:32:30.645Z","workerId":"worker-pg-continuous-192-f","drained":true,"released":0,"releaseFailed":0,"processed":1,"failed":0,"deadLettered":0,"lag":0}

 Test Files  35 passed (35)
      Tests  288 passed (288)
   Start at  00:31:58
   Duration  78.15s (transform 1.19s, setup 0ms, import 7.40s, tests 49.20s, environment 18.15s)

