#0 building with "default" instance using docker driver

#1 [internal] load build definition from Dockerfile
#1 transferring dockerfile: 2.20kB done
#1 DONE 0.0s

#2 resolve image config for docker-image://docker.io/docker/dockerfile:1.7
#2 DONE 0.8s

#3 docker-image://docker.io/docker/dockerfile:1.7@sha256:a57df69d0ea827fb7266491f2813635de6f17269be881f696fbfdf2d83dda33e
#3 resolve docker.io/docker/dockerfile:1.7@sha256:a57df69d0ea827fb7266491f2813635de6f17269be881f696fbfdf2d83dda33e done
#3 CACHED

#4 [internal] load metadata for docker.io/library/node:22.23.2-bookworm-slim@sha256:48e4b67d85f87bd551df43704e24d252f56cc5f8e9718841aace50f19948f0f9
#4 DONE 1.1s

#5 [internal] load metadata for docker.io/nginxinc/nginx-unprivileged:1.27-alpine@sha256:65e3e85dbaed8ba248841d9d58a899b6197106c23cb0ff1a132b7bfe0547e4c0
#5 DONE 1.1s

#6 [internal] load .dockerignore
#6 transferring context: 247B done
#6 DONE 0.0s

#7 [internal] load build context
#7 DONE 0.0s

#8 [build 1/9] FROM docker.io/library/node:22.23.2-bookworm-slim@sha256:48e4b67d85f87bd551df43704e24d252f56cc5f8e9718841aace50f19948f0f9
#8 resolve docker.io/library/node:22.23.2-bookworm-slim@sha256:48e4b67d85f87bd551df43704e24d252f56cc5f8e9718841aace50f19948f0f9 0.0s done
#8 DONE 0.1s

#9 [web 1/5] FROM docker.io/nginxinc/nginx-unprivileged:1.27-alpine@sha256:65e3e85dbaed8ba248841d9d58a899b6197106c23cb0ff1a132b7bfe0547e4c0
#9 resolve docker.io/nginxinc/nginx-unprivileged:1.27-alpine@sha256:65e3e85dbaed8ba248841d9d58a899b6197106c23cb0ff1a132b7bfe0547e4c0 0.0s done
#9 DONE 0.1s

#7 [internal] load build context
#7 transferring context: 95.75kB 0.0s done
#7 DONE 0.0s

#10 [build 3/9] COPY package.json package-lock.json ./
#10 CACHED

#11 [web 3/5] COPY deploy/nginx.web.conf /etc/nginx/conf.d/default.conf
#11 CACHED

#12 [web 4/5] RUN sed -i "s|__CVG_API_ORIGIN__|https://api.example.test:4198|g" /etc/nginx/conf.d/default.conf   && ! grep -q '__CVG_API_ORIGIN__' /etc/nginx/conf.d/default.conf
#12 CACHED

#13 [build 9/9] RUN npm ci --ignore-scripts && npm run build:web && npm run build:runtime
#13 CACHED

#14 [build 8/9] COPY scripts ./scripts
#14 CACHED

#15 [build 2/9] WORKDIR /app
#15 CACHED

#16 [web 2/5] RUN rm /usr/share/nginx/html/50x.html /usr/share/nginx/html/index.html
#16 CACHED

#17 [build 6/9] COPY packages ./packages
#17 CACHED

#18 [build 4/9] COPY tsconfig.base.json tsconfig.json tsconfig.typecheck.json tsconfig.runtime.json vite.config.mts ./
#18 CACHED

#19 [build 5/9] COPY apps ./apps
#19 CACHED

#20 [build 7/9] COPY legacy ./legacy
#20 CACHED

#21 [web 5/5] COPY --from=build /app/apps/web/dist /usr/share/nginx/html
#21 CACHED

#22 exporting to image
#22 exporting layers done
#22 exporting manifest sha256:f2ae01e8fcbaf9091b4a5caebd6f41e7c3058e63d7869ffab14741a52ebb68aa done
#22 exporting config sha256:7eb7d1726620630efe8147f36130ed174ab4a503dd837854e35193e230580127 done
#22 exporting attestation manifest sha256:1a28f04c36781f8fb40bed43d42fae8b22452bea0d3fa7b48f88402ab341538e 0.0s done
#22 exporting manifest list sha256:e6d0f2574fc9d1f18e949baa5da8524aef98239285d511bce6368f893528ab19 done
#22 naming to docker.io/library/cvg-pr302-web:ed012a4 done
#22 unpacking to docker.io/library/cvg-pr302-web:ed012a4 done
#22 DONE 0.0s
