{
  "node": "v22.23.2",
  "defaultAutoSelectFamily": true,
  "lookupCalls": [
    {
      "mode": "existing-single-result",
      "host": "transport.synthetic.invalid",
      "options": {
        "hints": 32,
        "all": true
      }
    },
    {
      "mode": "honor-all",
      "host": "transport.synthetic.invalid",
      "options": {
        "hints": 32,
        "all": true
      }
    },
    {
      "mode": "honor-all",
      "host": "transport.synthetic.invalid",
      "options": {
        "hints": 32
      }
    }
  ],
  "results": [
    {
      "mode": "existing-single-result",
      "autoSelectFamily": true,
      "outcome": "REJECTED",
      "message": "Invalid IP address: undefined"
    },
    {
      "mode": "honor-all",
      "autoSelectFamily": true,
      "outcome": "RESOLVED",
      "status": 200,
      "body": "synthetic-ok"
    },
    {
      "mode": "honor-all",
      "autoSelectFamily": false,
      "outcome": "RESOLVED",
      "status": 200,
      "body": "synthetic-ok"
    }
  ],
  "observed": 2,
  "fixtureClosed": true,
  "scope": "NodeAPIcontrol only; no productpatch or networking beyond ownloopback"
}
