{
  "results": [
    {
      "adapter": "model",
      "host": "localhost",
      "status": 200,
      "outcome": "REJECTED",
      "error": "Provider connection failed",
      "kind": "connection",
      "requests": 0
    },
    {
      "adapter": "model",
      "host": "127.0.0.1",
      "status": 200,
      "outcome": "RESOLVED",
      "text": "synthetic-model-ok",
      "requests": 1
    },
    {
      "adapter": "channel",
      "host": "127.0.0.1",
      "status": 200,
      "outcome": "RESOLVED",
      "accepted": true,
      "requests": 1
    },
    {
      "adapter": "channel",
      "host": "127.0.0.1",
      "status": 204,
      "outcome": "REJECTED",
      "error": "EvolutionAPI request failed",
      "code": "send_failed",
      "effectUnknown": true,
      "requests": 1
    }
  ],
  "requests": [
    {
      "method": "POST",
      "path": "/v1/chat/completions",
      "host": "127.0.0.1:39921",
      "bytes": 130
    },
    {
      "method": "POST",
      "path": "/message/sendText/synthetic-instance",
      "host": "127.0.0.1:39921",
      "bytes": 56
    },
    {
      "method": "POST",
      "path": "/message/sendText/synthetic-instance",
      "host": "127.0.0.1:39921",
      "bytes": 56
    }
  ],
  "dnsCalls": [
    "localhost"
  ],
  "fixtureClosed": true,
  "scope": "Publicexportedadapters+realguard+defaultNode transport; explicitlocalhomologation options and syntheticloopback responder only. No realprovider/channel/recipient; no injectedfetch."
}
