{
  "results": [
    {
      "transport": "model",
      "host": "transport.synthetic.invalid",
      "method": "GET",
      "status": 200,
      "outcome": "REJECTED",
      "errorType": "TypeError",
      "errorMessage": "Invalid IP address: undefined"
    },
    {
      "transport": "model",
      "host": "127.0.0.1",
      "method": "GET",
      "status": 200,
      "outcome": "RESOLVED",
      "actualStatus": 200,
      "bodyIsNull": false,
      "body": ""
    },
    {
      "transport": "model",
      "host": "127.0.0.1",
      "method": "GET",
      "status": 204,
      "outcome": "REJECTED",
      "errorType": "TypeError",
      "errorMessage": "Response constructor: Invalid response status code 204"
    },
    {
      "transport": "model",
      "host": "127.0.0.1",
      "method": "GET",
      "status": 205,
      "outcome": "REJECTED",
      "errorType": "TypeError",
      "errorMessage": "Response constructor: Invalid response status code 205"
    },
    {
      "transport": "model",
      "host": "127.0.0.1",
      "method": "GET",
      "status": 304,
      "outcome": "REJECTED",
      "errorType": "TypeError",
      "errorMessage": "Response constructor: Invalid response status code 304"
    },
    {
      "transport": "model",
      "host": "127.0.0.1",
      "method": "HEAD",
      "status": 200,
      "outcome": "RESOLVED",
      "actualStatus": 200,
      "bodyIsNull": false,
      "body": ""
    },
    {
      "transport": "channel",
      "host": "transport.synthetic.invalid",
      "method": "GET",
      "status": 200,
      "outcome": "REJECTED",
      "errorType": "TypeError",
      "errorMessage": "Invalid IP address: undefined"
    },
    {
      "transport": "channel",
      "host": "127.0.0.1",
      "method": "GET",
      "status": 200,
      "outcome": "RESOLVED",
      "actualStatus": 200,
      "bodyIsNull": false,
      "body": ""
    },
    {
      "transport": "channel",
      "host": "127.0.0.1",
      "method": "GET",
      "status": 204,
      "outcome": "REJECTED",
      "errorType": "TypeError",
      "errorMessage": "Response constructor: Invalid response status code 204"
    },
    {
      "transport": "channel",
      "host": "127.0.0.1",
      "method": "GET",
      "status": 205,
      "outcome": "REJECTED",
      "errorType": "TypeError",
      "errorMessage": "Response constructor: Invalid response status code 205"
    },
    {
      "transport": "channel",
      "host": "127.0.0.1",
      "method": "GET",
      "status": 304,
      "outcome": "REJECTED",
      "errorType": "TypeError",
      "errorMessage": "Response constructor: Invalid response status code 304"
    },
    {
      "transport": "channel",
      "host": "127.0.0.1",
      "method": "HEAD",
      "status": 200,
      "outcome": "RESOLVED",
      "actualStatus": 200,
      "bodyIsNull": false,
      "body": ""
    }
  ],
  "observed": 10,
  "fixtureClosed": true,
  "scope": "Exportedtransport only; directloopback fixture is not guardpermission or productionchannel"
}
