$ npm run test:postgres -- --reporter=default --reporter=json --outputFile=certification/postgres-test-report.json
# runId=run-0be9f9dcabd1-muaqyxky candidateId=0be9f9dcabd103bbf7ce7cf47f2e2b12d3502ac24f11f41b93b08eadb98b100b gate=postgres command=npm run test:postgres -- --reporter=default --reporter=json --outputFile=certification/postgres-test-report.json
# exitCode=0 durationMs=85908


> cvg-operational-harness@1.0.0 test:postgres
> vitest run --testTimeout=60000 --no-file-parallelism packages/persistence/src/__tests__/postgres-migration-smoke.test.ts packages/persistence/src/__tests__/tenant-isolation.test.ts packages/persistence/src/__tests__/platform-postgres-smoke.test.ts packages/persistence/src/__tests__/platform-approval-postgres.test.ts packages/persistence/src/__tests__/audit-evidence-checkpoint-postgres.test.ts packages/persistence/src/__tests__/session-version-pinning-postgres.test.ts packages/persistence/src/__tests__/outbox-durability.test.ts packages/persistence/src/__tests__/effect-journal-postgres.test.ts packages/persistence/src/__tests__/channel-effect-journal-postgres.test.ts apps/api/src/__tests__/postgres-persistence-mode.test.ts apps/api/src/__tests__/webhook-security.test.ts apps/api/src/__tests__/journeys-api-postgres.test.ts apps/worker/src/__tests__/postgres-outbox-bridge.integration.test.ts packages/chaos/src/__tests__/chaos-postgres.test.ts packages/persistence/src/__tests__/journeys-postgres.test.ts apps/worker/src/__tests__/continuous-worker-postgres.integration.test.ts apps/worker/src/__tests__/postgres-role-preflight.test.ts packages/persistence/src/__tests__/attendance-approval-postgres.test.ts packages/persistence/src/__tests__/journey-task-atomicity.test.ts packages/persistence/src/__tests__/runtime-approval-store-postgres.test.ts packages/persistence/src/__tests__/operational-execution-postgres.test.ts apps/worker/src/__tests__/operational-harness-process-restart.integration.test.ts apps/worker/src/__tests__/operational-harness-synthetic-effect-postgres.integration.test.ts apps/worker/src/__tests__/operational-harness-capability-postgres.integration.test.ts apps/worker/src/__tests__/kernel-composition-postgres.integration.test.ts apps/worker/src/__tests__/operational-harness-iterative.test.ts apps/worker/src/__tests__/operational-harness-iterative-postgres.integration.test.ts apps/api/src/__tests__/approval-decision-atomicity-postgres.test.ts packages/persistence/src/__tests__/outbox-content-binding-postgres.test.ts apps/api/src/__tests__/tenant-schema-inventory-postgres.test.ts apps/api/src/__tests__/trusted-replay-distributed-postgres.test.ts apps/api/src/__tests__/rate-limit-distributed-postgres.test.ts apps/worker/src/__tests__/operational-harness-homolog.integration.test.ts apps/api/src/__tests__/homolog-correlation-postgres.test.ts apps/worker/src/__tests__/homolog-health-postgres.test.ts --reporter=default --reporter=json --outputFile=certification/postgres-test-report.json


 RUN  v4.1.11 /home/ricardo/Área de trabalho/cvg-operational-harness

 ✓ apps/worker/src/__tests__/operational-harness-iterative.test.ts (5 tests) 197ms
 ✓ apps/api/src/__tests__/webhook-security.test.ts (16 tests) 264ms
 ✓ apps/api/src/__tests__/postgres-persistence-mode.test.ts (45 tests) 2885ms
     ✓ commits and rolls back the tenant-scoped runtime finalizer atomically  663ms
     ✓ validates tenant-scoped startup with separate migration and runtime roles  874ms
     ✓ rejects missing rate-limit table or index before PostgreSQL startup  655ms
 ✓ packages/persistence/src/__tests__/tenant-isolation.test.ts (14 tests) 1456ms
     ✓ enforces cross-tenant isolation with a non-BYPASSRLS role and resets pooled context  719ms
     ✓ quarantines legacy tenant mismatches before enabling RLS  713ms
 ✓ packages/persistence/src/__tests__/journeys-postgres.test.ts (24 tests) 1468ms
     ✓ applies 0014 additively over a 0013 database and preserves prior data  628ms
 ✓ packages/persistence/src/__tests__/postgres-migration-smoke.test.ts (8 tests) 153ms
 ✓ packages/persistence/src/__tests__/audit-evidence-checkpoint-postgres.test.ts (2 tests) 16ms
 ✓ packages/persistence/src/__tests__/journey-task-atomicity.test.ts (8 tests) 681ms
 ✓ apps/worker/src/__tests__/kernel-composition-postgres.integration.test.ts (10 tests) 1102ms
 ✓ apps/worker/src/__tests__/homolog-health-postgres.test.ts (5 tests) 636ms
     ✓ reports healthy dependencies with queue depth  628ms
 ✓ packages/persistence/src/__tests__/channel-effect-journal-postgres.test.ts (12 tests) 790ms
 ✓ apps/api/src/__tests__/rate-limit-distributed-postgres.test.ts (6 tests) 2817ms
     ✓ shares one budget across instances and restarts  673ms
     ✓ resets the budget when the window expires  1001ms
     ✓ enforces the shared budget at the HTTP boundary  1138ms
 ✓ apps/worker/src/__tests__/postgres-outbox-bridge.integration.test.ts (2 tests) 971ms
     ✓ consumes the event written by the API through a separate worker pool  969ms
 ✓ packages/persistence/src/__tests__/outbox-durability.test.ts (6 tests) 2009ms
     ✓ backfills a legacy processed row while RLS is already forced  352ms
     ✓ redacts legacy rows without making routable pending work disappear  361ms
     ✓ claims once across two connections, journals at-least-once ack, retries and requeues in-place  666ms
     ✓ commits inbound message and durable intent together  624ms
 ✓ packages/persistence/src/__tests__/effect-journal-postgres.test.ts (10 tests) 793ms
 ✓ packages/persistence/src/__tests__/operational-execution-postgres.test.ts (3 tests) 787ms
 ✓ packages/persistence/src/__tests__/session-version-pinning-postgres.test.ts (2 tests) 621ms
     ✓ binds sessions atomically under the tenant-aware migration and never replaces the pin  617ms
{"event":"worker.started","level":"info","timestamp":"2026-09-21T04:43:27.756Z","workerId":"worker-pg-continuous-192-a","concurrency":2,"pollIntervalMs":5,"idleMaxBackoffMs":5000,"errorBackoffMs":500,"errorMaxBackoffMs":30000,"leaseMs":1000,"heartbeatIntervalMs":333,"drainMs":5000,"backlogProbe":true,"sweeps":false,"externalEffects":false,"durable":true}
{"event":"worker.outbox.summary","level":"info","timestamp":"2026-09-21T04:43:27.757Z","workerId":"worker-pg-continuous-192-a","reason":"start","claimed":0,"processed":0,"failed":0,"deadLettered":0,"handoffs":0,"errors":0,"claimFailures":0,"leaseLost":0,"heartbeats":0,"idlePolls":0,"released":0,"lag":null,"inFlight":0}
{"event":"worker.metric","name":"worker_outbox_lag","value":0,"attributes":{"operation":"outbox"},"timestamp":"2026-09-21T04:43:27.779Z"}
{"event":"worker.idle_backoff","level":"debug","timestamp":"2026-09-21T04:43:27.779Z","workerId":"worker-pg-continuous-192-a","backoffMs":5,"lag":0}
{"event":"worker.idle_backoff","level":"debug","timestamp":"2026-09-21T04:43:27.787Z","workerId":"worker-pg-continuous-192-a","backoffMs":10,"lag":0}
{"event":"worker.metric","name":"worker_outbox_processed_total","value":1,"attributes":{"status":"processed"},"timestamp":"2026-09-21T04:43:27.793Z"}
{"event":"worker.outbox.processed","level":"info","timestamp":"2026-09-21T04:43:27.793Z","eventId":"outbox_052abfb6-c873-44b0-bfd1-35ae7e65b8e2","workerId":"worker-pg-continuous-192-a","status":"processed","attempt":1,"leaseLost":false,"operation":"outbox"}
{"event":"worker.idle_backoff","level":"debug","timestamp":"2026-09-21T04:43:27.800Z","workerId":"worker-pg-continuous-192-a","backoffMs":20,"lag":0}
{"event":"worker.outbox.summary","level":"info","timestamp":"2026-09-21T04:43:27.811Z","workerId":"worker-pg-continuous-192-a","reason":"stop","claimed":1,"processed":1,"failed":0,"deadLettered":0,"handoffs":0,"errors":0,"claimFailures":0,"leaseLost":0,"heartbeats":0,"idlePolls":3,"released":0,"lag":0,"inFlight":0}
{"event":"worker.stopped","level":"info","timestamp":"2026-09-21T04:43:27.811Z","workerId":"worker-pg-continuous-192-a","drained":true,"released":0,"releaseFailed":0,"processed":1,"failed":0,"deadLettered":0,"lag":0}
{"event":"worker.started","level":"info","timestamp":"2026-09-21T04:43:27.818Z","workerId":"worker-pg-continuous-192-b","concurrency":2,"pollIntervalMs":5,"idleMaxBackoffMs":5000,"errorBackoffMs":500,"errorMaxBackoffMs":30000,"leaseMs":1000,"heartbeatIntervalMs":333,"drainMs":5000,"backlogProbe":true,"sweeps":false,"externalEffects":false,"durable":true}
{"event":"worker.outbox.summary","level":"info","timestamp":"2026-09-21T04:43:27.818Z","workerId":"worker-pg-continuous-192-b","reason":"start","claimed":0,"processed":0,"failed":0,"deadLettered":0,"handoffs":0,"errors":0,"claimFailures":0,"leaseLost":0,"heartbeats":0,"idlePolls":0,"released":0,"lag":null,"inFlight":0}
{"event":"worker.metric","name":"worker_outbox_lag","value":0,"attributes":{"operation":"outbox"},"timestamp":"2026-09-21T04:43:27.838Z"}
{"event":"worker.metric","name":"worker_outbox_dead_lettered_total","value":1,"attributes":{"status":"dead_letter"},"timestamp":"2026-09-21T04:43:27.849Z"}
{"event":"worker.outbox.dead_letter","level":"info","timestamp":"2026-09-21T04:43:27.849Z","eventId":"outbox_653fe4ad-623e-48d4-a589-02671d422716","workerId":"worker-pg-continuous-192-b","status":"dead_letter","attempt":1,"leaseLost":false,"error":"[redacted-outbox-error]","operation":"outbox"}
{"event":"worker.metric","name":"worker_outbox_processed_total","value":1,"attributes":{"status":"processed"},"timestamp":"2026-09-21T04:43:27.851Z"}
{"event":"worker.outbox.processed","level":"info","timestamp":"2026-09-21T04:43:27.851Z","eventId":"outbox_a5f8367c-77b3-4a3c-bafe-5d2866853d5a","workerId":"worker-pg-continuous-192-b","status":"processed","attempt":1,"leaseLost":false,"operation":"outbox"}
{"event":"worker.idle_backoff","level":"debug","timestamp":"2026-09-21T04:43:27.857Z","workerId":"worker-pg-continuous-192-b","backoffMs":5,"lag":0}
{"event":"worker.idle_backoff","level":"debug","timestamp":"2026-09-21T04:43:27.864Z","workerId":"worker-pg-continuous-192-b","backoffMs":10,"lag":0}
{"event":"worker.outbox.summary","level":"info","timestamp":"2026-09-21T04:43:27.872Z","workerId":"worker-pg-continuous-192-b","reason":"stop","claimed":2,"processed":1,"failed":0,"deadLettered":1,"handoffs":0,"errors":0,"claimFailures":0,"leaseLost":0,"heartbeats":0,"idlePolls":2,"released":0,"lag":0,"inFlight":0}
{"event":"worker.stopped","level":"info","timestamp":"2026-09-21T04:43:27.872Z","workerId":"worker-pg-continuous-192-b","drained":true,"released":0,"releaseFailed":0,"processed":1,"failed":0,"deadLettered":1,"lag":0}
{"event":"worker.started","level":"info","timestamp":"2026-09-21T04:43:28.699Z","workerId":"worker-pg-continuous-192-d","concurrency":2,"pollIntervalMs":5,"idleMaxBackoffMs":5000,"errorBackoffMs":500,"errorMaxBackoffMs":30000,"leaseMs":1000,"heartbeatIntervalMs":333,"drainMs":5000,"backlogProbe":true,"sweeps":false,"externalEffects":false,"durable":true}
{"event":"worker.outbox.summary","level":"info","timestamp":"2026-09-21T04:43:28.699Z","workerId":"worker-pg-continuous-192-d","reason":"start","claimed":0,"processed":0,"failed":0,"deadLettered":0,"handoffs":0,"errors":0,"claimFailures":0,"leaseLost":0,"heartbeats":0,"idlePolls":0,"released":0,"lag":null,"inFlight":0}
{"event":"worker.metric","name":"worker_outbox_lag","value":0,"attributes":{"operation":"outbox"},"timestamp":"2026-09-21T04:43:28.718Z"}
{"event":"worker.metric","name":"worker_outbox_processed_total","value":1,"attributes":{"status":"processed"},"timestamp":"2026-09-21T04:43:28.730Z"}
{"event":"worker.outbox.processed","level":"info","timestamp":"2026-09-21T04:43:28.730Z","eventId":"outbox_e478ac44-ea3e-4802-b386-7bb99ae10cd3","workerId":"worker-pg-continuous-192-d","status":"processed","attempt":1,"leaseLost":false,"operation":"outbox"}
{"event":"worker.metric","name":"worker_outbox_processed_total","value":1,"attributes":{"status":"processed"},"timestamp":"2026-09-21T04:43:28.733Z"}
{"event":"worker.outbox.processed","level":"info","timestamp":"2026-09-21T04:43:28.733Z","eventId":"outbox_abb2ebfc-5c27-41f7-b54a-d79d35d00469","workerId":"worker-pg-continuous-192-d","status":"processed","attempt":1,"leaseLost":false,"operation":"outbox"}
{"event":"worker.idle_backoff","level":"debug","timestamp":"2026-09-21T04:43:28.736Z","workerId":"worker-pg-continuous-192-d","backoffMs":5,"lag":0}
{"event":"worker.idle_backoff","level":"debug","timestamp":"2026-09-21T04:43:28.743Z","workerId":"worker-pg-continuous-192-d","backoffMs":10,"lag":0}
{"event":"worker.outbox.summary","level":"info","timestamp":"2026-09-21T04:43:28.749Z","workerId":"worker-pg-continuous-192-d","reason":"stop","claimed":2,"processed":2,"failed":0,"deadLettered":0,"handoffs":0,"errors":0,"claimFailures":0,"leaseLost":0,"heartbeats":0,"idlePolls":2,"released":0,"lag":0,"inFlight":0}
{"event":"worker.stopped","level":"info","timestamp":"2026-09-21T04:43:28.750Z","workerId":"worker-pg-continuous-192-d","drained":true,"released":0,"releaseFailed":0,"processed":2,"failed":0,"deadLettered":0,"lag":0}
{"event":"worker.started","level":"info","timestamp":"2026-09-21T04:43:28.753Z","workerId":"worker-pg-continuous-192-e","concurrency":1,"pollIntervalMs":5,"idleMaxBackoffMs":5000,"errorBackoffMs":500,"errorMaxBackoffMs":30000,"leaseMs":1000,"heartbeatIntervalMs":333,"drainMs":5000,"backlogProbe":true,"sweeps":false,"externalEffects":false,"durable":true}
{"event":"worker.outbox.summary","level":"info","timestamp":"2026-09-21T04:43:28.753Z","workerId":"worker-pg-continuous-192-e","reason":"start","claimed":0,"processed":0,"failed":0,"deadLettered":0,"handoffs":0,"errors":0,"claimFailures":0,"leaseLost":0,"heartbeats":0,"idlePolls":0,"released":0,"lag":null,"inFlight":0}
{"event":"worker.metric","name":"worker_outbox_lag","value":0,"attributes":{"operation":"outbox"},"timestamp":"2026-09-21T04:43:28.771Z"}
{"event":"worker.shutdown_release","level":"warn","timestamp":"2026-09-21T04:43:28.810Z","eventId":"outbox_7a1e45d3-b558-4187-90be-a89ddb85b7c0","workerId":"worker-pg-continuous-192-e","operation":"outbox"}
{"event":"worker.metric","name":"worker_outbox_shutdown_releases_total","value":1,"attributes":{"outcome":"released"},"timestamp":"2026-09-21T04:43:28.810Z"}
{"event":"worker.outbox.summary","level":"info","timestamp":"2026-09-21T04:43:28.810Z","workerId":"worker-pg-continuous-192-e","reason":"stop","claimed":1,"processed":0,"failed":0,"deadLettered":0,"handoffs":0,"errors":0,"claimFailures":0,"leaseLost":0,"heartbeats":0,"idlePolls":0,"released":1,"lag":0,"inFlight":1}
{"event":"worker.stopped","level":"info","timestamp":"2026-09-21T04:43:28.811Z","workerId":"worker-pg-continuous-192-e","drained":false,"released":1,"releaseFailed":0,"processed":0,"failed":0,"deadLettered":0,"lag":0}
{"event":"worker.event_error","level":"error","timestamp":"2026-09-21T04:43:28.814Z","eventId":"outbox_7a1e45d3-b558-4187-90be-a89ddb85b7c0","workerId":"worker-pg-continuous-192-e","attempt":1,"error":"outbox_error:conflict","operation":"outbox"}
{"event":"worker.metric","name":"worker_outbox_errors_total","value":1,"attributes":{"outcome":"error"},"timestamp":"2026-09-21T04:43:28.814Z"}
{"event":"worker.started","level":"info","timestamp":"2026-09-21T04:43:28.816Z","workerId":"worker-pg-continuous-192-f","concurrency":2,"pollIntervalMs":5,"idleMaxBackoffMs":5000,"errorBackoffMs":500,"errorMaxBackoffMs":30000,"leaseMs":1000,"heartbeatIntervalMs":333,"drainMs":5000,"backlogProbe":true,"sweeps":false,"externalEffects":false,"durable":true}
{"event":"worker.outbox.summary","level":"info","timestamp":"2026-09-21T04:43:28.817Z","workerId":"worker-pg-continuous-192-f","reason":"start","claimed":0,"processed":0,"failed":0,"deadLettered":0,"handoffs":0,"errors":0,"claimFailures":0,"leaseLost":0,"heartbeats":0,"idlePolls":0,"released":0,"lag":null,"inFlight":0}
{"event":"worker.metric","name":"worker_outbox_lag","value":0,"attributes":{"operation":"outbox"},"timestamp":"2026-09-21T04:43:28.831Z"}
{"event":"worker.idle_backoff","level":"debug","timestamp":"2026-09-21T04:43:28.831Z","workerId":"worker-pg-continuous-192-f","backoffMs":5,"lag":0}
{"event":"worker.idle_backoff","level":"debug","timestamp":"2026-09-21T04:43:28.839Z","workerId":"worker-pg-continuous-192-f","backoffMs":10,"lag":0}
{"event":"worker.idle_backoff","level":"debug","timestamp":"2026-09-21T04:43:28.852Z","workerId":"worker-pg-continuous-192-f","backoffMs":20,"lag":0}
{"event":"worker.idle_backoff","level":"debug","timestamp":"2026-09-21T04:43:28.874Z","workerId":"worker-pg-continuous-192-f","backoffMs":40,"lag":0}
{"event":"worker.idle_backoff","level":"debug","timestamp":"2026-09-21T04:43:28.917Z","workerId":"worker-pg-continuous-192-f","backoffMs":80,"lag":0}
{"event":"worker.idle_backoff","level":"debug","timestamp":"2026-09-21T04:43:28.999Z","workerId":"worker-pg-continuous-192-f","backoffMs":160,"lag":0}
{"event":"worker.idle_backoff","level":"debug","timestamp":"2026-09-21T04:43:29.162Z","workerId":"worker-pg-continuous-192-f","backoffMs":320,"lag":0}
{"event":"worker.idle_backoff","level":"debug","timestamp":"2026-09-21T04:43:29.484Z","workerId":"worker-pg-continuous-192-f","backoffMs":640,"lag":0}
{"event":"worker.outbox.summary","level":"info","timestamp":"2026-09-21T04:43:29.817Z","workerId":"worker-pg-continuous-192-f","reason":"interval","claimed":0,"processed":0,"failed":0,"deadLettered":0,"handoffs":0,"errors":0,"claimFailures":0,"leaseLost":0,"heartbeats":0,"idlePolls":8,"released":0,"lag":0,"inFlight":0}
{"event":"worker.metric","name":"worker_outbox_lag","value":0,"attributes":{"operation":"outbox"},"timestamp":"2026-09-21T04:43:30.133Z"}
{"event":"worker.idle_backoff","level":"debug","timestamp":"2026-09-21T04:43:30.133Z","workerId":"worker-pg-continuous-192-f","backoffMs":5,"lag":0}
{"event":"worker.idle_backoff","level":"debug","timestamp":"2026-09-21T04:43:30.141Z","workerId":"worker-pg-continuous-192-f","backoffMs":10,"lag":0}
{"event":"worker.metric","name":"worker_outbox_processed_total","value":1,"attributes":{"status":"processed"},"timestamp":"2026-09-21T04:43:30.149Z"}
{"event":"worker.outbox.processed","level":"info","timestamp":"2026-09-21T04:43:30.149Z","eventId":"outbox_7a1e45d3-b558-4187-90be-a89ddb85b7c0","workerId":"worker-pg-continuous-192-f","status":"processed","attempt":2,"leaseLost":false,"operation":"outbox"}
{"event":"worker.idle_backoff","level":"debug","timestamp":"2026-09-21T04:43:30.155Z","workerId":"worker-pg-continuous-192-f","backoffMs":20,"lag":0}
{"event":"worker.outbox.summary","level":"info","timestamp":"2026-09-21T04:43:30.155Z","workerId":"worker-pg-continuous-192-f","reason":"stop","claimed":1,"processed":1,"failed":0,"deadLettered":0,"handoffs":0,"errors":0,"claimFailures":0,"leaseLost":0,"heartbeats":0,"idlePolls":11,"released":0,"lag":0,"inFlight":0}
{"event":"worker.stopped","level":"info","timestamp":"2026-09-21T04:43:30.155Z","workerId":"worker-pg-continuous-192-f","drained":true,"released":0,"releaseFailed":0,"processed":1,"failed":0,"deadLettered":0,"lag":0}
 ✓ apps/worker/src/__tests__/continuous-worker-postgres.integration.test.ts (2 tests) 3083ms
     ✓ consumes events across a simulated restart and dead-letters a poison event  793ms
     ✓ observes queue lag, completes in-flight work on shutdown and releases bounded leases  2288ms
 ✓ apps/worker/src/__tests__/operational-harness-capability-postgres.integration.test.ts (4 tests) 2875ms
     ✓ replays a confirmed capability effect after a fresh pool/composition and isolates tenants  709ms
     ✓ persists an uncertain capability effect and rejects retry after fresh composition  657ms
     ✓ executes the capability through the durable PostgreSQL worker path for isolated tenants  743ms
     ✓ recovers a durable approval and executes the capability after fresh worker composition  765ms
 ✓ apps/worker/src/__tests__/operational-harness-homolog.integration.test.ts (3 tests) 6767ms
     ✓ reclaims a SIGKILLed claim in a second process with one terminal outcome  3602ms
     ✓ refuses to start without arming, database or outside homolog scope  922ms
     ✓ drains cleanly on SIGTERM with no work pending  2240ms
 ✓ apps/worker/src/__tests__/operational-harness-iterative-postgres.integration.test.ts (1 test) 931ms
     ✓ persists steps/checkpoints, isolates tenants, and resumes WAITING_USER on a fresh pool  930ms
 ✓ apps/worker/src/__tests__/operational-harness-process-restart.integration.test.ts (1 test) 1736ms
     ✓ reclaims a child-process claim after fault and completes with competing worker authority  1734ms
 ✓ apps/worker/src/__tests__/operational-harness-synthetic-effect-postgres.integration.test.ts (1 test) 820ms
     ✓ persists HTTP acceptance, one journaled synthetic effect, replay, and status  819ms
 ✓ apps/worker/src/__tests__/postgres-role-preflight.test.ts (13 tests) 948ms
 ✓ apps/api/src/__tests__/approval-decision-atomicity-postgres.test.ts (8 tests) 5347ms
     ✓ applies migration 0021 exactly-once guard  635ms
     ✓ blocks migration 0021 when legacy duplicate decision keys exist  649ms
     ✓ rejects a valid-looking index with the wrong definition  606ms
     ✓ rejects an invalid and not-ready unique index  613ms
     ✓ converges concurrent applications of migration 0021  618ms
     ✓ retries converge with exactly one audit event after an injected crash  818ms
     ✓ identical concurrent decisions keep one winner and one audit event  690ms
     ✓ worker recovery preserves the decision envelope after audit failure  715ms
 ✓ apps/api/src/__tests__/homolog-correlation-postgres.test.ts (1 test) 852ms
     ✓ binds the response correlation to one PII-free audit event  851ms
 ✓ apps/api/src/__tests__/journeys-api-postgres.test.ts (10 tests) 1606ms
     ✓ applies migration 0014 during postgres startup before serving journeys  615ms
 ✓ apps/api/src/__tests__/tenant-schema-inventory-postgres.test.ts (4 tests) 2580ms
     ✓ every tenant_id table in the catalog is inventoried and verified  651ms
     ✓ fails when a tenant-scoped table is removed  617ms
     ✓ fails when migration 0022 is not applied  644ms
     ✓ fails a least-privilege role without grants on new tables  667ms
 ✓ apps/api/src/__tests__/trusted-replay-distributed-postgres.test.ts (2 tests) 1494ms
     ✓ rejects the same token on a second process and after restart  845ms
     ✓ fails closed when the replay store is unavailable  647ms
 ✓ packages/chaos/src/__tests__/chaos-postgres.test.ts (2 tests) 59ms
 ✓ packages/persistence/src/__tests__/attendance-approval-postgres.test.ts (1 test) 654ms
     ✓ forces two connections past the same pending read and rolls back failed audit  652ms
 ✓ packages/persistence/src/__tests__/outbox-content-binding-postgres.test.ts (3 tests) 2026ms
     ✓ returns the same record for an identical replay across instances  645ms
     ✓ rejects divergent type/payload/version without mutating the winner  692ms
     ✓ lets one concurrent divergent writer win and rejects the other  687ms
 ✓ packages/persistence/src/__tests__/platform-approval-postgres.test.ts (2 tests) 1459ms
     ✓ persists bindings and consumes approvals atomically exactly once  791ms
     ✓ enforces tenant visibility for the durable approval table under FORCE RLS  666ms
 ✓ packages/persistence/src/__tests__/platform-postgres-smoke.test.ts (5 tests) 3227ms
     ✓ persists an immutable published version and a tenant-scoped trace  665ms
     ✓ persists versioned suites and redacted A/B run metadata under tenant RLS  641ms
     ✓ persists tenant-scoped plugin metadata with immutable identity and guarded status  622ms
     ✓ persists tenant-scoped knowledge source metadata without content or lifecycle bypass  666ms
     ✓ persists a validated release-candidate evidence ledger without mutating the version  631ms
 ✓ packages/persistence/src/__tests__/runtime-approval-store-postgres.test.ts (11 tests) 1448ms
     ✓ applies 0015 additively over 0014 with the checksum guard  634ms

 Test Files  35 passed (35)
      Tests  252 passed (252)
   Start at  01:42:54
   Duration  85.43s (transform 1.17s, setup 0ms, import 7.92s, tests 55.56s, environment 18.25s)

JSON report written to /home/ricardo/Área de trabalho/cvg-operational-harness/certification/postgres-test-report.json
