{
  "result": "CONFIRMED_COUNTEREXAMPLE",
  "externalEffects": 0,
  "boundary": "public file journal; explicit malformed version becomes legacy",
  "results": [
    {
      "storedVersion": null,
      "outcome": "reserved",
      "bytesChanged": true,
      "claimSendAllowed": true
    },
    {
      "storedVersion": 7,
      "outcome": "reserved",
      "bytesChanged": true,
      "claimSendAllowed": true
    },
    {
      "storedVersion": "",
      "outcome": "reserved",
      "bytesChanged": true,
      "claimSendAllowed": true
    },
    {
      "storedVersion": false,
      "outcome": "reserved",
      "bytesChanged": true,
      "claimSendAllowed": true
    },
    {
      "storedVersion": {},
      "outcome": "reserved",
      "bytesChanged": true,
      "claimSendAllowed": true
    },
    {
      "storedVersion": "unknown-algorithm-v9",
      "outcome": "version_mismatch",
      "bytesChanged": false,
      "claimSendAllowed": false
    }
  ]
}
probe_exit=0
