
 RUN  v4.1.11 /home/ricardo/cvg-agent-secretary-v2

 ❯ packages/channel-gateway/src/__tests__/channel-effect-malformed-version.test.ts (6 tests | 3 failed) 109ms
     × decideReserve treats only the absent property as legacy 13ms
     × file adapter rejects malformed persisted versions without mutating bytes 11ms
     × all mutating methods fail closed on a malformed version without mutation 2ms

⎯⎯⎯⎯⎯⎯⎯ Failed Tests 3 ⎯⎯⎯⎯⎯⎯⎯

 FAIL  packages/channel-gateway/src/__tests__/channel-effect-malformed-version.test.ts > AAA12-C4-F01 missing vs malformed hashVersion > decideReserve treats only the absent property as legacy
AssertionError: PENDING null/legacy: expected 'takeover' to be 'version_mismatch' // Object.is equality

Expected: "version_mismatch"
Received: "takeover"

 ❯ packages/channel-gateway/src/__tests__/channel-effect-malformed-version.test.ts:193:117
    191|       for (const [label, value] of INVALID_VERSIONS) {
    192|         const invalid = buildRecord(identity, value, base) as unknown …
    193|         expect(decideReserve(invalid, input(identity, LEGACY_HASH_VERS…
       |                                                                                                                     ^
    194|           'version_mismatch'
    195|         )

⎯⎯⎯⎯⎯⎯⎯⎯⎯⎯⎯⎯⎯⎯⎯⎯⎯⎯⎯⎯⎯⎯⎯⎯[1/3]⎯

 FAIL  packages/channel-gateway/src/__tests__/channel-effect-malformed-version.test.ts > AAA12-C4-F01 missing vs malformed hashVersion > file adapter rejects malformed persisted versions without mutating bytes
AssertionError: unknown string/PENDING/claimSend: expected ChannelError: Channel operation lease is … { …(3) } to match object { code: 'hash_algorithm_mismatch' }
(3 matching properties omitted from actual)

- Expected
+ Received

- {
-   "code": "hash_algorithm_mismatch",
+ ChannelError {
+   "code": "lease_lost",
  }

 ❯ packages/channel-gateway/src/__tests__/channel-effect-malformed-version.test.ts:233:10
    231|           journal.claimSend(identity, 'c4-owner'),
    232|           `${label}/${state}/claimSend`
    233|         ).rejects.toMatchObject({ code: 'hash_algorithm_mismatch' })
       |          ^
    234|         expect(await readFile(seeded.path, 'utf8'), `${label}/${state}…
    235|           seeded.json

⎯⎯⎯⎯⎯⎯⎯⎯⎯⎯⎯⎯⎯⎯⎯⎯⎯⎯⎯⎯⎯⎯⎯⎯[2/3]⎯

 FAIL  packages/channel-gateway/src/__tests__/channel-effect-malformed-version.test.ts > AAA12-C4-F01 missing vs malformed hashVersion > all mutating methods fail closed on a malformed version without mutation
AssertionError: expected 'legacy-local-v1' to be null

- Expected:
null

+ Received:
"legacy-local-v1"

 ❯ packages/channel-gateway/src/__tests__/channel-effect-malformed-version.test.ts:255:7
    253|     expect(
    254|       (found as unknown as { hashVersion: unknown } | undefined)?.hash…
    255|     ).toBeNull()
       |       ^
    256|
    257|     const result: OutboundResult = {

⎯⎯⎯⎯⎯⎯⎯⎯⎯⎯⎯⎯⎯⎯⎯⎯⎯⎯⎯⎯⎯⎯⎯⎯[3/3]⎯


 Test Files  1 failed (1)
      Tests  3 failed | 3 passed (6)
   Start at  19:15:02
   Duration  958ms (transform 121ms, setup 0ms, import 206ms, tests 109ms, environment 523ms)

