BEGIN
CREATE SCHEMA
SET
CREATE TABLE
CREATE INDEX
BASELINE_CONSTRAINTS
                   conname                    |       conrelid        | contype | convalidated |                                                                                   definition
----------------------------------------------+-----------------------+---------+--------------+---------------------------------------------------------------------------------------------------------------------------------------------------------------------------------
 webhook_replay_events_event_key_check        | webhook_replay_events | c       | t            | CHECK (btrim(event_key) <> ''::text)
 webhook_replay_events_fencing_check          | webhook_replay_events | c       | t            | CHECK (status = 'reserved'::text AND lease_generation > 0 AND lease_token IS NOT NULL AND btrim(lease_token) <> ''::text OR status = 'committed'::text AND lease_token IS NULL)
 webhook_replay_events_lease_generation_check | webhook_replay_events | c       | t            | CHECK (lease_generation >= 0)
 webhook_replay_events_pkey                   | webhook_replay_events | p       | t            | PRIMARY KEY (event_key)
 webhook_replay_events_status_check           | webhook_replay_events | c       | t            | CHECK (status = ANY (ARRAY['reserved'::text, 'committed'::text]))
(5 rows)

ALTER TABLE
CREATE TABLE
DECOY_MATCHES_CURRENT_NAME_QUERY
               conname               |   conrelid    | pg_get_constraintdef
-------------------------------------+---------------+----------------------
 webhook_replay_events_fencing_check | decoy_fencing | CHECK (true)
(1 row)

                 ?column?
------------------------------------------
 decoy_all_required_constraint_names=true
(1 row)

DROP TABLE
ALTER TABLE
PERMISSIVE_MATCHES_CURRENT_NAME_QUERY
               conname               |       conrelid        | pg_get_constraintdef
-------------------------------------+-----------------------+----------------------
 webhook_replay_events_fencing_check | webhook_replay_events | CHECK (true)
(1 row)

                   ?column?
-----------------------------------------------
 permissive_all_required_constraint_names=true
(1 row)

ROLLBACK
CLEANUP_CHECK
 residual_schema_count
-----------------------
                     0
(1 row)
