$ npm run build
# runId=run-df8ebc386299-muo3wxz3 candidateId=df8ebc3862992639f7c836d0a2f8eaabda7ad80cfb8714b661c69ab3ba7c56aa gate=build command=npm run build
# exitCode=0 durationMs=13249


> cvg-operational-harness@1.0.0 build
> npm run typecheck && npm run build:web


> cvg-operational-harness@1.0.0 typecheck
> tsc -p tsconfig.typecheck.json --noEmit


> cvg-operational-harness@1.0.0 build:web
> vite --config vite.config.mts build apps/web

vite v8.2.2 building client environment for production...
transforming...
✓ 171 modules transformed.
rendering chunks...
computing gzip size...
apps/web/dist/index.html                                              0.40 kB │ gzip:   0.27 kB
apps/web/dist/assets/inter-vietnamese-wght-normal-CBcvBZtf.woff2     10.25 kB
apps/web/dist/assets/inter-greek-ext-wght-normal-DlzME5K_.woff2      11.23 kB
apps/web/dist/assets/inter-cyrillic-wght-normal-DqGufNeO.woff2       18.74 kB
apps/web/dist/assets/inter-greek-wght-normal-CkhJZR-_.woff2          18.99 kB
apps/web/dist/assets/inter-cyrillic-ext-wght-normal-BOeWTOD4.woff2   25.96 kB
apps/web/dist/assets/inter-latin-wght-normal-Dx4kXJAl.woff2          48.25 kB
apps/web/dist/assets/inter-latin-ext-wght-normal-DO1Apj_S.woff2      85.06 kB
apps/web/dist/assets/index-BA4ZI1ya.css                              13.12 kB │ gzip:   3.67 kB
apps/web/dist/assets/index-BhRHS43T.js                              602.01 kB │ gzip: 168.33 kB

✓ built in 249ms

[plugin builtin:vite-reporter]
(!) Some chunks are larger than 500 kB after minification. Consider:
- Using dynamic import() to code-split the application
- Use build.rolldownOptions.output.codeSplitting to improve chunking: https://rolldown.rs/reference/OutputOptions.codeSplitting
- Adjust chunk size limit for this warning via build.chunkSizeWarningLimit.
