$ npm run audit:security
# runId=run-df8ebc386299-muo3wxz3 candidateId=df8ebc3862992639f7c836d0a2f8eaabda7ad80cfb8714b661c69ab3ba7c56aa gate=security command=npm run audit:security
# exitCode=1 durationMs=834


> cvg-operational-harness@1.0.0 audit:security
> npm audit --audit-level=high

# npm audit report

brace-expansion  4.0.0 - 5.0.11
Severity: high
brace-expansion: Quadratic-time expansion of the `{a},b}` rewrite causes CPU denial of service - https://github.com/advisories/GHSA-q2hr-2g5m-vwhr
brace-expansion: DoS via uncontrolled recursion on nested brace groups causing stack exhaustion - https://github.com/advisories/GHSA-qhr7-859c-m2p7
brace-expansion: DoS via uncontrolled recursion in parseCommaParts causing stack exhaustion - https://github.com/advisories/GHSA-6j4f-fj2g-mc7p
fix available via `npm audit fix`
node_modules/brace-expansion

fast-uri  3.0.0 - 3.1.7 || 4.0.0 - 4.1.4
Severity: high
fast-uri vulnerable to authority injection via an unvalidated port in serialize - https://github.com/advisories/GHSA-qw65-cvwx-89v3
fast-uri vulnerable to host confusion via an unclosed bracket in the URI authority - https://github.com/advisories/GHSA-58mr-gqgx-xq4g
fast-uri vulnerable to inconsistent host case normalization via percent-encoded octets - https://github.com/advisories/GHSA-hrr3-gc8f-f4qj
fast-uri vulnerable to inconsistent host case normalization via percent-encoded octets - https://github.com/advisories/GHSA-hrr3-gc8f-f4qj
fast-uri vulnerable to mailto header injection via percent-encoded field-name desynchronization - https://github.com/advisories/GHSA-jvvf-x445-j334
fix available via `npm audit fix`
node_modules/fast-uri
node_modules/fastify/node_modules/fast-json-stringify/node_modules/fast-uri

undici  7.0.0 - 7.29.0
Severity: high
undici vulnerable to Denial of Service via unhandled error in WebSocket permessage-deflate decompression - https://github.com/advisories/GHSA-3wwx-pv8p-q78v
undici vulnerable to Denial of Service via orphaned RetryHandler response body - https://github.com/advisories/GHSA-pmjh-fq2x-6v4x
undici vulnerable to downstream response splitting via retry interceptor - https://github.com/advisories/GHSA-r53p-7pc4-xj5r
undici vulnerable to Denial of Service via unrequested WebSocket subprotocol - https://github.com/advisories/GHSA-rfgv-xxqx-mfg5
undici vulnerable to Denial of Service via unbounded decompression of compressed responses - https://github.com/advisories/GHSA-3xpg-4rpp-hhhm
undici vulnerable to cross-user cookie disclosure via Set-Cookie caching in shared caches - https://github.com/advisories/GHSA-2jfj-6hjv-fm6j
undici vulnerable to response truncation via oversized chunked responses in the dump interceptor - https://github.com/advisories/GHSA-2gqq-gqf2-x968
undici vulnerable to TLS certificate validation bypass via dropped connect options in BalancedPool - https://github.com/advisories/GHSA-w293-vg96-wgc3
undici vulnerable to caching and replay of unsafe HTTP method responses - https://github.com/advisories/GHSA-8436-99hf-9mmv
undici vulnerable to Denial of Service via WebSocketStream unclean close - https://github.com/advisories/GHSA-rx4f-c7p8-82vq
fix available via `npm audit fix`
node_modules/undici

3 high severity vulnerabilities

To address all issues, run:
  npm audit fix
