$ npm run test:coverage
# exitCode=0 durationMs=183415


> cvg-agent-secretary-v2@1.0.0 test:coverage
> vitest run --coverage --no-file-parallelism --maxWorkers=2


 RUN  v4.1.5 /home/ricardo/cvg-agent-secretary-v2
      Coverage enabled with v8


 Test Files  152 passed | 3 skipped (155)
      Tests  657 passed | 25 skipped (682)
   Start at  13:50:59
   Duration  182.89s (transform 2.11s, setup 0ms, import 29.48s, tests 20.84s, environment 99.54s)

 % Coverage report from v8
-------------------|---------|----------|---------|---------|-------------------
File               | % Stmts | % Branch | % Funcs | % Lines | Uncovered Line #s 
-------------------|---------|----------|---------|---------|-------------------
All files          |   85.51 |    81.02 |    91.1 |   86.41 |                   
 apps/api/src      |   81.69 |    77.42 |   85.61 |   82.61 |                   
  ...t-boundary.ts |   95.45 |    93.33 |     100 |   95.45 | 62                
  http-security.ts |   81.53 |    76.66 |   94.11 |   87.16 | ...29-450,473-484 
  ...t-boundary.ts |   85.71 |       75 |     100 |     100 | 13                
  ...n-boundary.ts |     100 |     90.9 |     100 |     100 | 17                
  rate-limit.ts    |   96.15 |    92.68 |     100 |   96.15 | 51,108            
  ...st-metrics.ts |   89.06 |     89.7 |     100 |   92.85 | 87,93,261,266     
  ...orrelation.ts |    92.3 |    85.71 |     100 |     100 | 14,25             
  server.ts        |   77.43 |     70.2 |    76.6 |   77.88 | ...5195,5224-5225 
  ...up-failure.ts |      96 |       90 |     100 |      96 | 32                
  ...k-security.ts |   97.66 |    97.34 |     100 |   98.03 | 237,280,411       
 apps/worker/src   |   82.67 |    76.98 |   76.19 |   83.73 |                   
  ...led-worker.ts |      76 |    59.25 |     100 |   81.81 | 67,97,104-106     
  ...controlled.ts |   79.74 |       75 |   61.53 |   79.48 | ...18,227-231,253 
  worker.ts        |     100 |    96.77 |     100 |     100 | 43                
 ...orker/src/jobs |   90.47 |    81.81 |     100 |   94.73 |                   
  ...tbox-event.ts |   90.47 |    81.81 |     100 |   94.73 | 120               
 ...s/adapters/src |   90.38 |    88.11 |     100 |   90.09 |                   
  ...d-delivery.ts |   92.85 |    83.78 |     100 |   92.72 | 145,155,164,173   
  model-adapter.ts |   85.71 |    90.47 |     100 |   85.36 | ...62,145,157,169 
 ...pters/src/fake |     100 |       50 |     100 |     100 |                   
  ...pp-adapter.ts |     100 |       50 |     100 |     100 | 19                
 .../src/agent-run |       0 |      100 |       0 |       0 |                   
  ...un-service.ts |       0 |      100 |       0 |       0 | 4-5               
 ...core/src/audit |       0 |      100 |       0 |       0 |                   
  audit-hook.ts    |       0 |      100 |       0 |       0 | 8                 
 ...e/src/commands |   87.03 |    77.65 |    90.9 |   86.79 |                   
  ...ff-summary.ts |     100 |    77.27 |     100 |     100 | 22-26             
  ...shed-agent.ts |     100 |    94.73 |     100 |     100 | 103,118           
  ...nd-message.ts |   70.83 |       60 |   66.66 |   70.83 | 124,139-156,185   
  ...agent-turn.ts |     100 |       50 |     100 |     100 | 12-14             
 ...ersistence/src |   80.28 |    75.56 |   88.76 |   80.48 |                   
  journeys.ts      |   79.48 |    77.25 |      80 |    80.8 | ...88,695,698,731 
  outbox.ts        |   87.27 |    79.56 |      95 |   88.56 | ...6,951,967,1001 
  restore.ts       |   67.74 |    51.04 |   89.65 |   65.17 | ...91-439,513-519 
 ...c/repositories |   87.78 |    79.04 |   91.34 |   89.49 |                   
  ...repository.ts |   97.29 |    89.65 |     100 |   97.22 | 24                
  ...repository.ts |   92.47 |    87.09 |   90.32 |   93.25 | 52-55,177,317,335 
  ...repository.ts |   80.68 |    68.96 |   86.36 |   83.33 | ...33,429,450,459 
  ...repository.ts |   93.33 |       80 |     100 |   96.29 | 27                
 ...s/platform/src |   90.58 |    86.52 |   95.57 |   91.44 |                   
  ...-authority.ts |   96.62 |    97.64 |     100 |   98.68 | 194               
  contracts.ts     |   92.37 |    87.75 |    92.3 |   92.24 | ...89,658,882-888 
  ...lane-store.ts |   92.46 |    86.29 |   95.16 |   93.27 | ...1285-1290,1380 
  ...ed-plugins.ts |     100 |    85.71 |     100 |     100 | 17                
  ...-preflight.ts |   89.74 |    90.62 |   83.33 |   89.47 | 170-171,179-180   
  event-bus.ts     |   82.02 |    77.33 |   95.45 |    84.7 | ...30,249,370,384 
  ids.ts           |      95 |      100 |   88.88 |      95 | 39                
  ...l-provider.ts |   89.18 |    70.83 |   92.85 |   88.57 | 31,109-114,125    
  output-policy.ts |      90 |    86.66 |     100 |   91.66 | 154,176,263,267   
  ...in-gateway.ts |    88.6 |    82.52 |   94.87 |   90.22 | ...50,869,906-908 
  ...-evaluator.ts |   95.83 |    96.87 |     100 |   95.65 | 60                
  ...t-composer.ts |    87.5 |       50 |     100 |   85.71 | 22                
  ...pt-profile.ts |   92.85 |     91.3 |     100 |   92.72 | 115,139,175,220   
  qualification.ts |    92.5 |     92.5 |     100 |   91.17 | 48,106,121        
  ...-candidate.ts |   97.29 |       96 |     100 |   97.22 | 132               
  ...ion-ledger.ts |    92.1 |    81.25 |   94.11 |   93.05 | 54,72,156,180,194 
  ...assessment.ts |   95.45 |    94.11 |     100 |   97.36 | 68                
  ...ary-preset.ts |   95.45 |       70 |     100 |   95.23 | 105               
  ...-evaluator.ts |     100 |    88.88 |     100 |     100 | 34,43             
  test-lab.ts      |   94.93 |    93.57 |     100 |   94.66 | ...53,859,892-896 
  ...n-boundary.ts |    70.4 |    63.44 |      90 |   73.03 | ...71,180,184,199 
  ...governance.ts |   86.17 |    88.23 |   89.47 |   87.38 | ...32,440-442,446 
 packages/rag/src  |      86 |    72.41 |      80 |   85.41 |                   
  ...tional-rag.ts |   85.71 |    72.41 |   78.57 |    85.1 | ...03-105,114,136 
 ...ges/shared/src |   86.52 |    79.54 |   94.28 |   89.71 |                   
  ...governance.ts |   85.71 |    77.98 |   94.44 |   90.62 | ...82,388,395-398 
  auth.ts          |    90.9 |    83.33 |     100 |     100 | 85                
  env.ts           |   96.29 |    91.66 |     100 |   96.15 | 57                
  ids.ts           |   52.94 |     12.5 |      75 |   52.94 | 11-24             
 ...ages/tools/src |     100 |    92.85 |     100 |     100 |                   
  contracts.ts     |     100 |    83.33 |     100 |     100 | 34                
 ...ools/src/local |   89.39 |    81.13 |     100 |   93.54 |                   
  ...ment-draft.ts |     100 |    83.33 |     100 |     100 | 13                
  ...urney-task.ts |   83.33 |    66.66 |     100 |     100 | 11-13             
  ...wner-draft.ts |   83.33 |    83.33 |     100 |   83.33 | 24                
  ...ient-draft.ts |     100 |    83.33 |     100 |     100 | 13                
  ...able-slots.ts |      80 |      100 |     100 |      80 | 15                
  link-patient.ts  |   83.33 |    66.66 |     100 |     100 | 11-13             
  ...ey-handoff.ts |   85.71 |    66.66 |     100 |     100 | 11-13             
  ...r-by-phone.ts |    87.5 |      100 |     100 |   85.71 | 28                
  ...ch-patient.ts |   83.33 |    83.33 |     100 |   83.33 | 24                
 ...s/src/journeys |   94.73 |    67.85 |     100 |   94.73 |                   
  ...y-workflow.ts |   94.73 |    67.85 |     100 |   94.73 | 82                
-------------------|---------|----------|---------|---------|-------------------

=============================== Coverage summary ===============================
Statements   : 85.51% ( 4996/5842 )
Branches     : 81.02% ( 3664/4522 )
Functions    : 91.1% ( 1055/1158 )
Lines        : 86.41% ( 4788/5541 )
================================================================================

