$ npm test -- --reporter=default --reporter=json --outputFile=certification/unit-test-report.json
# runId=run-pr003-interim-20260927 candidateId=2025654942d24e306c849e79d858afad52e8f8438e7aa2dfb188dd6945267a1c gate=unit command=npm test -- --reporter=default --reporter=json --outputFile=certification/unit-test-report.json
# exitCode=0 durationMs=324497


> cvg-operational-harness@1.0.0 test
> vitest run --no-file-parallelism --maxWorkers=2 --reporter=default --reporter=json --outputFile=certification/unit-test-report.json


 RUN  v4.1.11 /tmp/cvg-pr003-interim-20260927

 ✓ packages/agent-runtime/src/__tests__/runtime-execution-recovery.test.ts (76 tests) 148ms
 ✓ apps/api/src/__tests__/postgres-persistence-mode.test.ts (45 tests) 1987ms
     ✓ commits and rolls back the tenant-scoped runtime finalizer atomically  421ms
     ✓ validates tenant-scoped startup with separate migration and runtime roles  575ms
     ✓ rejects missing rate-limit table or index before PostgreSQL startup  407ms
 ✓ packages/harness/src/__tests__/iterative-runtime.test.ts (47 tests) 82ms
 ✓ packages/harness/src/__tests__/execution-spine.test.ts (22 tests) 282ms
 ✓ apps/web/src/__tests__/app.test.tsx (15 tests) 989ms
 ✓ packages/platform/src/__tests__/platform-foundation.test.ts (20 tests) 93ms
 ✓ packages/persistence/src/__tests__/tenant-isolation.test.ts (14 tests) 1001ms
     ✓ enforces cross-tenant isolation with a non-BYPASSRLS role and resets pooled context  472ms
     ✓ quarantines legacy tenant mismatches before enabling RLS  505ms
 ✓ legacy/packages/secretary-journeys/src/__tests__/journeys-postgres.test.ts (24 tests) 1050ms
     ✓ applies 0014 additively over a 0013 database and preserves prior data  438ms
 ✓ packages/conversation/src/__tests__/postgres-store.unit.test.ts (8 tests) 23ms
 ✓ packages/agent-runtime/src/__tests__/runtime-kernel-coverage.test.ts (40 tests) 87ms
 ✓ packages/persistence/src/__tests__/platform-control-plane-repository.test.ts (9 tests) 37ms
{"event":"worker.started","level":"info","timestamp":"2026-09-27T18:01:52.941Z","workerId":"worker-restart-190-a","concurrency":2,"pollIntervalMs":5,"idleMaxBackoffMs":5000,"errorBackoffMs":500,"errorMaxBackoffMs":30000,"leaseMs":1000,"heartbeatIntervalMs":333,"drainMs":10000,"backlogProbe":true,"sweeps":false,"externalEffects":false,"durable":true}
{"event":"worker.outbox.summary","level":"info","timestamp":"2026-09-27T18:01:52.942Z","workerId":"worker-restart-190-a","reason":"start","claimed":0,"processed":0,"failed":0,"deadLettered":0,"handoffs":0,"errors":0,"claimFailures":0,"leaseLost":0,"heartbeats":0,"idlePolls":0,"released":0,"lag":null,"inFlight":0}
{"event":"worker.metric","name":"worker_outbox_lag","value":0,"attributes":{"operation":"outbox"},"timestamp":"2026-09-27T18:01:52.943Z"}
{"event":"worker.metric","name":"worker_outbox_processed_total","value":1,"attributes":{"status":"processed"},"timestamp":"2026-09-27T18:01:52.943Z"}
{"event":"worker.outbox.processed","level":"info","timestamp":"2026-09-27T18:01:52.943Z","eventId":"outbox_acf8e249-59cf-48c9-9a22-bcccb2d642a4","workerId":"worker-restart-190-a","status":"processed","attempt":1,"leaseLost":false,"operation":"outbox"}
{"event":"worker.idle_backoff","level":"debug","timestamp":"2026-09-27T18:01:52.943Z","workerId":"worker-restart-190-a","backoffMs":5,"lag":0}
{"event":"worker.outbox.summary","level":"info","timestamp":"2026-09-27T18:01:52.948Z","workerId":"worker-restart-190-a","reason":"stop","claimed":1,"processed":1,"failed":0,"deadLettered":0,"handoffs":0,"errors":0,"claimFailures":0,"leaseLost":0,"heartbeats":0,"idlePolls":1,"released":0,"lag":0,"inFlight":0}
{"event":"worker.stopped","level":"info","timestamp":"2026-09-27T18:01:52.948Z","workerId":"worker-restart-190-a","drained":true,"released":0,"releaseFailed":0,"processed":1,"failed":0,"deadLettered":0,"lag":0}
{"event":"worker.started","level":"info","timestamp":"2026-09-27T18:01:52.948Z","workerId":"worker-restart-190-b","concurrency":2,"pollIntervalMs":5,"idleMaxBackoffMs":5000,"errorBackoffMs":500,"errorMaxBackoffMs":30000,"leaseMs":1000,"heartbeatIntervalMs":333,"drainMs":10000,"backlogProbe":true,"sweeps":false,"externalEffects":false,"durable":true}
{"event":"worker.outbox.summary","level":"info","timestamp":"2026-09-27T18:01:52.948Z","workerId":"worker-restart-190-b","reason":"start","claimed":0,"processed":0,"failed":0,"deadLettered":0,"handoffs":0,"errors":0,"claimFailures":0,"leaseLost":0,"heartbeats":0,"idlePolls":0,"released":0,"lag":null,"inFlight":0}
{"event":"worker.metric","name":"worker_outbox_lag","value":0,"attributes":{"operation":"outbox"},"timestamp":"2026-09-27T18:01:52.949Z"}
{"event":"worker.metric","name":"worker_outbox_processed_total","value":1,"attributes":{"status":"processed"},"timestamp":"2026-09-27T18:01:52.949Z"}
{"event":"worker.outbox.processed","level":"info","timestamp":"2026-09-27T18:01:52.949Z","eventId":"outbox_ff1df3ba-aa60-46f5-bfd3-7a61a290d8f5","workerId":"worker-restart-190-b","status":"processed","attempt":1,"leaseLost":false,"operation":"outbox"}
{"event":"worker.idle_backoff","level":"debug","timestamp":"2026-09-27T18:01:52.949Z","workerId":"worker-restart-190-b","backoffMs":5,"lag":0}
{"event":"worker.outbox.summary","level":"info","timestamp":"2026-09-27T18:01:52.954Z","workerId":"worker-restart-190-b","reason":"stop","claimed":1,"processed":1,"failed":0,"deadLettered":0,"handoffs":0,"errors":0,"claimFailures":0,"leaseLost":0,"heartbeats":0,"idlePolls":1,"released":0,"lag":0,"inFlight":0}
{"event":"worker.stopped","level":"info","timestamp":"2026-09-27T18:01:52.954Z","workerId":"worker-restart-190-b","drained":true,"released":0,"releaseFailed":0,"processed":1,"failed":0,"deadLettered":0,"lag":0}
{"event":"worker.started","level":"info","timestamp":"2026-09-27T18:01:52.971Z","workerId":"worker-retry-190","concurrency":2,"pollIntervalMs":5,"idleMaxBackoffMs":5000,"errorBackoffMs":500,"errorMaxBackoffMs":30000,"leaseMs":1000,"heartbeatIntervalMs":333,"drainMs":10000,"backlogProbe":true,"sweeps":false,"externalEffects":false,"durable":true}
{"event":"worker.outbox.summary","level":"info","timestamp":"2026-09-27T18:01:52.971Z","workerId":"worker-retry-190","reason":"start","claimed":0,"processed":0,"failed":0,"deadLettered":0,"handoffs":0,"errors":0,"claimFailures":0,"leaseLost":0,"heartbeats":0,"idlePolls":0,"released":0,"lag":null,"inFlight":0}
{"event":"worker.metric","name":"worker_outbox_lag","value":0,"attributes":{"operation":"outbox"},"timestamp":"2026-09-27T18:01:52.972Z"}
{"event":"worker.metric","name":"worker_outbox_failed_total","value":1,"attributes":{"status":"failed"},"timestamp":"2026-09-27T18:01:52.972Z"}
{"event":"worker.outbox.failed","level":"info","timestamp":"2026-09-27T18:01:52.972Z","eventId":"outbox_ed16e7cc-4f9b-4438-b146-12c5a31a2e17","workerId":"worker-retry-190","status":"failed","attempt":1,"leaseLost":false,"error":"[redacted-outbox-error]","operation":"outbox"}
{"event":"worker.idle_backoff","level":"debug","timestamp":"2026-09-27T18:01:52.972Z","workerId":"worker-retry-190","backoffMs":5,"lag":0}
{"event":"worker.idle_backoff","level":"debug","timestamp":"2026-09-27T18:01:52.978Z","workerId":"worker-retry-190","backoffMs":5,"lag":0}
{"event":"worker.metric","name":"worker_outbox_processed_total","value":1,"attributes":{"status":"processed"},"timestamp":"2026-09-27T18:01:52.978Z"}
{"event":"worker.outbox.processed","level":"info","timestamp":"2026-09-27T18:01:52.978Z","eventId":"outbox_ed16e7cc-4f9b-4438-b146-12c5a31a2e17","workerId":"worker-retry-190","status":"processed","attempt":2,"leaseLost":false,"operation":"outbox"}
{"event":"worker.outbox.summary","level":"info","timestamp":"2026-09-27T18:01:52.982Z","workerId":"worker-retry-190","reason":"stop","claimed":2,"processed":1,"failed":1,"deadLettered":0,"handoffs":0,"errors":0,"claimFailures":0,"leaseLost":0,"heartbeats":0,"idlePolls":2,"released":0,"lag":0,"inFlight":0}
{"event":"worker.stopped","level":"info","timestamp":"2026-09-27T18:01:52.982Z","workerId":"worker-retry-190","drained":true,"released":0,"releaseFailed":0,"processed":1,"failed":1,"deadLettered":0,"lag":0}
{"event":"worker.started","level":"info","timestamp":"2026-09-27T18:01:52.983Z","workerId":"worker-poison-190","concurrency":1,"pollIntervalMs":5,"idleMaxBackoffMs":5000,"errorBackoffMs":500,"errorMaxBackoffMs":30000,"leaseMs":1000,"heartbeatIntervalMs":333,"drainMs":10000,"backlogProbe":true,"sweeps":false,"externalEffects":false,"durable":true}
{"event":"worker.outbox.summary","level":"info","timestamp":"2026-09-27T18:01:52.983Z","workerId":"worker-poison-190","reason":"start","claimed":0,"processed":0,"failed":0,"deadLettered":0,"handoffs":0,"errors":0,"claimFailures":0,"leaseLost":0,"heartbeats":0,"idlePolls":0,"released":0,"lag":null,"inFlight":0}
{"event":"worker.metric","name":"worker_outbox_lag","value":1,"attributes":{"operation":"outbox"},"timestamp":"2026-09-27T18:01:52.984Z"}
{"event":"worker.metric","name":"worker_outbox_dead_lettered_total","value":1,"attributes":{"status":"dead_letter"},"timestamp":"2026-09-27T18:01:52.984Z"}
{"event":"worker.outbox.dead_letter","level":"info","timestamp":"2026-09-27T18:01:52.984Z","eventId":"outbox_8b1080dd-7fac-4769-9f38-9335cc7e2e6e","workerId":"worker-poison-190","status":"dead_letter","attempt":1,"leaseLost":false,"error":"[redacted-outbox-error]","operation":"outbox"}
{"event":"worker.metric","name":"worker_outbox_processed_total","value":1,"attributes":{"status":"processed"},"timestamp":"2026-09-27T18:01:52.989Z"}
{"event":"worker.outbox.processed","level":"info","timestamp":"2026-09-27T18:01:52.990Z","eventId":"outbox_1d5c2b26-9421-41e8-9222-c0510641b58d","workerId":"worker-poison-190","status":"processed","attempt":1,"leaseLost":false,"operation":"outbox"}
{"event":"worker.outbox.summary","level":"info","timestamp":"2026-09-27T18:01:52.994Z","workerId":"worker-poison-190","reason":"stop","claimed":2,"processed":1,"failed":0,"deadLettered":1,"handoffs":0,"errors":0,"claimFailures":0,"leaseLost":0,"heartbeats":0,"idlePolls":0,"released":0,"lag":1,"inFlight":0}
{"event":"worker.stopped","level":"info","timestamp":"2026-09-27T18:01:52.994Z","workerId":"worker-poison-190","drained":true,"released":0,"releaseFailed":0,"processed":1,"failed":0,"deadLettered":1,"lag":1}
{"event":"worker.started","level":"info","timestamp":"2026-09-27T18:01:52.995Z","workerId":"worker-requeue-190-a","concurrency":1,"pollIntervalMs":5,"idleMaxBackoffMs":5000,"errorBackoffMs":500,"errorMaxBackoffMs":30000,"leaseMs":1000,"heartbeatIntervalMs":333,"drainMs":10000,"backlogProbe":true,"sweeps":false,"externalEffects":false,"durable":true}
{"event":"worker.outbox.summary","level":"info","timestamp":"2026-09-27T18:01:52.995Z","workerId":"worker-requeue-190-a","reason":"start","claimed":0,"processed":0,"failed":0,"deadLettered":0,"handoffs":0,"errors":0,"claimFailures":0,"leaseLost":0,"heartbeats":0,"idlePolls":0,"released":0,"lag":null,"inFlight":0}
{"event":"worker.metric","name":"worker_outbox_lag","value":0,"attributes":{"operation":"outbox"},"timestamp":"2026-09-27T18:01:52.995Z"}
{"event":"worker.metric","name":"worker_outbox_dead_lettered_total","value":1,"attributes":{"status":"dead_letter"},"timestamp":"2026-09-27T18:01:52.995Z"}
{"event":"worker.outbox.dead_letter","level":"info","timestamp":"2026-09-27T18:01:52.995Z","eventId":"outbox_a9ea3ab2-45a3-43b4-af5c-8b8343cff887","workerId":"worker-requeue-190-a","status":"dead_letter","attempt":1,"leaseLost":false,"error":"[redacted-outbox-error]","operation":"outbox"}
{"event":"worker.outbox.summary","level":"info","timestamp":"2026-09-27T18:01:53.000Z","workerId":"worker-requeue-190-a","reason":"stop","claimed":1,"processed":0,"failed":0,"deadLettered":1,"handoffs":0,"errors":0,"claimFailures":0,"leaseLost":0,"heartbeats":0,"idlePolls":0,"released":0,"lag":0,"inFlight":0}
{"event":"worker.stopped","level":"info","timestamp":"2026-09-27T18:01:53.001Z","workerId":"worker-requeue-190-a","drained":true,"released":0,"releaseFailed":0,"processed":0,"failed":0,"deadLettered":1,"lag":0}
{"event":"worker.started","level":"info","timestamp":"2026-09-27T18:01:53.001Z","workerId":"worker-requeue-190-b","concurrency":1,"pollIntervalMs":5,"idleMaxBackoffMs":5000,"errorBackoffMs":500,"errorMaxBackoffMs":30000,"leaseMs":1000,"heartbeatIntervalMs":333,"drainMs":10000,"backlogProbe":true,"sweeps":false,"externalEffects":false,"durable":true}
{"event":"worker.outbox.summary","level":"info","timestamp":"2026-09-27T18:01:53.001Z","workerId":"worker-requeue-190-b","reason":"start","claimed":0,"processed":0,"failed":0,"deadLettered":0,"handoffs":0,"errors":0,"claimFailures":0,"leaseLost":0,"heartbeats":0,"idlePolls":0,"released":0,"lag":null,"inFlight":0}
{"event":"worker.metric","name":"worker_outbox_lag","value":0,"attributes":{"operation":"outbox"},"timestamp":"2026-09-27T18:01:53.002Z"}
{"event":"worker.metric","name":"worker_outbox_processed_total","value":1,"attributes":{"status":"processed"},"timestamp":"2026-09-27T18:01:53.002Z"}
{"event":"worker.outbox.processed","level":"info","timestamp":"2026-09-27T18:01:53.002Z","eventId":"outbox_a9ea3ab2-45a3-43b4-af5c-8b8343cff887","workerId":"worker-requeue-190-b","status":"processed","attempt":1,"leaseLost":false,"operation":"outbox"}
{"event":"worker.outbox.summary","level":"info","timestamp":"2026-09-27T18:01:53.007Z","workerId":"worker-requeue-190-b","reason":"stop","claimed":1,"processed":1,"failed":0,"deadLettered":0,"handoffs":0,"errors":0,"claimFailures":0,"leaseLost":0,"heartbeats":0,"idlePolls":0,"released":0,"lag":0,"inFlight":0}
{"event":"worker.stopped","level":"info","timestamp":"2026-09-27T18:01:53.007Z","workerId":"worker-requeue-190-b","drained":true,"released":0,"releaseFailed":0,"processed":1,"failed":0,"deadLettered":0,"lag":0}
{"event":"worker.started","level":"info","timestamp":"2026-09-27T18:01:53.031Z","workerId":"worker-sigterm-190","concurrency":2,"pollIntervalMs":5,"idleMaxBackoffMs":5000,"errorBackoffMs":500,"errorMaxBackoffMs":30000,"leaseMs":1000,"heartbeatIntervalMs":333,"drainMs":10000,"backlogProbe":true,"sweeps":false,"externalEffects":false,"durable":true}
{"event":"worker.outbox.summary","level":"info","timestamp":"2026-09-27T18:01:53.031Z","workerId":"worker-sigterm-190","reason":"start","claimed":0,"processed":0,"failed":0,"deadLettered":0,"handoffs":0,"errors":0,"claimFailures":0,"leaseLost":0,"heartbeats":0,"idlePolls":0,"released":0,"lag":null,"inFlight":0}
{"event":"worker.metric","name":"worker_outbox_lag","value":0,"attributes":{"operation":"outbox"},"timestamp":"2026-09-27T18:01:53.031Z"}
{"event":"worker.idle_backoff","level":"debug","timestamp":"2026-09-27T18:01:53.031Z","workerId":"worker-sigterm-190","backoffMs":5,"lag":0}
{"event":"worker.metric","name":"worker_outbox_processed_total","value":1,"attributes":{"status":"processed"},"timestamp":"2026-09-27T18:01:53.057Z"}
{"event":"worker.outbox.processed","level":"info","timestamp":"2026-09-27T18:01:53.057Z","eventId":"outbox_26d6d82d-ceee-4780-a801-ffcb24d0d8ab","workerId":"worker-sigterm-190","status":"processed","attempt":1,"leaseLost":false,"operation":"outbox"}
{"event":"worker.outbox.summary","level":"info","timestamp":"2026-09-27T18:01:53.057Z","workerId":"worker-sigterm-190","reason":"stop","claimed":1,"processed":1,"failed":0,"deadLettered":0,"handoffs":0,"errors":0,"claimFailures":0,"leaseLost":0,"heartbeats":0,"idlePolls":1,"released":0,"lag":0,"inFlight":0}
{"event":"worker.stopped","level":"info","timestamp":"2026-09-27T18:01:53.057Z","workerId":"worker-sigterm-190","drained":true,"released":0,"releaseFailed":0,"processed":1,"failed":0,"deadLettered":0,"lag":0}
{"event":"worker.started","level":"info","timestamp":"2026-09-27T18:01:53.058Z","workerId":"worker-release-190-a","concurrency":2,"pollIntervalMs":5,"idleMaxBackoffMs":5000,"errorBackoffMs":500,"errorMaxBackoffMs":30000,"leaseMs":1000,"heartbeatIntervalMs":333,"drainMs":10000,"backlogProbe":true,"sweeps":false,"externalEffects":false,"durable":true}
{"event":"worker.outbox.summary","level":"info","timestamp":"2026-09-27T18:01:53.058Z","workerId":"worker-release-190-a","reason":"start","claimed":0,"processed":0,"failed":0,"deadLettered":0,"handoffs":0,"errors":0,"claimFailures":0,"leaseLost":0,"heartbeats":0,"idlePolls":0,"released":0,"lag":null,"inFlight":0}
{"event":"worker.metric","name":"worker_outbox_lag","value":0,"attributes":{"operation":"outbox"},"timestamp":"2026-09-27T18:01:53.058Z"}
{"event":"worker.idle_backoff","level":"debug","timestamp":"2026-09-27T18:01:53.058Z","workerId":"worker-release-190-a","backoffMs":5,"lag":0}
{"event":"worker.shutdown_release","level":"warn","timestamp":"2026-09-27T18:01:53.093Z","eventId":"outbox_3100db9e-2028-480a-b18b-b393ec57a9e0","workerId":"worker-release-190-a","operation":"outbox"}
{"event":"worker.metric","name":"worker_outbox_shutdown_releases_total","value":1,"attributes":{"outcome":"released"},"timestamp":"2026-09-27T18:01:53.093Z"}
{"event":"worker.outbox.summary","level":"info","timestamp":"2026-09-27T18:01:53.093Z","workerId":"worker-release-190-a","reason":"stop","claimed":1,"processed":0,"failed":0,"deadLettered":0,"handoffs":0,"errors":0,"claimFailures":0,"leaseLost":0,"heartbeats":0,"idlePolls":1,"released":1,"lag":0,"inFlight":1}
{"event":"worker.stopped","level":"info","timestamp":"2026-09-27T18:01:53.093Z","workerId":"worker-release-190-a","drained":false,"released":1,"releaseFailed":0,"processed":0,"failed":0,"deadLettered":0,"lag":0}
{"event":"worker.started","level":"info","timestamp":"2026-09-27T18:01:53.093Z","workerId":"worker-release-190-b","concurrency":2,"pollIntervalMs":5,"idleMaxBackoffMs":5000,"errorBackoffMs":500,"errorMaxBackoffMs":30000,"leaseMs":1000,"heartbeatIntervalMs":333,"drainMs":10000,"backlogProbe":true,"sweeps":false,"externalEffects":false,"durable":true}
{"event":"worker.outbox.summary","level":"info","timestamp":"2026-09-27T18:01:53.093Z","workerId":"worker-release-190-b","reason":"start","claimed":0,"processed":0,"failed":0,"deadLettered":0,"handoffs":0,"errors":0,"claimFailures":0,"leaseLost":0,"heartbeats":0,"idlePolls":0,"released":0,"lag":null,"inFlight":0}
{"event":"worker.metric","name":"worker_outbox_lag","value":0,"attributes":{"operation":"outbox"},"timestamp":"2026-09-27T18:01:53.094Z"}
{"event":"worker.idle_backoff","level":"debug","timestamp":"2026-09-27T18:01:53.094Z","workerId":"worker-release-190-b","backoffMs":5,"lag":0}
{"event":"worker.idle_backoff","level":"debug","timestamp":"2026-09-27T18:01:53.099Z","workerId":"worker-release-190-b","backoffMs":5,"lag":0}
{"event":"worker.metric","name":"worker_outbox_processed_total","value":1,"attributes":{"status":"processed"},"timestamp":"2026-09-27T18:01:53.099Z"}
{"event":"worker.outbox.processed","level":"info","timestamp":"2026-09-27T18:01:53.099Z","eventId":"outbox_3100db9e-2028-480a-b18b-b393ec57a9e0","workerId":"worker-release-190-b","status":"processed","attempt":2,"leaseLost":false,"operation":"outbox"}
{"event":"worker.outbox.summary","level":"info","timestamp":"2026-09-27T18:01:53.104Z","workerId":"worker-release-190-b","reason":"stop","claimed":1,"processed":1,"failed":0,"deadLettered":0,"handoffs":0,"errors":0,"claimFailures":0,"leaseLost":0,"heartbeats":0,"idlePolls":2,"released":0,"lag":0,"inFlight":0}
{"event":"worker.stopped","level":"info","timestamp":"2026-09-27T18:01:53.104Z","workerId":"worker-release-190-b","drained":true,"released":0,"releaseFailed":0,"processed":1,"failed":0,"deadLettered":0,"lag":0}
{"event":"worker.event_error","level":"error","timestamp":"2026-09-27T18:01:53.104Z","eventId":"outbox_3100db9e-2028-480a-b18b-b393ec57a9e0","workerId":"worker-release-190-a","attempt":1,"error":"outbox_error:conflict","operation":"outbox"}
{"event":"worker.metric","name":"worker_outbox_errors_total","value":1,"attributes":{"outcome":"error"},"timestamp":"2026-09-27T18:01:53.104Z"}
{"event":"worker.started","level":"info","timestamp":"2026-09-27T18:01:53.124Z","workerId":"worker-heartbeat-renew-190","concurrency":2,"pollIntervalMs":5,"idleMaxBackoffMs":5000,"errorBackoffMs":500,"errorMaxBackoffMs":30000,"leaseMs":1000,"heartbeatIntervalMs":10,"drainMs":10000,"backlogProbe":true,"sweeps":false,"externalEffects":false,"durable":true}
{"event":"worker.outbox.summary","level":"info","timestamp":"2026-09-27T18:01:53.124Z","workerId":"worker-heartbeat-renew-190","reason":"start","claimed":0,"processed":0,"failed":0,"deadLettered":0,"handoffs":0,"errors":0,"claimFailures":0,"leaseLost":0,"heartbeats":0,"idlePolls":0,"released":0,"lag":null,"inFlight":0}
{"event":"worker.metric","name":"worker_outbox_lag","value":0,"attributes":{"operation":"outbox"},"timestamp":"2026-09-27T18:01:53.125Z"}
{"event":"worker.idle_backoff","level":"debug","timestamp":"2026-09-27T18:01:53.125Z","workerId":"worker-heartbeat-renew-190","backoffMs":5,"lag":0}
{"event":"worker.idle_backoff","level":"debug","timestamp":"2026-09-27T18:01:53.130Z","workerId":"worker-heartbeat-renew-190","backoffMs":10,"lag":0}
{"event":"worker.metric","name":"worker_outbox_heartbeats_total","value":1,"attributes":{"outcome":"renewed"},"timestamp":"2026-09-27T18:01:53.135Z"}
{"event":"worker.metric","name":"worker_outbox_processed_total","value":1,"attributes":{"status":"processed"},"timestamp":"2026-09-27T18:01:53.136Z"}
{"event":"worker.outbox.processed","level":"info","timestamp":"2026-09-27T18:01:53.136Z","eventId":"outbox_3f9f75b4-2e1e-42b3-88a4-52d23fd0eedb","workerId":"worker-heartbeat-renew-190","status":"processed","attempt":1,"leaseLost":false,"operation":"outbox"}
{"event":"worker.idle_backoff","level":"debug","timestamp":"2026-09-27T18:01:53.140Z","workerId":"worker-heartbeat-renew-190","backoffMs":20,"lag":0}
{"event":"worker.outbox.summary","level":"info","timestamp":"2026-09-27T18:01:53.141Z","workerId":"worker-heartbeat-renew-190","reason":"stop","claimed":1,"processed":1,"failed":0,"deadLettered":0,"handoffs":0,"errors":0,"claimFailures":0,"leaseLost":0,"heartbeats":1,"idlePolls":3,"released":0,"lag":0,"inFlight":0}
{"event":"worker.stopped","level":"info","timestamp":"2026-09-27T18:01:53.142Z","workerId":"worker-heartbeat-renew-190","drained":true,"released":0,"releaseFailed":0,"processed":1,"failed":0,"deadLettered":0,"lag":0}
{"event":"worker.started","level":"info","timestamp":"2026-09-27T18:01:53.165Z","workerId":"worker-handoff-190","concurrency":2,"pollIntervalMs":5,"idleMaxBackoffMs":5000,"errorBackoffMs":500,"errorMaxBackoffMs":30000,"leaseMs":1000,"heartbeatIntervalMs":333,"drainMs":10000,"backlogProbe":true,"sweeps":false,"externalEffects":false,"durable":true}
{"event":"worker.outbox.summary","level":"info","timestamp":"2026-09-27T18:01:53.165Z","workerId":"worker-handoff-190","reason":"start","claimed":0,"processed":0,"failed":0,"deadLettered":0,"handoffs":0,"errors":0,"claimFailures":0,"leaseLost":0,"heartbeats":0,"idlePolls":0,"released":0,"lag":null,"inFlight":0}
{"event":"worker.metric","name":"worker_outbox_lag","value":0,"attributes":{"operation":"outbox"},"timestamp":"2026-09-27T18:01:53.166Z"}
{"event":"worker.outbox.handoff","level":"warn","timestamp":"2026-09-27T18:01:53.166Z","eventId":"outbox_88ad9bdd-d6de-4d3b-b98b-7c93e2eceed3","workerId":"worker-handoff-190","status":"handoff","operation":"outbox"}
{"event":"worker.metric","name":"worker_outbox_handoffs_total","value":1,"attributes":{"outcome":"handoff"},"timestamp":"2026-09-27T18:01:53.166Z"}
{"event":"worker.idle_backoff","level":"debug","timestamp":"2026-09-27T18:01:53.166Z","workerId":"worker-handoff-190","backoffMs":5,"lag":0}
{"event":"worker.outbox.summary","level":"info","timestamp":"2026-09-27T18:01:53.171Z","workerId":"worker-handoff-190","reason":"stop","claimed":1,"processed":0,"failed":0,"deadLettered":0,"handoffs":1,"errors":0,"claimFailures":0,"leaseLost":0,"heartbeats":0,"idlePolls":1,"released":0,"lag":0,"inFlight":0}
{"event":"worker.stopped","level":"info","timestamp":"2026-09-27T18:01:53.171Z","workerId":"worker-handoff-190","drained":true,"released":0,"releaseFailed":0,"processed":0,"failed":0,"deadLettered":0,"lag":0}
{"event":"worker.started","level":"info","timestamp":"2026-09-27T18:01:53.199Z","workerId":"worker-stop-190","concurrency":2,"pollIntervalMs":5,"idleMaxBackoffMs":5000,"errorBackoffMs":500,"errorMaxBackoffMs":30000,"leaseMs":1000,"heartbeatIntervalMs":333,"drainMs":10000,"backlogProbe":true,"sweeps":false,"externalEffects":false,"durable":true}
{"event":"worker.outbox.summary","level":"info","timestamp":"2026-09-27T18:01:53.199Z","workerId":"worker-stop-190","reason":"start","claimed":0,"processed":0,"failed":0,"deadLettered":0,"handoffs":0,"errors":0,"claimFailures":0,"leaseLost":0,"heartbeats":0,"idlePolls":0,"released":0,"lag":null,"inFlight":0}
{"event":"worker.metric","name":"worker_outbox_lag","value":0,"attributes":{"operation":"outbox"},"timestamp":"2026-09-27T18:01:53.199Z"}
{"event":"worker.idle_backoff","level":"debug","timestamp":"2026-09-27T18:01:53.199Z","workerId":"worker-stop-190","backoffMs":5,"lag":0}
{"event":"worker.outbox.summary","level":"info","timestamp":"2026-09-27T18:01:53.200Z","workerId":"worker-stop-190","reason":"stop","claimed":0,"processed":0,"failed":0,"deadLettered":0,"handoffs":0,"errors":0,"claimFailures":0,"leaseLost":0,"heartbeats":0,"idlePolls":1,"released":0,"lag":0,"inFlight":0}
{"event":"worker.stopped","level":"info","timestamp":"2026-09-27T18:01:53.200Z","workerId":"worker-stop-190","drained":true,"released":0,"releaseFailed":0,"processed":0,"failed":0,"deadLettered":0,"lag":0}
 ✓ apps/worker/src/__tests__/continuous-worker.test.ts (25 tests) 1194ms
     ✓ exits non-zero when the real entrypoint starts without required config  857ms
 ✓ packages/agent-runtime/src/__tests__/runtime-journal.test.ts (18 tests) 76ms
 ✓ packages/harness/src/__tests__/capability-boundary.test.ts (20 tests) 30ms
 ✓ packages/conversation/src/__tests__/service.integration.test.ts (22 tests) 545ms
     ✓ keeps an in-flight duplicate retryable until the governed outcome is durable  405ms
 ✓ packages/approval-engine/src/__tests__/approval-critical-coverage.test.ts (36 tests) 23ms
 ✓ apps/api/src/__tests__/journeys-api-postgres.test.ts (10 tests) 1106ms
     ✓ applies migration 0014 during postgres startup before serving journeys  380ms
 ✓ packages/persistence/src/__tests__/postgres-migration-smoke.test.ts (10 tests) 125ms
 ✓ apps/worker/src/__tests__/kernel-composition-postgres.integration.test.ts (10 tests) 788ms
 ✓ tests/workspace-dependency-audit.test.js (13 tests) 59ms
 ✓ tests/phase4a/conversation-adversarial.test.ts (11 tests) 58ms
 ✓ packages/conversation/src/__tests__/state.test.ts (15 tests) 17ms
 ✓ packages/approval-engine/src/__tests__/approval-coverage-closure.test.ts (14 tests) 20ms
 ✓ packages/persistence/src/__tests__/runtime-approval-store-postgres.test.ts (11 tests) 960ms
     ✓ applies 0015 additively over 0014 with the checksum guard  410ms
 ✓ apps/api/src/__tests__/platform-control-plane.test.ts (9 tests) 311ms
 ✓ apps/api/src/__tests__/platform-admin-routes-coverage.test.ts (7 tests) 240ms
 ✓ packages/persistence/src/__tests__/outbox-edge.test.ts (22 tests) 22ms
 ✓ packages/harness/src/__tests__/runtime.test.ts (12 tests) 77ms
 ✓ packages/agent-runtime/src/__tests__/runtime-binding.test.ts (17 tests) 47ms
 ✓ packages/agent-runtime/src/__tests__/runtime-limits.test.ts (16 tests) 54ms
 ✓ packages/model-gateway/src/__tests__/gateway-hardening.test.ts (36 tests) 27ms
 ✓ apps/web/src/features/platform/multi-agent-creation.test.tsx (6 tests) 1092ms
     ✓ creates Agent A and Agent B in one tenant-scoped session with isolated drafts  475ms
 ✓ packages/platform/src/__tests__/plugin-gateway-hardening.test.ts (12 tests) 45ms
 ✓ apps/api/src/__tests__/webhook-security.test.ts (16 tests) 239ms
 ✓ packages/persistence/src/__tests__/channel-effect-journal-postgres.test.ts (12 tests) 492ms
 ✓ packages/persistence/src/__tests__/outbox-durability.test.ts (6 tests) 1213ms
     ✓ claims once across two connections, journals at-least-once ack, retries and requeues in-place  412ms
     ✓ commits inbound message and durable intent together  368ms
 ✓ packages/channel-gateway/src/__tests__/channel-coverage-gateway-journal-paths.test.ts (16 tests) 65ms
 ✓ apps/api/src/__tests__/approval-decision-atomicity-postgres.test.ts (8 tests) 3299ms
     ✓ applies migration 0021 exactly-once guard  406ms
     ✓ blocks migration 0021 when legacy duplicate decision keys exist  399ms
     ✓ rejects a valid-looking index with the wrong definition  369ms
     ✓ rejects an invalid and not-ready unique index  380ms
     ✓ converges concurrent applications of migration 0021  382ms
     ✓ retries converge with exactly one audit event after an injected crash  505ms
     ✓ identical concurrent decisions keep one winner and one audit event  423ms
     ✓ worker recovery preserves the decision envelope after audit failure  432ms
 ✓ packages/agent-runtime/src/__tests__/runtime-legacy-rearm.test.ts (8 tests) 43ms
 ✓ packages/conversation/src/__tests__/conversation.test.ts (11 tests) 27ms
 ✓ packages/approval-engine/src/__tests__/approval-lifecycle.test.ts (19 tests) 18ms
 ✓ apps/worker/src/__tests__/operational-harness-capability-postgres.integration.test.ts (4 tests) 1690ms
     ✓ replays a confirmed capability effect after a fresh pool/composition and isolates tenants  424ms
     ✓ persists an uncertain capability effect and rejects retry after fresh composition  399ms
     ✓ executes the capability through the durable PostgreSQL worker path for isolated tenants  421ms
     ✓ recovers a durable approval and executes the capability after fresh worker composition  445ms
 ✓ packages/persistence/src/__tests__/restore-integrity.test.ts (12 tests) 40ms
 ✓ packages/model-gateway/src/__tests__/gateway.test.ts (16 tests) 622ms
     ✓ enforces a real deadline and retries only bounded times  603ms
 ✓ apps/web/src/__tests__/platform-panel.test.tsx (6 tests) 823ms
     ✓ lists and transitions metadata-only plugin catalog entries with tenant scope  327ms
 ✓ tests/phase4a/security-boundary.test.ts (13 tests) 41ms
 ✓ legacy/packages/secretary-profile/src/__tests__/execution-contract-matrix.test.ts (10 tests) 44ms
 ✓ packages/persistence/src/__tests__/runtime-approval-store.unit.test.ts (4 tests) 21ms
 ✓ apps/api/src/__tests__/execution-spine.test.ts (6 tests) 230ms
 ↓ packages/conversation/src/__tests__/postgres-conversation.integration.test.ts (1 test | 1 skipped)
 ✓ apps/worker/src/__tests__/postgres-role-preflight.test.ts (13 tests) 664ms
 ✓ packages/agent-runtime/src/__tests__/runtime-sweep-operation-key.test.ts (7 tests) 36ms
 ✓ apps/api/src/__tests__/operator-session-postgres.test.ts (9 tests) 669ms
 ✓ packages/persistence/src/__tests__/platform-postgres-smoke.test.ts (5 tests) 1984ms
     ✓ persists an immutable published version and a tenant-scoped trace  425ms
     ✓ persists versioned suites and redacted A/B run metadata under tenant RLS  395ms
     ✓ persists tenant-scoped plugin metadata with immutable identity and guarded status  394ms
     ✓ persists tenant-scoped knowledge source metadata without content or lifecycle bypass  373ms
     ✓ persists a validated release-candidate evidence ledger without mutating the version  395ms
 ✓ packages/platform/src/__tests__/tool-invocation-boundary.test.ts (14 tests) 35ms
 ✓ packages/agent-runtime/src/__tests__/effect-journal.test.ts (41 tests) 63ms
 ✓ packages/chaos/src/__tests__/chaos.test.ts (15 tests) 179ms
 ✓ packages/persistence/src/__tests__/effect-journal-postgres.test.ts (10 tests) 499ms
 ✓ apps/api/src/__tests__/server-boundary-envelope.test.ts (12 tests) 235ms
 ✓ packages/channel-gateway/src/__tests__/channel-effect-malformed-version.test.ts (6 tests) 132ms
 ✓ apps/api/src/__tests__/published-runtime-integration.test.ts (6 tests) 238ms
 ✓ packages/channel-gateway/src/__tests__/channel-coverage-journal-hardening.test.ts (12 tests) 71ms
 ✓ apps/api/src/__tests__/journey-routes-coverage.test.ts (4 tests) 178ms
 ✓ packages/platform/src/__tests__/output-policy.test.ts (35 tests) 42ms
 ✓ apps/worker/src/__tests__/operational-harness-homolog.integration.test.ts (3 tests) 5459ms
     ✓ reclaims a SIGKILLed claim in a second process with one terminal outcome  3439ms
     ✓ refuses to start without arming, database or outside homolog scope  1000ms
     ✓ drains cleanly on SIGTERM with no work pending  1018ms
 ✓ packages/persistence/src/__tests__/conversation-repository.test.ts (13 tests) 16ms
 ✓ apps/api/src/__tests__/trusted-operator-identity.test.ts (13 tests) 16ms
 ✓ apps/worker/src/__tests__/operational-harness-process-restart.integration.test.ts (1 test) 1710ms
     ✓ reclaims a child-process claim after fault and completes with competing worker authority  1708ms
 ✓ packages/model-gateway/src/__tests__/local-http-providers.test.ts (12 tests) 150ms
 ✓ packages/agent-core/src/__tests__/published-agent-runtime.test.ts (9 tests) 50ms
 ✓ packages/agent-runtime/src/__tests__/effect-journal-edges.test.ts (19 tests) 19ms
 ✓ packages/channel-gateway/src/__tests__/channel-coverage-gateway-hardening.test.ts (10 tests) 51ms
 ✓ packages/channel-gateway/src/__tests__/channel-effect-journal.test.ts (11 tests) 51ms
 ✓ apps/api/src/__tests__/approval-decision-atomicity.test.ts (7 tests) 160ms
 ✓ tests/ci-bar-provenance.test.js (12 tests) 323ms
 ✓ packages/channel-gateway/src/__tests__/channel-gateway.test.ts (15 tests) 34ms
 ✓ apps/api/src/__tests__/identity-composition-wiring.test.ts (11 tests) 1232ms
     ✓ fails the real entrypoint closed in production without a configured resolver  1000ms
 ✓ tests/rem21-findings.test.js (11 tests) 48ms
 ✓ apps/worker/src/__tests__/published-worker-runtime.test.ts (10 tests) 43ms
{"event":"worker.started","level":"info","timestamp":"2026-09-27T18:03:13.090Z","workerId":"worker-pg-continuous-192-a","concurrency":2,"pollIntervalMs":5,"idleMaxBackoffMs":5000,"errorBackoffMs":500,"errorMaxBackoffMs":30000,"leaseMs":1000,"heartbeatIntervalMs":333,"drainMs":5000,"backlogProbe":true,"sweeps":false,"externalEffects":false,"durable":true}
{"event":"worker.outbox.summary","level":"info","timestamp":"2026-09-27T18:03:13.090Z","workerId":"worker-pg-continuous-192-a","reason":"start","claimed":0,"processed":0,"failed":0,"deadLettered":0,"handoffs":0,"errors":0,"claimFailures":0,"leaseLost":0,"heartbeats":0,"idlePolls":0,"released":0,"lag":null,"inFlight":0}
{"event":"worker.metric","name":"worker_outbox_lag","value":0,"attributes":{"operation":"outbox"},"timestamp":"2026-09-27T18:03:13.108Z"}
{"event":"worker.idle_backoff","level":"debug","timestamp":"2026-09-27T18:03:13.108Z","workerId":"worker-pg-continuous-192-a","backoffMs":5,"lag":0}
{"event":"worker.idle_backoff","level":"debug","timestamp":"2026-09-27T18:03:13.115Z","workerId":"worker-pg-continuous-192-a","backoffMs":10,"lag":0}
{"event":"worker.metric","name":"worker_outbox_processed_total","value":1,"attributes":{"status":"processed"},"timestamp":"2026-09-27T18:03:13.119Z"}
{"event":"worker.outbox.processed","level":"info","timestamp":"2026-09-27T18:03:13.119Z","eventId":"outbox_16ac0cce-7aaa-4760-afed-2243ecbadfdb","workerId":"worker-pg-continuous-192-a","status":"processed","attempt":1,"leaseLost":false,"operation":"outbox"}
{"event":"worker.idle_backoff","level":"debug","timestamp":"2026-09-27T18:03:13.128Z","workerId":"worker-pg-continuous-192-a","backoffMs":20,"lag":0}
{"event":"worker.outbox.summary","level":"info","timestamp":"2026-09-27T18:03:13.143Z","workerId":"worker-pg-continuous-192-a","reason":"stop","claimed":1,"processed":1,"failed":0,"deadLettered":0,"handoffs":0,"errors":0,"claimFailures":0,"leaseLost":0,"heartbeats":0,"idlePolls":3,"released":0,"lag":0,"inFlight":0}
{"event":"worker.stopped","level":"info","timestamp":"2026-09-27T18:03:13.144Z","workerId":"worker-pg-continuous-192-a","drained":true,"released":0,"releaseFailed":0,"processed":1,"failed":0,"deadLettered":0,"lag":0}
{"event":"worker.started","level":"info","timestamp":"2026-09-27T18:03:13.150Z","workerId":"worker-pg-continuous-192-b","concurrency":2,"pollIntervalMs":5,"idleMaxBackoffMs":5000,"errorBackoffMs":500,"errorMaxBackoffMs":30000,"leaseMs":1000,"heartbeatIntervalMs":333,"drainMs":5000,"backlogProbe":true,"sweeps":false,"externalEffects":false,"durable":true}
{"event":"worker.outbox.summary","level":"info","timestamp":"2026-09-27T18:03:13.150Z","workerId":"worker-pg-continuous-192-b","reason":"start","claimed":0,"processed":0,"failed":0,"deadLettered":0,"handoffs":0,"errors":0,"claimFailures":0,"leaseLost":0,"heartbeats":0,"idlePolls":0,"released":0,"lag":null,"inFlight":0}
{"event":"worker.metric","name":"worker_outbox_lag","value":0,"attributes":{"operation":"outbox"},"timestamp":"2026-09-27T18:03:13.165Z"}
{"event":"worker.metric","name":"worker_outbox_dead_lettered_total","value":1,"attributes":{"status":"dead_letter"},"timestamp":"2026-09-27T18:03:13.171Z"}
{"event":"worker.outbox.dead_letter","level":"info","timestamp":"2026-09-27T18:03:13.171Z","eventId":"outbox_70de1b3b-f21c-46dc-a9c4-74e5ddac9497","workerId":"worker-pg-continuous-192-b","status":"dead_letter","attempt":1,"leaseLost":false,"error":"[redacted-outbox-error]","operation":"outbox"}
{"event":"worker.metric","name":"worker_outbox_processed_total","value":1,"attributes":{"status":"processed"},"timestamp":"2026-09-27T18:03:13.176Z"}
{"event":"worker.outbox.processed","level":"info","timestamp":"2026-09-27T18:03:13.176Z","eventId":"outbox_cb6001c3-1818-4181-9632-dde0b7f81cec","workerId":"worker-pg-continuous-192-b","status":"processed","attempt":1,"leaseLost":false,"operation":"outbox"}
{"event":"worker.idle_backoff","level":"debug","timestamp":"2026-09-27T18:03:13.177Z","workerId":"worker-pg-continuous-192-b","backoffMs":5,"lag":0}
{"event":"worker.outbox.summary","level":"info","timestamp":"2026-09-27T18:03:13.178Z","workerId":"worker-pg-continuous-192-b","reason":"stop","claimed":2,"processed":1,"failed":0,"deadLettered":1,"handoffs":0,"errors":0,"claimFailures":0,"leaseLost":0,"heartbeats":0,"idlePolls":1,"released":0,"lag":0,"inFlight":0}
{"event":"worker.stopped","level":"info","timestamp":"2026-09-27T18:03:13.178Z","workerId":"worker-pg-continuous-192-b","drained":true,"released":0,"releaseFailed":0,"processed":1,"failed":0,"deadLettered":1,"lag":0}
{"event":"worker.started","level":"info","timestamp":"2026-09-27T18:03:13.754Z","workerId":"worker-pg-continuous-192-d","concurrency":2,"pollIntervalMs":5,"idleMaxBackoffMs":5000,"errorBackoffMs":500,"errorMaxBackoffMs":30000,"leaseMs":1000,"heartbeatIntervalMs":333,"drainMs":5000,"backlogProbe":true,"sweeps":false,"externalEffects":false,"durable":true}
{"event":"worker.outbox.summary","level":"info","timestamp":"2026-09-27T18:03:13.754Z","workerId":"worker-pg-continuous-192-d","reason":"start","claimed":0,"processed":0,"failed":0,"deadLettered":0,"handoffs":0,"errors":0,"claimFailures":0,"leaseLost":0,"heartbeats":0,"idlePolls":0,"released":0,"lag":null,"inFlight":0}
{"event":"worker.metric","name":"worker_outbox_lag","value":0,"attributes":{"operation":"outbox"},"timestamp":"2026-09-27T18:03:13.768Z"}
{"event":"worker.metric","name":"worker_outbox_processed_total","value":1,"attributes":{"status":"processed"},"timestamp":"2026-09-27T18:03:13.775Z"}
{"event":"worker.outbox.processed","level":"info","timestamp":"2026-09-27T18:03:13.775Z","eventId":"outbox_664337c0-14ec-4dd0-be0b-89e606e8b0c3","workerId":"worker-pg-continuous-192-d","status":"processed","attempt":1,"leaseLost":false,"operation":"outbox"}
{"event":"worker.metric","name":"worker_outbox_processed_total","value":1,"attributes":{"status":"processed"},"timestamp":"2026-09-27T18:03:13.777Z"}
{"event":"worker.outbox.processed","level":"info","timestamp":"2026-09-27T18:03:13.777Z","eventId":"outbox_d9ed2f4c-7d6f-4455-874f-6e652a1ead02","workerId":"worker-pg-continuous-192-d","status":"processed","attempt":1,"leaseLost":false,"operation":"outbox"}
{"event":"worker.idle_backoff","level":"debug","timestamp":"2026-09-27T18:03:13.780Z","workerId":"worker-pg-continuous-192-d","backoffMs":5,"lag":0}
{"event":"worker.outbox.summary","level":"info","timestamp":"2026-09-27T18:03:13.780Z","workerId":"worker-pg-continuous-192-d","reason":"stop","claimed":2,"processed":2,"failed":0,"deadLettered":0,"handoffs":0,"errors":0,"claimFailures":0,"leaseLost":0,"heartbeats":0,"idlePolls":1,"released":0,"lag":0,"inFlight":0}
{"event":"worker.stopped","level":"info","timestamp":"2026-09-27T18:03:13.780Z","workerId":"worker-pg-continuous-192-d","drained":true,"released":0,"releaseFailed":0,"processed":2,"failed":0,"deadLettered":0,"lag":0}
{"event":"worker.started","level":"info","timestamp":"2026-09-27T18:03:13.782Z","workerId":"worker-pg-continuous-192-e","concurrency":1,"pollIntervalMs":5,"idleMaxBackoffMs":5000,"errorBackoffMs":500,"errorMaxBackoffMs":30000,"leaseMs":1000,"heartbeatIntervalMs":333,"drainMs":5000,"backlogProbe":true,"sweeps":false,"externalEffects":false,"durable":true}
{"event":"worker.outbox.summary","level":"info","timestamp":"2026-09-27T18:03:13.783Z","workerId":"worker-pg-continuous-192-e","reason":"start","claimed":0,"processed":0,"failed":0,"deadLettered":0,"handoffs":0,"errors":0,"claimFailures":0,"leaseLost":0,"heartbeats":0,"idlePolls":0,"released":0,"lag":null,"inFlight":0}
{"event":"worker.metric","name":"worker_outbox_lag","value":0,"attributes":{"operation":"outbox"},"timestamp":"2026-09-27T18:03:13.793Z"}
{"event":"worker.shutdown_release","level":"warn","timestamp":"2026-09-27T18:03:13.827Z","eventId":"outbox_0dfcd570-4117-4817-91dc-6244d9749dc1","workerId":"worker-pg-continuous-192-e","operation":"outbox"}
{"event":"worker.metric","name":"worker_outbox_shutdown_releases_total","value":1,"attributes":{"outcome":"released"},"timestamp":"2026-09-27T18:03:13.827Z"}
{"event":"worker.outbox.summary","level":"info","timestamp":"2026-09-27T18:03:13.827Z","workerId":"worker-pg-continuous-192-e","reason":"stop","claimed":1,"processed":0,"failed":0,"deadLettered":0,"handoffs":0,"errors":0,"claimFailures":0,"leaseLost":0,"heartbeats":0,"idlePolls":0,"released":1,"lag":0,"inFlight":1}
{"event":"worker.stopped","level":"info","timestamp":"2026-09-27T18:03:13.828Z","workerId":"worker-pg-continuous-192-e","drained":false,"released":1,"releaseFailed":0,"processed":0,"failed":0,"deadLettered":0,"lag":0}
{"event":"worker.event_error","level":"error","timestamp":"2026-09-27T18:03:13.830Z","eventId":"outbox_0dfcd570-4117-4817-91dc-6244d9749dc1","workerId":"worker-pg-continuous-192-e","attempt":1,"error":"outbox_error:conflict","operation":"outbox"}
{"event":"worker.metric","name":"worker_outbox_errors_total","value":1,"attributes":{"outcome":"error"},"timestamp":"2026-09-27T18:03:13.830Z"}
{"event":"worker.started","level":"info","timestamp":"2026-09-27T18:03:13.832Z","workerId":"worker-pg-continuous-192-f","concurrency":2,"pollIntervalMs":5,"idleMaxBackoffMs":5000,"errorBackoffMs":500,"errorMaxBackoffMs":30000,"leaseMs":1000,"heartbeatIntervalMs":333,"drainMs":5000,"backlogProbe":true,"sweeps":false,"externalEffects":false,"durable":true}
{"event":"worker.outbox.summary","level":"info","timestamp":"2026-09-27T18:03:13.832Z","workerId":"worker-pg-continuous-192-f","reason":"start","claimed":0,"processed":0,"failed":0,"deadLettered":0,"handoffs":0,"errors":0,"claimFailures":0,"leaseLost":0,"heartbeats":0,"idlePolls":0,"released":0,"lag":null,"inFlight":0}
{"event":"worker.metric","name":"worker_outbox_lag","value":0,"attributes":{"operation":"outbox"},"timestamp":"2026-09-27T18:03:13.840Z"}
{"event":"worker.idle_backoff","level":"debug","timestamp":"2026-09-27T18:03:13.840Z","workerId":"worker-pg-continuous-192-f","backoffMs":5,"lag":0}
{"event":"worker.idle_backoff","level":"debug","timestamp":"2026-09-27T18:03:13.847Z","workerId":"worker-pg-continuous-192-f","backoffMs":10,"lag":0}
{"event":"worker.idle_backoff","level":"debug","timestamp":"2026-09-27T18:03:13.859Z","workerId":"worker-pg-continuous-192-f","backoffMs":20,"lag":0}
{"event":"worker.idle_backoff","level":"debug","timestamp":"2026-09-27T18:03:13.881Z","workerId":"worker-pg-continuous-192-f","backoffMs":40,"lag":0}
{"event":"worker.idle_backoff","level":"debug","timestamp":"2026-09-27T18:03:13.923Z","workerId":"worker-pg-continuous-192-f","backoffMs":80,"lag":0}
{"event":"worker.idle_backoff","level":"debug","timestamp":"2026-09-27T18:03:14.006Z","workerId":"worker-pg-continuous-192-f","backoffMs":160,"lag":0}
{"event":"worker.idle_backoff","level":"debug","timestamp":"2026-09-27T18:03:14.168Z","workerId":"worker-pg-continuous-192-f","backoffMs":320,"lag":0}
{"event":"worker.idle_backoff","level":"debug","timestamp":"2026-09-27T18:03:14.489Z","workerId":"worker-pg-continuous-192-f","backoffMs":640,"lag":0}
{"event":"worker.outbox.summary","level":"info","timestamp":"2026-09-27T18:03:14.832Z","workerId":"worker-pg-continuous-192-f","reason":"interval","claimed":0,"processed":0,"failed":0,"deadLettered":0,"handoffs":0,"errors":0,"claimFailures":0,"leaseLost":0,"heartbeats":0,"idlePolls":8,"released":0,"lag":0,"inFlight":0}
{"event":"worker.metric","name":"worker_outbox_lag","value":0,"attributes":{"operation":"outbox"},"timestamp":"2026-09-27T18:03:15.138Z"}
{"event":"worker.idle_backoff","level":"debug","timestamp":"2026-09-27T18:03:15.138Z","workerId":"worker-pg-continuous-192-f","backoffMs":5,"lag":0}
{"event":"worker.idle_backoff","level":"debug","timestamp":"2026-09-27T18:03:15.144Z","workerId":"worker-pg-continuous-192-f","backoffMs":10,"lag":0}
{"event":"worker.metric","name":"worker_outbox_processed_total","value":1,"attributes":{"status":"processed"},"timestamp":"2026-09-27T18:03:15.146Z"}
{"event":"worker.outbox.processed","level":"info","timestamp":"2026-09-27T18:03:15.146Z","eventId":"outbox_0dfcd570-4117-4817-91dc-6244d9749dc1","workerId":"worker-pg-continuous-192-f","status":"processed","attempt":2,"leaseLost":false,"operation":"outbox"}
{"event":"worker.idle_backoff","level":"debug","timestamp":"2026-09-27T18:03:15.157Z","workerId":"worker-pg-continuous-192-f","backoffMs":20,"lag":0}
{"event":"worker.outbox.summary","level":"info","timestamp":"2026-09-27T18:03:15.170Z","workerId":"worker-pg-continuous-192-f","reason":"stop","claimed":1,"processed":1,"failed":0,"deadLettered":0,"handoffs":0,"errors":0,"claimFailures":0,"leaseLost":0,"heartbeats":0,"idlePolls":11,"released":0,"lag":0,"inFlight":0}
{"event":"worker.stopped","level":"info","timestamp":"2026-09-27T18:03:15.170Z","workerId":"worker-pg-continuous-192-f","drained":true,"released":0,"releaseFailed":0,"processed":1,"failed":0,"deadLettered":0,"lag":0}
 ✓ apps/worker/src/__tests__/continuous-worker-postgres.integration.test.ts (2 tests) 2497ms
     ✓ consumes events across a simulated restart and dead-letters a poison event  505ms
     ✓ observes queue lag, completes in-flight work on shutdown and releases bounded leases  1991ms
 ✓ packages/persistence/src/__tests__/platform-approval-postgres.test.ts (2 tests) 956ms
     ✓ persists bindings and consumes approvals atomically exactly once  565ms
     ✓ enforces tenant visibility for the durable approval table under FORCE RLS  390ms
 ✓ apps/worker/src/__tests__/continuous-worker-entrypoint.integration.test.ts (2 tests) 2474ms
     ✓ consumes events around a restart and drains on a real SIGTERM without loss or duplication  1575ms
     ✓ runs the role preflight before the first claim and leaves the queue untouched on rejection  898ms
 ✓ apps/api/src/__tests__/rate-limit-distributed-postgres.test.ts (9 tests) 2848ms
     ✓ shares one budget across instances and restarts  400ms
     ✓ resets the budget when the window expires  725ms
     ✓ serializes concurrent first checks for one logical budget  380ms
     ✓ fails closed at active capacity without evicting an existing budget  381ms
     ✓ enforces the shared budget at the HTTP boundary  955ms
 ✓ apps/api/src/http-security.test.ts (10 tests) 181ms
 ✓ legacy/packages/secretary-profile/src/__tests__/policy-engine.test.ts (14 tests) 15ms
 ✓ packages/shared/src/__tests__/shared-contracts.test.ts (11 tests) 14ms
 ✓ packages/agent-runtime/src/__tests__/agent-runtime.test.ts (9 tests) 36ms
 ✓ packages/channel-gateway/src/__tests__/channel-effect-hash-version.test.ts (9 tests) 25ms
 ✓ apps/worker/src/__tests__/postgres-controlled-hardening.test.ts (8 tests) 65ms
 ✓ packages/approval-engine/src/__tests__/approval-lifecycle-edges.test.ts (10 tests) 14ms
 ✓ packages/shared/src/__tests__/ssrf-egress.test.ts (16 tests) 36ms
 ✓ packages/channel-gateway/src/__tests__/channel-effect-journal-edges.test.ts (9 tests) 103ms
 ✓ packages/approval-engine/src/__tests__/approval-engine.test.ts (10 tests) 14ms
 ✓ legacy/packages/secretary-profile/src/__tests__/capability-scope.test.ts (15 tests) 12ms
 ✓ apps/worker/src/__tests__/operational-harness-iterative.test.ts (5 tests) 181ms
 ✓ apps/api/src/__tests__/operator-session.test.ts (7 tests) 186ms
 ✓ apps/web/src/features/platform/platform.test.tsx (3 tests) 454ms
 ✓ packages/platform/src/__tests__/release-candidate-ledger.test.ts (5 tests) 19ms
 ✓ packages/harness/src/__tests__/completion.test.ts (7 tests) 9ms
 ✓ packages/approval-engine/src/__tests__/approval-lifecycle-fencing.test.ts (6 tests) 13ms
 ✓ packages/persistence/src/__tests__/platform-approval-repository.test.ts (3 tests) 17ms
 ✓ packages/shared/src/__tests__/audit-governance-hardening.test.ts (11 tests) 9ms
 ✓ packages/platform/src/__tests__/controlled-tool-registry.test.ts (5 tests) 35ms
 ✓ apps/worker/src/__tests__/operational-harness-iterative-postgres.integration.test.ts (1 test) 639ms
     ✓ persists steps/checkpoints, isolates tenants, and resumes WAITING_USER on a fresh pool  638ms
 ✓ packages/persistence/src/__tests__/persistence-schema.test.ts (7 tests) 14ms
 ✓ apps/api/src/__tests__/inbound-runtime-edges.test.ts (5 tests) 216ms
 ✓ apps/api/src/__tests__/audit-evidence.test.ts (4 tests) 157ms
 ✓ apps/api/src/__tests__/operator-identity-rbac.test.ts (6 tests) 182ms
 ✓ packages/platform/src/__tests__/prompt-profile.test.ts (8 tests) 42ms
 ✓ apps/worker/src/__tests__/operational-harness-synthetic-effect-postgres.integration.test.ts (1 test) 555ms
     ✓ persists HTTP acceptance, one journaled synthetic effect, replay, and status  554ms
 ✓ packages/observability/src/__tests__/observability.test.ts (12 tests) 22ms
 ✓ packages/platform/src/__tests__/event-bus.test.ts (8 tests) 15ms
 ✓ packages/persistence/src/__tests__/release-candidate-repository.test.ts (3 tests) 11ms
 ✓ packages/shared/src/__tests__/shared-branches-hardening.test.ts (15 tests) 69ms
 ✓ packages/platform/src/__tests__/capability-approval-gateway.test.ts (4 tests) 22ms
 ✓ packages/persistence/src/__tests__/repository-error-paths.test.ts (6 tests) 23ms
 ✓ packages/platform/src/__tests__/tool-invocation-boundary-hardening.test.ts (9 tests) 8ms
 ✓ packages/platform/src/__tests__/critical-safety-preflight.test.ts (9 tests) 118ms
 ✓ packages/agent-evals/src/__tests__/agent-evals.test.ts (10 tests) 19ms
 ✓ legacy/packages/secretary-journeys/src/__tests__/journey-task-atomicity.test.ts (8 tests) 430ms
 ✓ apps/api/src/__tests__/capability-approval-api.test.ts (4 tests) 167ms
 ✓ apps/web/src/__tests__/journeys-identity-race.test.tsx (13 tests) 697ms
 ✓ packages/persistence/src/__tests__/operational-execution-postgres.test.ts (4 tests) 451ms
 ✓ packages/channel-gateway/src/__tests__/channel-coverage-inbound-adapters.test.ts (12 tests) 16ms
 ✓ apps/api/src/__tests__/readiness.test.ts (11 tests) 2872ms
     ✓ returns 503 when destruction rejects the timed out query  911ms
     ✓ bounds pending pool admission and destroys a late client exactly once  911ms
     ✓ ignores late query success and recovers after the outstanding operation settles  911ms
 ✓ packages/persistence/src/__tests__/outbox.test.ts (6 tests) 15ms
 ✓ legacy/packages/secretary-evals/src/__tests__/secretary-evals.test.ts (9 tests) 19ms
 ✓ packages/channel-gateway/src/__tests__/channel-effect-reconciliation-actor.test.ts (6 tests) 19ms
 ✓ tests/e2e-report-binding.test.js (8 tests) 12ms
 ✓ legacy/packages/secretary-profile/src/__tests__/policy-engine-branch-hardening.test.ts (9 tests) 10ms
 ✓ apps/api/src/__tests__/identity-trusted-resolver.test.ts (7 tests) 174ms
 ✓ packages/platform/src/__tests__/approval-authority.test.ts (6 tests) 17ms
 ✓ tests/docs-check-links.test.js (9 tests) 308ms
 ✓ apps/api/src/__tests__/publish-evidence-authority.test.ts (3 tests) 189ms
 ✓ apps/worker/src/__tests__/operational-harness-worker.test.ts (8 tests) 12ms
 ✓ apps/api/src/__tests__/identity-key-ring-rotation.test.ts (8 tests) 12ms
 ✓ apps/worker/src/__tests__/postgres-controlled.test.ts (5 tests) 52ms
 ✓ packages/persistence/src/__tests__/plugin-catalog-repository.test.ts (1 test) 10ms
{"event":"worker.sweep_tick","level":"info","timestamp":"2026-09-27T18:04:14.345Z","now":"2026-09-13T00:00:00.000Z","journalReleased":1,"approvalsReleased":2,"approvalsUncertain":1,"durationMs":0,"operation":"sweep"}
{"event":"worker.metric","name":"worker_sweep_journal_released_total","value":1,"attributes":{"operation":"sweep"},"timestamp":"2026-09-27T18:04:14.346Z"}
{"event":"worker.metric","name":"worker_sweep_approvals_released_total","value":2,"attributes":{"status":"released"},"timestamp":"2026-09-27T18:04:14.346Z"}
{"event":"worker.metric","name":"worker_sweep_approvals_uncertain_total","value":1,"attributes":{"status":"uncertain"},"timestamp":"2026-09-27T18:04:14.346Z"}
{"event":"worker.started","level":"info","timestamp":"2026-09-27T18:04:14.347Z","workerId":"worker-sweeps-191","concurrency":2,"pollIntervalMs":5,"idleMaxBackoffMs":5000,"errorBackoffMs":500,"errorMaxBackoffMs":30000,"leaseMs":1000,"heartbeatIntervalMs":333,"drainMs":10000,"backlogProbe":true,"sweeps":true,"externalEffects":false,"durable":true}
{"event":"worker.sweep_started","level":"info","timestamp":"2026-09-27T18:04:14.347Z","intervalMs":10,"operation":"sweep"}
{"event":"worker.outbox.summary","level":"info","timestamp":"2026-09-27T18:04:14.348Z","workerId":"worker-sweeps-191","reason":"start","claimed":0,"processed":0,"failed":0,"deadLettered":0,"handoffs":0,"errors":0,"claimFailures":0,"leaseLost":0,"heartbeats":0,"idlePolls":0,"released":0,"lag":null,"inFlight":0}
{"event":"worker.metric","name":"worker_outbox_lag","value":0,"attributes":{"operation":"outbox"},"timestamp":"2026-09-27T18:04:14.348Z"}
{"event":"worker.idle_backoff","level":"debug","timestamp":"2026-09-27T18:04:14.348Z","workerId":"worker-sweeps-191","backoffMs":5,"lag":0}
{"event":"worker.idle_backoff","level":"debug","timestamp":"2026-09-27T18:04:14.354Z","workerId":"worker-sweeps-191","backoffMs":10,"lag":0}
{"event":"worker.sweep_tick","level":"info","timestamp":"2026-09-27T18:04:14.359Z","now":"2026-09-27T18:04:14.358Z","journalReleased":0,"approvalsReleased":0,"approvalsUncertain":0,"durationMs":0,"operation":"sweep"}
{"event":"worker.metric","name":"worker_sweep_journal_released_total","value":0,"attributes":{"operation":"sweep"},"timestamp":"2026-09-27T18:04:14.359Z"}
{"event":"worker.metric","name":"worker_sweep_approvals_released_total","value":0,"attributes":{"status":"released"},"timestamp":"2026-09-27T18:04:14.359Z"}
{"event":"worker.metric","name":"worker_sweep_approvals_uncertain_total","value":0,"attributes":{"status":"uncertain"},"timestamp":"2026-09-27T18:04:14.359Z"}
{"event":"worker.sweep_stopped","level":"info","timestamp":"2026-09-27T18:04:14.359Z","operation":"sweep"}
{"event":"worker.outbox.summary","level":"info","timestamp":"2026-09-27T18:04:14.359Z","workerId":"worker-sweeps-191","reason":"stop","claimed":0,"processed":0,"failed":0,"deadLettered":0,"handoffs":0,"errors":0,"claimFailures":0,"leaseLost":0,"heartbeats":0,"idlePolls":2,"released":0,"lag":0,"inFlight":0}
{"event":"worker.stopped","level":"info","timestamp":"2026-09-27T18:04:14.360Z","workerId":"worker-sweeps-191","drained":true,"released":0,"releaseFailed":0,"processed":0,"failed":0,"deadLettered":0,"lag":0}
 ✓ apps/worker/src/__tests__/worker-sweeps.test.ts (5 tests) 120ms
 ✓ tests/skip-governance.test.js (9 tests) 14ms
 ✓ apps/api/src/__tests__/production-boundary.test.ts (9 tests) 185ms
 ✓ packages/platform/src/__tests__/trace-governance.test.ts (14 tests) 19ms
 ✓ apps/api/src/__tests__/build-server-from-env-boundary.test.ts (7 tests) 208ms
 ✓ packages/platform/src/__tests__/test-suite-catalog.test.ts (2 tests) 32ms
 ✓ packages/agent-runtime/src/__tests__/proposal-errors.test.ts (10 tests) 9ms
 ✓ packages/platform/src/__tests__/test-lab-events.test.ts (5 tests) 40ms
 ✓ packages/conversation/src/__tests__/bridge.test.ts (6 tests) 8ms
 ✓ tests/docs-readiness.test.js (7 tests) 15ms
 ✓ packages/model-gateway/src/__tests__/providers.test.ts (15 tests) 17ms
 ✓ packages/platform/src/__tests__/event-bus-hardening.test.ts (7 tests) 18ms
 ✓ packages/approval-engine/src/__tests__/approval-operation-key.test.ts (7 tests) 11ms
 ✓ packages/persistence/src/__tests__/audit-evidence-checkpoint.test.ts (3 tests) 19ms
 ✓ packages/platform/src/__tests__/platform-misc-hardening.test.ts (6 tests) 17ms
 ✓ apps/api/src/__tests__/release-candidate-ledger.test.ts (2 tests) 137ms
 ✓ packages/policy-engine/src/__tests__/policy-profile.test.ts (13 tests) 19ms
 ✓ packages/persistence/src/__tests__/restore.test.ts (5 tests) 9ms
 ✓ apps/api/src/__tests__/small-module-boundaries.test.ts (8 tests) 111ms
 ✓ packages/platform/src/__tests__/publish-evidence-authority.test.ts (4 tests) 18ms
 ✓ apps/api/src/__tests__/tenant-inbound-isolation.test.ts (4 tests) 153ms
 ✓ tests/phase4a/service-desk-journey.test.ts (1 test) 33ms
 ✓ packages/persistence/src/__tests__/audit-evidence-checkpoint-postgres.test.ts (2 tests) 16ms
 ✓ legacy/packages/secretary-profile/src/__tests__/policy-coverage.test.ts (6 tests) 12ms
 ✓ apps/api/src/__tests__/homolog-correlation-postgres.test.ts (1 test) 547ms
     ✓ binds the response correlation to one PII-free audit event  546ms
 ✓ apps/web/src/features/platform/handoff-policy-control-center.test.tsx (2 tests) 384ms
 ✓ apps/worker/src/__tests__/operational-harness-synthetic-effect.test.ts (2 tests) 113ms
 ✓ apps/web/src/api/resilient-client.test.ts (10 tests) 60ms
 ✓ tests/rem21-018-config.test.ts (6 tests) 10ms
 ✓ apps/web/src/features/platform/release-candidate-ledger.test.tsx (1 test) 489ms
     ✓ records and validates controlled evidence without mutating the version  488ms
 ✓ apps/worker/src/__tests__/controlled-worker-hardening.test.ts (7 tests) 14ms
 ✓ packages/persistence/src/__tests__/outbox-memory.test.ts (4 tests) 13ms
 ✓ packages/platform/src/__tests__/plugin-registry-versioning.test.ts (3 tests) 22ms
 ✓ apps/api/src/__tests__/homolog-observability.test.ts (5 tests) 234ms
 ✓ tests/ci-workflow-contract.test.js (4 tests) 91ms
 ✓ tests/basic-agent.test.ts (8 tests) 8ms
 ✓ apps/worker/src/__tests__/published-worker-knowledge-boundary.test.ts (5 tests) 35ms
 ✓ packages/harness/src/__tests__/effect-journal.test.ts (3 tests) 9ms
 ✓ packages/harness/src/__tests__/context-engine.test.ts (4 tests) 6ms
 ✓ apps/web/src/__tests__/audit-checkpoint-app.test.tsx (1 test) 268ms
 ✓ packages/rag/src/__tests__/institutional-rag-hardening.test.ts (8 tests) 16ms
 ✓ tests/phase4a/public-harness-integration.test.ts (1 test) 6ms
 ✓ apps/worker/src/__tests__/homolog-worker-lifecycle.test.ts (4 tests) 985ms
     ✓ fails the real process before ready when PostgreSQL is unavailable  493ms
     ✓ emits controlled-memory readiness before the drain result  485ms
 ✓ packages/channel-gateway/src/__tests__/channel-coverage.test.ts (6 tests) 16ms
 ✓ packages/model-gateway/src/__tests__/edge-coverage.test.ts (15 tests) 11ms
 ✓ apps/api/src/__tests__/trusted-replay-distributed-postgres.test.ts (2 tests) 1028ms
     ✓ rejects the same token on a second process and after restart  605ms
     ✓ fails closed when the replay store is unavailable  422ms
 ✓ packages/persistence/src/__tests__/attendance-approval-postgres.test.ts (1 test) 405ms
     ✓ forces two connections past the same pending read and rolls back failed audit  404ms
 ✓ apps/web/src/features/platform/prompt-profile-control-center.test.tsx (1 test) 246ms
 ✓ apps/worker/src/__tests__/homolog-health-postgres.test.ts (5 tests) 406ms
     ✓ reports healthy dependencies with queue depth  397ms
 ✓ apps/web/src/__tests__/trusted-session-app.test.tsx (5 tests) 363ms
 ✓ apps/web/src/api/release-candidate-client.test.ts (3 tests) 8ms
 ✓ packages/orchestrator/src/__tests__/hybrid-orchestrator.test.ts (6 tests) 6ms
 ✓ legacy/packages/secretary-journeys/src/__tests__/journeys.test.ts (2 tests) 13ms
 ✓ apps/api/src/prompt-profile-error-boundary.test.ts (4 tests) 115ms
 ✓ packages/harness/src/__tests__/runtime-selection.test.ts (4 tests) 13ms
 ✓ apps/api/src/__tests__/durable-inbound.test.ts (3 tests) 142ms
 ✓ apps/api/src/__tests__/tenant-schema-inventory-postgres.test.ts (4 tests) 1592ms
     ✓ every tenant_id table in the catalog is inventoried and verified  412ms
     ✓ fails when a tenant-scoped table is removed  394ms
     ✓ fails when migration 0022 is not applied  385ms
     ✓ fails a least-privilege role without grants on new tables  399ms
 ✓ packages/agent-runtime/src/__tests__/capability-action-binding.test.ts (3 tests) 19ms
 ✓ apps/api/src/__tests__/audit-evidence-checkpoint.test.ts (2 tests) 141ms
 ✓ tests/ci-bar-e2e-finalizer.test.js (4 tests) 1330ms
     ✓ checks both required snapshot hashes  341ms
     ✓ rejects empty, incomplete and extra E2E hash maps  492ms
     ✓ rejects log tampering and a coherent replacement of both report UUIDs  328ms
 ✓ packages/observability/src/__tests__/operational-observability.test.ts (3 tests) 9ms
 ✓ apps/worker/src/__tests__/startup-error-redaction.test.ts (4 tests) 502ms
     ✓ exits non-zero with the original event and code when a real entrypoint run fails  496ms
 ✓ apps/api/src/rem-risk-boundary.test.ts (2 tests) 151ms
 ✓ packages/platform/src/__tests__/plugin-catalog.test.ts (1 test) 14ms
 ✓ packages/policy-engine/src/__tests__/reference-engine.test.ts (11 tests) 10ms
 ✓ apps/api/src/http-request-boundary.test.ts (8 tests) 141ms
 ✓ packages/persistence/src/__tests__/outbox-content-binding-postgres.test.ts (3 tests) 1303ms
     ✓ returns the same record for an identical replay across instances  427ms
     ✓ rejects divergent type/payload/version without mutating the winner  469ms
     ✓ lets one concurrent divergent writer win and rejects the other  407ms
 ✓ packages/agent-core/src/__tests__/receive-inbound-message.test.ts (6 tests) 10ms
 ✓ packages/observability/src/__tests__/observability-coverage.test.ts (5 tests) 19ms
 ✓ apps/api/src/__tests__/task-lifecycle.test.ts (3 tests) 139ms
 ✓ tests/phase4-public-consumer.test.ts (2 tests) 34ms
 ✓ apps/web/src/features/journeys/journeys.test.tsx (1 test) 309ms
     ✓ walks identify, draft, link and approval-blocked scheduling steps  308ms
 ✓ apps/api/src/__tests__/health.test.ts (2 tests) 139ms
 ✓ packages/platform/src/__tests__/safety-assessment.test.ts (29 tests) 87ms
 ✓ apps/api/src/request-metrics.test.ts (3 tests) 125ms
 ✓ apps/api/src/http-target-boundary.test.ts (8 tests) 166ms
 ✓ apps/api/src/__tests__/attendance-approval-atomic.test.ts (6 tests) 179ms
 ✓ apps/api/src/__tests__/rate-limit.test.ts (6 tests) 209ms
 ✓ apps/api/src/startup-failure.test.ts (8 tests) 12ms
 ✓ apps/web/src/__tests__/attendance-approval-conflict.test.tsx (2 tests) 300ms
 ✓ apps/api/src/__tests__/audit-evidence-checkpoint-boundary.test.ts (2 tests) 144ms
 ✓ apps/web/src/features/platform/prompt-profile.test.ts (5 tests) 12ms
 ✓ apps/api/src/__tests__/test-suite-catalog.test.ts (1 test) 143ms
 ✓ packages/persistence/src/__tests__/session-version-pinning-postgres.test.ts (2 tests) 392ms
     ✓ binds sessions atomically under the tenant-aware migration and never replaces the pin  388ms
 ✓ apps/api/src/__tests__/knowledge-input-boundary.test.ts (2 tests) 143ms
 ✓ apps/api/src/response-correlation.test.ts (6 tests) 148ms
 ✓ apps/worker/src/__tests__/postgres-outbox-bridge.integration.test.ts (2 tests) 704ms
     ✓ consumes the event written by the API through a separate worker pool  702ms
 ✓ tests/construction-readiness.test.js (4 tests) 5ms
 ✓ packages/platform/src/__tests__/knowledge-input-boundary.test.ts (3 tests) 24ms
 ✓ packages/approval-engine/src/__tests__/approval-coverage.test.ts (3 tests) 8ms
 ✓ tests/workspace-dependency-manifest.test.js (1 test) 20ms
 ✓ packages/platform/src/__tests__/handoff-policy.test.ts (3 tests) 32ms
 ✓ apps/web/src/api/audit-evidence-checkpoint-client.test.ts (3 tests) 8ms
 ✓ packages/persistence/src/__tests__/attendance-approval-atomic.test.ts (6 tests) 12ms
 ✓ tests/release-candidate-boundary.test.js (5 tests) 4ms
 ✓ apps/api/src/pagination-boundary.test.ts (5 tests) 141ms
 ✓ tests/architecture/legacy-boundary.test.ts (4 tests) 24ms
 ✓ packages/platform/src/__tests__/knowledge-source-catalog.test.ts (2 tests) 8ms
 ✓ apps/web/src/features/platform/knowledge-source-catalog.test.tsx (1 test) 367ms
     ✓ loads, creates and approves metadata without editing an agent snapshot  366ms
 ✓ apps/api/src/__tests__/observability.test.ts (2 tests) 124ms
 ✓ packages/platform/src/__tests__/controlled-preset-hardening.test.ts (3 tests) 13ms
 ✓ apps/api/src/internal-task-field-boundary.test.ts (7 tests) 171ms
 ✓ apps/api/src/__tests__/oidc-identity.test.ts (22 tests) 9ms
 ✓ tests/phase4a/golden-corpus.test.ts (2 tests) 19ms
 ✓ tests/architecture/dependency-direction.test.ts (4 tests) 17ms
 ✓ apps/api/src/__tests__/plugin-catalog.test.ts (1 test) 114ms
 ✓ apps/api/src/approval-decision-note-field-boundary.test.ts (3 tests) 126ms
 ✓ packages/shared/src/__tests__/ssrf.test.ts (34 tests) 8ms
 ✓ apps/api/src/__tests__/http-security-edge-branches.test.ts (4 tests) 143ms
 ✓ apps/api/src/approval-request-field-boundary.test.ts (5 tests) 151ms
 ✓ packages/persistence/src/__tests__/outbox-content-binding.test.ts (6 tests) 8ms
 ✓ packages/approval-engine/src/__tests__/approval-idempotent-decision.test.ts (4 tests) 7ms
 ✓ legacy/packages/secretary-profile/src/__tests__/secretary-preset.test.ts (2 tests) 44ms
 ✓ apps/worker/src/__tests__/readiness.test.ts (3 tests) 5ms
 ✓ tests/ci-bar-contract.test.js (4 tests) 13ms
 ✓ tests/phase4a/knowledge-assistant-journey.test.ts (2 tests) 14ms
 ✓ tests/phase4a-gate-identity.test.ts (6 tests) 5ms
 ✓ packages/platform/src/__tests__/model-provider-boundary.test.ts (4 tests) 11ms
 ✓ apps/worker/src/__tests__/worker-observability.test.ts (3 tests) 6ms
 ✓ apps/api/src/__tests__/approval-actions.test.ts (1 test) 107ms
 ✓ apps/worker/src/__tests__/outbox-recovery.test.ts (3 tests) 11ms
 ✓ packages/persistence/src/__tests__/runtime-trace-correlation.test.ts (2 tests) 12ms
 ✓ packages/agent-core/src/__tests__/approval-reconciliation.test.ts (2 tests) 5ms
 ✓ apps/api/src/__tests__/conversation-list.test.ts (2 tests) 132ms
 ✓ packages/shared/src/__tests__/lifecycle.test.ts (4 tests) 58ms
 ✓ tests/workspace-scripts.test.js (2 tests) 4ms
 ✓ packages/platform/src/__tests__/knowledge-resolver.test.ts (1 test) 23ms
 ✓ apps/api/src/__tests__/knowledge-source-catalog.test.ts (1 test) 126ms
 ✓ packages/platform/src/__tests__/retention-ledger.test.ts (2 tests) 8ms
 ✓ packages/platform/src/__tests__/malformed-model-output.test.ts (1 test) 20ms
 ✓ apps/web/src/api/client.test.ts (1 test) 5ms
 ✓ tests/e2e/critical-flows.test.ts (1 test) 113ms
 ✓ packages/persistence/src/__tests__/session-version-pinning.test.ts (2 tests) 6ms
 ✓ packages/persistence/src/__tests__/audit-decision-dedupe.test.ts (3 tests) 6ms
 ✓ packages/shared/src/__tests__/data-classification.test.ts (7 tests) 4ms
 ✓ packages/chaos/src/__tests__/chaos-postgres.test.ts (2 tests) 50ms
 ✓ apps/worker/src/__tests__/controlled-worker.test.ts (2 tests) 8ms
 ✓ tests/rem21-014-browser-proof.test.js (7 tests) 4ms
 ✓ packages/shared/src/__tests__/canonical.test.ts (9 tests) 6ms
 ✓ apps/api/src/audit-filter-duplicate-boundary.test.ts (6 tests) 150ms
 ✓ packages/policy/src/__tests__/policy-engine.test.ts (3 tests) 4ms
 ✓ tests/mutation-guard.test.js (3 tests) 10ms
 ✓ packages/platform/src/__tests__/model-provider.test.ts (3 tests) 6ms
 ✓ tests/rem21-011-observability-proof.test.js (3 tests) 4ms
 ✓ packages/adapters/src/__tests__/controlled-delivery.test.ts (2 tests) 6ms
 ✓ apps/api/src/__tests__/operator-session-hook.test.ts (1 test) 79ms
 ✓ packages/shared/src/__tests__/ids-hardening.test.ts (3 tests) 6ms
 ✓ packages/persistence/src/__tests__/audit-repository.test.ts (2 tests) 7ms
 ✓ packages/rag/src/__tests__/institutional-rag.test.ts (3 tests) 5ms
 ✓ packages/shared/src/__tests__/http-security-env.test.ts (4 tests) 6ms
 ✓ tests/runtime-image-contract.test.js (2 tests) 4ms
 ✓ packages/adapters/src/__tests__/model-adapter.test.ts (3 tests) 7ms
 ✓ packages/channel-gateway/src/__tests__/channel-effect-race.test.ts (2 tests) 14ms
 ✓ packages/platform/src/__tests__/qualification.test.ts (3 tests) 5ms
 ✓ apps/worker/src/__tests__/worker.test.ts (1 test) 48ms
 ✓ tests/node-version-preflight.test.js (6 tests) 49ms
 ✓ apps/api/src/__tests__/journeys-api.test.ts (1 test) 141ms
 ✓ tests/repository-structure.test.js (2 tests) 8ms
 ✓ packages/persistence/src/__tests__/operational-approval-adapter.test.ts (2 tests) 10ms
 ✓ tests/coverage-gate.test.js (3 tests) 4ms
 ✓ packages/persistence/src/__tests__/conversation-intelligence-migration.test.ts (2 tests) 4ms
 ✓ tests/rem21-010-postgres-proof.test.js (4 tests) 5ms
 ✓ apps/api/src/metrics-exposure.test.ts (2 tests) 155ms
 ✓ apps/web/src/features/platform/trace-viewer.test.tsx (2 tests) 145ms
 ✓ tests/contracts.test.ts (2 tests) 4ms
 ✓ apps/api/src/__tests__/secretary-bootstrap.test.ts (2 tests) 181ms
 ✓ packages/chaos/src/__tests__/faults-coverage.test.ts (3 tests) 10ms
 ✓ apps/web/src/features/audit/audit-view.test.tsx (1 test) 41ms
 ✓ tests/worker-startup-smoke.test.js (1 test) 639ms
     ✓ proves the real entrypoint fails closed without a queue adapter  638ms
 ✓ packages/shared/src/__tests__/auth-identity-mode.test.ts (3 tests) 4ms
 ✓ tests/security-scan-config.test.js (2 tests) 4ms
 ✓ apps/api/src/__tests__/audit-route.integration.test.ts (1 test) 146ms
 ✓ packages/platform/src/__tests__/handoff.test.ts (2 tests) 4ms
 ✓ tests/worker-controlled-smoke.test.js (1 test) 830ms
     ✓ proves the configured local composition claims and acknowledges one event  828ms
 ✓ packages/harness/src/__tests__/agent-loop-evals.test.ts (2 tests) 26ms
 ✓ packages/adapters/src/__tests__/fake-whatsapp-adapter.test.ts (2 tests) 7ms
 ✓ packages/agent-core/src/__tests__/conversation-session.integration.test.ts (1 test) 8ms
 ✓ apps/web/src/features/conversations/conversations.test.tsx (1 test) 44ms
 ✓ apps/web/src/features/audit/audit-checkpoint.test.tsx (1 test) 187ms
 ✓ apps/web/src/features/conversations/timeline.test.tsx (1 test) 46ms
 ✓ packages/policy/src/__tests__/approval-state.integration.test.ts (1 test) 5ms
 ✓ tests/vitest-hermetic.test.ts (1 test) 6ms
 ✓ apps/web/src/features/approvals/approvals.test.tsx (1 test) 180ms
 ✓ apps/api/src/__tests__/correlation.test.ts (1 test) 138ms
 ✓ packages/agent-core/src/__tests__/internal-task.integration.test.ts (1 test) 8ms
 ✓ apps/web/src/features/tasks/tasks.test.tsx (1 test) 165ms

 Test Files  323 passed | 1 skipped (324)
      Tests  2373 passed | 1 skipped (2374)
   Start at  15:01:36
   Duration  324.07s (transform 4.10s, setup 0ms, import 42.83s, tests 75.68s, environment 172.63s)

JSON report written to /tmp/cvg-pr003-interim-20260927/certification/unit-test-report.json
