{
  "result": "CORRECTION_ACCEPTED",
  "externalEffects": 0,
  "boundary": "public file journal; explicit malformed versions rejected without mutation",
  "results": [
    {
      "storedVersion": null,
      "outcome": "version_mismatch",
      "bytesChanged": false,
      "claimSendAllowed": false
    },
    {
      "storedVersion": 7,
      "outcome": "version_mismatch",
      "bytesChanged": false,
      "claimSendAllowed": false
    },
    {
      "storedVersion": "",
      "outcome": "version_mismatch",
      "bytesChanged": false,
      "claimSendAllowed": false
    },
    {
      "storedVersion": false,
      "outcome": "version_mismatch",
      "bytesChanged": false,
      "claimSendAllowed": false
    },
    {
      "storedVersion": {},
      "outcome": "version_mismatch",
      "bytesChanged": false,
      "claimSendAllowed": false
    },
    {
      "storedVersion": "unknown-algorithm-v9",
      "outcome": "version_mismatch",
      "bytesChanged": false,
      "claimSendAllowed": false
    }
  ]
}
