diff --git a/docs/04_audit/evidence/AUD-20260924/M07-S1-C1J/rollback-baseline/scripts/workspace-dependency-audit.mjs b/scripts/workspace-dependency-audit.mjs
index 67adae3..7c4843c 100644
--- a/docs/04_audit/evidence/AUD-20260924/M07-S1-C1J/rollback-baseline/scripts/workspace-dependency-audit.mjs
+++ b/scripts/workspace-dependency-audit.mjs
@@ -35,9 +35,9 @@ const R1_APPROVED_DELTA_PATHS = [
   'tests/workspace-dependency-audit.test.js',
   'packages/conversation/src/__tests__/postgres-store.unit.test.ts'
 ].sort(compareText);
-const C1I_BASELINE_MANIFEST_PATH = 'docs/04_audit/evidence/AUD-20260924/M07-S1-C1I/candidate-baseline.json';
-const C1I_BASELINE_MANIFEST_SHA256 = 'ea28a36f156bda03fa6da930443feea21a873fd451775d86f43150bc15c8d67d';
-const C1I_NPM_VERSION_FILE = 'docs/04_audit/evidence/AUD-20260924/M07-S1-C1I/npm-version.txt';
+const C1J_BASELINE_MANIFEST_PATH = 'docs/04_audit/evidence/AUD-20260924/M07-S1-C1J/candidate-baseline.json';
+const C1J_BASELINE_MANIFEST_SHA256 = 'ea28a36f156bda03fa6da930443feea21a873fd451775d86f43150bc15c8d67d';
+const C1J_NPM_VERSION_FILE = 'docs/04_audit/evidence/AUD-20260924/M07-S1-C1J/npm-version.txt';
 const R1_NODE_VERSION = 'v22.23.2';
 
 function toPosix(value) {
@@ -292,12 +292,12 @@ function validatePolicy(policy, options = {}) {
       if (stableStringify([...(policy.candidateBinding.approvedAdditionalPaths ?? [])].sort()) !== stableStringify(approvedPaths)) {
         errors.push('candidateBinding.approvedAdditionalPaths must contain exactly the four M07-S1-R1 files');
       }
-      if (policy.candidateBinding.baselineManifestPath !== C1I_BASELINE_MANIFEST_PATH ||
-          policy.candidateBinding.baselineManifestSha256 !== C1I_BASELINE_MANIFEST_SHA256) {
-        errors.push('candidateBinding does not match the C1I reconciled baseline artifact');
+      if (policy.candidateBinding.baselineManifestPath !== C1J_BASELINE_MANIFEST_PATH ||
+          policy.candidateBinding.baselineManifestSha256 !== C1J_BASELINE_MANIFEST_SHA256) {
+        errors.push('candidateBinding does not match the C1J reconciled baseline artifact');
       }
-      if (policy.candidateBinding.npmVersionFilePath !== C1I_NPM_VERSION_FILE) {
-        errors.push('candidateBinding.npmVersionFilePath does not match the approved C1I toolchain evidence path');
+      if (policy.candidateBinding.npmVersionFilePath !== C1J_NPM_VERSION_FILE) {
+        errors.push('candidateBinding.npmVersionFilePath does not match the approved C1J toolchain evidence path');
       }
     }
     if (!policy.candidateBinding.fingerprintInventoryRules ||
@@ -1420,9 +1420,9 @@ function validateExecutionCandidate(candidate, root, policy, npmVersionFilePath)
   const errors = [];
   const expectedPaths = [...policy.candidateBinding.approvedAdditionalPaths].sort(compareText);
   if (process.version !== R1_NODE_VERSION) errors.push(`Node must be ${R1_NODE_VERSION}`);
-  if (npmVersionFilePath !== C1H_NPM_VERSION_FILE ||
-      policy.candidateBinding.npmVersionFilePath !== C1I_NPM_VERSION_FILE) {
-    errors.push('npm version evidence path differs from the approved C1I path');
+  if (npmVersionFilePath !== C1J_NPM_VERSION_FILE ||
+      policy.candidateBinding.npmVersionFilePath !== C1J_NPM_VERSION_FILE) {
+    errors.push('npm version evidence path differs from the approved C1J path');
   }
   const npmVersionFile = readNpmVersionFile(root, npmVersionFilePath);
   if (candidate.npm_version_file?.path !== npmVersionFile.path ||
@@ -1835,7 +1835,7 @@ function validateOutputPath(root, outputPath) {
   const relative = toPosix(path.relative(root, absolute));
   const segments = relative.split('/');
   if (segments.length < 6 || segments[0] !== 'docs' || segments[1] !== '04_audit' ||
-      segments[2] !== 'evidence' || !['M07-BUILD-S1', 'M07-S1-R1', 'M07-S1-R1-C1E', 'M07-S1-C1F', 'M07-S1-C1H', 'M07-S1-C1I'].includes(segments.at(-2)) ||
+      segments[2] !== 'evidence' || !['M07-BUILD-S1', 'M07-S1-R1', 'M07-S1-R1-C1E', 'M07-S1-C1F', 'M07-S1-C1H', 'M07-S1-C1I', 'M07-S1-C1J'].includes(segments.at(-2)) ||
       !['.json', '.md'].includes(path.extname(absolute).toLowerCase())) {
     throw new Error('output must be a JSON or Markdown file in a repository M07 evidence directory');
   }
