
> cvg-operational-harness@1.0.0 build
> npm run typecheck && npm run build:web


> cvg-operational-harness@1.0.0 typecheck
> tsc -p tsconfig.typecheck.json --noEmit


> cvg-operational-harness@1.0.0 build:web
> vite --config vite.config.mts build apps/web && node scripts/check-web-production-artifact.mjs

vite v8.2.2 building client environment for production...
transforming...
[plugin rolldown:vite-resolve] Module "node:dns/promises" has been externalized for browser compatibility, imported by "/tmp/cvg-pr301-webhook-replay-20260928/packages/shared/dist/ssrf.js". See https://vite.dev/guide/troubleshooting.html#module-externalized-for-browser-compatibility for more details.
✓ 169 modules transformed.
rendering chunks...
computing gzip size...
apps/web/dist/index.html                                              0.40 kB │ gzip:   0.27 kB
apps/web/dist/assets/inter-vietnamese-wght-normal-CBcvBZtf.woff2     10.25 kB
apps/web/dist/assets/inter-greek-ext-wght-normal-DlzME5K_.woff2      11.23 kB
apps/web/dist/assets/inter-cyrillic-wght-normal-DqGufNeO.woff2       18.74 kB
apps/web/dist/assets/inter-greek-wght-normal-CkhJZR-_.woff2          18.99 kB
apps/web/dist/assets/inter-cyrillic-ext-wght-normal-BOeWTOD4.woff2   25.96 kB
apps/web/dist/assets/inter-latin-wght-normal-Dx4kXJAl.woff2          48.25 kB
apps/web/dist/assets/inter-latin-ext-wght-normal-DO1Apj_S.woff2      85.06 kB
apps/web/dist/assets/index-BA4ZI1ya.css                              13.12 kB │ gzip:   3.67 kB
apps/web/dist/assets/index-CyqYvWcw.js                              372.22 kB │ gzip: 107.67 kB

✓ built in 363ms
{"verdict":"PASS","digest":"d972d26245690a3bece1970db670888b40813c44df4f67cdf8c4e5fec53e5b7f","fileCount":10}
