=== Assistente de Plantão — demonstração (dados fictícios) ===

👩‍⚕️ Dra Ana: 🎤 (áudio de 20 segundos no corredor)

🤖 Assistente:
   🐾 Thor · ID não informado · leito 3
   — Texto para colar no HIS —
   Evolução: vomitou duas vezes e está prostrado
   Exames solicitados: hemograma; bioquímico (lançar na comanda)
   
   📌 Pendências criadas:
   #1 — Ligar pro tutor (Thor) — 01/10, 16:00
   
   ❓ Dúvidas:
   • Qual é o ID do Thor? Mande "corrigir" com o texto e o ID.
   
   Responda "ok" para confirmar ou "corrigir <texto>" para refazer.

👩‍⚕️ Dra Ana: Mel do leito 5 comeu bem, vou reavaliar a ferida às 18h

🤖 Assistente:
   🐾 Mel · ID não informado · leito 5
   — Texto para colar no HIS —
   Evolução: comeu bem
   
   📌 Pendências criadas:
   #2 — Reavaliar a ferida (Mel) — 01/10, 18:00
   
   ❓ Dúvidas:
   • Qual é o ID do Mel? Mande "corrigir" com o texto e o ID.
   
   Responda "ok" para confirmar ou "corrigir <texto>" para refazer.

👩‍⚕️ Dra Ana: pendências

🤖 Assistente:
   Suas pendências abertas (2):
   #1 — Ligar pro tutor (Thor) — 01/10, 16:00
   #2 — Reavaliar a ferida (Mel) — 01/10, 18:00

… duas horas depois (16:00) …

🤖 Assistente:
   ⏰ Lembrete #1: Ligar pro tutor (Thor) — 01/10, 16:00
   Responda "feito 1" ou "adiar 1 30".

👩‍⚕️ Dra Ana: feito 1

🤖 Assistente:
   ✅ Pendência 1 concluída. Lembre de registrar no HIS se ainda não registrou.

👩‍⚕️ Dra Ana: adiar 2 30

🤖 Assistente:
   ⏳ Pendência 2 adiada para 01/10, 18:30.

Registro de eventos (documento, decisão D4): /tmp/cvg-aud0593-20261001/tmp/cvg-shift-demo-7COw1k/events.jsonl
