[
  {
    "id": "P01",
    "invariant": "No reminders before human confirmation",
    "outcome": "VIOLATED",
    "confirmed": false,
    "openTasks": 1,
    "reminders": 1
  },
  {
    "id": "P02",
    "invariant": "Failed audio can be retried after restart",
    "outcome": "VIOLATED",
    "pendingAfterRestart": 0,
    "hasNote": false,
    "duplicateAccepted": false,
    "mediaFiles": 1
  },
  {
    "id": "P03",
    "invariant": "Undelivered note is retried on restart",
    "outcome": "VIOLATED",
    "successfulSends": 0,
    "pendingAfterRestart": 0,
    "notePersisted": true,
    "tasksPersisted": 1
  },
  {
    "id": "P04",
    "invariant": "Recover valid records when the last append is incomplete",
    "outcome": "VIOLATED",
    "restartError": "SyntaxError",
    "simulation": "Incomplete final JSONL line, not an actual power-loss test"
  },
  {
    "id": "P05",
    "invariant": "Concurrent timer ticks do not duplicate a reminder",
    "outcome": "VIOLATED",
    "attempts": 2,
    "recordedReminderCount": 2
  },
  {
    "id": "P06",
    "invariant": "Pause and health reflect blocked message processing",
    "outcome": "VIOLATED",
    "pausedWhileSendBlocked": false,
    "healthStatus": 200,
    "health": {
      "ok": true,
      "provider": "waha",
      "paused": false,
      "pendingMessages": 2,
      "openTasks": 0
    },
    "simulation": "Controlled unresolved transport Promise; released before cleanup"
  },
  {
    "id": "P07",
    "invariant": "Value swaps between patients are detected",
    "outcome": "VIOLATED",
    "flagged": [],
    "limitation": "Injected valid structured output; does not estimate the real model error rate"
  },
  {
    "id": "P08",
    "invariant": "Unverified and unconfirmed IDs are excluded from patient memory",
    "outcome": "VIOLATED",
    "confirmed": false,
    "warnings": [
      "99999"
    ],
    "rememberedIds": [
      "99999"
    ]
  }
]
