
 RUN  v4.1.11 /tmp/opencode/aaa12-mutation/work-M03

 ❯ packages/channel-gateway/src/__tests__/channel-effect-malformed-version.test.ts (6 tests | 1 failed) 251ms
     × memory and file agree on invalid input and valid version transitions 8ms
 ❯ packages/channel-gateway/src/__tests__/channel-effect-hash-version.test.ts (9 tests | 1 failed) 43ms
     × rejects an unknown requested version without creating a record 7ms

 Test Files  2 failed | 9 passed (11)
      Tests  2 failed | 103 passed (105)
   Start at  21:06:38
   Duration  11.22s (transform 290ms, setup 0ms, import 1.44s, tests 789ms, environment 7.46s)


⎯⎯⎯⎯⎯⎯⎯ Failed Tests 2 ⎯⎯⎯⎯⎯⎯⎯

 FAIL  packages/channel-gateway/src/__tests__/channel-effect-hash-version.test.ts > AAA-12 hash canonicalization and versioning > rejects an unknown requested version without creating a record
AssertionError: expected 'reserved' to be 'version_mismatch' // Object.is equality

Expected: "version_mismatch"
Received: "reserved"

 ❯ packages/channel-gateway/src/__tests__/channel-effect-hash-version.test.ts:333:29
    331|       leaseMs: 1_000
    332|     })
    333|     expect(outcome.outcome).toBe('version_mismatch')
       |                             ^
    334|     expect(await journal.find(identity)).toBeUndefined()
    335|   })

⎯⎯⎯⎯⎯⎯⎯⎯⎯⎯⎯⎯⎯⎯⎯⎯⎯⎯⎯⎯⎯⎯⎯⎯[1/2]⎯

 FAIL  packages/channel-gateway/src/__tests__/channel-effect-malformed-version.test.ts > AAA12-C4-F01 missing vs malformed hashVersion > memory and file agree on invalid input and valid version transitions
AssertionError: expected 'reserved' to be 'version_mismatch' // Object.is equality

Expected: "version_mismatch"
Received: "reserved"

 ❯ packages/channel-gateway/src/__tests__/channel-effect-malformed-version.test.ts:419:37
    417|         leaseMs: 10_000
    418|       })
    419|       expect(memoryOutcome.outcome).toBe('version_mismatch')
       |                                     ^
    420|       expect(await memory.find(identity)).toBeUndefined()
    421|

⎯⎯⎯⎯⎯⎯⎯⎯⎯⎯⎯⎯⎯⎯⎯⎯⎯⎯⎯⎯⎯⎯⎯⎯[2/2]⎯

