[1A[2K[WebServer] [31m(!) Failed to run dependency scan. Skipping dependency pre-bundling. Error: The following dependencies are imported but could not be resolved:
[WebServer] 
[WebServer]   [36m@cvg/shared[31m [37m[2m(imported by /tmp/cvg-up91-exec-20260930/repo/apps/web/src/features/platform/draft-helpers.ts)[22m[31m
[WebServer] 
[WebServer] Are they installed?
[WebServer]     at file:///tmp/cvg-up91-exec-20260930/repo/node_modules/vite/dist/node/chunks/node.js:32187:33
[WebServer]     at async file:///tmp/cvg-up91-exec-20260930/repo/node_modules/vite/dist/node/chunks/node.js:34462:15[39m

[1A[2K[WebServer] [2m3:04:14 AM[22m [31m[1m[vite][22m[39m [31m[2m(client)[22m[39m Pre-transform error: Failed to resolve import "@cvg/shared" from "apps/web/src/features/journeys/index.tsx". Does the file exist?
[WebServer]   Plugin: [35mvite:import-analysis[39m
[WebServer]   File: [36m/tmp/cvg-up91-exec-20260930/repo/apps/web/src/features/journeys/index.tsx[39m:2:31
[WebServer] [33m  1  |  import { useEffect, useRef, useState } from "react";
[WebServer]   2  |  import { createDomainId } from "@cvg/shared";
[WebServer]      |                                  ^
[WebServer]   3  |  import { apiClient } from "../../api/client.ts";
[WebServer]   4  |  var _jsxFileName = "/tmp/cvg-up91-exec-20260930/repo/apps/web/src/features/journeys/index.tsx";[39m
[WebServer] [2m3:04:14 AM[22m [31m[1m[vite][22m[39m [31m[2m(client)[22m[39m Pre-transform error: Failed to resolve import "@cvg/shared" from "apps/web/src/api/client.ts". Does the file exist?
[WebServer]   Plugin: [35mvite:import-analysis[39m
[WebServer]   File: [36m/tmp/cvg-up91-exec-20260930/repo/apps/web/src/api/client.ts[39m:1:54
[WebServer] [33m  1  |  import { redactSensitiveText } from "@cvg/shared";
[WebServer]      |                                       ^
[WebServer]   2  |  export class ApiRequestError extends Error {
[WebServer]   3  |  	status;[39m
[WebServer] [2m3:04:14 AM[22m [31m[1m[vite][22m[39m [31m[2m(client)[22m[39m Pre-transform error: Failed to resolve import "@cvg/shared" from "apps/web/src/api/client.ts". Does the file exist?
[WebServer]   Plugin: [35mvite:import-analysis[39m
[WebServer]   File: [36m/tmp/cvg-up91-exec-20260930/repo/apps/web/src/api/client.ts[39m:1:54
[WebServer] [33m  1  |  import { redactSensitiveText } from "@cvg/shared";
[WebServer]      |                                       ^
[WebServer]   2  |  export class ApiRequestError extends Error {
[WebServer]   3  |  	status;[39m
[WebServer] [2m3:04:14 AM[22m [31m[1m[vite][22m[39m [31m[2m(client)[22m[39m Pre-transform error: Failed to resolve import "@cvg/shared" from "apps/web/src/api/client.ts". Does the file exist?
[WebServer]   Plugin: [35mvite:import-analysis[39m
[WebServer]   File: [36m/tmp/cvg-up91-exec-20260930/repo/apps/web/src/api/client.ts[39m:1:54
[WebServer] [33m  1  |  import { redactSensitiveText } from "@cvg/shared";
[WebServer]      |                                       ^
[WebServer]   2  |  export class ApiRequestError extends Error {
[WebServer]   3  |  	status;[39m
[WebServer] [2m3:04:14 AM[22m [31m[1m[vite][22m[39m [31m[2m(client)[22m[39m Pre-transform error: Failed to resolve import "@cvg/shared" from "apps/web/src/api/client.ts". Does the file exist?
[WebServer]   Plugin: [35mvite:import-analysis[39m
[WebServer]   File: [36m/tmp/cvg-up91-exec-20260930/repo/apps/web/src/api/client.ts[39m:1:54
[WebServer] [33m  1  |  import { redactSensitiveText } from "@cvg/shared";
[WebServer]      |                                       ^
[WebServer]   2  |  export class ApiRequestError extends Error {
[WebServer]   3  |  	status;[39m
[WebServer] [2m3:04:14 AM[22m [31m[1m[vite][22m[39m [31m[2m(client)[22m[39m Pre-transform error: Failed to resolve import "@cvg/shared" from "apps/web/src/features/platform/draft-helpers.ts". Does the file exist?
[WebServer]   Plugin: [35mvite:import-analysis[39m
[WebServer]   File: [36m/tmp/cvg-up91-exec-20260930/repo/apps/web/src/features/platform/draft-helpers.ts[39m:9:36
[WebServer] [33m  7  |  * platform characterization suite (unchanged behavior).
[WebServer]   8  |  */
[WebServer]   9  |  import { redactSensitiveText } from "@cvg/shared";
[WebServer]      |                                       ^
[WebServer]   10 |  import { parsePromptProfile, serializePromptBlocks, serializeResponseTemplates } from "./prompt-profile.ts";
[WebServer]   11 |  export const initialForm = {[39m
[WebServer] [2m3:04:14 AM[22m [31m[1m[vite][22m[39m [31m[2m(client)[22m[39m Pre-transform error: Failed to resolve import "@cvg/shared" from "apps/web/src/features/platform/draft-helpers.ts". Does the file exist?
[WebServer]   Plugin: [35mvite:import-analysis[39m
[WebServer]   File: [36m/tmp/cvg-up91-exec-20260930/repo/apps/web/src/features/platform/draft-helpers.ts[39m:9:36
[WebServer] [33m  7  |  * platform characterization suite (unchanged behavior).
[WebServer]   8  |  */
[WebServer]   9  |  import { redactSensitiveText } from "@cvg/shared";
[WebServer]      |                                       ^
[WebServer]   10 |  import { parsePromptProfile, serializePromptBlocks, serializeResponseTemplates } from "./prompt-profile.ts";
[WebServer]   11 |  export const initialForm = {[39m


Running 12 tests using 1 worker

[1A[2K[1/12] [chromium] › tests/e2e/audit-evidence-checkpoint.spec.ts:3:5 › seals and archives an audit evidence checkpoint without payload export
[1A[2K[WebServer] [2m3:04:19 AM[22m [31m[1m[vite][22m[39m [31mInternal server error: Failed to resolve import "@cvg/shared" from "apps/web/src/features/journeys/index.tsx". Does the file exist?[39m
[WebServer]   Plugin: [35mvite:import-analysis[39m
[WebServer]   File: [36m/tmp/cvg-up91-exec-20260930/repo/apps/web/src/features/journeys/index.tsx[39m:2:31
[WebServer] [33m  1  |  import { useEffect, useRef, useState } from "react";
[WebServer]   2  |  import { createDomainId } from "@cvg/shared";
[WebServer]      |                                  ^
[WebServer]   3  |  import { apiClient } from "../../api/client.ts";
[WebServer]   4  |  var _jsxFileName = "/tmp/cvg-up91-exec-20260930/repo/apps/web/src/features/journeys/index.tsx";[39m
[WebServer]       at TransformPluginContext._formatLog (file:///tmp/cvg-up91-exec-20260930/repo/node_modules/vite/dist/node/chunks/node.js:31147:39)
[WebServer]       at TransformPluginContext.error (file:///tmp/cvg-up91-exec-20260930/repo/node_modules/vite/dist/node/chunks/node.js:31144:14)
[WebServer]       at normalizeUrl (file:///tmp/cvg-up91-exec-20260930/repo/node_modules/vite/dist/node/chunks/node.js:28083:18)
[WebServer]       at async file:///tmp/cvg-up91-exec-20260930/repo/node_modules/vite/dist/node/chunks/node.js:28153:30
[WebServer]       at async Promise.all (index 1)
[WebServer]       at async TransformPluginContext.transform (file:///tmp/cvg-up91-exec-20260930/repo/node_modules/vite/dist/node/chunks/node.js:28119:4)
[WebServer]       at async EnvironmentPluginContainer.transform (file:///tmp/cvg-up91-exec-20260930/repo/node_modules/vite/dist/node/chunks/node.js:30932:14)
[WebServer]       at async loadAndTransform (file:///tmp/cvg-up91-exec-20260930/repo/node_modules/vite/dist/node/chunks/node.js:20671:26)
[WebServer]       at async viteTransformMiddleware (file:///tmp/cvg-up91-exec-20260930/repo/node_modules/vite/dist/node/chunks/node.js:25205:20)

[1A[2K[WebServer] [2m3:04:19 AM[22m [31m[1m[vite][22m[39m [31mInternal server error: Failed to resolve import "@cvg/shared" from "apps/web/src/api/client.ts". Does the file exist?[39m
[WebServer]   Plugin: [35mvite:import-analysis[39m
[WebServer]   File: [36m/tmp/cvg-up91-exec-20260930/repo/apps/web/src/api/client.ts[39m:1:54
[WebServer] [33m  1  |  import { redactSensitiveText } from "@cvg/shared";
[WebServer]      |                                       ^
[WebServer]   2  |  export class ApiRequestError extends Error {
[WebServer]   3  |  	status;[39m
[WebServer]       at TransformPluginContext._formatLog (file:///tmp/cvg-up91-exec-20260930/repo/node_modules/vite/dist/node/chunks/node.js:31147:39)
[WebServer]       at TransformPluginContext.error (file:///tmp/cvg-up91-exec-20260930/repo/node_modules/vite/dist/node/chunks/node.js:31144:14)
[WebServer]       at normalizeUrl (file:///tmp/cvg-up91-exec-20260930/repo/node_modules/vite/dist/node/chunks/node.js:28083:18)
[WebServer]       at async file:///tmp/cvg-up91-exec-20260930/repo/node_modules/vite/dist/node/chunks/node.js:28153:30
[WebServer]       at async Promise.all (index 0)
[WebServer]       at async TransformPluginContext.transform (file:///tmp/cvg-up91-exec-20260930/repo/node_modules/vite/dist/node/chunks/node.js:28119:4)
[WebServer]       at async EnvironmentPluginContainer.transform (file:///tmp/cvg-up91-exec-20260930/repo/node_modules/vite/dist/node/chunks/node.js:30932:14)
[WebServer]       at async loadAndTransform (file:///tmp/cvg-up91-exec-20260930/repo/node_modules/vite/dist/node/chunks/node.js:20671:26)
[WebServer] [2m3:04:19 AM[22m [31m[1m[vite][22m[39m [31m[2m(client)[22m[39m Pre-transform error: Failed to resolve import "@cvg/shared" from "apps/web/src/api/client.ts". Does the file exist?
[WebServer]   Plugin: [35mvite:import-analysis[39m
[WebServer]   File: [36m/tmp/cvg-up91-exec-20260930/repo/apps/web/src/api/client.ts[39m:1:54
[WebServer] [33m  1  |  import { redactSensitiveText } from "@cvg/shared";
[WebServer]      |                                       ^
[WebServer]   2  |  export class ApiRequestError extends Error {
[WebServer]   3  |  	status;[39m

[1A[2K  1) [chromium] › tests/e2e/audit-evidence-checkpoint.spec.ts:3:5 › seals and archives an audit evidence checkpoint without payload export 

    TimeoutError: locator.waitFor: Timeout 10000ms exceeded.
    Call log:
    [2m  - waiting for getByText('CVG Agent Secretary') to be visible[22m


      15 |
      16 |   await page.goto('/')
    > 17 |   await page.getByText('CVG Agent Secretary').waitFor()
         |                                               ^
      18 |   await page.getByLabel('ID do operador').fill('supervisor.e2e')
      19 |   await page.getByLabel('Papel operacional').selectOption('Supervisor')
      20 |   await expect(page.getByText('Evidencias de auditoria')).toBeVisible()
        at /tmp/cvg-up91-exec-20260930/repo/tests/e2e/audit-evidence-checkpoint.spec.ts:17:47

    attachment #1: screenshot (image/png) ──────────────────────────────────────────────────────────
    test-results/audit-evidence-checkpoint--3519e-oint-without-payload-export-chromium/test-failed-1.png
    ────────────────────────────────────────────────────────────────────────────────────────────────

    attachment #2: video (video/webm) ──────────────────────────────────────────────────────────────
    test-results/audit-evidence-checkpoint--3519e-oint-without-payload-export-chromium/video.webm
    ────────────────────────────────────────────────────────────────────────────────────────────────

    Error Context: test-results/audit-evidence-checkpoint--3519e-oint-without-payload-export-chromium/error-context.md


[1A[2K[2/12] [chromium] › tests/e2e/http-security.spec.ts:6:5 › API HTTP security boundary enforces origin and preflight policy
[1A[2K[3/12] [chromium] › tests/e2e/platform-control-center.spec.ts:4:5 › configures, publishes and dry-runs an agent through the real web/API boundary
[1A[2K[WebServer] [2m3:04:31 AM[22m [31m[1m[vite][22m[39m [31mInternal server error: Failed to resolve import "@cvg/shared" from "apps/web/src/features/journeys/index.tsx". Does the file exist?[39m
[WebServer]   Plugin: [35mvite:import-analysis[39m
[WebServer]   File: [36m/tmp/cvg-up91-exec-20260930/repo/apps/web/src/features/journeys/index.tsx[39m:2:31
[WebServer] [33m  1  |  import { useEffect, useRef, useState } from "react";
[WebServer]   2  |  import { createDomainId } from "@cvg/shared";
[WebServer]      |                                  ^
[WebServer]   3  |  import { apiClient } from "../../api/client.ts";
[WebServer]   4  |  var _jsxFileName = "/tmp/cvg-up91-exec-20260930/repo/apps/web/src/features/journeys/index.tsx";[39m
[WebServer]       at TransformPluginContext._formatLog (file:///tmp/cvg-up91-exec-20260930/repo/node_modules/vite/dist/node/chunks/node.js:31147:39)
[WebServer]       at TransformPluginContext.error (file:///tmp/cvg-up91-exec-20260930/repo/node_modules/vite/dist/node/chunks/node.js:31144:14)
[WebServer]       at normalizeUrl (file:///tmp/cvg-up91-exec-20260930/repo/node_modules/vite/dist/node/chunks/node.js:28083:18)
[WebServer]       at async file:///tmp/cvg-up91-exec-20260930/repo/node_modules/vite/dist/node/chunks/node.js:28153:30
[WebServer]       at async Promise.all (index 1)
[WebServer]       at async TransformPluginContext.transform (file:///tmp/cvg-up91-exec-20260930/repo/node_modules/vite/dist/node/chunks/node.js:28119:4)
[WebServer]       at async EnvironmentPluginContainer.transform (file:///tmp/cvg-up91-exec-20260930/repo/node_modules/vite/dist/node/chunks/node.js:30932:14)
[WebServer]       at async loadAndTransform (file:///tmp/cvg-up91-exec-20260930/repo/node_modules/vite/dist/node/chunks/node.js:20671:26)
[WebServer]       at async viteTransformMiddleware (file:///tmp/cvg-up91-exec-20260930/repo/node_modules/vite/dist/node/chunks/node.js:25205:20)

[1A[2K[WebServer] [2m3:04:31 AM[22m [31m[1m[vite][22m[39m [31m[2m(client)[22m[39m Pre-transform error: Failed to resolve import "@cvg/shared" from "apps/web/src/api/client.ts". Does the file exist?
[WebServer]   Plugin: [35mvite:import-analysis[39m
[WebServer]   File: [36m/tmp/cvg-up91-exec-20260930/repo/apps/web/src/api/client.ts[39m:1:54
[WebServer] [33m  1  |  import { redactSensitiveText } from "@cvg/shared";
[WebServer]      |                                       ^
[WebServer]   2  |  export class ApiRequestError extends Error {
[WebServer]   3  |  	status;[39m

[1A[2K[WebServer] [2m3:04:31 AM[22m [31m[1m[vite][22m[39m [31mInternal server error: Failed to resolve import "@cvg/shared" from "apps/web/src/api/client.ts". Does the file exist?[39m
[WebServer]   Plugin: [35mvite:import-analysis[39m
[WebServer]   File: [36m/tmp/cvg-up91-exec-20260930/repo/apps/web/src/api/client.ts[39m:1:54
[WebServer] [33m  1  |  import { redactSensitiveText } from "@cvg/shared";
[WebServer]      |                                       ^
[WebServer]   2  |  export class ApiRequestError extends Error {
[WebServer]   3  |  	status;[39m
[WebServer]       at TransformPluginContext._formatLog (file:///tmp/cvg-up91-exec-20260930/repo/node_modules/vite/dist/node/chunks/node.js:31147:39)
[WebServer]       at TransformPluginContext.error (file:///tmp/cvg-up91-exec-20260930/repo/node_modules/vite/dist/node/chunks/node.js:31144:14)
[WebServer]       at normalizeUrl (file:///tmp/cvg-up91-exec-20260930/repo/node_modules/vite/dist/node/chunks/node.js:28083:18)
[WebServer]       at async file:///tmp/cvg-up91-exec-20260930/repo/node_modules/vite/dist/node/chunks/node.js:28153:30
[WebServer]       at async Promise.all (index 0)
[WebServer]       at async TransformPluginContext.transform (file:///tmp/cvg-up91-exec-20260930/repo/node_modules/vite/dist/node/chunks/node.js:28119:4)
[WebServer]       at async EnvironmentPluginContainer.transform (file:///tmp/cvg-up91-exec-20260930/repo/node_modules/vite/dist/node/chunks/node.js:30932:14)
[WebServer]       at async loadAndTransform (file:///tmp/cvg-up91-exec-20260930/repo/node_modules/vite/dist/node/chunks/node.js:20671:26)

[1A[2K[WebServer] [2m3:04:31 AM[22m [31m[1m[vite][22m[39m [31mInternal server error: Failed to resolve import "@cvg/shared" from "apps/web/src/features/platform/draft-helpers.ts". Does the file exist?[39m
[WebServer]   Plugin: [35mvite:import-analysis[39m
[WebServer]   File: [36m/tmp/cvg-up91-exec-20260930/repo/apps/web/src/features/platform/draft-helpers.ts[39m:9:36
[WebServer] [33m  7  |  * platform characterization suite (unchanged behavior).
[WebServer]   8  |  */
[WebServer]   9  |  import { redactSensitiveText } from "@cvg/shared";
[WebServer]      |                                       ^
[WebServer]   10 |  import { parsePromptProfile, serializePromptBlocks, serializeResponseTemplates } from "./prompt-profile.ts";
[WebServer]   11 |  export const initialForm = {[39m
[WebServer]       at TransformPluginContext._formatLog (file:///tmp/cvg-up91-exec-20260930/repo/node_modules/vite/dist/node/chunks/node.js:31147:39)
[WebServer]       at TransformPluginContext.error (file:///tmp/cvg-up91-exec-20260930/repo/node_modules/vite/dist/node/chunks/node.js:31144:14)
[WebServer]       at normalizeUrl (file:///tmp/cvg-up91-exec-20260930/repo/node_modules/vite/dist/node/chunks/node.js:28083:18)
[WebServer]       at async file:///tmp/cvg-up91-exec-20260930/repo/node_modules/vite/dist/node/chunks/node.js:28153:30
[WebServer]       at async Promise.all (index 0)
[WebServer]       at async TransformPluginContext.transform (file:///tmp/cvg-up91-exec-20260930/repo/node_modules/vite/dist/node/chunks/node.js:28119:4)
[WebServer]       at async EnvironmentPluginContainer.transform (file:///tmp/cvg-up91-exec-20260930/repo/node_modules/vite/dist/node/chunks/node.js:30932:14)
[WebServer]       at async loadAndTransform (file:///tmp/cvg-up91-exec-20260930/repo/node_modules/vite/dist/node/chunks/node.js:20671:26)
[WebServer]       at async viteTransformMiddleware (file:///tmp/cvg-up91-exec-20260930/repo/node_modules/vite/dist/node/chunks/node.js:25205:20)

[1A[2K  2) [chromium] › tests/e2e/platform-control-center.spec.ts:4:5 › configures, publishes and dry-runs an agent through the real web/API boundary 

    TimeoutError: locator.waitFor: Timeout 10000ms exceeded.
    Call log:
    [2m  - waiting for getByText('CVG Agent Secretary') to be visible[22m


       at pages/control-center.ts:8

       6 |   async goto(): Promise<void> {
       7 |     await this.page.goto('/')
    >  8 |     await this.page.getByText('CVG Agent Secretary').waitFor()
         |                                                      ^
       9 |   }
      10 |
      11 |   async authenticateAsAdmin(tenantId: string): Promise<void> {
        at ControlCenterPage.goto (/tmp/cvg-up91-exec-20260930/repo/tests/e2e/pages/control-center.ts:8:54)
        at /tmp/cvg-up91-exec-20260930/repo/tests/e2e/platform-control-center.spec.ts:8:3

    attachment #1: screenshot (image/png) ──────────────────────────────────────────────────────────
    test-results/platform-control-center-co-f53f6-h-the-real-web-API-boundary-chromium/test-failed-1.png
    ────────────────────────────────────────────────────────────────────────────────────────────────

    attachment #2: video (video/webm) ──────────────────────────────────────────────────────────────
    test-results/platform-control-center-co-f53f6-h-the-real-web-API-boundary-chromium/video.webm
    ────────────────────────────────────────────────────────────────────────────────────────────────

    Error Context: test-results/platform-control-center-co-f53f6-h-the-real-web-API-boundary-chromium/error-context.md


[1A[2K[4/12] [chromium] › tests/e2e/session-version-pinning.spec.ts:44:5 › keeps a browser/API conversation on its first published snapshot
[1A[2K[5/12] [chromium] › tests/e2e/ux-accessibility.spec.ts:15:5 › axe finds no serious or critical violations on identity and console views
[1A[2K[WebServer] [2m3:04:44 AM[22m [31m[1m[vite][22m[39m [31mInternal server error: Failed to resolve import "@cvg/shared" from "apps/web/src/api/client.ts". Does the file exist?[39m
[WebServer]   Plugin: [35mvite:import-analysis[39m
[WebServer]   File: [36m/tmp/cvg-up91-exec-20260930/repo/apps/web/src/api/client.ts[39m:1:54
[WebServer] [33m  1  |  import { redactSensitiveText } from "@cvg/shared";
[WebServer]      |                                       ^
[WebServer]   2  |  export class ApiRequestError extends Error {
[WebServer]   3  |  	status;[39m
[WebServer]       at TransformPluginContext._formatLog (file:///tmp/cvg-up91-exec-20260930/repo/node_modules/vite/dist/node/chunks/node.js:31147:39)
[WebServer]       at TransformPluginContext.error (file:///tmp/cvg-up91-exec-20260930/repo/node_modules/vite/dist/node/chunks/node.js:31144:14)
[WebServer]       at normalizeUrl (file:///tmp/cvg-up91-exec-20260930/repo/node_modules/vite/dist/node/chunks/node.js:28083:18)
[WebServer]       at async file:///tmp/cvg-up91-exec-20260930/repo/node_modules/vite/dist/node/chunks/node.js:28153:30
[WebServer]       at async Promise.all (index 0)
[WebServer]       at async TransformPluginContext.transform (file:///tmp/cvg-up91-exec-20260930/repo/node_modules/vite/dist/node/chunks/node.js:28119:4)
[WebServer]       at async EnvironmentPluginContainer.transform (file:///tmp/cvg-up91-exec-20260930/repo/node_modules/vite/dist/node/chunks/node.js:30932:14)
[WebServer]       at async loadAndTransform (file:///tmp/cvg-up91-exec-20260930/repo/node_modules/vite/dist/node/chunks/node.js:20671:26)
[WebServer]       at async viteTransformMiddleware (file:///tmp/cvg-up91-exec-20260930/repo/node_modules/vite/dist/node/chunks/node.js:25205:20)

[1A[2K[WebServer] [2m3:04:44 AM[22m [31m[1m[vite][22m[39m [31mInternal server error: Failed to resolve import "@cvg/shared" from "apps/web/src/features/journeys/index.tsx". Does the file exist?[39m
[WebServer]   Plugin: [35mvite:import-analysis[39m
[WebServer]   File: [36m/tmp/cvg-up91-exec-20260930/repo/apps/web/src/features/journeys/index.tsx[39m:2:31
[WebServer] [33m  1  |  import { useEffect, useRef, useState } from "react";
[WebServer]   2  |  import { createDomainId } from "@cvg/shared";
[WebServer]      |                                  ^
[WebServer]   3  |  import { apiClient } from "../../api/client.ts";
[WebServer]   4  |  var _jsxFileName = "/tmp/cvg-up91-exec-20260930/repo/apps/web/src/features/journeys/index.tsx";[39m
[WebServer]       at TransformPluginContext._formatLog (file:///tmp/cvg-up91-exec-20260930/repo/node_modules/vite/dist/node/chunks/node.js:31147:39)
[WebServer]       at TransformPluginContext.error (file:///tmp/cvg-up91-exec-20260930/repo/node_modules/vite/dist/node/chunks/node.js:31144:14)
[WebServer]       at normalizeUrl (file:///tmp/cvg-up91-exec-20260930/repo/node_modules/vite/dist/node/chunks/node.js:28083:18)
[WebServer]       at async file:///tmp/cvg-up91-exec-20260930/repo/node_modules/vite/dist/node/chunks/node.js:28153:30
[WebServer]       at async Promise.all (index 1)
[WebServer]       at async TransformPluginContext.transform (file:///tmp/cvg-up91-exec-20260930/repo/node_modules/vite/dist/node/chunks/node.js:28119:4)
[WebServer]       at async EnvironmentPluginContainer.transform (file:///tmp/cvg-up91-exec-20260930/repo/node_modules/vite/dist/node/chunks/node.js:30932:14)
[WebServer]       at async loadAndTransform (file:///tmp/cvg-up91-exec-20260930/repo/node_modules/vite/dist/node/chunks/node.js:20671:26)
[WebServer]       at async viteTransformMiddleware (file:///tmp/cvg-up91-exec-20260930/repo/node_modules/vite/dist/node/chunks/node.js:25205:20)

[1A[2K[WebServer] [2m3:04:44 AM[22m [31m[1m[vite][22m[39m [31m[2m(client)[22m[39m Pre-transform error: Failed to resolve import "@cvg/shared" from "apps/web/src/api/client.ts". Does the file exist?
[WebServer]   Plugin: [35mvite:import-analysis[39m
[WebServer]   File: [36m/tmp/cvg-up91-exec-20260930/repo/apps/web/src/api/client.ts[39m:1:54
[WebServer] [33m  1  |  import { redactSensitiveText } from "@cvg/shared";
[WebServer]      |                                       ^
[WebServer]   2  |  export class ApiRequestError extends Error {
[WebServer]   3  |  	status;[39m

[1A[2K  3) [chromium] › tests/e2e/ux-accessibility.spec.ts:15:5 › axe finds no serious or critical violations on identity and console views 

    Error: ["scrollable-region-focusable"]

    [2mexpect([22m[31mreceived[39m[2m).[22mtoEqual[2m([22m[32mexpected[39m[2m) // deep equality[22m

    [32m- Expected  -  1[39m
    [31m+ Received  + 55[39m

    [32m- Array [][39m
    [31m+ Array [[39m
    [31m+   Object {[39m
    [31m+     "description": "Ensure elements that have scrollable content are accessible by keyboard in Safari",[39m
    [31m+     "help": "Scrollable region must have keyboard access",[39m
    [31m+     "helpUrl": "https://dequeuniversity.com/rules/axe/4.13/scrollable-region-focusable?application=playwright",[39m
    [31m+     "id": "scrollable-region-focusable",[39m
    [31m+     "impact": "serious",[39m
    [31m+     "nodes": Array [[39m
    [31m+       Object {[39m
    [31m+         "all": Array [],[39m
    [31m+         "any": Array [[39m
    [31m+           Object {[39m
    [31m+             "data": null,[39m
    [31m+             "id": "focusable-content",[39m
    [31m+             "impact": "serious",[39m
    [31m+             "message": "Element should have focusable content",[39m
    [31m+             "relatedNodes": Array [],[39m
    [31m+           },[39m
    [31m+           Object {[39m
    [31m+             "data": null,[39m
    [31m+             "id": "focusable-element",[39m
    [31m+             "impact": "serious",[39m
    [31m+             "message": "Element should be focusable",[39m
    [31m+             "relatedNodes": Array [],[39m
    [31m+           },[39m
    [31m+         ],[39m
    [31m+         "failureSummary": "Fix any of the following:[39m
    [31m+   Element should have focusable content[39m
    [31m+   Element should be focusable",[39m
    [31m+         "html": "<pre class=\"stack\" part=\"stack\">",[39m
    [31m+         "impact": "serious",[39m
    [31m+         "none": Array [],[39m
    [31m+         "target": Array [[39m
    [31m+           Array [[39m
    [31m+             "vite-error-overlay",[39m
    [31m+             ".stack",[39m
    [31m+           ],[39m
    [31m+         ],[39m
    [31m+       },[39m
    [31m+     ],[39m
    [31m+     "tags": Array [[39m
    [31m+       "cat.keyboard",[39m
    [31m+       "wcag2a",[39m
    [31m+       "wcag211",[39m
    [31m+       "wcag213",[39m
    [31m+       "TTv5",[39m
    [31m+       "TT4.a",[39m
    [31m+       "EN-301-549",[39m
    [31m+       "EN-9.2.1.1",[39m
    [31m+       "EN-9.2.1.3",[39m
    [31m+       "RGAAv4",[39m
    [31m+       "RGAA-7.3.2",[39m
    [31m+     ],[39m
    [31m+   },[39m
    [31m+ ][39m

      26 |     ),
      27 |     JSON.stringify(identityResults.violations.map((v) => v.id))
    > 28 |   ).toEqual([])
         |     ^
      29 |
      30 |   await fillIdentity(
      31 |     page,
        at /tmp/cvg-up91-exec-20260930/repo/tests/e2e/ux-accessibility.spec.ts:28:5

    attachment #1: screenshot (image/png) ──────────────────────────────────────────────────────────
    test-results/ux-accessibility-axe-finds-352af--identity-and-console-views-chromium/test-failed-1.png
    ────────────────────────────────────────────────────────────────────────────────────────────────

    attachment #2: video (video/webm) ──────────────────────────────────────────────────────────────
    test-results/ux-accessibility-axe-finds-352af--identity-and-console-views-chromium/video-1.webm
    ────────────────────────────────────────────────────────────────────────────────────────────────

    attachment #3: video (video/webm) ──────────────────────────────────────────────────────────────
    test-results/ux-accessibility-axe-finds-352af--identity-and-console-views-chromium/video.webm
    ────────────────────────────────────────────────────────────────────────────────────────────────

    Error Context: test-results/ux-accessibility-axe-finds-352af--identity-and-console-views-chromium/error-context.md


[1A[2K[6/12] [chromium] › tests/e2e/ux-accessibility.spec.ts:49:5 › keyboard-only operators reach, activate and see focus on key controls
[1A[2K[WebServer] [2m3:04:47 AM[22m [31m[1m[vite][22m[39m [31mInternal server error: Failed to resolve import "@cvg/shared" from "apps/web/src/features/journeys/index.tsx". Does the file exist?[39m
[WebServer]   Plugin: [35mvite:import-analysis[39m
[WebServer]   File: [36m/tmp/cvg-up91-exec-20260930/repo/apps/web/src/features/journeys/index.tsx[39m:2:31
[WebServer] [33m  1  |  import { useEffect, useRef, useState } from "react";
[WebServer]   2  |  import { createDomainId } from "@cvg/shared";
[WebServer]      |                                  ^
[WebServer]   3  |  import { apiClient } from "../../api/client.ts";
[WebServer]   4  |  var _jsxFileName = "/tmp/cvg-up91-exec-20260930/repo/apps/web/src/features/journeys/index.tsx";[39m
[WebServer]       at TransformPluginContext._formatLog (file:///tmp/cvg-up91-exec-20260930/repo/node_modules/vite/dist/node/chunks/node.js:31147:39)
[WebServer]       at TransformPluginContext.error (file:///tmp/cvg-up91-exec-20260930/repo/node_modules/vite/dist/node/chunks/node.js:31144:14)
[WebServer]       at normalizeUrl (file:///tmp/cvg-up91-exec-20260930/repo/node_modules/vite/dist/node/chunks/node.js:28083:18)
[WebServer]       at async file:///tmp/cvg-up91-exec-20260930/repo/node_modules/vite/dist/node/chunks/node.js:28153:30
[WebServer]       at async Promise.all (index 1)
[WebServer]       at async TransformPluginContext.transform (file:///tmp/cvg-up91-exec-20260930/repo/node_modules/vite/dist/node/chunks/node.js:28119:4)
[WebServer]       at async EnvironmentPluginContainer.transform (file:///tmp/cvg-up91-exec-20260930/repo/node_modules/vite/dist/node/chunks/node.js:30932:14)
[WebServer]       at async loadAndTransform (file:///tmp/cvg-up91-exec-20260930/repo/node_modules/vite/dist/node/chunks/node.js:20671:26)
[WebServer]       at async viteTransformMiddleware (file:///tmp/cvg-up91-exec-20260930/repo/node_modules/vite/dist/node/chunks/node.js:25205:20)

[1A[2K[WebServer] [2m3:04:47 AM[22m [31m[1m[vite][22m[39m [31m[2m(client)[22m[39m Pre-transform error: Failed to resolve import "@cvg/shared" from "apps/web/src/api/client.ts". Does the file exist?
[WebServer]   Plugin: [35mvite:import-analysis[39m
[WebServer]   File: [36m/tmp/cvg-up91-exec-20260930/repo/apps/web/src/api/client.ts[39m:1:54
[WebServer] [33m  1  |  import { redactSensitiveText } from "@cvg/shared";
[WebServer]      |                                       ^
[WebServer]   2  |  export class ApiRequestError extends Error {
[WebServer]   3  |  	status;[39m

[1A[2K[WebServer] [2m3:04:47 AM[22m [31m[1m[vite][22m[39m [31mInternal server error: Failed to resolve import "@cvg/shared" from "apps/web/src/api/client.ts". Does the file exist?[39m
[WebServer]   Plugin: [35mvite:import-analysis[39m
[WebServer]   File: [36m/tmp/cvg-up91-exec-20260930/repo/apps/web/src/api/client.ts[39m:1:54
[WebServer] [33m  1  |  import { redactSensitiveText } from "@cvg/shared";
[WebServer]      |                                       ^
[WebServer]   2  |  export class ApiRequestError extends Error {
[WebServer]   3  |  	status;[39m
[WebServer]       at TransformPluginContext._formatLog (file:///tmp/cvg-up91-exec-20260930/repo/node_modules/vite/dist/node/chunks/node.js:31147:39)
[WebServer]       at TransformPluginContext.error (file:///tmp/cvg-up91-exec-20260930/repo/node_modules/vite/dist/node/chunks/node.js:31144:14)
[WebServer]       at normalizeUrl (file:///tmp/cvg-up91-exec-20260930/repo/node_modules/vite/dist/node/chunks/node.js:28083:18)
[WebServer]       at async file:///tmp/cvg-up91-exec-20260930/repo/node_modules/vite/dist/node/chunks/node.js:28153:30
[WebServer]       at async Promise.all (index 0)
[WebServer]       at async TransformPluginContext.transform (file:///tmp/cvg-up91-exec-20260930/repo/node_modules/vite/dist/node/chunks/node.js:28119:4)
[WebServer]       at async EnvironmentPluginContainer.transform (file:///tmp/cvg-up91-exec-20260930/repo/node_modules/vite/dist/node/chunks/node.js:30932:14)
[WebServer]       at async loadAndTransform (file:///tmp/cvg-up91-exec-20260930/repo/node_modules/vite/dist/node/chunks/node.js:20671:26)

[1A[2K[WebServer] [2m3:04:47 AM[22m [31m[1m[vite][22m[39m [31mInternal server error: Failed to resolve import "@cvg/shared" from "apps/web/src/features/platform/draft-helpers.ts". Does the file exist?[39m
[WebServer]   Plugin: [35mvite:import-analysis[39m
[WebServer]   File: [36m/tmp/cvg-up91-exec-20260930/repo/apps/web/src/features/platform/draft-helpers.ts[39m:9:36
[WebServer] [33m  7  |  * platform characterization suite (unchanged behavior).
[WebServer]   8  |  */
[WebServer]   9  |  import { redactSensitiveText } from "@cvg/shared";
[WebServer]      |                                       ^
[WebServer]   10 |  import { parsePromptProfile, serializePromptBlocks, serializeResponseTemplates } from "./prompt-profile.ts";
[WebServer]   11 |  export const initialForm = {[39m
[WebServer]       at TransformPluginContext._formatLog (file:///tmp/cvg-up91-exec-20260930/repo/node_modules/vite/dist/node/chunks/node.js:31147:39)
[WebServer]       at TransformPluginContext.error (file:///tmp/cvg-up91-exec-20260930/repo/node_modules/vite/dist/node/chunks/node.js:31144:14)
[WebServer]       at normalizeUrl (file:///tmp/cvg-up91-exec-20260930/repo/node_modules/vite/dist/node/chunks/node.js:28083:18)
[WebServer]       at async file:///tmp/cvg-up91-exec-20260930/repo/node_modules/vite/dist/node/chunks/node.js:28153:30
[WebServer]       at async Promise.all (index 0)
[WebServer]       at async TransformPluginContext.transform (file:///tmp/cvg-up91-exec-20260930/repo/node_modules/vite/dist/node/chunks/node.js:28119:4)
[WebServer]       at async EnvironmentPluginContainer.transform (file:///tmp/cvg-up91-exec-20260930/repo/node_modules/vite/dist/node/chunks/node.js:30932:14)
[WebServer]       at async loadAndTransform (file:///tmp/cvg-up91-exec-20260930/repo/node_modules/vite/dist/node/chunks/node.js:20671:26)
[WebServer]       at async viteTransformMiddleware (file:///tmp/cvg-up91-exec-20260930/repo/node_modules/vite/dist/node/chunks/node.js:25205:20)

[1A[2K  4) [chromium] › tests/e2e/ux-accessibility.spec.ts:49:5 › keyboard-only operators reach, activate and see focus on key controls 

    TimeoutError: locator.focus: Timeout 10000ms exceeded.
    Call log:
    [2m  - waiting for getByRole('link', { name: 'Pular para o console operacional' })[22m


      67 |     name: 'Pular para o console operacional'
      68 |   })
    > 69 |   await skipLink.focus()
         |                  ^
      70 |   await expect(skipLink).toBeFocused()
      71 |   await skipLink.press('Enter')
      72 |   await expect(page.locator('#console-operacional')).toBeFocused()
        at /tmp/cvg-up91-exec-20260930/repo/tests/e2e/ux-accessibility.spec.ts:69:18

    attachment #1: screenshot (image/png) ──────────────────────────────────────────────────────────
    test-results/ux-accessibility-keyboard--e8641-d-see-focus-on-key-controls-chromium/test-failed-1.png
    ────────────────────────────────────────────────────────────────────────────────────────────────

    attachment #2: video (video/webm) ──────────────────────────────────────────────────────────────
    test-results/ux-accessibility-keyboard--e8641-d-see-focus-on-key-controls-chromium/video.webm
    ────────────────────────────────────────────────────────────────────────────────────────────────

    Error Context: test-results/ux-accessibility-keyboard--e8641-d-see-focus-on-key-controls-chromium/error-context.md


[1A[2K[7/12] [chromium] › tests/e2e/ux-accessibility.spec.ts:80:5 › empty, loading, error and overflow states stay comprehensible
[1A[2K[WebServer] [2m3:05:00 AM[22m [31m[1m[vite][22m[39m [31mInternal server error: Failed to resolve import "@cvg/shared" from "apps/web/src/features/journeys/index.tsx". Does the file exist?[39m
[WebServer]   Plugin: [35mvite:import-analysis[39m
[WebServer]   File: [36m/tmp/cvg-up91-exec-20260930/repo/apps/web/src/features/journeys/index.tsx[39m:2:31
[WebServer] [33m  1  |  import { useEffect, useRef, useState } from "react";
[WebServer]   2  |  import { createDomainId } from "@cvg/shared";
[WebServer]      |                                  ^
[WebServer]   3  |  import { apiClient } from "../../api/client.ts";
[WebServer]   4  |  var _jsxFileName = "/tmp/cvg-up91-exec-20260930/repo/apps/web/src/features/journeys/index.tsx";[39m
[WebServer]       at TransformPluginContext._formatLog (file:///tmp/cvg-up91-exec-20260930/repo/node_modules/vite/dist/node/chunks/node.js:31147:39)
[WebServer]       at TransformPluginContext.error (file:///tmp/cvg-up91-exec-20260930/repo/node_modules/vite/dist/node/chunks/node.js:31144:14)
[WebServer]       at normalizeUrl (file:///tmp/cvg-up91-exec-20260930/repo/node_modules/vite/dist/node/chunks/node.js:28083:18)
[WebServer]       at async file:///tmp/cvg-up91-exec-20260930/repo/node_modules/vite/dist/node/chunks/node.js:28153:30
[WebServer]       at async Promise.all (index 1)
[WebServer]       at async TransformPluginContext.transform (file:///tmp/cvg-up91-exec-20260930/repo/node_modules/vite/dist/node/chunks/node.js:28119:4)
[WebServer]       at async EnvironmentPluginContainer.transform (file:///tmp/cvg-up91-exec-20260930/repo/node_modules/vite/dist/node/chunks/node.js:30932:14)
[WebServer]       at async loadAndTransform (file:///tmp/cvg-up91-exec-20260930/repo/node_modules/vite/dist/node/chunks/node.js:20671:26)
[WebServer]       at async viteTransformMiddleware (file:///tmp/cvg-up91-exec-20260930/repo/node_modules/vite/dist/node/chunks/node.js:25205:20)

[1A[2K[WebServer] [2m3:05:00 AM[22m [31m[1m[vite][22m[39m [31m[2m(client)[22m[39m Pre-transform error: Failed to resolve import "@cvg/shared" from "apps/web/src/api/client.ts". Does the file exist?
[WebServer]   Plugin: [35mvite:import-analysis[39m
[WebServer]   File: [36m/tmp/cvg-up91-exec-20260930/repo/apps/web/src/api/client.ts[39m:1:54
[WebServer] [33m  1  |  import { redactSensitiveText } from "@cvg/shared";
[WebServer]      |                                       ^
[WebServer]   2  |  export class ApiRequestError extends Error {
[WebServer]   3  |  	status;[39m

[1A[2K[WebServer] [2m3:05:00 AM[22m [31m[1m[vite][22m[39m [31mInternal server error: Failed to resolve import "@cvg/shared" from "apps/web/src/api/client.ts". Does the file exist?[39m
[WebServer]   Plugin: [35mvite:import-analysis[39m
[WebServer]   File: [36m/tmp/cvg-up91-exec-20260930/repo/apps/web/src/api/client.ts[39m:1:54
[WebServer] [33m  1  |  import { redactSensitiveText } from "@cvg/shared";
[WebServer]      |                                       ^
[WebServer]   2  |  export class ApiRequestError extends Error {
[WebServer]   3  |  	status;[39m
[WebServer]       at TransformPluginContext._formatLog (file:///tmp/cvg-up91-exec-20260930/repo/node_modules/vite/dist/node/chunks/node.js:31147:39)
[WebServer]       at TransformPluginContext.error (file:///tmp/cvg-up91-exec-20260930/repo/node_modules/vite/dist/node/chunks/node.js:31144:14)
[WebServer]       at normalizeUrl (file:///tmp/cvg-up91-exec-20260930/repo/node_modules/vite/dist/node/chunks/node.js:28083:18)
[WebServer]       at async file:///tmp/cvg-up91-exec-20260930/repo/node_modules/vite/dist/node/chunks/node.js:28153:30
[WebServer]       at async Promise.all (index 0)
[WebServer]       at async TransformPluginContext.transform (file:///tmp/cvg-up91-exec-20260930/repo/node_modules/vite/dist/node/chunks/node.js:28119:4)
[WebServer]       at async EnvironmentPluginContainer.transform (file:///tmp/cvg-up91-exec-20260930/repo/node_modules/vite/dist/node/chunks/node.js:30932:14)
[WebServer]       at async loadAndTransform (file:///tmp/cvg-up91-exec-20260930/repo/node_modules/vite/dist/node/chunks/node.js:20671:26)

[1A[2K[WebServer] [2m3:05:00 AM[22m [31m[1m[vite][22m[39m [31mInternal server error: Failed to resolve import "@cvg/shared" from "apps/web/src/features/platform/draft-helpers.ts". Does the file exist?[39m
[WebServer]   Plugin: [35mvite:import-analysis[39m
[WebServer]   File: [36m/tmp/cvg-up91-exec-20260930/repo/apps/web/src/features/platform/draft-helpers.ts[39m:9:36
[WebServer] [33m  7  |  * platform characterization suite (unchanged behavior).
[WebServer]   8  |  */
[WebServer]   9  |  import { redactSensitiveText } from "@cvg/shared";
[WebServer]      |                                       ^
[WebServer]   10 |  import { parsePromptProfile, serializePromptBlocks, serializeResponseTemplates } from "./prompt-profile.ts";
[WebServer]   11 |  export const initialForm = {[39m
[WebServer]       at TransformPluginContext._formatLog (file:///tmp/cvg-up91-exec-20260930/repo/node_modules/vite/dist/node/chunks/node.js:31147:39)
[WebServer]       at TransformPluginContext.error (file:///tmp/cvg-up91-exec-20260930/repo/node_modules/vite/dist/node/chunks/node.js:31144:14)
[WebServer]       at normalizeUrl (file:///tmp/cvg-up91-exec-20260930/repo/node_modules/vite/dist/node/chunks/node.js:28083:18)
[WebServer]       at async file:///tmp/cvg-up91-exec-20260930/repo/node_modules/vite/dist/node/chunks/node.js:28153:30
[WebServer]       at async Promise.all (index 0)
[WebServer]       at async TransformPluginContext.transform (file:///tmp/cvg-up91-exec-20260930/repo/node_modules/vite/dist/node/chunks/node.js:28119:4)
[WebServer]       at async EnvironmentPluginContainer.transform (file:///tmp/cvg-up91-exec-20260930/repo/node_modules/vite/dist/node/chunks/node.js:30932:14)
[WebServer]       at async loadAndTransform (file:///tmp/cvg-up91-exec-20260930/repo/node_modules/vite/dist/node/chunks/node.js:20671:26)
[WebServer]       at async viteTransformMiddleware (file:///tmp/cvg-up91-exec-20260930/repo/node_modules/vite/dist/node/chunks/node.js:25205:20)

[1A[2K  5) [chromium] › tests/e2e/ux-accessibility.spec.ts:80:5 › empty, loading, error and overflow states stay comprehensible 

    TimeoutError: locator.fill: Timeout 10000ms exceeded.
    Call log:
    [2m  - waiting for getByLabel('ID do operador')[22m


       8 |   role = 'Operator'
       9 | ) {
    > 10 |   await page.getByLabel('ID do operador').fill(operatorId)
         |                                           ^
      11 |   await page.getByLabel('Papel operacional').selectOption(role)
      12 |   await page.getByLabel('Tenant ID').fill(tenantId)
      13 | }
        at fillIdentity (/tmp/cvg-up91-exec-20260930/repo/tests/e2e/ux-accessibility.spec.ts:10:43)
        at /tmp/cvg-up91-exec-20260930/repo/tests/e2e/ux-accessibility.spec.ts:87:9

    attachment #1: screenshot (image/png) ──────────────────────────────────────────────────────────
    test-results/ux-accessibility-empty-loa-cdb46--states-stay-comprehensible-chromium/test-failed-1.png
    ────────────────────────────────────────────────────────────────────────────────────────────────

    attachment #2: video (video/webm) ──────────────────────────────────────────────────────────────
    test-results/ux-accessibility-empty-loa-cdb46--states-stay-comprehensible-chromium/video.webm
    ────────────────────────────────────────────────────────────────────────────────────────────────

    Error Context: test-results/ux-accessibility-empty-loa-cdb46--states-stay-comprehensible-chromium/error-context.md


[1A[2K[8/12] [chromium] › tests/e2e/ux-accessibility.spec.ts:166:5 › switching tenant clears the previous identity data
[1A[2K[WebServer] [2m3:05:13 AM[22m [31m[1m[vite][22m[39m [31mInternal server error: Failed to resolve import "@cvg/shared" from "apps/web/src/api/client.ts". Does the file exist?[39m
[WebServer]   Plugin: [35mvite:import-analysis[39m
[WebServer]   File: [36m/tmp/cvg-up91-exec-20260930/repo/apps/web/src/api/client.ts[39m:1:54
[WebServer] [33m  1  |  import { redactSensitiveText } from "@cvg/shared";
[WebServer]      |                                       ^
[WebServer]   2  |  export class ApiRequestError extends Error {
[WebServer]   3  |  	status;[39m
[WebServer]       at TransformPluginContext._formatLog (file:///tmp/cvg-up91-exec-20260930/repo/node_modules/vite/dist/node/chunks/node.js:31147:39)
[WebServer]       at TransformPluginContext.error (file:///tmp/cvg-up91-exec-20260930/repo/node_modules/vite/dist/node/chunks/node.js:31144:14)
[WebServer]       at normalizeUrl (file:///tmp/cvg-up91-exec-20260930/repo/node_modules/vite/dist/node/chunks/node.js:28083:18)
[WebServer]       at async file:///tmp/cvg-up91-exec-20260930/repo/node_modules/vite/dist/node/chunks/node.js:28153:30
[WebServer]       at async Promise.all (index 0)
[WebServer]       at async TransformPluginContext.transform (file:///tmp/cvg-up91-exec-20260930/repo/node_modules/vite/dist/node/chunks/node.js:28119:4)
[WebServer]       at async EnvironmentPluginContainer.transform (file:///tmp/cvg-up91-exec-20260930/repo/node_modules/vite/dist/node/chunks/node.js:30932:14)
[WebServer]       at async loadAndTransform (file:///tmp/cvg-up91-exec-20260930/repo/node_modules/vite/dist/node/chunks/node.js:20671:26)
[WebServer]       at async viteTransformMiddleware (file:///tmp/cvg-up91-exec-20260930/repo/node_modules/vite/dist/node/chunks/node.js:25205:20)

[1A[2K[WebServer] [2m3:05:13 AM[22m [31m[1m[vite][22m[39m [31mInternal server error: Failed to resolve import "@cvg/shared" from "apps/web/src/features/journeys/index.tsx". Does the file exist?[39m
[WebServer]   Plugin: [35mvite:import-analysis[39m
[WebServer]   File: [36m/tmp/cvg-up91-exec-20260930/repo/apps/web/src/features/journeys/index.tsx[39m:2:31
[WebServer] [33m  1  |  import { useEffect, useRef, useState } from "react";
[WebServer]   2  |  import { createDomainId } from "@cvg/shared";
[WebServer]      |                                  ^
[WebServer]   3  |  import { apiClient } from "../../api/client.ts";
[WebServer]   4  |  var _jsxFileName = "/tmp/cvg-up91-exec-20260930/repo/apps/web/src/features/journeys/index.tsx";[39m
[WebServer]       at TransformPluginContext._formatLog (file:///tmp/cvg-up91-exec-20260930/repo/node_modules/vite/dist/node/chunks/node.js:31147:39)
[WebServer]       at TransformPluginContext.error (file:///tmp/cvg-up91-exec-20260930/repo/node_modules/vite/dist/node/chunks/node.js:31144:14)
[WebServer]       at normalizeUrl (file:///tmp/cvg-up91-exec-20260930/repo/node_modules/vite/dist/node/chunks/node.js:28083:18)
[WebServer]       at async file:///tmp/cvg-up91-exec-20260930/repo/node_modules/vite/dist/node/chunks/node.js:28153:30
[WebServer]       at async Promise.all (index 1)
[WebServer]       at async TransformPluginContext.transform (file:///tmp/cvg-up91-exec-20260930/repo/node_modules/vite/dist/node/chunks/node.js:28119:4)
[WebServer]       at async EnvironmentPluginContainer.transform (file:///tmp/cvg-up91-exec-20260930/repo/node_modules/vite/dist/node/chunks/node.js:30932:14)
[WebServer]       at async loadAndTransform (file:///tmp/cvg-up91-exec-20260930/repo/node_modules/vite/dist/node/chunks/node.js:20671:26)
[WebServer]       at async viteTransformMiddleware (file:///tmp/cvg-up91-exec-20260930/repo/node_modules/vite/dist/node/chunks/node.js:25205:20)

[1A[2K[WebServer] [2m3:05:13 AM[22m [31m[1m[vite][22m[39m [31m[2m(client)[22m[39m Pre-transform error: Failed to resolve import "@cvg/shared" from "apps/web/src/api/client.ts". Does the file exist?
[WebServer]   Plugin: [35mvite:import-analysis[39m
[WebServer]   File: [36m/tmp/cvg-up91-exec-20260930/repo/apps/web/src/api/client.ts[39m:1:54
[WebServer] [33m  1  |  import { redactSensitiveText } from "@cvg/shared";
[WebServer]      |                                       ^
[WebServer]   2  |  export class ApiRequestError extends Error {
[WebServer]   3  |  	status;[39m

[1A[2K  6) [chromium] › tests/e2e/ux-accessibility.spec.ts:166:5 › switching tenant clears the previous identity data 

    TimeoutError: locator.fill: Timeout 10000ms exceeded.
    Call log:
    [2m  - waiting for getByLabel('ID do operador')[22m


       8 |   role = 'Operator'
       9 | ) {
    > 10 |   await page.getByLabel('ID do operador').fill(operatorId)
         |                                           ^
      11 |   await page.getByLabel('Papel operacional').selectOption(role)
      12 |   await page.getByLabel('Tenant ID').fill(tenantId)
      13 | }
        at fillIdentity (/tmp/cvg-up91-exec-20260930/repo/tests/e2e/ux-accessibility.spec.ts:10:43)
        at /tmp/cvg-up91-exec-20260930/repo/tests/e2e/ux-accessibility.spec.ts:171:9

    attachment #1: screenshot (image/png) ──────────────────────────────────────────────────────────
    test-results/ux-accessibility-switching-ff02a--the-previous-identity-data-chromium/test-failed-1.png
    ────────────────────────────────────────────────────────────────────────────────────────────────

    attachment #2: video (video/webm) ──────────────────────────────────────────────────────────────
    test-results/ux-accessibility-switching-ff02a--the-previous-identity-data-chromium/video.webm
    ────────────────────────────────────────────────────────────────────────────────────────────────

    Error Context: test-results/ux-accessibility-switching-ff02a--the-previous-identity-data-chromium/error-context.md


[1A[2K[9/12] [chromium] › tests/e2e/ux-accessibility.spec.ts:190:5 › authorization and server failures render comprehensible UI
[1A[2K[WebServer] [2m3:05:27 AM[22m [31m[1m[vite][22m[39m [31mInternal server error: Failed to resolve import "@cvg/shared" from "apps/web/src/api/client.ts". Does the file exist?[39m
[WebServer]   Plugin: [35mvite:import-analysis[39m
[WebServer]   File: [36m/tmp/cvg-up91-exec-20260930/repo/apps/web/src/api/client.ts[39m:1:54
[WebServer] [33m  1  |  import { redactSensitiveText } from "@cvg/shared";
[WebServer]      |                                       ^
[WebServer]   2  |  export class ApiRequestError extends Error {
[WebServer]   3  |  	status;[39m
[WebServer]       at TransformPluginContext._formatLog (file:///tmp/cvg-up91-exec-20260930/repo/node_modules/vite/dist/node/chunks/node.js:31147:39)
[WebServer]       at TransformPluginContext.error (file:///tmp/cvg-up91-exec-20260930/repo/node_modules/vite/dist/node/chunks/node.js:31144:14)
[WebServer]       at normalizeUrl (file:///tmp/cvg-up91-exec-20260930/repo/node_modules/vite/dist/node/chunks/node.js:28083:18)
[WebServer]       at async file:///tmp/cvg-up91-exec-20260930/repo/node_modules/vite/dist/node/chunks/node.js:28153:30
[WebServer]       at async Promise.all (index 0)
[WebServer]       at async TransformPluginContext.transform (file:///tmp/cvg-up91-exec-20260930/repo/node_modules/vite/dist/node/chunks/node.js:28119:4)
[WebServer]       at async EnvironmentPluginContainer.transform (file:///tmp/cvg-up91-exec-20260930/repo/node_modules/vite/dist/node/chunks/node.js:30932:14)
[WebServer]       at async loadAndTransform (file:///tmp/cvg-up91-exec-20260930/repo/node_modules/vite/dist/node/chunks/node.js:20671:26)
[WebServer]       at async viteTransformMiddleware (file:///tmp/cvg-up91-exec-20260930/repo/node_modules/vite/dist/node/chunks/node.js:25205:20)

[1A[2K[WebServer] [2m3:05:27 AM[22m [31m[1m[vite][22m[39m [31mInternal server error: Failed to resolve import "@cvg/shared" from "apps/web/src/features/journeys/index.tsx". Does the file exist?[39m
[WebServer]   Plugin: [35mvite:import-analysis[39m
[WebServer]   File: [36m/tmp/cvg-up91-exec-20260930/repo/apps/web/src/features/journeys/index.tsx[39m:2:31
[WebServer] [33m  1  |  import { useEffect, useRef, useState } from "react";
[WebServer]   2  |  import { createDomainId } from "@cvg/shared";
[WebServer]      |                                  ^
[WebServer]   3  |  import { apiClient } from "../../api/client.ts";
[WebServer]   4  |  var _jsxFileName = "/tmp/cvg-up91-exec-20260930/repo/apps/web/src/features/journeys/index.tsx";[39m
[WebServer]       at TransformPluginContext._formatLog (file:///tmp/cvg-up91-exec-20260930/repo/node_modules/vite/dist/node/chunks/node.js:31147:39)
[WebServer]       at TransformPluginContext.error (file:///tmp/cvg-up91-exec-20260930/repo/node_modules/vite/dist/node/chunks/node.js:31144:14)
[WebServer]       at normalizeUrl (file:///tmp/cvg-up91-exec-20260930/repo/node_modules/vite/dist/node/chunks/node.js:28083:18)
[WebServer]       at async file:///tmp/cvg-up91-exec-20260930/repo/node_modules/vite/dist/node/chunks/node.js:28153:30
[WebServer]       at async Promise.all (index 1)
[WebServer]       at async TransformPluginContext.transform (file:///tmp/cvg-up91-exec-20260930/repo/node_modules/vite/dist/node/chunks/node.js:28119:4)
[WebServer]       at async EnvironmentPluginContainer.transform (file:///tmp/cvg-up91-exec-20260930/repo/node_modules/vite/dist/node/chunks/node.js:30932:14)
[WebServer]       at async loadAndTransform (file:///tmp/cvg-up91-exec-20260930/repo/node_modules/vite/dist/node/chunks/node.js:20671:26)
[WebServer]       at async viteTransformMiddleware (file:///tmp/cvg-up91-exec-20260930/repo/node_modules/vite/dist/node/chunks/node.js:25205:20)

[1A[2K[WebServer] [2m3:05:27 AM[22m [31m[1m[vite][22m[39m [31m[2m(client)[22m[39m Pre-transform error: Failed to resolve import "@cvg/shared" from "apps/web/src/api/client.ts". Does the file exist?
[WebServer]   Plugin: [35mvite:import-analysis[39m
[WebServer]   File: [36m/tmp/cvg-up91-exec-20260930/repo/apps/web/src/api/client.ts[39m:1:54
[WebServer] [33m  1  |  import { redactSensitiveText } from "@cvg/shared";
[WebServer]      |                                       ^
[WebServer]   2  |  export class ApiRequestError extends Error {
[WebServer]   3  |  	status;[39m

[1A[2K[WebServer] [2m3:05:27 AM[22m [31m[1m[vite][22m[39m [31mInternal server error: Failed to resolve import "@cvg/shared" from "apps/web/src/features/platform/draft-helpers.ts". Does the file exist?[39m
[WebServer]   Plugin: [35mvite:import-analysis[39m
[WebServer]   File: [36m/tmp/cvg-up91-exec-20260930/repo/apps/web/src/features/platform/draft-helpers.ts[39m:9:36
[WebServer] [33m  7  |  * platform characterization suite (unchanged behavior).
[WebServer]   8  |  */
[WebServer]   9  |  import { redactSensitiveText } from "@cvg/shared";
[WebServer]      |                                       ^
[WebServer]   10 |  import { parsePromptProfile, serializePromptBlocks, serializeResponseTemplates } from "./prompt-profile.ts";
[WebServer]   11 |  export const initialForm = {[39m
[WebServer]       at TransformPluginContext._formatLog (file:///tmp/cvg-up91-exec-20260930/repo/node_modules/vite/dist/node/chunks/node.js:31147:39)
[WebServer]       at TransformPluginContext.error (file:///tmp/cvg-up91-exec-20260930/repo/node_modules/vite/dist/node/chunks/node.js:31144:14)
[WebServer]       at normalizeUrl (file:///tmp/cvg-up91-exec-20260930/repo/node_modules/vite/dist/node/chunks/node.js:28083:18)
[WebServer]       at async file:///tmp/cvg-up91-exec-20260930/repo/node_modules/vite/dist/node/chunks/node.js:28153:30
[WebServer]       at async Promise.all (index 0)
[WebServer]       at async TransformPluginContext.transform (file:///tmp/cvg-up91-exec-20260930/repo/node_modules/vite/dist/node/chunks/node.js:28119:4)
[WebServer]       at async EnvironmentPluginContainer.transform (file:///tmp/cvg-up91-exec-20260930/repo/node_modules/vite/dist/node/chunks/node.js:30932:14)
[WebServer]       at async loadAndTransform (file:///tmp/cvg-up91-exec-20260930/repo/node_modules/vite/dist/node/chunks/node.js:20671:26)
[WebServer]       at async viteTransformMiddleware (file:///tmp/cvg-up91-exec-20260930/repo/node_modules/vite/dist/node/chunks/node.js:25205:20)

[1A[2K  7) [chromium] › tests/e2e/ux-accessibility.spec.ts:190:5 › authorization and server failures render comprehensible UI 

    TimeoutError: locator.fill: Timeout 10000ms exceeded.
    Call log:
    [2m  - waiting for getByLabel('ID do operador')[22m


       8 |   role = 'Operator'
       9 | ) {
    > 10 |   await page.getByLabel('ID do operador').fill(operatorId)
         |                                           ^
      11 |   await page.getByLabel('Papel operacional').selectOption(role)
      12 |   await page.getByLabel('Tenant ID').fill(tenantId)
      13 | }
        at fillIdentity (/tmp/cvg-up91-exec-20260930/repo/tests/e2e/ux-accessibility.spec.ts:10:43)
        at /tmp/cvg-up91-exec-20260930/repo/tests/e2e/ux-accessibility.spec.ts:215:11

    attachment #1: screenshot (image/png) ──────────────────────────────────────────────────────────
    test-results/ux-accessibility-authoriza-925e6-es-render-comprehensible-UI-chromium/test-failed-1.png
    ────────────────────────────────────────────────────────────────────────────────────────────────

    attachment #2: video (video/webm) ──────────────────────────────────────────────────────────────
    test-results/ux-accessibility-authoriza-925e6-es-render-comprehensible-UI-chromium/video.webm
    ────────────────────────────────────────────────────────────────────────────────────────────────

    Error Context: test-results/ux-accessibility-authoriza-925e6-es-render-comprehensible-UI-chromium/error-context.md


[1A[2K[10/12] [chromium] › tests/e2e/ux-accessibility.spec.ts:228:5 › reduced motion keeps journeys operable
[1A[2K[WebServer] [2m3:05:42 AM[22m [31m[1m[vite][22m[39m [31mInternal server error: Failed to resolve import "@cvg/shared" from "apps/web/src/api/client.ts". Does the file exist?[39m
[WebServer]   Plugin: [35mvite:import-analysis[39m
[WebServer]   File: [36m/tmp/cvg-up91-exec-20260930/repo/apps/web/src/api/client.ts[39m:1:54
[WebServer] [33m  1  |  import { redactSensitiveText } from "@cvg/shared";
[WebServer]      |                                       ^
[WebServer]   2  |  export class ApiRequestError extends Error {
[WebServer]   3  |  	status;[39m
[WebServer]       at TransformPluginContext._formatLog (file:///tmp/cvg-up91-exec-20260930/repo/node_modules/vite/dist/node/chunks/node.js:31147:39)
[WebServer]       at TransformPluginContext.error (file:///tmp/cvg-up91-exec-20260930/repo/node_modules/vite/dist/node/chunks/node.js:31144:14)
[WebServer]       at normalizeUrl (file:///tmp/cvg-up91-exec-20260930/repo/node_modules/vite/dist/node/chunks/node.js:28083:18)
[WebServer]       at async file:///tmp/cvg-up91-exec-20260930/repo/node_modules/vite/dist/node/chunks/node.js:28153:30
[WebServer]       at async Promise.all (index 0)
[WebServer]       at async TransformPluginContext.transform (file:///tmp/cvg-up91-exec-20260930/repo/node_modules/vite/dist/node/chunks/node.js:28119:4)
[WebServer]       at async EnvironmentPluginContainer.transform (file:///tmp/cvg-up91-exec-20260930/repo/node_modules/vite/dist/node/chunks/node.js:30932:14)
[WebServer]       at async loadAndTransform (file:///tmp/cvg-up91-exec-20260930/repo/node_modules/vite/dist/node/chunks/node.js:20671:26)
[WebServer]       at async viteTransformMiddleware (file:///tmp/cvg-up91-exec-20260930/repo/node_modules/vite/dist/node/chunks/node.js:25205:20)

[1A[2K[WebServer] [2m3:05:42 AM[22m [31m[1m[vite][22m[39m [31mInternal server error: Failed to resolve import "@cvg/shared" from "apps/web/src/features/journeys/index.tsx". Does the file exist?[39m
[WebServer]   Plugin: [35mvite:import-analysis[39m
[WebServer]   File: [36m/tmp/cvg-up91-exec-20260930/repo/apps/web/src/features/journeys/index.tsx[39m:2:31
[WebServer] [33m  1  |  import { useEffect, useRef, useState } from "react";
[WebServer]   2  |  import { createDomainId } from "@cvg/shared";
[WebServer]      |                                  ^
[WebServer]   3  |  import { apiClient } from "../../api/client.ts";
[WebServer]   4  |  var _jsxFileName = "/tmp/cvg-up91-exec-20260930/repo/apps/web/src/features/journeys/index.tsx";[39m
[WebServer]       at TransformPluginContext._formatLog (file:///tmp/cvg-up91-exec-20260930/repo/node_modules/vite/dist/node/chunks/node.js:31147:39)
[WebServer]       at TransformPluginContext.error (file:///tmp/cvg-up91-exec-20260930/repo/node_modules/vite/dist/node/chunks/node.js:31144:14)
[WebServer]       at normalizeUrl (file:///tmp/cvg-up91-exec-20260930/repo/node_modules/vite/dist/node/chunks/node.js:28083:18)
[WebServer]       at async file:///tmp/cvg-up91-exec-20260930/repo/node_modules/vite/dist/node/chunks/node.js:28153:30
[WebServer]       at async Promise.all (index 1)
[WebServer]       at async TransformPluginContext.transform (file:///tmp/cvg-up91-exec-20260930/repo/node_modules/vite/dist/node/chunks/node.js:28119:4)
[WebServer]       at async EnvironmentPluginContainer.transform (file:///tmp/cvg-up91-exec-20260930/repo/node_modules/vite/dist/node/chunks/node.js:30932:14)
[WebServer]       at async loadAndTransform (file:///tmp/cvg-up91-exec-20260930/repo/node_modules/vite/dist/node/chunks/node.js:20671:26)
[WebServer]       at async viteTransformMiddleware (file:///tmp/cvg-up91-exec-20260930/repo/node_modules/vite/dist/node/chunks/node.js:25205:20)

[1A[2K[WebServer] [2m3:05:42 AM[22m [31m[1m[vite][22m[39m [31mInternal server error: Failed to resolve import "@cvg/shared" from "apps/web/src/features/platform/draft-helpers.ts". Does the file exist?[39m
[WebServer]   Plugin: [35mvite:import-analysis[39m
[WebServer]   File: [36m/tmp/cvg-up91-exec-20260930/repo/apps/web/src/features/platform/draft-helpers.ts[39m:9:36
[WebServer] [33m  7  |  * platform characterization suite (unchanged behavior).
[WebServer]   8  |  */
[WebServer]   9  |  import { redactSensitiveText } from "@cvg/shared";
[WebServer]      |                                       ^
[WebServer]   10 |  import { parsePromptProfile, serializePromptBlocks, serializeResponseTemplates } from "./prompt-profile.ts";
[WebServer]   11 |  export const initialForm = {[39m
[WebServer]       at TransformPluginContext._formatLog (file:///tmp/cvg-up91-exec-20260930/repo/node_modules/vite/dist/node/chunks/node.js:31147:39)
[WebServer]       at TransformPluginContext.error (file:///tmp/cvg-up91-exec-20260930/repo/node_modules/vite/dist/node/chunks/node.js:31144:14)
[WebServer]       at normalizeUrl (file:///tmp/cvg-up91-exec-20260930/repo/node_modules/vite/dist/node/chunks/node.js:28083:18)
[WebServer]       at async file:///tmp/cvg-up91-exec-20260930/repo/node_modules/vite/dist/node/chunks/node.js:28153:30
[WebServer]       at async Promise.all (index 0)
[WebServer]       at async TransformPluginContext.transform (file:///tmp/cvg-up91-exec-20260930/repo/node_modules/vite/dist/node/chunks/node.js:28119:4)
[WebServer]       at async EnvironmentPluginContainer.transform (file:///tmp/cvg-up91-exec-20260930/repo/node_modules/vite/dist/node/chunks/node.js:30932:14)
[WebServer]       at async loadAndTransform (file:///tmp/cvg-up91-exec-20260930/repo/node_modules/vite/dist/node/chunks/node.js:20671:26)
[WebServer]       at async viteTransformMiddleware (file:///tmp/cvg-up91-exec-20260930/repo/node_modules/vite/dist/node/chunks/node.js:25205:20)

[1A[2K[WebServer] [2m3:05:42 AM[22m [31m[1m[vite][22m[39m [31m[2m(client)[22m[39m Pre-transform error: Failed to resolve import "@cvg/shared" from "apps/web/src/api/client.ts". Does the file exist?
[WebServer]   Plugin: [35mvite:import-analysis[39m
[WebServer]   File: [36m/tmp/cvg-up91-exec-20260930/repo/apps/web/src/api/client.ts[39m:1:54
[WebServer] [33m  1  |  import { redactSensitiveText } from "@cvg/shared";
[WebServer]      |                                       ^
[WebServer]   2  |  export class ApiRequestError extends Error {
[WebServer]   3  |  	status;[39m

[1A[2K  8) [chromium] › tests/e2e/ux-accessibility.spec.ts:228:5 › reduced motion keeps journeys operable 

    TimeoutError: locator.fill: Timeout 10000ms exceeded.
    Call log:
    [2m  - waiting for getByLabel('ID do operador')[22m


       8 |   role = 'Operator'
       9 | ) {
    > 10 |   await page.getByLabel('ID do operador').fill(operatorId)
         |                                           ^
      11 |   await page.getByLabel('Papel operacional').selectOption(role)
      12 |   await page.getByLabel('Tenant ID').fill(tenantId)
      13 | }
        at fillIdentity (/tmp/cvg-up91-exec-20260930/repo/tests/e2e/ux-accessibility.spec.ts:10:43)
        at /tmp/cvg-up91-exec-20260930/repo/tests/e2e/ux-accessibility.spec.ts:232:9

    attachment #1: screenshot (image/png) ──────────────────────────────────────────────────────────
    test-results/ux-accessibility-reduced-motion-keeps-journeys-operable-chromium/test-failed-1.png
    ────────────────────────────────────────────────────────────────────────────────────────────────

    attachment #2: video (video/webm) ──────────────────────────────────────────────────────────────
    test-results/ux-accessibility-reduced-motion-keeps-journeys-operable-chromium/video.webm
    ────────────────────────────────────────────────────────────────────────────────────────────────

    Error Context: test-results/ux-accessibility-reduced-motion-keeps-journeys-operable-chromium/error-context.md


[1A[2K[11/12] [chromium] › tests/e2e/visual-shell.spec.ts:9:5 › console shell preserves layout, focus and control sizing across viewports
[1A[2K[WebServer] [2m3:05:56 AM[22m [31m[1m[vite][22m[39m [31mInternal server error: Failed to resolve import "@cvg/shared" from "apps/web/src/api/client.ts". Does the file exist?[39m
[WebServer]   Plugin: [35mvite:import-analysis[39m
[WebServer]   File: [36m/tmp/cvg-up91-exec-20260930/repo/apps/web/src/api/client.ts[39m:1:54
[WebServer] [33m  1  |  import { redactSensitiveText } from "@cvg/shared";
[WebServer]      |                                       ^
[WebServer]   2  |  export class ApiRequestError extends Error {
[WebServer]   3  |  	status;[39m
[WebServer]       at TransformPluginContext._formatLog (file:///tmp/cvg-up91-exec-20260930/repo/node_modules/vite/dist/node/chunks/node.js:31147:39)
[WebServer]       at TransformPluginContext.error (file:///tmp/cvg-up91-exec-20260930/repo/node_modules/vite/dist/node/chunks/node.js:31144:14)
[WebServer]       at normalizeUrl (file:///tmp/cvg-up91-exec-20260930/repo/node_modules/vite/dist/node/chunks/node.js:28083:18)
[WebServer]       at async file:///tmp/cvg-up91-exec-20260930/repo/node_modules/vite/dist/node/chunks/node.js:28153:30
[WebServer]       at async Promise.all (index 0)
[WebServer]       at async TransformPluginContext.transform (file:///tmp/cvg-up91-exec-20260930/repo/node_modules/vite/dist/node/chunks/node.js:28119:4)
[WebServer]       at async EnvironmentPluginContainer.transform (file:///tmp/cvg-up91-exec-20260930/repo/node_modules/vite/dist/node/chunks/node.js:30932:14)
[WebServer]       at async loadAndTransform (file:///tmp/cvg-up91-exec-20260930/repo/node_modules/vite/dist/node/chunks/node.js:20671:26)
[WebServer]       at async viteTransformMiddleware (file:///tmp/cvg-up91-exec-20260930/repo/node_modules/vite/dist/node/chunks/node.js:25205:20)

[1A[2K[WebServer] [2m3:05:56 AM[22m [31m[1m[vite][22m[39m [31mInternal server error: Failed to resolve import "@cvg/shared" from "apps/web/src/features/journeys/index.tsx". Does the file exist?[39m
[WebServer]   Plugin: [35mvite:import-analysis[39m
[WebServer]   File: [36m/tmp/cvg-up91-exec-20260930/repo/apps/web/src/features/journeys/index.tsx[39m:2:31
[WebServer] [33m  1  |  import { useEffect, useRef, useState } from "react";
[WebServer]   2  |  import { createDomainId } from "@cvg/shared";
[WebServer]      |                                  ^
[WebServer]   3  |  import { apiClient } from "../../api/client.ts";
[WebServer]   4  |  var _jsxFileName = "/tmp/cvg-up91-exec-20260930/repo/apps/web/src/features/journeys/index.tsx";[39m
[WebServer]       at TransformPluginContext._formatLog (file:///tmp/cvg-up91-exec-20260930/repo/node_modules/vite/dist/node/chunks/node.js:31147:39)
[WebServer]       at TransformPluginContext.error (file:///tmp/cvg-up91-exec-20260930/repo/node_modules/vite/dist/node/chunks/node.js:31144:14)
[WebServer]       at normalizeUrl (file:///tmp/cvg-up91-exec-20260930/repo/node_modules/vite/dist/node/chunks/node.js:28083:18)
[WebServer]       at async file:///tmp/cvg-up91-exec-20260930/repo/node_modules/vite/dist/node/chunks/node.js:28153:30
[WebServer]       at async Promise.all (index 1)
[WebServer]       at async TransformPluginContext.transform (file:///tmp/cvg-up91-exec-20260930/repo/node_modules/vite/dist/node/chunks/node.js:28119:4)
[WebServer]       at async EnvironmentPluginContainer.transform (file:///tmp/cvg-up91-exec-20260930/repo/node_modules/vite/dist/node/chunks/node.js:30932:14)
[WebServer]       at async loadAndTransform (file:///tmp/cvg-up91-exec-20260930/repo/node_modules/vite/dist/node/chunks/node.js:20671:26)
[WebServer]       at async viteTransformMiddleware (file:///tmp/cvg-up91-exec-20260930/repo/node_modules/vite/dist/node/chunks/node.js:25205:20)

[1A[2K[WebServer] [2m3:05:56 AM[22m [31m[1m[vite][22m[39m [31mInternal server error: Failed to resolve import "@cvg/shared" from "apps/web/src/features/platform/draft-helpers.ts". Does the file exist?[39m
[WebServer]   Plugin: [35mvite:import-analysis[39m
[WebServer]   File: [36m/tmp/cvg-up91-exec-20260930/repo/apps/web/src/features/platform/draft-helpers.ts[39m:9:36
[WebServer] [33m  7  |  * platform characterization suite (unchanged behavior).
[WebServer]   8  |  */
[WebServer]   9  |  import { redactSensitiveText } from "@cvg/shared";
[WebServer]      |                                       ^
[WebServer]   10 |  import { parsePromptProfile, serializePromptBlocks, serializeResponseTemplates } from "./prompt-profile.ts";
[WebServer]   11 |  export const initialForm = {[39m
[WebServer]       at TransformPluginContext._formatLog (file:///tmp/cvg-up91-exec-20260930/repo/node_modules/vite/dist/node/chunks/node.js:31147:39)
[WebServer]       at TransformPluginContext.error (file:///tmp/cvg-up91-exec-20260930/repo/node_modules/vite/dist/node/chunks/node.js:31144:14)
[WebServer]       at normalizeUrl (file:///tmp/cvg-up91-exec-20260930/repo/node_modules/vite/dist/node/chunks/node.js:28083:18)
[WebServer]       at async file:///tmp/cvg-up91-exec-20260930/repo/node_modules/vite/dist/node/chunks/node.js:28153:30
[WebServer]       at async Promise.all (index 0)
[WebServer]       at async TransformPluginContext.transform (file:///tmp/cvg-up91-exec-20260930/repo/node_modules/vite/dist/node/chunks/node.js:28119:4)
[WebServer]       at async EnvironmentPluginContainer.transform (file:///tmp/cvg-up91-exec-20260930/repo/node_modules/vite/dist/node/chunks/node.js:30932:14)
[WebServer]       at async loadAndTransform (file:///tmp/cvg-up91-exec-20260930/repo/node_modules/vite/dist/node/chunks/node.js:20671:26)
[WebServer]       at async viteTransformMiddleware (file:///tmp/cvg-up91-exec-20260930/repo/node_modules/vite/dist/node/chunks/node.js:25205:20)

[1A[2K[WebServer] [2m3:05:56 AM[22m [31m[1m[vite][22m[39m [31m[2m(client)[22m[39m Pre-transform error: Failed to resolve import "@cvg/shared" from "apps/web/src/api/client.ts". Does the file exist?
[WebServer]   Plugin: [35mvite:import-analysis[39m
[WebServer]   File: [36m/tmp/cvg-up91-exec-20260930/repo/apps/web/src/api/client.ts[39m:1:54
[WebServer] [33m  1  |  import { redactSensitiveText } from "@cvg/shared";
[WebServer]      |                                       ^
[WebServer]   2  |  export class ApiRequestError extends Error {
[WebServer]   3  |  	status;[39m

[1A[2K  9) [chromium] › tests/e2e/visual-shell.spec.ts:9:5 › console shell preserves layout, focus and control sizing across viewports 

    Error: [2mexpect([22m[31mlocator[39m[2m).[22mtoBeVisible[2m([22m[2m)[22m failed

    Locator: getByRole('heading', { name: 'CVG Agent Secretary' })
    Expected: visible
    Timeout: 5000ms
    Error: element(s) not found

    Call log:
    [2m  - Expect "toBeVisible" with timeout 5000ms[22m
    [2m  - waiting for getByRole('heading', { name: 'CVG Agent Secretary' })[22m


      16 |     await expect(
      17 |       page.getByRole('heading', { name: 'CVG Agent Secretary' })
    > 18 |     ).toBeVisible()
         |       ^
      19 |     const skipLink = page.getByRole('link', {
      20 |       name: 'Pular para o console operacional'
      21 |     })
        at /tmp/cvg-up91-exec-20260930/repo/tests/e2e/visual-shell.spec.ts:18:7

    attachment #1: screenshot (image/png) ──────────────────────────────────────────────────────────
    test-results/visual-shell-console-shell-285eb-rol-sizing-across-viewports-chromium/test-failed-1.png
    ────────────────────────────────────────────────────────────────────────────────────────────────

    attachment #2: video (video/webm) ──────────────────────────────────────────────────────────────
    test-results/visual-shell-console-shell-285eb-rol-sizing-across-viewports-chromium/video.webm
    ────────────────────────────────────────────────────────────────────────────────────────────────

    Error Context: test-results/visual-shell-console-shell-285eb-rol-sizing-across-viewports-chromium/error-context.md


[1A[2K[12/12] [chromium] › tests/e2e/visual-shell.spec.ts:58:5 › admin control center remains navigable on a narrow viewport
[1A[2K[WebServer] [2m3:06:04 AM[22m [31m[1m[vite][22m[39m [31mInternal server error: Failed to resolve import "@cvg/shared" from "apps/web/src/features/journeys/index.tsx". Does the file exist?[39m
[WebServer]   Plugin: [35mvite:import-analysis[39m
[WebServer]   File: [36m/tmp/cvg-up91-exec-20260930/repo/apps/web/src/features/journeys/index.tsx[39m:2:31
[WebServer] [33m  1  |  import { useEffect, useRef, useState } from "react";
[WebServer]   2  |  import { createDomainId } from "@cvg/shared";
[WebServer]      |                                  ^
[WebServer]   3  |  import { apiClient } from "../../api/client.ts";
[WebServer]   4  |  var _jsxFileName = "/tmp/cvg-up91-exec-20260930/repo/apps/web/src/features/journeys/index.tsx";[39m
[WebServer]       at TransformPluginContext._formatLog (file:///tmp/cvg-up91-exec-20260930/repo/node_modules/vite/dist/node/chunks/node.js:31147:39)
[WebServer]       at TransformPluginContext.error (file:///tmp/cvg-up91-exec-20260930/repo/node_modules/vite/dist/node/chunks/node.js:31144:14)
[WebServer]       at normalizeUrl (file:///tmp/cvg-up91-exec-20260930/repo/node_modules/vite/dist/node/chunks/node.js:28083:18)
[WebServer]       at async file:///tmp/cvg-up91-exec-20260930/repo/node_modules/vite/dist/node/chunks/node.js:28153:30
[WebServer]       at async Promise.all (index 1)
[WebServer]       at async TransformPluginContext.transform (file:///tmp/cvg-up91-exec-20260930/repo/node_modules/vite/dist/node/chunks/node.js:28119:4)
[WebServer]       at async EnvironmentPluginContainer.transform (file:///tmp/cvg-up91-exec-20260930/repo/node_modules/vite/dist/node/chunks/node.js:30932:14)
[WebServer]       at async loadAndTransform (file:///tmp/cvg-up91-exec-20260930/repo/node_modules/vite/dist/node/chunks/node.js:20671:26)
[WebServer]       at async viteTransformMiddleware (file:///tmp/cvg-up91-exec-20260930/repo/node_modules/vite/dist/node/chunks/node.js:25205:20)
[WebServer] [2m3:06:04 AM[22m [31m[1m[vite][22m[39m [31m[2m(client)[22m[39m Pre-transform error: Failed to resolve import "@cvg/shared" from "apps/web/src/api/client.ts". Does the file exist?
[WebServer]   Plugin: [35mvite:import-analysis[39m
[WebServer]   File: [36m/tmp/cvg-up91-exec-20260930/repo/apps/web/src/api/client.ts[39m:1:54
[WebServer] [33m  1  |  import { redactSensitiveText } from "@cvg/shared";
[WebServer]      |                                       ^
[WebServer]   2  |  export class ApiRequestError extends Error {
[WebServer]   3  |  	status;[39m
[WebServer] [2m3:06:04 AM[22m [31m[1m[vite][22m[39m [31mInternal server error: Failed to resolve import "@cvg/shared" from "apps/web/src/api/client.ts". Does the file exist?[39m
[WebServer]   Plugin: [35mvite:import-analysis[39m
[WebServer]   File: [36m/tmp/cvg-up91-exec-20260930/repo/apps/web/src/api/client.ts[39m:1:54
[WebServer] [33m  1  |  import { redactSensitiveText } from "@cvg/shared";
[WebServer]      |                                       ^
[WebServer]   2  |  export class ApiRequestError extends Error {
[WebServer]   3  |  	status;[39m
[WebServer]       at TransformPluginContext._formatLog (file:///tmp/cvg-up91-exec-20260930/repo/node_modules/vite/dist/node/chunks/node.js:31147:39)
[WebServer]       at TransformPluginContext.error (file:///tmp/cvg-up91-exec-20260930/repo/node_modules/vite/dist/node/chunks/node.js:31144:14)
[WebServer]       at normalizeUrl (file:///tmp/cvg-up91-exec-20260930/repo/node_modules/vite/dist/node/chunks/node.js:28083:18)
[WebServer]       at async file:///tmp/cvg-up91-exec-20260930/repo/node_modules/vite/dist/node/chunks/node.js:28153:30
[WebServer]       at async Promise.all (index 0)
[WebServer]       at async TransformPluginContext.transform (file:///tmp/cvg-up91-exec-20260930/repo/node_modules/vite/dist/node/chunks/node.js:28119:4)
[WebServer]       at async EnvironmentPluginContainer.transform (file:///tmp/cvg-up91-exec-20260930/repo/node_modules/vite/dist/node/chunks/node.js:30932:14)
[WebServer]       at async loadAndTransform (file:///tmp/cvg-up91-exec-20260930/repo/node_modules/vite/dist/node/chunks/node.js:20671:26)

[1A[2K[WebServer] [2m3:06:04 AM[22m [31m[1m[vite][22m[39m [31mInternal server error: Failed to resolve import "@cvg/shared" from "apps/web/src/features/platform/draft-helpers.ts". Does the file exist?[39m
[WebServer]   Plugin: [35mvite:import-analysis[39m
[WebServer]   File: [36m/tmp/cvg-up91-exec-20260930/repo/apps/web/src/features/platform/draft-helpers.ts[39m:9:36
[WebServer] [33m  7  |  * platform characterization suite (unchanged behavior).
[WebServer]   8  |  */
[WebServer]   9  |  import { redactSensitiveText } from "@cvg/shared";
[WebServer]      |                                       ^
[WebServer]   10 |  import { parsePromptProfile, serializePromptBlocks, serializeResponseTemplates } from "./prompt-profile.ts";
[WebServer]   11 |  export const initialForm = {[39m
[WebServer]       at TransformPluginContext._formatLog (file:///tmp/cvg-up91-exec-20260930/repo/node_modules/vite/dist/node/chunks/node.js:31147:39)
[WebServer]       at TransformPluginContext.error (file:///tmp/cvg-up91-exec-20260930/repo/node_modules/vite/dist/node/chunks/node.js:31144:14)
[WebServer]       at normalizeUrl (file:///tmp/cvg-up91-exec-20260930/repo/node_modules/vite/dist/node/chunks/node.js:28083:18)
[WebServer]       at async file:///tmp/cvg-up91-exec-20260930/repo/node_modules/vite/dist/node/chunks/node.js:28153:30
[WebServer]       at async Promise.all (index 0)
[WebServer]       at async TransformPluginContext.transform (file:///tmp/cvg-up91-exec-20260930/repo/node_modules/vite/dist/node/chunks/node.js:28119:4)
[WebServer]       at async EnvironmentPluginContainer.transform (file:///tmp/cvg-up91-exec-20260930/repo/node_modules/vite/dist/node/chunks/node.js:30932:14)
[WebServer]       at async loadAndTransform (file:///tmp/cvg-up91-exec-20260930/repo/node_modules/vite/dist/node/chunks/node.js:20671:26)
[WebServer]       at async viteTransformMiddleware (file:///tmp/cvg-up91-exec-20260930/repo/node_modules/vite/dist/node/chunks/node.js:25205:20)

[1A[2K  10) [chromium] › tests/e2e/visual-shell.spec.ts:58:5 › admin control center remains navigable on a narrow viewport 

    TimeoutError: locator.fill: Timeout 10000ms exceeded.
    Call log:
    [2m  - waiting for getByLabel('ID do operador')[22m


      61 |   await page.setViewportSize({ width: 375, height: 812 })
      62 |   await page.goto('/', { waitUntil: 'networkidle' })
    > 63 |   await page.getByLabel('ID do operador').fill('operator.fixture')
         |                                           ^
      64 |   await page.getByLabel('Papel operacional').selectOption('Admin')
      65 |   await page
      66 |     .getByLabel('Tenant ID')
        at /tmp/cvg-up91-exec-20260930/repo/tests/e2e/visual-shell.spec.ts:63:43

    attachment #1: screenshot (image/png) ──────────────────────────────────────────────────────────
    test-results/visual-shell-admin-control-b2fe9-igable-on-a-narrow-viewport-chromium/test-failed-1.png
    ────────────────────────────────────────────────────────────────────────────────────────────────

    attachment #2: video (video/webm) ──────────────────────────────────────────────────────────────
    test-results/visual-shell-admin-control-b2fe9-igable-on-a-narrow-viewport-chromium/video.webm
    ────────────────────────────────────────────────────────────────────────────────────────────────

    Error Context: test-results/visual-shell-admin-control-b2fe9-igable-on-a-narrow-viewport-chromium/error-context.md


[1A[2K  10 failed
    [chromium] › tests/e2e/audit-evidence-checkpoint.spec.ts:3:5 › seals and archives an audit evidence checkpoint without payload export 
    [chromium] › tests/e2e/platform-control-center.spec.ts:4:5 › configures, publishes and dry-runs an agent through the real web/API boundary 
    [chromium] › tests/e2e/ux-accessibility.spec.ts:15:5 › axe finds no serious or critical violations on identity and console views 
    [chromium] › tests/e2e/ux-accessibility.spec.ts:49:5 › keyboard-only operators reach, activate and see focus on key controls 
    [chromium] › tests/e2e/ux-accessibility.spec.ts:80:5 › empty, loading, error and overflow states stay comprehensible 
    [chromium] › tests/e2e/ux-accessibility.spec.ts:166:5 › switching tenant clears the previous identity data 
    [chromium] › tests/e2e/ux-accessibility.spec.ts:190:5 › authorization and server failures render comprehensible UI 
    [chromium] › tests/e2e/ux-accessibility.spec.ts:228:5 › reduced motion keeps journeys operable ─
    [chromium] › tests/e2e/visual-shell.spec.ts:9:5 › console shell preserves layout, focus and control sizing across viewports 
    [chromium] › tests/e2e/visual-shell.spec.ts:58:5 › admin control center remains navigable on a narrow viewport 
  2 passed (2.1m)
