
> cvg-operational-harness@1.0.0 certify
> node scripts/node-version-preflight.mjs && node scripts/phase10-certify.mjs

[certify] candidate=d16b83eec6ac1f31c45c63398f90fac8f0906a476bcc3e4bb805e2ba697e32e9 run=run-d16b83eec6ac-munpsn94 files=1529 dirty=true
[certify] FAIL         format (exit 1, 27982ms)
[certify] PASS         typecheck (exit 0, 16142ms)
[certify] PASS         lint (exit 0, 11039ms)
[certify] PASS         build (exit 0, 15563ms)
[certify] PASS         unit (exit 0, 461665ms)
[certify] PASS         coverage (exit 0, 510356ms)
[certify] FAIL         security (exit 1, 782ms)
[certify] PASS         worker_startup (exit 0, 1243ms)
[certify] PASS         postgres (exit 0, 127171ms)
[certify] PASS         e2e (exit 0, 29759ms)
[certify] PASS         evals (exit 0, 549ms)
[certify] PASS         chaos (exit 0, 3725ms)
[certify] PASS         load (exit 0, 11603ms)
[certify] PASS         restore (exit 0, 729ms)
[certify] PASS         sbom (exit 0, 38ms)
[certify] PASS         licenses (exit 0, 40ms)
file:///tmp/cvg-up91-exec-20260930/repo/scripts/phase10-certify.mjs:533
Phase10ResultSchema.parse(resultPayload)
                    ^

ZodError: [
  {
    "expected": "record",
    "code": "invalid_type",
    "path": [
      "metrics",
      "unit"
    ],
    "message": "Invalid input: expected record, received null"
  }
]
    at file:///tmp/cvg-up91-exec-20260930/repo/scripts/phase10-certify.mjs:533:21
    at ModuleJob.run (node:internal/modules/esm/module_job:343:25)
    at async onImport.tracePromise.__proto__ (node:internal/modules/esm/loader:681:26)
    at async asyncRunEntryPointWithESMLoader (node:internal/modules/run_main:117:5)

Node.js v22.23.2
