
> cvg-operational-harness@1.0.0 certify
> node scripts/node-version-preflight.mjs && node scripts/phase10-certify.mjs

[certify] candidate=867485b8b2f08eef940d2dadcff8d9d3b3a3e01b87db23bb8f9e39859bec9fa0 run=run-867485b8b2f0-munwg9ku files=1533 dirty=true
[certify] FAIL         format (exit 1, 17228ms)
[certify] PASS         typecheck (exit 0, 9398ms)
[certify] PASS         lint (exit 0, 7398ms)
[certify] PASS         build (exit 0, 9806ms)
[certify] PASS         unit (exit 0, 360823ms)
[certify] PASS         coverage (exit 0, 401922ms)
[certify] FAIL         security (exit 1, 743ms)
[certify] PASS         worker_startup (exit 0, 1142ms)
[certify] PASS         postgres (exit 0, 114078ms)
[certify] PASS         e2e (exit 0, 25818ms)
[certify] PASS         evals (exit 0, 428ms)
[certify] PASS         chaos (exit 0, 3348ms)
[certify] PASS         load (exit 0, 8174ms)
[certify] PASS         restore (exit 0, 605ms)
[certify] PASS         sbom (exit 0, 34ms)
[certify] PASS         licenses (exit 0, 34ms)
file:///tmp/cvg-up91-exec-20260930/repo/scripts/phase10-certify.mjs:533
Phase10ResultSchema.parse(resultPayload)
                    ^

ZodError: [
  {
    "expected": "record",
    "code": "invalid_type",
    "path": [
      "metrics",
      "unit"
    ],
    "message": "Invalid input: expected record, received null"
  }
]
    at file:///tmp/cvg-up91-exec-20260930/repo/scripts/phase10-certify.mjs:533:21
    at ModuleJob.run (node:internal/modules/esm/module_job:343:25)
    at async onImport.tracePromise.__proto__ (node:internal/modules/esm/loader:681:26)
    at async asyncRunEntryPointWithESMLoader (node:internal/modules/run_main:117:5)

Node.js v22.23.2
