{
  "status": "PASS",
  "scope": "T1 static document/hash/path validation only",
  "sources": 111,
  "modules": 8,
  "linkedReferences": 129,
  "untrackedMarkdownWhitespace": "PASS",
  "sourceDrift": [
    {
      "path": "docs/03_build/0364_program_backlog_2026-09-30.md",
      "expected": "48d1e8b4b474cf5b22b23dc54c52b6dbc6b1a62ff98d12e3dd149d579bb88865",
      "actual": "512200761124cb6f5feb25c80b2cdf93f06df3d9ef31952116b71cdc9b3fc1a0"
    }
  ],
  "errors": [],
  "behavioralTests": "NOT_RUN",
  "independentReview": "REREVIEW_PENDING",
  "humanReview": "PENDING",
  "frozen012Sha256": "7012a5d171998eff15ffd0d7d00f2bfd9881598dc4b5f09fce6e5009d001590a",
  "sealed012Sources": 26,
  "selectedPayloadSha256": "6ad326b5eea5b7bd0e8bc5960f8e33396462b8df14363f0655ae9a3f24e26eb1",
  "dependencyGraph": "ACYCLIC",
  "finalIntegration": "PENDING_014",
  "tableShapes": "PASS",
  "buildAuthorized": false
}
