
[1m[30m[46m RUN [49m[39m[22m [36mv4.1.11 [39m[90m/tmp/cvg-up91-exec-20260930/repo[39m

 [31m❯[39m packages/agent-runtime/src/__tests__/runtime-approval-request-boundary.test.ts [2m([22m[2m5 tests[22m[2m | [22m[31m1 failed[39m[2m)[22m[32m 32[2mms[22m[39m
     [32m✓[39m denies BigInt before approval or effects[32m 14[2mms[22m[39m
     [32m✓[39m denies non-finite number before approval or effects[32m 3[2mms[22m[39m
     [32m✓[39m denies cycle before approval or effects[32m 2[2mms[22m[39m
     [32m✓[39m denies depth budget exceeded before approval or effects[32m 2[2mms[22m[39m
[31m     [31m×[31m persists exactly one valid transformed proposal without dispatching an effect[39m[32m 9[2mms[22m[39m

[31m⎯⎯⎯⎯⎯⎯⎯[39m[1m[41m Failed Tests 1 [49m[22m[31m⎯⎯⎯⎯⎯⎯⎯[39m

[41m[1m FAIL [22m[49m packages/agent-runtime/src/__tests__/runtime-approval-request-boundary.test.ts[2m > [22mpublic runtime proposal boundary after structured-output transformation[2m > [22mpersists exactly one valid transformed proposal without dispatching an effect
[31m[1mAssertionError[22m: expected { …(22) } to match object { …(4) }
(21 matching properties omitted from actual)[39m

[32m- Expected[39m
[31m+ Received[39m

[33m@@ -1,11 +1,7 @@[39m
[2m  {[22m
[2m    "approvalId": "appr_50989304-0654-4753-9c58-ba5b5dbd68b6",[22m
[32m-   "payload": {[39m
[32m-     "text": "SYNTHETIC DRAFT",[39m
[32m-     "version": 1,[39m
[32m-   },[39m
[2m    "proposalPayload": {[22m
[2m      "text": "SYNTHETIC DRAFT",[22m
[2m      "version": 1,[22m
[2m    },[22m
[2m    "status": "REQUESTED",[22m

[36m [2m❯[22m packages/agent-runtime/src/__tests__/runtime-approval-request-boundary.test.ts:[2m174:24[22m[39m
    [90m172|[39m     [35mconst[39m records [33m=[39m h[33m.[39mstore[33m.[39m[34mlist[39m({ tenantId[33m:[39m [33mTENANT[39m })
    [90m173|[39m     [34mexpect[39m(records)[33m.[39m[34mtoHaveLength[39m([34m1[39m)
    [90m174|[39m     [34mexpect[39m(records[[34m0[39m])[33m.[39m[34mtoMatchObject[39m({
    [90m   |[39m                        [31m^[39m
    [90m175|[39m       approvalId[33m:[39m result[33m.[39mapprovalId[33m,[39m
    [90m176|[39m       status[33m:[39m [32m'REQUESTED'[39m[33m,[39m

[31m[2m⎯⎯⎯⎯⎯⎯⎯⎯⎯⎯⎯⎯⎯⎯⎯⎯⎯⎯⎯⎯⎯⎯⎯⎯[1/1]⎯[22m[39m


[2m Test Files [22m [1m[31m1 failed[39m[22m[90m (1)[39m
[2m      Tests [22m [1m[31m1 failed[39m[22m[2m | [22m[1m[32m4 passed[39m[22m[90m (5)[39m
[2m   Start at [22m 04:40:06
[2m   Duration [22m 1.03s[2m (transform 238ms, setup 0ms, import 360ms, tests 32ms, environment 534ms)[22m

