
> cvg-operational-harness@1.0.0 certify
> node scripts/node-version-preflight.mjs && node scripts/phase10-certify.mjs

[certify] candidate=6646a56024d746bf319fec45cff24403892bea0e69d17bacc81f4240b6d70f5d run=run-6646a56024d7-munss9fa files=1531 dirty=true
[certify] FAIL         format (exit 1, 19224ms)
[certify] PASS         typecheck (exit 0, 10779ms)
[certify] PASS         lint (exit 0, 8378ms)
[certify] PASS         build (exit 0, 11135ms)
[certify] PASS         unit (exit 0, 383810ms)
[certify] PASS         coverage (exit 0, 422976ms)
[certify] FAIL         security (exit 1, 777ms)
[certify] PASS         worker_startup (exit 0, 1251ms)
[certify] PASS         postgres (exit 0, 122224ms)
[certify] PASS         e2e (exit 0, 26778ms)
[certify] PASS         evals (exit 0, 455ms)
[certify] PASS         chaos (exit 0, 3572ms)
[certify] PASS         load (exit 0, 9029ms)
[certify] PASS         restore (exit 0, 630ms)
[certify] PASS         sbom (exit 0, 37ms)
[certify] PASS         licenses (exit 0, 33ms)
file:///tmp/cvg-up91-exec-20260930/repo/scripts/phase10-certify.mjs:533
Phase10ResultSchema.parse(resultPayload)
                    ^

ZodError: [
  {
    "expected": "record",
    "code": "invalid_type",
    "path": [
      "metrics",
      "unit"
    ],
    "message": "Invalid input: expected record, received null"
  }
]
    at file:///tmp/cvg-up91-exec-20260930/repo/scripts/phase10-certify.mjs:533:21
    at ModuleJob.run (node:internal/modules/esm/module_job:343:25)
    at async onImport.tracePromise.__proto__ (node:internal/modules/esm/loader:681:26)
    at async asyncRunEntryPointWithESMLoader (node:internal/modules/run_main:117:5)

Node.js v22.23.2
