
> cvg-operational-harness@1.0.0 certify
> node scripts/node-version-preflight.mjs && node scripts/phase10-certify.mjs

[certify] candidate=67fc9ef9821195de205cedfa8b0e5fc1b1e8acbcd57ed6f3e3129095df131c07 run=run-pr003-composite-20260928 files=1503 dirty=false
[certify] PASS         format (exit 0, 16323ms)
[certify] PASS         typecheck (exit 0, 9914ms)
[certify] PASS         lint (exit 0, 8453ms)
[certify] FAIL         build (exit 1, 10461ms)
[certify] PASS         unit (exit 0, 369507ms)
[certify] PASS         coverage (exit 0, 418435ms)
[certify] PASS         security (exit 0, 595ms)
[certify] FAIL         worker_startup (exit 1, 702ms)
[certify] PASS         postgres (exit 0, 107645ms)
[certify] PASS         e2e (exit 0, 30510ms)
[certify] PASS         evals (exit 0, 544ms)
[certify] PASS         chaos (exit 0, 3315ms)
[certify] PASS         load (exit 0, 8366ms)
[certify] PASS         restore (exit 0, 707ms)
[certify] PASS         sbom (exit 0, 37ms)
[certify] PASS         licenses (exit 0, 38ms)
[certify] started=2026-09-28T07:12:32.015Z decision=NO_GO certification=NO_GO
[certify] PASS         format
[certify] PASS         typecheck
[certify] PASS         lint
[certify] FAIL         build
[certify] PASS         unit
[certify] PASS         coverage
[certify] PASS         security
[certify] FAIL         worker_startup
[certify] PASS         postgres
[certify] PASS         e2e
[certify] PASS         evals
[certify] PASS         chaos
[certify] PASS         load
[certify] PASS         restore
[certify] PASS         sbom
[certify] PASS         licenses
