
> cvg-operational-harness@1.0.0 certify
> node scripts/node-version-preflight.mjs && node scripts/phase10-certify.mjs

[certify] candidate=47440863ddc96bcfc915e5d601ca7fd6badb9642fae25b844857e49d7f685348 run=run-pr003-composite-r2-20260928 files=1503 dirty=false
[certify] PASS         format (exit 0, 16079ms)
[certify] PASS         typecheck (exit 0, 9365ms)
[certify] PASS         lint (exit 0, 7613ms)
[certify] PASS         build (exit 0, 9977ms)
[certify] PASS         unit (exit 0, 367000ms)
[certify] PASS         coverage (exit 0, 413190ms)
[certify] PASS         security (exit 0, 617ms)
[certify] PASS         worker_startup (exit 0, 1269ms)
[certify] PASS         postgres (exit 0, 96613ms)
[certify] PASS         e2e (exit 0, 30072ms)
[certify] PASS         evals (exit 0, 569ms)
[certify] PASS         chaos (exit 0, 3354ms)
[certify] PASS         load (exit 0, 8109ms)
[certify] PASS         restore (exit 0, 716ms)
[certify] PASS         sbom (exit 0, 34ms)
[certify] PASS         licenses (exit 0, 35ms)
[certify] started=2026-09-28T07:31:23.400Z decision=CONDITIONAL_GO certification=AAA_CONTROLLED
[certify] PASS         format
[certify] PASS         typecheck
[certify] PASS         lint
[certify] PASS         build
[certify] PASS         unit
[certify] PASS         coverage
[certify] PASS         security
[certify] PASS         worker_startup
[certify] PASS         postgres
[certify] PASS         e2e
[certify] PASS         evals
[certify] PASS         chaos
[certify] PASS         load
[certify] PASS         restore
[certify] PASS         sbom
[certify] PASS         licenses
