[certify] candidate=328d6a384658e75dc241db08d59072cbc4c8c4c430bc7d48063653443f092f67 run=run-328d6a384658-mtzfh6qx files=856 dirty=true
[certify] PASS         format (exit 0, 10620ms)
[certify] PASS         typecheck (exit 0, 7239ms)
[certify] PASS         lint (exit 0, 5209ms)
[certify] PASS         build (exit 0, 7095ms)
[certify] PASS         unit (exit 0, 205038ms)
[certify] PASS         coverage (exit 0, 230295ms)
[certify] PASS         security (exit 0, 670ms)
[certify] PASS         worker_startup (exit 0, 1082ms)
[certify] PASS         postgres (exit 0, 24083ms)
[certify] PASS         e2e (exit 0, 20311ms)
[certify] PASS         evals (exit 0, 495ms)
[certify] PASS         chaos (exit 0, 3228ms)
[certify] PASS         load (exit 0, 10615ms)
[certify] PASS         restore (exit 0, 697ms)
[certify] PASS         sbom (exit 0, 46ms)
[certify] PASS         licenses (exit 0, 42ms)
[certify] started=2026-09-13T06:23:30.081Z decision=CONDITIONAL_GO certification=AAA_CONTROLLED
[certify] PASS         format
[certify] PASS         typecheck
[certify] PASS         lint
[certify] PASS         build
[certify] PASS         unit
[certify] PASS         coverage
[certify] PASS         security
[certify] PASS         worker_startup
[certify] PASS         postgres
[certify] PASS         e2e
[certify] PASS         evals
[certify] PASS         chaos
[certify] PASS         load
[certify] PASS         restore
[certify] PASS         sbom
[certify] PASS         licenses
