
 RUN  v4.1.11 /home/ricardo/cvg-agent-secretary-v2
      Coverage enabled with v8


 Test Files  11 passed (11)
      Tests  105 passed (105)
   Start at  19:52:37
   Duration  11.70s (transform 265ms, setup 0ms, import 1.43s, tests 802ms, environment 7.20s)

 % Coverage report from v8
-------------------|---------|----------|---------|---------|-------------------
File               | % Stmts | % Branch | % Funcs | % Lines | Uncovered Line #s 
-------------------|---------|----------|---------|---------|-------------------
All files          |   98.39 |    96.18 |   96.11 |   99.61 |                   
 src               |    98.4 |    97.56 |   95.34 |     100 |                   
  ...urnal-file.ts |   98.11 |      100 |   90.32 |     100 |                   
  ...ct-journal.ts |   97.82 |    95.83 |     100 |     100 | 340,394,416,443   
  gateway.ts       |   99.07 |     96.2 |    90.9 |     100 | 96,273,385        
 src/adapters      |   98.36 |    93.18 |     100 |    98.3 |                   
  chatwoot.ts      |   98.21 |    93.84 |     100 |   98.14 | 156               
  evolution.ts     |   97.91 |    89.36 |     100 |   97.87 | 145               
-------------------|---------|----------|---------|---------|-------------------

=============================== Coverage summary ===============================
Statements   : 98.39% ( 553/562 )
Branches     : 96.18% ( 403/419 )
Functions    : 96.11% ( 99/103 )
Lines        : 99.61% ( 518/520 )
================================================================================
