
 RUN  v4.1.11 /home/ricardo/cvg-agent-secretary-v2
      Coverage enabled with v8


 Test Files  11 passed (11)
      Tests  99 passed (99)
   Start at  19:51:21
   Duration  13.15s (transform 334ms, setup 0ms, import 1.64s, tests 931ms, environment 8.06s)

 % Coverage report from v8
-------------------|---------|----------|---------|---------|-------------------
File               | % Stmts | % Branch | % Funcs | % Lines | Uncovered Line #s 
-------------------|---------|----------|---------|---------|-------------------
All files          |   97.15 |    94.27 |   96.11 |   98.26 |                   
 src               |   96.81 |    94.77 |   95.34 |   98.25 |                   
  ...urnal-file.ts |   93.71 |    92.39 |   90.32 |      95 | ...06,355,409-410 
  ...ct-journal.ts |   97.82 |    95.83 |     100 |     100 | 340,394,416,443   
  gateway.ts       |   99.07 |    94.93 |    90.9 |     100 | 96,273,385,428    
 src/adapters      |   98.36 |    93.18 |     100 |    98.3 |                   
  chatwoot.ts      |   98.21 |    93.84 |     100 |   98.14 | 156               
  evolution.ts     |   97.91 |    89.36 |     100 |   97.87 | 145               
-------------------|---------|----------|---------|---------|-------------------

=============================== Coverage summary ===============================
Statements   : 97.15% ( 546/562 )
Branches     : 94.27% ( 395/419 )
Functions    : 96.11% ( 99/103 )
Lines        : 98.26% ( 511/520 )
================================================================================
