
 RUN  v4.1.11 /home/ricardo/cvg-agent-secretary-v2
      Coverage enabled with v8


 Test Files  10 passed (10)
      Tests  90 passed (90)
   Start at  19:49:39
   Duration  14.79s (transform 493ms, setup 0ms, import 2.14s, tests 1.20s, environment 8.55s)

 % Coverage report from v8
-------------------|---------|----------|---------|---------|-------------------
File               | % Stmts | % Branch | % Funcs | % Lines | Uncovered Line #s 
-------------------|---------|----------|---------|---------|-------------------
All files          |   95.55 |    92.84 |    93.2 |   96.53 |                   
 src               |   94.77 |    92.68 |   91.86 |   96.01 |                   
  ...urnal-file.ts |   93.08 |     91.3 |   90.32 |   94.28 | ...38,355,409-410 
  ...ct-journal.ts |    97.1 |    94.79 |     100 |    99.2 | 335               
  gateway.ts       |   92.59 |    89.87 |   63.63 |   93.33 | ...18,358,421-436 
 src/adapters      |   98.36 |    93.18 |     100 |    98.3 |                   
  chatwoot.ts      |   98.21 |    93.84 |     100 |   98.14 | 156               
  evolution.ts     |   97.91 |    89.36 |     100 |   97.87 | 145               
-------------------|---------|----------|---------|---------|-------------------

=============================== Coverage summary ===============================
Statements   : 95.55% ( 537/562 )
Branches     : 92.84% ( 389/419 )
Functions    : 93.2% ( 96/103 )
Lines        : 96.53% ( 502/520 )
================================================================================
