
 RUN  v4.1.11 /home/ricardo/cvg-agent-secretary-v2
      Coverage enabled with v8


 Test Files  7 passed (7)
      Tests  57 passed (57)
   Start at  19:46:02
   Duration  11.50s (transform 479ms, setup 0ms, import 1.76s, tests 893ms, environment 6.51s)

 % Coverage report from v8
-------------------|---------|----------|---------|---------|-------------------
File               | % Stmts | % Branch | % Funcs | % Lines | Uncovered Line #s 
-------------------|---------|----------|---------|---------|-------------------
All files          |   86.47 |    82.57 |   79.61 |   88.07 |                   
 src               |   85.22 |    82.22 |   79.06 |   86.81 |                   
  ...urnal-file.ts |    89.3 |    89.13 |   83.87 |   92.14 | ...81,402,409-410 
  ...ct-journal.ts |   80.43 |    77.08 |   84.84 |   81.74 | ...44,517-534,580 
  gateway.ts       |   84.25 |    77.21 |   54.54 |   84.76 | ...77-386,414-436 
  idempotency.ts   |    82.6 |    93.75 |   66.66 |   84.21 | 32-37             
 src/adapters      |   90.98 |    83.33 |   82.35 |   92.37 |                   
  chatwoot.ts      |   91.07 |    83.07 |     100 |   90.74 | 76,87,114,156,204 
  evolution.ts     |   91.66 |    78.72 |      80 |   93.61 | 145,181,196       
  fake.ts          |   88.88 |       95 |   66.66 |   94.11 | 82                
-------------------|---------|----------|---------|---------|-------------------

=============================== Coverage summary ===============================
Statements   : 86.47% ( 486/562 )
Branches     : 82.57% ( 346/419 )
Functions    : 79.61% ( 82/103 )
Lines        : 88.07% ( 458/520 )
================================================================================
ERROR: Coverage for functions (79.61%) does not meet global threshold (80%)
