
> cvg-operational-harness@1.0.0 coverage:critical
> node scripts/critical-coverage.mjs

{
  "schemaVersion": 1,
  "kind": "aud20-coverage-report",
  "generatedAt": "2026-09-20T18:42:44.964Z",
  "source": "coverage/coverage-summary.json",
  "manifest": "scripts/critical-coverage-manifest.json",
  "global": {
    "thresholds": {
      "statements": 90,
      "lines": 90,
      "functions": 90,
      "branches": 85
    },
    "metrics": {
      "statements": {
        "total": 14703,
        "covered": 13256,
        "skipped": 0,
        "pct": 90.16
      },
      "lines": {
        "total": 13857,
        "covered": 12576,
        "skipped": 0,
        "pct": 90.76
      },
      "functions": {
        "total": 2710,
        "covered": 2502,
        "skipped": 0,
        "pct": 92.32
      },
      "branches": {
        "total": 12193,
        "covered": 10389,
        "skipped": 0,
        "pct": 85.2
      }
    },
    "pass": true,
    "failures": []
  },
  "critical": {
    "threshold": 95,
    "groups": [
      {
        "id": "kernel",
        "paths": [
          "packages/agent-runtime/src/runtime.ts"
        ],
        "missing": [],
        "files": [
          {
            "path": "/home/ricardo/Área de trabalho/cvg-operational-harness/packages/agent-runtime/src/runtime.ts",
            "manifestPath": "packages/agent-runtime/src/runtime.ts",
            "metrics": {
              "statements": {
                "total": 685,
                "covered": 662,
                "skipped": 0,
                "pct": 96.64
              },
              "lines": {
                "total": 660,
                "covered": 638,
                "skipped": 0,
                "pct": 96.67
              },
              "functions": {
                "total": 36,
                "covered": 36,
                "skipped": 0,
                "pct": 100
              },
              "branches": {
                "total": 526,
                "covered": 504,
                "skipped": 0,
                "pct": 95.82
              }
            }
          }
        ],
        "metrics": {
          "statements": {
            "total": 685,
            "covered": 662,
            "pct": 96.64
          },
          "lines": {
            "total": 660,
            "covered": 638,
            "pct": 96.67
          },
          "functions": {
            "total": 36,
            "covered": 36,
            "pct": 100
          },
          "branches": {
            "total": 526,
            "covered": 504,
            "pct": 95.82
          }
        }
      },
      {
        "id": "approval",
        "paths": [
          "packages/approval-engine/src/engine.ts"
        ],
        "missing": [],
        "files": [
          {
            "path": "/home/ricardo/Área de trabalho/cvg-operational-harness/packages/approval-engine/src/engine.ts",
            "manifestPath": "packages/approval-engine/src/engine.ts",
            "metrics": {
              "statements": {
                "total": 334,
                "covered": 333,
                "skipped": 0,
                "pct": 99.7
              },
              "lines": {
                "total": 315,
                "covered": 314,
                "skipped": 0,
                "pct": 99.68
              },
              "functions": {
                "total": 55,
                "covered": 55,
                "skipped": 0,
                "pct": 100
              },
              "branches": {
                "total": 342,
                "covered": 340,
                "skipped": 0,
                "pct": 99.42
              }
            }
          }
        ],
        "metrics": {
          "statements": {
            "total": 334,
            "covered": 333,
            "pct": 99.7
          },
          "lines": {
            "total": 315,
            "covered": 314,
            "pct": 99.68
          },
          "functions": {
            "total": 55,
            "covered": 55,
            "pct": 100
          },
          "branches": {
            "total": 342,
            "covered": 340,
            "pct": 99.42
          }
        }
      },
      {
        "id": "policy",
        "paths": [
          "packages/policy-engine/src/engine.ts"
        ],
        "missing": [],
        "files": [
          {
            "path": "/home/ricardo/Área de trabalho/cvg-operational-harness/packages/policy-engine/src/engine.ts",
            "manifestPath": "packages/policy-engine/src/engine.ts",
            "metrics": {
              "statements": {
                "total": 99,
                "covered": 98,
                "skipped": 0,
                "pct": 98.99
              },
              "lines": {
                "total": 93,
                "covered": 92,
                "skipped": 0,
                "pct": 98.92
              },
              "functions": {
                "total": 13,
                "covered": 13,
                "skipped": 0,
                "pct": 100
              },
              "branches": {
                "total": 109,
                "covered": 107,
                "skipped": 0,
                "pct": 98.17
              }
            }
          }
        ],
        "metrics": {
          "statements": {
            "total": 99,
            "covered": 98,
            "pct": 98.99
          },
          "lines": {
            "total": 93,
            "covered": 92,
            "pct": 98.92
          },
          "functions": {
            "total": 13,
            "covered": 13,
            "pct": 100
          },
          "branches": {
            "total": 109,
            "covered": 107,
            "pct": 98.17
          }
        }
      },
      {
        "id": "journal",
        "paths": [
          "packages/agent-runtime/src/effect-journal.ts",
          "packages/channel-gateway/src/effect-journal.ts"
        ],
        "missing": [],
        "files": [
          {
            "path": "/home/ricardo/Área de trabalho/cvg-operational-harness/packages/agent-runtime/src/effect-journal.ts",
            "manifestPath": "packages/agent-runtime/src/effect-journal.ts",
            "metrics": {
              "statements": {
                "total": 259,
                "covered": 255,
                "skipped": 0,
                "pct": 98.46
              },
              "lines": {
                "total": 234,
                "covered": 233,
                "skipped": 0,
                "pct": 99.57
              },
              "functions": {
                "total": 66,
                "covered": 63,
                "skipped": 0,
                "pct": 95.45
              },
              "branches": {
                "total": 166,
                "covered": 164,
                "skipped": 0,
                "pct": 98.8
              }
            }
          },
          {
            "path": "/home/ricardo/Área de trabalho/cvg-operational-harness/packages/channel-gateway/src/effect-journal.ts",
            "manifestPath": "packages/channel-gateway/src/effect-journal.ts",
            "metrics": {
              "statements": {
                "total": 143,
                "covered": 140,
                "skipped": 0,
                "pct": 97.9
              },
              "lines": {
                "total": 131,
                "covered": 131,
                "skipped": 0,
                "pct": 100
              },
              "functions": {
                "total": 34,
                "covered": 34,
                "skipped": 0,
                "pct": 100
              },
              "branches": {
                "total": 102,
                "covered": 98,
                "skipped": 0,
                "pct": 96.08
              }
            }
          }
        ],
        "metrics": {
          "statements": {
            "total": 402,
            "covered": 395,
            "pct": 98.26
          },
          "lines": {
            "total": 365,
            "covered": 364,
            "pct": 99.73
          },
          "functions": {
            "total": 100,
            "covered": 97,
            "pct": 97
          },
          "branches": {
            "total": 268,
            "covered": 262,
            "pct": 97.76
          }
        }
      },
      {
        "id": "channel",
        "paths": [
          "packages/channel-gateway/src/adapters/chatwoot.ts",
          "packages/channel-gateway/src/adapters/evolution.ts",
          "packages/channel-gateway/src/adapters/fake.ts",
          "packages/channel-gateway/src/contracts.ts",
          "packages/channel-gateway/src/effect-journal-file.ts",
          "packages/channel-gateway/src/errors.ts",
          "packages/channel-gateway/src/gateway.ts",
          "packages/channel-gateway/src/idempotency.ts"
        ],
        "missing": [],
        "files": [
          {
            "path": "/home/ricardo/Área de trabalho/cvg-operational-harness/packages/channel-gateway/src/adapters/chatwoot.ts",
            "manifestPath": "packages/channel-gateway/src/adapters/chatwoot.ts",
            "metrics": {
              "statements": {
                "total": 59,
                "covered": 58,
                "skipped": 0,
                "pct": 98.31
              },
              "lines": {
                "total": 57,
                "covered": 56,
                "skipped": 0,
                "pct": 98.25
              },
              "functions": {
                "total": 6,
                "covered": 6,
                "skipped": 0,
                "pct": 100
              },
              "branches": {
                "total": 69,
                "covered": 63,
                "skipped": 0,
                "pct": 91.3
              }
            }
          },
          {
            "path": "/home/ricardo/Área de trabalho/cvg-operational-harness/packages/channel-gateway/src/adapters/evolution.ts",
            "manifestPath": "packages/channel-gateway/src/adapters/evolution.ts",
            "metrics": {
              "statements": {
                "total": 51,
                "covered": 51,
                "skipped": 0,
                "pct": 100
              },
              "lines": {
                "total": 50,
                "covered": 50,
                "skipped": 0,
                "pct": 100
              },
              "functions": {
                "total": 5,
                "covered": 5,
                "skipped": 0,
                "pct": 100
              },
              "branches": {
                "total": 51,
                "covered": 45,
                "skipped": 0,
                "pct": 88.24
              }
            }
          },
          {
            "path": "/home/ricardo/Área de trabalho/cvg-operational-harness/packages/channel-gateway/src/adapters/fake.ts",
            "manifestPath": "packages/channel-gateway/src/adapters/fake.ts",
            "metrics": {
              "statements": {
                "total": 18,
                "covered": 18,
                "skipped": 0,
                "pct": 100
              },
              "lines": {
                "total": 17,
                "covered": 17,
                "skipped": 0,
                "pct": 100
              },
              "functions": {
                "total": 6,
                "covered": 6,
                "skipped": 0,
                "pct": 100
              },
              "branches": {
                "total": 20,
                "covered": 20,
                "skipped": 0,
                "pct": 100
              }
            }
          },
          {
            "path": "/home/ricardo/Área de trabalho/cvg-operational-harness/packages/channel-gateway/src/contracts.ts",
            "manifestPath": "packages/channel-gateway/src/contracts.ts",
            "metrics": {
              "statements": {
                "total": 6,
                "covered": 6,
                "skipped": 0,
                "pct": 100
              },
              "lines": {
                "total": 6,
                "covered": 6,
                "skipped": 0,
                "pct": 100
              },
              "functions": {
                "total": 1,
                "covered": 1,
                "skipped": 0,
                "pct": 100
              },
              "branches": {
                "total": 0,
                "covered": 0,
                "skipped": 0,
                "pct": null
              }
            }
          },
          {
            "path": "/home/ricardo/Área de trabalho/cvg-operational-harness/packages/channel-gateway/src/effect-journal-file.ts",
            "manifestPath": "packages/channel-gateway/src/effect-journal-file.ts",
            "metrics": {
              "statements": {
                "total": 160,
                "covered": 157,
                "skipped": 0,
                "pct": 98.13
              },
              "lines": {
                "total": 141,
                "covered": 141,
                "skipped": 0,
                "pct": 100
              },
              "functions": {
                "total": 31,
                "covered": 28,
                "skipped": 0,
                "pct": 90.32
              },
              "branches": {
                "total": 92,
                "covered": 92,
                "skipped": 0,
                "pct": 100
              }
            }
          },
          {
            "path": "/home/ricardo/Área de trabalho/cvg-operational-harness/packages/channel-gateway/src/errors.ts",
            "manifestPath": "packages/channel-gateway/src/errors.ts",
            "metrics": {
              "statements": {
                "total": 6,
                "covered": 6,
                "skipped": 0,
                "pct": 100
              },
              "lines": {
                "total": 6,
                "covered": 6,
                "skipped": 0,
                "pct": 100
              },
              "functions": {
                "total": 1,
                "covered": 1,
                "skipped": 0,
                "pct": 100
              },
              "branches": {
                "total": 4,
                "covered": 4,
                "skipped": 0,
                "pct": 100
              }
            }
          },
          {
            "path": "/home/ricardo/Área de trabalho/cvg-operational-harness/packages/channel-gateway/src/gateway.ts",
            "manifestPath": "packages/channel-gateway/src/gateway.ts",
            "metrics": {
              "statements": {
                "total": 108,
                "covered": 107,
                "skipped": 0,
                "pct": 99.07
              },
              "lines": {
                "total": 105,
                "covered": 105,
                "skipped": 0,
                "pct": 100
              },
              "functions": {
                "total": 11,
                "covered": 10,
                "skipped": 0,
                "pct": 90.91
              },
              "branches": {
                "total": 79,
                "covered": 76,
                "skipped": 0,
                "pct": 96.2
              }
            }
          },
          {
            "path": "/home/ricardo/Área de trabalho/cvg-operational-harness/packages/channel-gateway/src/idempotency.ts",
            "manifestPath": "packages/channel-gateway/src/idempotency.ts",
            "metrics": {
              "statements": {
                "total": 23,
                "covered": 23,
                "skipped": 0,
                "pct": 100
              },
              "lines": {
                "total": 19,
                "covered": 19,
                "skipped": 0,
                "pct": 100
              },
              "functions": {
                "total": 9,
                "covered": 9,
                "skipped": 0,
                "pct": 100
              },
              "branches": {
                "total": 16,
                "covered": 16,
                "skipped": 0,
                "pct": 100
              }
            }
          }
        ],
        "metrics": {
          "statements": {
            "total": 431,
            "covered": 426,
            "pct": 98.84
          },
          "lines": {
            "total": 401,
            "covered": 400,
            "pct": 99.75
          },
          "functions": {
            "total": 70,
            "covered": 66,
            "pct": 94.29
          },
          "branches": {
            "total": 331,
            "covered": 316,
            "pct": 95.47
          }
        }
      },
      {
        "id": "rls",
        "paths": [
          "apps/api/src/tenant-preflight.ts",
          "packages/persistence/src/tenant-schema.ts"
        ],
        "missing": [],
        "files": [
          {
            "path": "/home/ricardo/Área de trabalho/cvg-operational-harness/apps/api/src/tenant-preflight.ts",
            "manifestPath": "apps/api/src/tenant-preflight.ts",
            "metrics": {
              "statements": {
                "total": 128,
                "covered": 126,
                "skipped": 0,
                "pct": 98.44
              },
              "lines": {
                "total": 124,
                "covered": 122,
                "skipped": 0,
                "pct": 98.39
              },
              "functions": {
                "total": 24,
                "covered": 23,
                "skipped": 0,
                "pct": 95.83
              },
              "branches": {
                "total": 130,
                "covered": 124,
                "skipped": 0,
                "pct": 95.38
              }
            }
          },
          {
            "path": "/home/ricardo/Área de trabalho/cvg-operational-harness/packages/persistence/src/tenant-schema.ts",
            "manifestPath": "packages/persistence/src/tenant-schema.ts",
            "metrics": {
              "statements": {
                "total": 7,
                "covered": 7,
                "skipped": 0,
                "pct": 100
              },
              "lines": {
                "total": 6,
                "covered": 6,
                "skipped": 0,
                "pct": 100
              },
              "functions": {
                "total": 4,
                "covered": 4,
                "skipped": 0,
                "pct": 100
              },
              "branches": {
                "total": 1,
                "covered": 1,
                "skipped": 0,
                "pct": 100
              }
            }
          }
        ],
        "metrics": {
          "statements": {
            "total": 135,
            "covered": 133,
            "pct": 98.52
          },
          "lines": {
            "total": 130,
            "covered": 128,
            "pct": 98.46
          },
          "functions": {
            "total": 28,
            "covered": 27,
            "pct": 96.43
          },
          "branches": {
            "total": 131,
            "covered": 125,
            "pct": 95.42
          }
        }
      }
    ],
    "pass": true,
    "failures": []
  },
  "verdict": "PASS",
  "failures": []
}
