
> cvg-operational-harness@1.0.0 mutation:guard
> node scripts/mutation-guard.mjs

{
  "schemaVersion": 1,
  "kind": "aud20-selected-mutation-guard",
  "generatedAt": "2026-09-20T18:42:45.179Z",
  "source": "scripts/lib/coverage-gate.mjs",
  "selected": 3,
  "killed": 3,
  "survived": 0,
  "errors": 0,
  "mutations": [
    {
      "id": "global-threshold-inclusive-boundary",
      "from": "value < threshold",
      "to": "value <= threshold",
      "status": "KILLED",
      "exitCode": 1,
      "stderr": ""
    },
    {
      "id": "critical-threshold-inclusive-boundary",
      "from": "branchPct < threshold",
      "to": "branchPct <= threshold",
      "status": "KILLED",
      "exitCode": 1,
      "stderr": ""
    },
    {
      "id": "coverage-weighted-denominator",
      "from": "(dimension.covered / dimension.total) * 100",
      "to": "(dimension.covered / dimension.covered) * 100",
      "status": "KILLED",
      "exitCode": 1,
      "stderr": ""
    }
  ],
  "verdict": "PASS"
}
