
> cvg-agent-secretary-v2@1.0.0 typecheck
> tsc -p tsconfig.typecheck.json --noEmit

packages/agent-runtime/src/effect-journal.ts(539,29): error TS2345: Argument of type 'EffectReconcileRef' is not assignable to parameter of type 'EffectAttemptRef'.
  Property 'attemptId' is missing in type 'EffectReconcileRef' but required in type 'EffectAttemptRef'.
packages/agent-runtime/src/effect-journal.ts(698,29): error TS2345: Argument of type 'EffectReconcileRef' is not assignable to parameter of type 'EffectAttemptRef'.
  Property 'attemptId' is missing in type 'EffectReconcileRef' but required in type 'EffectAttemptRef'.
packages/persistence/src/__tests__/effect-journal-postgres.test.ts(194,30): error TS7006: Parameter 'outcome' implicitly has an 'any' type.
packages/persistence/src/channel-effect-journal-postgres.ts(260,55): error TS2339: Property 'record' does not exist on type '{ action: "create"; } | { action: "in_flight"; record: ChannelEffectRecord; }'.
  Property 'record' does not exist on type '{ action: "create"; }'.
packages/persistence/src/effect-journal-postgres.ts(3,3): error TS2305: Module '"@cvg/agent-runtime"' has no exported member 'EFFECT_EXPIRED_RESERVATION_REASON'.
packages/persistence/src/effect-journal-postgres.ts(4,3): error TS2305: Module '"@cvg/agent-runtime"' has no exported member 'EFFECT_EXPIRED_STARTED_REASON'.
packages/persistence/src/effect-journal-postgres.ts(5,3): error TS2305: Module '"@cvg/agent-runtime"' has no exported member 'EffectJournalError'.
packages/persistence/src/effect-journal-postgres.ts(6,3): error TS2305: Module '"@cvg/agent-runtime"' has no exported member 'decideConfirmEffect'.
packages/persistence/src/effect-journal-postgres.ts(7,3): error TS2305: Module '"@cvg/agent-runtime"' has no exported member 'decideFailEffect'.
packages/persistence/src/effect-journal-postgres.ts(8,3): error TS2305: Module '"@cvg/agent-runtime"' has no exported member 'decideMarkEffectStarted'.
packages/persistence/src/effect-journal-postgres.ts(9,3): error TS2305: Module '"@cvg/agent-runtime"' has no exported member 'decideMarkUncertain'.
packages/persistence/src/effect-journal-postgres.ts(10,3): error TS2305: Module '"@cvg/agent-runtime"' has no exported member 'decideReconcile'.
packages/persistence/src/effect-journal-postgres.ts(11,3): error TS2305: Module '"@cvg/agent-runtime"' has no exported member 'decideReserve'.
packages/persistence/src/effect-journal-postgres.ts(12,8): error TS2305: Module '"@cvg/agent-runtime"' has no exported member 'EffectAttemptRef'.
packages/persistence/src/effect-journal-postgres.ts(13,8): error TS2305: Module '"@cvg/agent-runtime"' has no exported member 'EffectConfirmRef'.
packages/persistence/src/effect-journal-postgres.ts(14,8): error TS2305: Module '"@cvg/agent-runtime"' has no exported member 'EffectFailRef'.
packages/persistence/src/effect-journal-postgres.ts(15,8): error TS2305: Module '"@cvg/agent-runtime"' has no exported member 'EffectJournalPort'.
packages/persistence/src/effect-journal-postgres.ts(16,8): error TS2305: Module '"@cvg/agent-runtime"' has no exported member 'EffectReconcileRef'.
packages/persistence/src/effect-journal-postgres.ts(17,8): error TS2305: Module '"@cvg/agent-runtime"' has no exported member 'EffectRecord'.
packages/persistence/src/effect-journal-postgres.ts(18,8): error TS2305: Module '"@cvg/agent-runtime"' has no exported member 'EffectReserveInput'.
packages/persistence/src/effect-journal-postgres.ts(19,8): error TS2305: Module '"@cvg/agent-runtime"' has no exported member 'EffectReserveOutcome'.
packages/persistence/src/effect-journal-postgres.ts(20,8): error TS2305: Module '"@cvg/agent-runtime"' has no exported member 'EffectState'.
packages/persistence/src/effect-journal-postgres.ts(21,8): error TS2305: Module '"@cvg/agent-runtime"' has no exported member 'EffectUncertainRef'.
